
===========================================================================
report_checks -unconstrained
===========================================================================
======================= min_ss_100C_1v60 Corner ===================================

Startpoint: rst_n (input port clocked by clk)
Endpoint: _18555_ (recovery check against rising-edge clock clk)
Path Group: asynchronous
Path Type: max

Fanout         Cap        Slew       Delay        Time   Description
---------------------------------------------------------------------------------------------
                                  0.000000    0.000000   clock clk (rise edge)
                                  0.000000    0.000000   clock network delay (propagated)
                                  2.000000    2.000000 ^ input external delay
     1    0.002948    0.033233    0.016554    2.016554 ^ rst_n (in)
                                                         rst_n (net)
                      0.033233    0.000000    2.016554 ^ input97/A (sky130_fd_sc_hd__buf_2)
     1    0.003891    0.053188    0.158543    2.175097 ^ input97/X (sky130_fd_sc_hd__buf_2)
                                                         net97 (net)
                      0.053188    0.000057    2.175153 ^ fanout1475/A (sky130_fd_sc_hd__clkdlybuf4s50_1)
     3    0.020549    0.308526    0.971594    3.146747 ^ fanout1475/X (sky130_fd_sc_hd__clkdlybuf4s50_1)
                                                         net1475 (net)
                      0.308526    0.000921    3.147668 ^ fanout1448/A (sky130_fd_sc_hd__clkdlybuf4s50_1)
     2    0.019537    0.294721    1.068652    4.216320 ^ fanout1448/X (sky130_fd_sc_hd__clkdlybuf4s50_1)
                                                         net1448 (net)
                      0.294721    0.000524    4.216844 ^ wire1450/A (sky130_fd_sc_hd__buf_4)
     4    0.063754    0.287173    0.465121    4.681965 ^ wire1450/X (sky130_fd_sc_hd__buf_4)
                                                         net1450 (net)
                      0.287547    0.008551    4.690516 ^ load_slew1449/A (sky130_fd_sc_hd__buf_4)
     1    0.048098    0.223486    0.416148    5.106663 ^ load_slew1449/X (sky130_fd_sc_hd__buf_4)
                                                         net1449 (net)
                      0.224027    0.007953    5.114616 ^ fanout1446/A (sky130_fd_sc_hd__clkdlybuf4s50_1)
     5    0.020640    0.309867    1.047279    6.161895 ^ fanout1446/X (sky130_fd_sc_hd__clkdlybuf4s50_1)
                                                         net1446 (net)
                      0.309867    0.000135    6.162029 ^ load_slew1447/A (sky130_fd_sc_hd__buf_4)
     4    0.039733    0.188796    0.402525    6.564554 ^ load_slew1447/X (sky130_fd_sc_hd__buf_4)
                                                         net1447 (net)
                      0.188851    0.003130    6.567685 ^ fanout1445/A (sky130_fd_sc_hd__clkdlybuf4s50_1)
     6    0.052061    0.744119    1.342296    7.909980 ^ fanout1445/X (sky130_fd_sc_hd__clkdlybuf4s50_1)
                                                         net1445 (net)
                      0.744131    0.004123    7.914104 ^ fanout1443/A (sky130_fd_sc_hd__clkdlybuf4s50_1)
     2    0.007249    0.129912    1.096915    9.011019 ^ fanout1443/X (sky130_fd_sc_hd__clkdlybuf4s50_1)
                                                         net1443 (net)
                      0.129912    0.000089    9.011107 ^ wire1444/A (sky130_fd_sc_hd__buf_4)
     9    0.046683    0.216736    0.344654    9.355762 ^ wire1444/X (sky130_fd_sc_hd__buf_4)
                                                         net1444 (net)
                      0.216736    0.000512    9.356274 ^ fanout1442/A (sky130_fd_sc_hd__clkdlybuf4s50_1)
     8    0.033501    0.487418    1.171928   10.528202 ^ fanout1442/X (sky130_fd_sc_hd__clkdlybuf4s50_1)
                                                         net1442 (net)
                      0.487418    0.000574   10.528775 ^ _18555_/RESET_B (sky130_fd_sc_hd__dfrtp_2)
                                             10.528775   data arrival time

                                 10.000000   10.000000   clock clk (rise edge)
                                  0.000000   10.000000   clock source latency
     1    0.069304    0.378431    0.270682   10.270682 ^ clk (in)
                                                         clk (net)
                      0.379501    0.000000   10.270682 ^ clkbuf_0_clk/A (sky130_fd_sc_hd__clkbuf_16)
     8    0.152755    0.253161    0.501797   10.772479 ^ clkbuf_0_clk/X (sky130_fd_sc_hd__clkbuf_16)
                                                         clknet_0_clk (net)
                      0.254111    0.011596   10.784076 ^ clkbuf_3_3_0_clk/A (sky130_fd_sc_hd__clkbuf_16)
     4    0.064777    0.127752    0.358109   11.142184 ^ clkbuf_3_3_0_clk/X (sky130_fd_sc_hd__clkbuf_16)
                                                         clknet_3_3_0_clk (net)
                      0.128412    0.006546   11.148730 ^ clkbuf_5_13__f_clk/A (sky130_fd_sc_hd__clkbuf_16)
     5    0.017154    0.063877    0.244298   11.393028 ^ clkbuf_5_13__f_clk/X (sky130_fd_sc_hd__clkbuf_16)
                                                         clknet_5_13__leaf_clk (net)
                      0.063877    0.000235   11.393264 ^ _18555_/CLK (sky130_fd_sc_hd__dfrtp_2)
                                 -0.250000   11.143264   clock uncertainty
                                  0.000000   11.143264   clock reconvergence pessimism
                                  0.264011   11.407274   library recovery time
                                             11.407274   data required time
---------------------------------------------------------------------------------------------
                                             11.407274   data required time
                                            -10.528775   data arrival time
---------------------------------------------------------------------------------------------
                                              0.878499   slack (MET)


Startpoint: _18494_ (rising edge-triggered flip-flop clocked by clk)
Endpoint: _18473_ (rising edge-triggered flip-flop clocked by clk)
Path Group: clk
Path Type: max

Fanout         Cap        Slew       Delay        Time   Description
---------------------------------------------------------------------------------------------
                                  0.000000    0.000000   clock clk (rise edge)
                                  0.000000    0.000000   clock source latency
     1    0.069304    0.378431    0.270682    0.270682 ^ clk (in)
                                                         clk (net)
                      0.379501    0.000000    0.270682 ^ clkbuf_0_clk/A (sky130_fd_sc_hd__clkbuf_16)
     8    0.152755    0.253161    0.501797    0.772479 ^ clkbuf_0_clk/X (sky130_fd_sc_hd__clkbuf_16)
                                                         clknet_0_clk (net)
                      0.254102    0.011529    0.784009 ^ clkbuf_3_2_0_clk/A (sky130_fd_sc_hd__clkbuf_16)
     4    0.062389    0.124398    0.354435    1.138444 ^ clkbuf_3_2_0_clk/X (sky130_fd_sc_hd__clkbuf_16)
                                                         clknet_3_2_0_clk (net)
                      0.125457    0.008324    1.146768 ^ clkbuf_5_10__f_clk/A (sky130_fd_sc_hd__clkbuf_16)
     6    0.024446    0.072993    0.253161    1.399929 ^ clkbuf_5_10__f_clk/X (sky130_fd_sc_hd__clkbuf_16)
                                                         clknet_5_10__leaf_clk (net)
                      0.073028    0.000971    1.400900 ^ _18494_/CLK (sky130_fd_sc_hd__dfrtp_2)
     2    0.072565    0.545888    1.071417    2.472317 ^ _18494_/Q (sky130_fd_sc_hd__dfrtp_2)
                                                         a_r[20] (net)
                      0.546130    0.010715    2.483032 ^ fanout1108/A (sky130_fd_sc_hd__buf_6)
     6    0.051013    0.175663    0.438081    2.921113 ^ fanout1108/X (sky130_fd_sc_hd__buf_6)
                                                         net1108 (net)
                      0.175691    0.002485    2.923598 ^ load_slew1109/A (sky130_fd_sc_hd__buf_4)
     8    0.100092    0.438664    0.525629    3.449227 ^ load_slew1109/X (sky130_fd_sc_hd__buf_4)
                                                         net1109 (net)
                      0.438868    0.007868    3.457095 ^ fanout1104/A (sky130_fd_sc_hd__buf_4)
     7    0.045518    0.213771    0.471528    3.928623 ^ fanout1104/X (sky130_fd_sc_hd__buf_4)
                                                         net1104 (net)
                      0.213801    0.002607    3.931230 ^ fanout1103/A (sky130_fd_sc_hd__clkbuf_4)
    10    0.056930    0.278996    0.466300    4.397530 ^ fanout1103/X (sky130_fd_sc_hd__clkbuf_4)
                                                         net1103 (net)
                      0.279011    0.002399    4.399929 ^ _12783_/A (sky130_fd_sc_hd__nand2_1)
     2    0.009481    0.184457    0.260597    4.660526 v _12783_/Y (sky130_fd_sc_hd__nand2_1)
                                                         _02954_ (net)
                      0.184457    0.000179    4.660705 v _12784_/C (sky130_fd_sc_hd__maj3_1)
     2    0.007746    0.186358    0.866596    5.527300 v _12784_/X (sky130_fd_sc_hd__maj3_1)
                                                         _02955_ (net)
                      0.186358    0.000100    5.527400 v _12787_/A (sky130_fd_sc_hd__maj3_1)
     2    0.007995    0.188888    0.868868    6.396268 v _12787_/X (sky130_fd_sc_hd__maj3_1)
                                                         _02958_ (net)
                      0.188888    0.000100    6.396369 v _12811_/A (sky130_fd_sc_hd__maj3_4)
     3    0.020548    0.157476    0.763336    7.159705 v _12811_/X (sky130_fd_sc_hd__maj3_4)
                                                         _02984_ (net)
                      0.157480    0.001033    7.160738 v _12813_/A (sky130_fd_sc_hd__xor3_1)
     2    0.010762    0.198771    0.842083    8.002821 v _12813_/X (sky130_fd_sc_hd__xor3_1)
                                                         _02987_ (net)
                      0.198771    0.000057    8.002877 v _12815_/A (sky130_fd_sc_hd__xnor2_2)
     2    0.008620    0.252570    0.351807    8.354685 ^ _12815_/Y (sky130_fd_sc_hd__xnor2_2)
                                                         _02989_ (net)
                      0.252570    0.000127    8.354813 ^ _12919_/A (sky130_fd_sc_hd__xor3_1)
     2    0.018732    0.260461    1.056704    9.411516 v _12919_/X (sky130_fd_sc_hd__xor3_1)
                                                         _03103_ (net)
                      0.260461    0.000586    9.412103 v _12964_/B (sky130_fd_sc_hd__maj3_4)
     2    0.010304    0.124165    0.716820   10.128922 v _12964_/X (sky130_fd_sc_hd__maj3_4)
                                                         _03153_ (net)
                      0.124165    0.000148   10.129070 v _12967_/A (sky130_fd_sc_hd__xnor2_1)
     1    0.004790    0.119549    0.262056   10.391127 v _12967_/Y (sky130_fd_sc_hd__xnor2_1)
                                                         _03156_ (net)
                      0.119549    0.000044   10.391171 v _13078_/B (sky130_fd_sc_hd__xnor2_1)
     2    0.011718    0.475626    0.455446   10.846618 ^ _13078_/Y (sky130_fd_sc_hd__xnor2_1)
                                                         _03278_ (net)
                      0.475626    0.000226   10.846843 ^ _13081_/B (sky130_fd_sc_hd__xnor2_2)
     2    0.007796    0.127253    0.262760   11.109603 v _13081_/Y (sky130_fd_sc_hd__xnor2_2)
                                                         _03281_ (net)
                      0.127253    0.000084   11.109688 v _13085_/A (sky130_fd_sc_hd__xor2_1)
     2    0.005923    0.144794    0.341829   11.451516 v _13085_/X (sky130_fd_sc_hd__xor2_1)
                                                         _03286_ (net)
                      0.144794    0.000052   11.451569 v _13190_/B1 (sky130_fd_sc_hd__o21ai_1)
     2    0.016059    0.546256    0.365346   11.816915 ^ _13190_/Y (sky130_fd_sc_hd__o21ai_1)
                                                         _03401_ (net)
                      0.546256    0.000610   11.817525 ^ _13191_/A1 (sky130_fd_sc_hd__o21ai_2)
     2    0.011186    0.154045    0.325014   12.142539 v _13191_/Y (sky130_fd_sc_hd__o21ai_2)
                                                         _03402_ (net)
                      0.154045    0.000248   12.142787 v _13193_/A2 (sky130_fd_sc_hd__a21oi_2)
     1    0.005380    0.170566    0.275128   12.417915 ^ _13193_/Y (sky130_fd_sc_hd__a21oi_2)
                                                         _03405_ (net)
                      0.170566    0.000062   12.417977 ^ _13194_/B1 (sky130_fd_sc_hd__o21ai_2)
     2    0.012141    0.129631    0.190300   12.608277 v _13194_/Y (sky130_fd_sc_hd__o21ai_2)
                                                         _03406_ (net)
                      0.129631    0.000383   12.608661 v _14054_/A3 (sky130_fd_sc_hd__a311oi_2)
     1    0.012137    0.517429    0.631445   13.240106 ^ _14054_/Y (sky130_fd_sc_hd__a311oi_2)
                                                         _04352_ (net)
                      0.517429    0.000547   13.240652 ^ wire293/A (sky130_fd_sc_hd__clkbuf_2)
     2    0.010204    0.108319    0.395383   13.636036 ^ wire293/X (sky130_fd_sc_hd__clkbuf_2)
                                                         net293 (net)
                      0.108319    0.000311   13.636347 ^ _14055_/B (sky130_fd_sc_hd__nor2_1)
     1    0.006907    0.085315    0.112406   13.748753 v _14055_/Y (sky130_fd_sc_hd__nor2_1)
                                                         _04353_ (net)
                      0.085315    0.000193   13.748945 v _14056_/C (sky130_fd_sc_hd__nor3_1)
     1    0.004475    0.333929    0.286596   14.035542 ^ _14056_/Y (sky130_fd_sc_hd__nor3_1)
                                                         _04354_ (net)
                      0.333929    0.000078   14.035620 ^ wire289/A (sky130_fd_sc_hd__clkbuf_2)
     3    0.012506    0.122877    0.340087   14.375707 ^ wire289/X (sky130_fd_sc_hd__clkbuf_2)
                                                         net289 (net)
                      0.122877    0.000377   14.376083 ^ _15556_/C1 (sky130_fd_sc_hd__o211ai_1)
     2    0.016226    0.437665    0.421022   14.797106 v _15556_/Y (sky130_fd_sc_hd__o211ai_1)
                                                         _06004_ (net)
                      0.437667    0.000798   14.797904 v _17146_/C (sky130_fd_sc_hd__nand4_1)
     1    0.012773    0.285611    0.436520   15.234424 ^ _17146_/Y (sky130_fd_sc_hd__nand4_1)
                                                         _07753_ (net)
                      0.285611    0.000563   15.234987 ^ wire281/A (sky130_fd_sc_hd__buf_6)
     3    0.030436    0.112492    0.305011   15.539998 ^ wire281/X (sky130_fd_sc_hd__buf_6)
                                                         net281 (net)
                      0.112561    0.002549   15.542547 ^ _17667_/A1 (sky130_fd_sc_hd__a211oi_4)
     2    0.013804    0.120809    0.148310   15.690857 v _17667_/Y (sky130_fd_sc_hd__a211oi_4)
                                                         _08326_ (net)
                      0.120809    0.000584   15.691442 v _17776_/A2 (sky130_fd_sc_hd__o21ai_2)
     2    0.012324    0.289432    0.311964   16.003405 ^ _17776_/Y (sky130_fd_sc_hd__o21ai_2)
                                                         _08446_ (net)
                      0.289432    0.000412   16.003817 ^ _17795_/A2 (sky130_fd_sc_hd__a21oi_2)
     2    0.011228    0.148927    0.231161   16.234978 v _17795_/Y (sky130_fd_sc_hd__a21oi_2)
                                                         _08467_ (net)
                      0.148927    0.000307   16.235285 v _17797_/A2 (sky130_fd_sc_hd__o21ai_2)
     2    0.008242    0.230449    0.271317   16.506603 ^ _17797_/Y (sky130_fd_sc_hd__o21ai_2)
                                                         _08469_ (net)
                      0.230449    0.000068   16.506670 ^ _17799_/B1 (sky130_fd_sc_hd__o21ai_2)
     1    0.008707    0.126560    0.194030   16.700701 v _17799_/Y (sky130_fd_sc_hd__o21ai_2)
                                                         _08471_ (net)
                      0.126560    0.000091   16.700790 v _17821_/B (sky130_fd_sc_hd__xnor2_2)
     2    0.013340    0.182533    0.315973   17.016764 v _17821_/Y (sky130_fd_sc_hd__xnor2_2)
                                                         net277 (net)
                      0.182533    0.000080   17.016844 v rebuffer1478/A (sky130_fd_sc_hd__buf_6)
     4    0.051270    0.098149    0.320179   17.337023 v rebuffer1478/X (sky130_fd_sc_hd__buf_6)
                                                         net1478 (net)
                      0.098243    0.002760   17.339783 v _17822_/A (sky130_fd_sc_hd__inv_4)
     4    0.056781    0.247583    0.236041   17.575825 ^ _17822_/Y (sky130_fd_sc_hd__inv_4)
                                                         _08496_ (net)
                      0.247597    0.001553   17.577377 ^ fanout254/A (sky130_fd_sc_hd__buf_4)
     4    0.033873    0.163657    0.359947   17.937323 ^ fanout254/X (sky130_fd_sc_hd__buf_4)
                                                         net254 (net)
                      0.163698    0.002567   17.939890 ^ load_slew255/A (sky130_fd_sc_hd__buf_6)
     7    0.059389    0.197691    0.315719   18.255610 ^ load_slew255/X (sky130_fd_sc_hd__buf_6)
                                                         net255 (net)
                      0.198189    0.008068   18.263678 ^ fanout252/A (sky130_fd_sc_hd__clkdlybuf4s50_1)
     2    0.008059    0.144828    0.907555   19.171232 ^ fanout252/X (sky130_fd_sc_hd__clkdlybuf4s50_1)
                                                         net252 (net)
                      0.144828    0.000020   19.171251 ^ load_slew253/A (sky130_fd_sc_hd__buf_6)
     8    0.065241    0.213898    0.320378   19.491631 ^ load_slew253/X (sky130_fd_sc_hd__buf_6)
                                                         net253 (net)
                      0.214221    0.006809   19.498440 ^ fanout251/A (sky130_fd_sc_hd__buf_12)
    10    0.069515    0.140093    0.302867   19.801306 ^ fanout251/X (sky130_fd_sc_hd__buf_12)
                                                         net251 (net)
                      0.140171    0.003128   19.804434 ^ _18119_/A1 (sky130_fd_sc_hd__o21a_4)
     2    0.017606    0.115950    0.317426   20.121861 ^ _18119_/X (sky130_fd_sc_hd__o21a_4)
                                                         _08822_ (net)
                      0.115950    0.000364   20.122225 ^ _18120_/B2 (sky130_fd_sc_hd__o221a_4)
     3    0.013547    0.117638    0.403126   20.525351 ^ _18120_/X (sky130_fd_sc_hd__o221a_4)
                                                         _08823_ (net)
                      0.117732    0.000211   20.525562 ^ _18123_/A2 (sky130_fd_sc_hd__o2111ai_2)
     2    0.007569    0.244241    0.285020   20.810583 v _18123_/Y (sky130_fd_sc_hd__o2111ai_2)
                                                         _08827_ (net)
                      0.244241    0.000142   20.810724 v _18131_/A1 (sky130_fd_sc_hd__a221o_1)
     2    0.021339    0.250234    0.819963   21.630688 v _18131_/X (sky130_fd_sc_hd__a221o_1)
                                                         _08835_ (net)
                      0.250234    0.001013   21.631701 v rebuffer1586/A (sky130_fd_sc_hd__buf_4)
     2    0.006668    0.050333    0.327827   21.959526 v rebuffer1586/X (sky130_fd_sc_hd__buf_4)
                                                         net1586 (net)
                      0.050333    0.000085   21.959612 v _18198_/A2 (sky130_fd_sc_hd__o21bai_1)
     2    0.006413    0.290836    0.276348   22.235960 ^ _18198_/Y (sky130_fd_sc_hd__o21bai_1)
                                                         _08909_ (net)
                      0.290836    0.000069   22.236029 ^ _18199_/A2 (sky130_fd_sc_hd__a21oi_1)
     3    0.010027    0.204561    0.298858   22.534887 v _18199_/Y (sky130_fd_sc_hd__a21oi_1)
                                                         _08910_ (net)
                      0.204561    0.000073   22.534960 v _18232_/A_N (sky130_fd_sc_hd__nand2b_2)
     2    0.048380    0.395004    0.681746   23.216705 v _18232_/Y (sky130_fd_sc_hd__nand2b_2)
                                                         _08947_ (net)
                      0.395004    0.000709   23.217415 v _18233_/D (sky130_fd_sc_hd__or4_4)
     1    0.005341    0.155418    0.948484   24.165899 v _18233_/X (sky130_fd_sc_hd__or4_4)
                                                         _08948_ (net)
                      0.155418    0.000071   24.165970 v _18299_/B (sky130_fd_sc_hd__nor3_2)
     1    0.009638    0.364334    0.402160   24.568130 ^ _18299_/Y (sky130_fd_sc_hd__nor3_2)
                                                         _09020_ (net)
                      0.364334    0.000403   24.568533 ^ wire203/A (sky130_fd_sc_hd__clkbuf_2)
     1    0.015790    0.148952    0.371379   24.939913 ^ wire203/X (sky130_fd_sc_hd__clkbuf_2)
                                                         net203 (net)
                      0.148954    0.000878   24.940790 ^ _18308_/C (sky130_fd_sc_hd__nand4_1)
     1    0.013391    0.496838    0.468766   25.409555 v _18308_/Y (sky130_fd_sc_hd__nand4_1)
                                                         _09030_ (net)
                      0.496838    0.000380   25.409937 v _18348_/A3 (sky130_fd_sc_hd__o41ai_4)
     1    0.010152    0.469595    0.709129   26.119064 ^ _18348_/Y (sky130_fd_sc_hd__o41ai_4)
                                                         _09074_ (net)
                      0.469595    0.000410   26.119474 ^ _18390_/A3 (sky130_fd_sc_hd__a41o_1)
     2    0.014444    0.236021    0.626372   26.745848 ^ _18390_/X (sky130_fd_sc_hd__a41o_1)
                                                         _09120_ (net)
                      0.236021    0.000483   26.746330 ^ load_slew189/A (sky130_fd_sc_hd__buf_6)
     4    0.066449    0.219191    0.360457   27.106787 ^ load_slew189/X (sky130_fd_sc_hd__buf_6)
                                                         net189 (net)
                      0.220156    0.011804   27.118591 ^ fanout183/A (sky130_fd_sc_hd__buf_6)
    10    0.059561    0.197442    0.344237   27.462828 ^ fanout183/X (sky130_fd_sc_hd__buf_6)
                                                         net183 (net)
                      0.197442    0.000380   27.463207 ^ _18397_/A (sky130_fd_sc_hd__nand2_1)
     1    0.041033    0.664303    0.593127   28.056335 v _18397_/Y (sky130_fd_sc_hd__nand2_1)
                                                         fixed_pkg::s_narrow48$func$/headless/otolith/hdl/rtl/fixed_pkg.sv:130$9.$unnamed_block$1.sat (net)
                      0.664397    0.006743   28.063078 v _18473_/D (sky130_fd_sc_hd__dfrtp_1)
                                             28.063078   data arrival time

                                 10.000000   10.000000   clock clk (rise edge)
                                  0.000000   10.000000   clock source latency
     1    0.069304    0.378431    0.270682   10.270682 ^ clk (in)
                                                         clk (net)
                      0.379501    0.000000   10.270682 ^ clkbuf_0_clk/A (sky130_fd_sc_hd__clkbuf_16)
     8    0.152755    0.253161    0.501797   10.772479 ^ clkbuf_0_clk/X (sky130_fd_sc_hd__clkbuf_16)
                                                         clknet_0_clk (net)
                      0.254111    0.011596   10.784076 ^ clkbuf_3_3_0_clk/A (sky130_fd_sc_hd__clkbuf_16)
     4    0.064777    0.127752    0.358109   11.142184 ^ clkbuf_3_3_0_clk/X (sky130_fd_sc_hd__clkbuf_16)
                                                         clknet_3_3_0_clk (net)
                      0.128188    0.005025   11.147210 ^ clkbuf_5_14__f_clk/A (sky130_fd_sc_hd__clkbuf_16)
     6    0.034855    0.087166    0.268980   11.416189 ^ clkbuf_5_14__f_clk/X (sky130_fd_sc_hd__clkbuf_16)
                                                         clknet_5_14__leaf_clk (net)
                      0.087199    0.001617   11.417807 ^ _18473_/CLK (sky130_fd_sc_hd__dfrtp_1)
                                 -0.250000   11.167807   clock uncertainty
                                  0.000000   11.167807   clock reconvergence pessimism
                                 -0.519801   10.648005   library setup time
                                             10.648005   data required time
---------------------------------------------------------------------------------------------
                                             10.648005   data required time
                                            -28.063078   data arrival time
---------------------------------------------------------------------------------------------
                                            -17.415073   slack (VIOLATED)




===========================================================================
report_checks --slack_max -0.01
============================================================================
======================= min_ss_100C_1v60 Corner ===================================

Startpoint: _18494_ (rising edge-triggered flip-flop clocked by clk)
Endpoint: _18473_ (rising edge-triggered flip-flop clocked by clk)
Path Group: clk
Path Type: max

Fanout         Cap        Slew       Delay        Time   Description
---------------------------------------------------------------------------------------------
                                  0.000000    0.000000   clock clk (rise edge)
                                  0.000000    0.000000   clock source latency
     1    0.069304    0.378431    0.270682    0.270682 ^ clk (in)
                                                         clk (net)
                      0.379501    0.000000    0.270682 ^ clkbuf_0_clk/A (sky130_fd_sc_hd__clkbuf_16)
     8    0.152755    0.253161    0.501797    0.772479 ^ clkbuf_0_clk/X (sky130_fd_sc_hd__clkbuf_16)
                                                         clknet_0_clk (net)
                      0.254102    0.011529    0.784009 ^ clkbuf_3_2_0_clk/A (sky130_fd_sc_hd__clkbuf_16)
     4    0.062389    0.124398    0.354435    1.138444 ^ clkbuf_3_2_0_clk/X (sky130_fd_sc_hd__clkbuf_16)
                                                         clknet_3_2_0_clk (net)
                      0.125457    0.008324    1.146768 ^ clkbuf_5_10__f_clk/A (sky130_fd_sc_hd__clkbuf_16)
     6    0.024446    0.072993    0.253161    1.399929 ^ clkbuf_5_10__f_clk/X (sky130_fd_sc_hd__clkbuf_16)
                                                         clknet_5_10__leaf_clk (net)
                      0.073028    0.000971    1.400900 ^ _18494_/CLK (sky130_fd_sc_hd__dfrtp_2)
     2    0.072565    0.545888    1.071417    2.472317 ^ _18494_/Q (sky130_fd_sc_hd__dfrtp_2)
                                                         a_r[20] (net)
                      0.546130    0.010715    2.483032 ^ fanout1108/A (sky130_fd_sc_hd__buf_6)
     6    0.051013    0.175663    0.438081    2.921113 ^ fanout1108/X (sky130_fd_sc_hd__buf_6)
                                                         net1108 (net)
                      0.175691    0.002485    2.923598 ^ load_slew1109/A (sky130_fd_sc_hd__buf_4)
     8    0.100092    0.438664    0.525629    3.449227 ^ load_slew1109/X (sky130_fd_sc_hd__buf_4)
                                                         net1109 (net)
                      0.438868    0.007868    3.457095 ^ fanout1104/A (sky130_fd_sc_hd__buf_4)
     7    0.045518    0.213771    0.471528    3.928623 ^ fanout1104/X (sky130_fd_sc_hd__buf_4)
                                                         net1104 (net)
                      0.213801    0.002607    3.931230 ^ fanout1103/A (sky130_fd_sc_hd__clkbuf_4)
    10    0.056930    0.278996    0.466300    4.397530 ^ fanout1103/X (sky130_fd_sc_hd__clkbuf_4)
                                                         net1103 (net)
                      0.279011    0.002399    4.399929 ^ _12783_/A (sky130_fd_sc_hd__nand2_1)
     2    0.009481    0.184457    0.260597    4.660526 v _12783_/Y (sky130_fd_sc_hd__nand2_1)
                                                         _02954_ (net)
                      0.184457    0.000179    4.660705 v _12784_/C (sky130_fd_sc_hd__maj3_1)
     2    0.007746    0.186358    0.866596    5.527300 v _12784_/X (sky130_fd_sc_hd__maj3_1)
                                                         _02955_ (net)
                      0.186358    0.000100    5.527400 v _12787_/A (sky130_fd_sc_hd__maj3_1)
     2    0.007995    0.188888    0.868868    6.396268 v _12787_/X (sky130_fd_sc_hd__maj3_1)
                                                         _02958_ (net)
                      0.188888    0.000100    6.396369 v _12811_/A (sky130_fd_sc_hd__maj3_4)
     3    0.020548    0.157476    0.763336    7.159705 v _12811_/X (sky130_fd_sc_hd__maj3_4)
                                                         _02984_ (net)
                      0.157480    0.001033    7.160738 v _12813_/A (sky130_fd_sc_hd__xor3_1)
     2    0.010762    0.198771    0.842083    8.002821 v _12813_/X (sky130_fd_sc_hd__xor3_1)
                                                         _02987_ (net)
                      0.198771    0.000057    8.002877 v _12815_/A (sky130_fd_sc_hd__xnor2_2)
     2    0.008620    0.252570    0.351807    8.354685 ^ _12815_/Y (sky130_fd_sc_hd__xnor2_2)
                                                         _02989_ (net)
                      0.252570    0.000127    8.354813 ^ _12919_/A (sky130_fd_sc_hd__xor3_1)
     2    0.018732    0.260461    1.056704    9.411516 v _12919_/X (sky130_fd_sc_hd__xor3_1)
                                                         _03103_ (net)
                      0.260461    0.000586    9.412103 v _12964_/B (sky130_fd_sc_hd__maj3_4)
     2    0.010304    0.124165    0.716820   10.128922 v _12964_/X (sky130_fd_sc_hd__maj3_4)
                                                         _03153_ (net)
                      0.124165    0.000148   10.129070 v _12967_/A (sky130_fd_sc_hd__xnor2_1)
     1    0.004790    0.119549    0.262056   10.391127 v _12967_/Y (sky130_fd_sc_hd__xnor2_1)
                                                         _03156_ (net)
                      0.119549    0.000044   10.391171 v _13078_/B (sky130_fd_sc_hd__xnor2_1)
     2    0.011718    0.475626    0.455446   10.846618 ^ _13078_/Y (sky130_fd_sc_hd__xnor2_1)
                                                         _03278_ (net)
                      0.475626    0.000226   10.846843 ^ _13081_/B (sky130_fd_sc_hd__xnor2_2)
     2    0.007796    0.127253    0.262760   11.109603 v _13081_/Y (sky130_fd_sc_hd__xnor2_2)
                                                         _03281_ (net)
                      0.127253    0.000084   11.109688 v _13085_/A (sky130_fd_sc_hd__xor2_1)
     2    0.005923    0.144794    0.341829   11.451516 v _13085_/X (sky130_fd_sc_hd__xor2_1)
                                                         _03286_ (net)
                      0.144794    0.000052   11.451569 v _13190_/B1 (sky130_fd_sc_hd__o21ai_1)
     2    0.016059    0.546256    0.365346   11.816915 ^ _13190_/Y (sky130_fd_sc_hd__o21ai_1)
                                                         _03401_ (net)
                      0.546256    0.000610   11.817525 ^ _13191_/A1 (sky130_fd_sc_hd__o21ai_2)
     2    0.011186    0.154045    0.325014   12.142539 v _13191_/Y (sky130_fd_sc_hd__o21ai_2)
                                                         _03402_ (net)
                      0.154045    0.000248   12.142787 v _13193_/A2 (sky130_fd_sc_hd__a21oi_2)
     1    0.005380    0.170566    0.275128   12.417915 ^ _13193_/Y (sky130_fd_sc_hd__a21oi_2)
                                                         _03405_ (net)
                      0.170566    0.000062   12.417977 ^ _13194_/B1 (sky130_fd_sc_hd__o21ai_2)
     2    0.012141    0.129631    0.190300   12.608277 v _13194_/Y (sky130_fd_sc_hd__o21ai_2)
                                                         _03406_ (net)
                      0.129631    0.000383   12.608661 v _14054_/A3 (sky130_fd_sc_hd__a311oi_2)
     1    0.012137    0.517429    0.631445   13.240106 ^ _14054_/Y (sky130_fd_sc_hd__a311oi_2)
                                                         _04352_ (net)
                      0.517429    0.000547   13.240652 ^ wire293/A (sky130_fd_sc_hd__clkbuf_2)
     2    0.010204    0.108319    0.395383   13.636036 ^ wire293/X (sky130_fd_sc_hd__clkbuf_2)
                                                         net293 (net)
                      0.108319    0.000311   13.636347 ^ _14055_/B (sky130_fd_sc_hd__nor2_1)
     1    0.006907    0.085315    0.112406   13.748753 v _14055_/Y (sky130_fd_sc_hd__nor2_1)
                                                         _04353_ (net)
                      0.085315    0.000193   13.748945 v _14056_/C (sky130_fd_sc_hd__nor3_1)
     1    0.004475    0.333929    0.286596   14.035542 ^ _14056_/Y (sky130_fd_sc_hd__nor3_1)
                                                         _04354_ (net)
                      0.333929    0.000078   14.035620 ^ wire289/A (sky130_fd_sc_hd__clkbuf_2)
     3    0.012506    0.122877    0.340087   14.375707 ^ wire289/X (sky130_fd_sc_hd__clkbuf_2)
                                                         net289 (net)
                      0.122877    0.000377   14.376083 ^ _15556_/C1 (sky130_fd_sc_hd__o211ai_1)
     2    0.016226    0.437665    0.421022   14.797106 v _15556_/Y (sky130_fd_sc_hd__o211ai_1)
                                                         _06004_ (net)
                      0.437667    0.000798   14.797904 v _17146_/C (sky130_fd_sc_hd__nand4_1)
     1    0.012773    0.285611    0.436520   15.234424 ^ _17146_/Y (sky130_fd_sc_hd__nand4_1)
                                                         _07753_ (net)
                      0.285611    0.000563   15.234987 ^ wire281/A (sky130_fd_sc_hd__buf_6)
     3    0.030436    0.112492    0.305011   15.539998 ^ wire281/X (sky130_fd_sc_hd__buf_6)
                                                         net281 (net)
                      0.112561    0.002549   15.542547 ^ _17667_/A1 (sky130_fd_sc_hd__a211oi_4)
     2    0.013804    0.120809    0.148310   15.690857 v _17667_/Y (sky130_fd_sc_hd__a211oi_4)
                                                         _08326_ (net)
                      0.120809    0.000584   15.691442 v _17776_/A2 (sky130_fd_sc_hd__o21ai_2)
     2    0.012324    0.289432    0.311964   16.003405 ^ _17776_/Y (sky130_fd_sc_hd__o21ai_2)
                                                         _08446_ (net)
                      0.289432    0.000412   16.003817 ^ _17795_/A2 (sky130_fd_sc_hd__a21oi_2)
     2    0.011228    0.148927    0.231161   16.234978 v _17795_/Y (sky130_fd_sc_hd__a21oi_2)
                                                         _08467_ (net)
                      0.148927    0.000307   16.235285 v _17797_/A2 (sky130_fd_sc_hd__o21ai_2)
     2    0.008242    0.230449    0.271317   16.506603 ^ _17797_/Y (sky130_fd_sc_hd__o21ai_2)
                                                         _08469_ (net)
                      0.230449    0.000068   16.506670 ^ _17799_/B1 (sky130_fd_sc_hd__o21ai_2)
     1    0.008707    0.126560    0.194030   16.700701 v _17799_/Y (sky130_fd_sc_hd__o21ai_2)
                                                         _08471_ (net)
                      0.126560    0.000091   16.700790 v _17821_/B (sky130_fd_sc_hd__xnor2_2)
     2    0.013340    0.182533    0.315973   17.016764 v _17821_/Y (sky130_fd_sc_hd__xnor2_2)
                                                         net277 (net)
                      0.182533    0.000080   17.016844 v rebuffer1478/A (sky130_fd_sc_hd__buf_6)
     4    0.051270    0.098149    0.320179   17.337023 v rebuffer1478/X (sky130_fd_sc_hd__buf_6)
                                                         net1478 (net)
                      0.098243    0.002760   17.339783 v _17822_/A (sky130_fd_sc_hd__inv_4)
     4    0.056781    0.247583    0.236041   17.575825 ^ _17822_/Y (sky130_fd_sc_hd__inv_4)
                                                         _08496_ (net)
                      0.247597    0.001553   17.577377 ^ fanout254/A (sky130_fd_sc_hd__buf_4)
     4    0.033873    0.163657    0.359947   17.937323 ^ fanout254/X (sky130_fd_sc_hd__buf_4)
                                                         net254 (net)
                      0.163698    0.002567   17.939890 ^ load_slew255/A (sky130_fd_sc_hd__buf_6)
     7    0.059389    0.197691    0.315719   18.255610 ^ load_slew255/X (sky130_fd_sc_hd__buf_6)
                                                         net255 (net)
                      0.198189    0.008068   18.263678 ^ fanout252/A (sky130_fd_sc_hd__clkdlybuf4s50_1)
     2    0.008059    0.144828    0.907555   19.171232 ^ fanout252/X (sky130_fd_sc_hd__clkdlybuf4s50_1)
                                                         net252 (net)
                      0.144828    0.000020   19.171251 ^ load_slew253/A (sky130_fd_sc_hd__buf_6)
     8    0.065241    0.213898    0.320378   19.491631 ^ load_slew253/X (sky130_fd_sc_hd__buf_6)
                                                         net253 (net)
                      0.214221    0.006809   19.498440 ^ fanout251/A (sky130_fd_sc_hd__buf_12)
    10    0.069515    0.140093    0.302867   19.801306 ^ fanout251/X (sky130_fd_sc_hd__buf_12)
                                                         net251 (net)
                      0.140171    0.003128   19.804434 ^ _18119_/A1 (sky130_fd_sc_hd__o21a_4)
     2    0.017606    0.115950    0.317426   20.121861 ^ _18119_/X (sky130_fd_sc_hd__o21a_4)
                                                         _08822_ (net)
                      0.115950    0.000364   20.122225 ^ _18120_/B2 (sky130_fd_sc_hd__o221a_4)
     3    0.013547    0.117638    0.403126   20.525351 ^ _18120_/X (sky130_fd_sc_hd__o221a_4)
                                                         _08823_ (net)
                      0.117732    0.000211   20.525562 ^ _18123_/A2 (sky130_fd_sc_hd__o2111ai_2)
     2    0.007569    0.244241    0.285020   20.810583 v _18123_/Y (sky130_fd_sc_hd__o2111ai_2)
                                                         _08827_ (net)
                      0.244241    0.000142   20.810724 v _18131_/A1 (sky130_fd_sc_hd__a221o_1)
     2    0.021339    0.250234    0.819963   21.630688 v _18131_/X (sky130_fd_sc_hd__a221o_1)
                                                         _08835_ (net)
                      0.250234    0.001013   21.631701 v rebuffer1586/A (sky130_fd_sc_hd__buf_4)
     2    0.006668    0.050333    0.327827   21.959526 v rebuffer1586/X (sky130_fd_sc_hd__buf_4)
                                                         net1586 (net)
                      0.050333    0.000085   21.959612 v _18198_/A2 (sky130_fd_sc_hd__o21bai_1)
     2    0.006413    0.290836    0.276348   22.235960 ^ _18198_/Y (sky130_fd_sc_hd__o21bai_1)
                                                         _08909_ (net)
                      0.290836    0.000069   22.236029 ^ _18199_/A2 (sky130_fd_sc_hd__a21oi_1)
     3    0.010027    0.204561    0.298858   22.534887 v _18199_/Y (sky130_fd_sc_hd__a21oi_1)
                                                         _08910_ (net)
                      0.204561    0.000073   22.534960 v _18232_/A_N (sky130_fd_sc_hd__nand2b_2)
     2    0.048380    0.395004    0.681746   23.216705 v _18232_/Y (sky130_fd_sc_hd__nand2b_2)
                                                         _08947_ (net)
                      0.395004    0.000709   23.217415 v _18233_/D (sky130_fd_sc_hd__or4_4)
     1    0.005341    0.155418    0.948484   24.165899 v _18233_/X (sky130_fd_sc_hd__or4_4)
                                                         _08948_ (net)
                      0.155418    0.000071   24.165970 v _18299_/B (sky130_fd_sc_hd__nor3_2)
     1    0.009638    0.364334    0.402160   24.568130 ^ _18299_/Y (sky130_fd_sc_hd__nor3_2)
                                                         _09020_ (net)
                      0.364334    0.000403   24.568533 ^ wire203/A (sky130_fd_sc_hd__clkbuf_2)
     1    0.015790    0.148952    0.371379   24.939913 ^ wire203/X (sky130_fd_sc_hd__clkbuf_2)
                                                         net203 (net)
                      0.148954    0.000878   24.940790 ^ _18308_/C (sky130_fd_sc_hd__nand4_1)
     1    0.013391    0.496838    0.468766   25.409555 v _18308_/Y (sky130_fd_sc_hd__nand4_1)
                                                         _09030_ (net)
                      0.496838    0.000380   25.409937 v _18348_/A3 (sky130_fd_sc_hd__o41ai_4)
     1    0.010152    0.469595    0.709129   26.119064 ^ _18348_/Y (sky130_fd_sc_hd__o41ai_4)
                                                         _09074_ (net)
                      0.469595    0.000410   26.119474 ^ _18390_/A3 (sky130_fd_sc_hd__a41o_1)
     2    0.014444    0.236021    0.626372   26.745848 ^ _18390_/X (sky130_fd_sc_hd__a41o_1)
                                                         _09120_ (net)
                      0.236021    0.000483   26.746330 ^ load_slew189/A (sky130_fd_sc_hd__buf_6)
     4    0.066449    0.219191    0.360457   27.106787 ^ load_slew189/X (sky130_fd_sc_hd__buf_6)
                                                         net189 (net)
                      0.220156    0.011804   27.118591 ^ fanout183/A (sky130_fd_sc_hd__buf_6)
    10    0.059561    0.197442    0.344237   27.462828 ^ fanout183/X (sky130_fd_sc_hd__buf_6)
                                                         net183 (net)
                      0.197442    0.000380   27.463207 ^ _18397_/A (sky130_fd_sc_hd__nand2_1)
     1    0.041033    0.664303    0.593127   28.056335 v _18397_/Y (sky130_fd_sc_hd__nand2_1)
                                                         fixed_pkg::s_narrow48$func$/headless/otolith/hdl/rtl/fixed_pkg.sv:130$9.$unnamed_block$1.sat (net)
                      0.664397    0.006743   28.063078 v _18473_/D (sky130_fd_sc_hd__dfrtp_1)
                                             28.063078   data arrival time

                                 10.000000   10.000000   clock clk (rise edge)
                                  0.000000   10.000000   clock source latency
     1    0.069304    0.378431    0.270682   10.270682 ^ clk (in)
                                                         clk (net)
                      0.379501    0.000000   10.270682 ^ clkbuf_0_clk/A (sky130_fd_sc_hd__clkbuf_16)
     8    0.152755    0.253161    0.501797   10.772479 ^ clkbuf_0_clk/X (sky130_fd_sc_hd__clkbuf_16)
                                                         clknet_0_clk (net)
                      0.254111    0.011596   10.784076 ^ clkbuf_3_3_0_clk/A (sky130_fd_sc_hd__clkbuf_16)
     4    0.064777    0.127752    0.358109   11.142184 ^ clkbuf_3_3_0_clk/X (sky130_fd_sc_hd__clkbuf_16)
                                                         clknet_3_3_0_clk (net)
                      0.128188    0.005025   11.147210 ^ clkbuf_5_14__f_clk/A (sky130_fd_sc_hd__clkbuf_16)
     6    0.034855    0.087166    0.268980   11.416189 ^ clkbuf_5_14__f_clk/X (sky130_fd_sc_hd__clkbuf_16)
                                                         clknet_5_14__leaf_clk (net)
                      0.087199    0.001617   11.417807 ^ _18473_/CLK (sky130_fd_sc_hd__dfrtp_1)
                                 -0.250000   11.167807   clock uncertainty
                                  0.000000   11.167807   clock reconvergence pessimism
                                 -0.519801   10.648005   library setup time
                                             10.648005   data required time
---------------------------------------------------------------------------------------------
                                             10.648005   data required time
                                            -28.063078   data arrival time
---------------------------------------------------------------------------------------------
                                            -17.415073   slack (VIOLATED)




===========================================================================
 report_check_types -max_slew -max_cap -max_fanout -violators
============================================================================
======================= min_ss_100C_1v60 Corner ===================================

max slew

Pin                                        Limit        Slew       Slack
------------------------------------------------------------------------
_17723_/A                               0.750000    1.451085   -0.701085 (VIOLATED)
fanout324/A                             0.750000    1.451084   -0.701084 (VIOLATED)
_17587_/A                               0.750000    1.451082   -0.701082 (VIOLATED)
_17591_/A                               0.750000    1.451083   -0.701083 (VIOLATED)
_17599_/A                               0.750000    1.451081   -0.701081 (VIOLATED)
_09263_/Y                               0.750000    1.451077   -0.701077 (VIOLATED)
fanout320/A                             0.750000    1.451077   -0.701077 (VIOLATED)
_18415_/A1                              0.750000    1.069550   -0.319550 (VIOLATED)
_18268_/D                               0.750000    1.069548   -0.319548 (VIOLATED)
_18249_/Y                               0.750000    1.069415   -0.319415 (VIOLATED)
_18272_/A                               0.750000    1.009450   -0.259450 (VIOLATED)
_18409_/A1                              0.750000    1.009449   -0.259449 (VIOLATED)
_18248_/X                               0.750000    1.009442   -0.259442 (VIOLATED)
_18307_/D                               0.750000    0.991556   -0.241556 (VIOLATED)
_18446_/A1                              0.750000    0.991555   -0.241555 (VIOLATED)
_18306_/Y                               0.750000    0.991551   -0.241551 (VIOLATED)
_18184_/Y                               0.750000    0.959378   -0.209378 (VIOLATED)
_18185_/B                               0.750000    0.959378   -0.209378 (VIOLATED)
_18359_/A2                              0.750000    0.959378   -0.209378 (VIOLATED)
_18382_/A2                              0.750000    0.959378   -0.209378 (VIOLATED)
_10431_/Y                               0.750000    0.953788   -0.203788 (VIOLATED)
_10433_/C                               0.750000    0.953788   -0.203788 (VIOLATED)
_10671_/A                               0.750000    0.953788   -0.203788 (VIOLATED)
_10786_/Y                               0.750000    0.926654   -0.176654 (VIOLATED)
_10788_/C                               0.750000    0.926654   -0.176654 (VIOLATED)
_10791_/A                               0.750000    0.926654   -0.176654 (VIOLATED)
_12029_/B                               0.750000    0.915585   -0.165585 (VIOLATED)
_12028_/A1                              0.750000    0.915585   -0.165585 (VIOLATED)
_12024_/Y                               0.750000    0.915576   -0.165576 (VIOLATED)
_18014_/Y                               0.750000    0.912645   -0.162645 (VIOLATED)
_18015_/A                               0.750000    0.912645   -0.162645 (VIOLATED)
_18026_/B                               0.750000    0.912645   -0.162645 (VIOLATED)
_18269_/A2                              0.750000    0.912645   -0.162645 (VIOLATED)
_18282_/A2                              0.750000    0.912645   -0.162645 (VIOLATED)
_10090_/Y                               0.750000    0.910432   -0.160432 (VIOLATED)
_10092_/C                               0.750000    0.910432   -0.160432 (VIOLATED)
_10315_/A                               0.750000    0.910432   -0.160432 (VIOLATED)
_16307_/A                               0.750000    0.892594   -0.142594 (VIOLATED)
_16628_/B                               0.750000    0.892594   -0.142594 (VIOLATED)
_16305_/Y                               0.750000    0.892591   -0.142591 (VIOLATED)
_14489_/Y                               0.750000    0.887055   -0.137055 (VIOLATED)
_14491_/A                               0.750000    0.887055   -0.137055 (VIOLATED)
_14554_/A                               0.750000    0.887055   -0.137055 (VIOLATED)
_17623_/A                               0.750000    0.887054   -0.137054 (VIOLATED)
_09540_/A                               0.750000    0.887054   -0.137054 (VIOLATED)
_09529_/Y                               0.750000    0.887050   -0.137050 (VIOLATED)
output108/A                             0.750000    0.886497   -0.136497 (VIOLATED)
_18590_/Q                               0.750000    0.886346   -0.136346 (VIOLATED)
wire208/A                               0.750000    0.884510   -0.134510 (VIOLATED)
_18346_/Y                               0.750000    0.884507   -0.134507 (VIOLATED)
_18347_/D                               0.750000    0.884507   -0.134507 (VIOLATED)
fanout392/A                             0.750000    0.882309   -0.132309 (VIOLATED)
fanout393/A                             0.750000    0.882298   -0.132298 (VIOLATED)
_18569_/Q                               0.750000    0.882164   -0.132164 (VIOLATED)
fanout397/A                             0.750000    0.882164   -0.132164 (VIOLATED)
_17905_/Y                               0.750000    0.871919   -0.121919 (VIOLATED)
_17906_/B                               0.750000    0.871919   -0.121919 (VIOLATED)
_17916_/A2                              0.750000    0.871919   -0.121919 (VIOLATED)
_18411_/A1                              0.750000    0.871813   -0.121813 (VIOLATED)
_18288_/B                               0.750000    0.871812   -0.121812 (VIOLATED)
_18281_/Y                               0.750000    0.871807   -0.121807 (VIOLATED)
_14550_/Y                               0.750000    0.866306   -0.116306 (VIOLATED)
_14552_/A                               0.750000    0.866306   -0.116306 (VIOLATED)
_14565_/A                               0.750000    0.866306   -0.116306 (VIOLATED)
_18057_/X                               0.750000    0.863377   -0.113377 (VIOLATED)
_18058_/C                               0.750000    0.863377   -0.113377 (VIOLATED)
_18303_/B                               0.750000    0.863377   -0.113377 (VIOLATED)
_18313_/A2                              0.750000    0.863377   -0.113377 (VIOLATED)
_15473_/Y                               0.750000    0.857933   -0.107933 (VIOLATED)
_15475_/C                               0.750000    0.857933   -0.107933 (VIOLATED)
_15484_/A                               0.750000    0.857933   -0.107933 (VIOLATED)
_18416_/A2                              0.750000    0.857267   -0.107267 (VIOLATED)
_18417_/A2                              0.750000    0.857267   -0.107267 (VIOLATED)
_18418_/A_N                             0.750000    0.857267   -0.107267 (VIOLATED)
_18420_/A2                              0.750000    0.857267   -0.107267 (VIOLATED)
_18423_/A2                              0.750000    0.857267   -0.107267 (VIOLATED)
_18424_/A2                              0.750000    0.857267   -0.107267 (VIOLATED)
_18426_/A2                              0.750000    0.857267   -0.107267 (VIOLATED)
_18427_/A2                              0.750000    0.857267   -0.107267 (VIOLATED)
_18430_/A2                              0.750000    0.857267   -0.107267 (VIOLATED)
_18432_/A2                              0.750000    0.857267   -0.107267 (VIOLATED)
fanout190/X                             0.750000    0.857267   -0.107267 (VIOLATED)
_15382_/Y                               0.750000    0.852456   -0.102456 (VIOLATED)
_15384_/C                               0.750000    0.852456   -0.102456 (VIOLATED)
_15394_/A                               0.750000    0.852456   -0.102456 (VIOLATED)
_15437_/Y                               0.750000    0.852271   -0.102271 (VIOLATED)
_15439_/C                               0.750000    0.852271   -0.102271 (VIOLATED)
_15449_/A                               0.750000    0.852271   -0.102271 (VIOLATED)
_14615_/Y                               0.750000    0.851668   -0.101668 (VIOLATED)
_14617_/B1                              0.750000    0.851668   -0.101668 (VIOLATED)
_14623_/A                               0.750000    0.851668   -0.101668 (VIOLATED)
_15495_/Y                               0.750000    0.844745   -0.094745 (VIOLATED)
_15497_/C                               0.750000    0.844745   -0.094745 (VIOLATED)
_15506_/A                               0.750000    0.844745   -0.094745 (VIOLATED)
_17929_/Y                               0.750000    0.836125   -0.086125 (VIOLATED)
_17930_/B                               0.750000    0.836125   -0.086125 (VIOLATED)
_17942_/A1                              0.750000    0.836125   -0.086125 (VIOLATED)
_17915_/Y                               0.750000    0.815677   -0.065677 (VIOLATED)
_17916_/B2                              0.750000    0.815677   -0.065677 (VIOLATED)
_18226_/B1                              0.750000    0.815677   -0.065677 (VIOLATED)
_17971_/X                               0.750000    0.809861   -0.059861 (VIOLATED)
_17972_/B                               0.750000    0.809861   -0.059861 (VIOLATED)
_17991_/A2                              0.750000    0.809861   -0.059861 (VIOLATED)
_18236_/B                               0.750000    0.809861   -0.059861 (VIOLATED)
_14268_/B                               0.750000    0.808841   -0.058841 (VIOLATED)
_14355_/B                               0.750000    0.808841   -0.058841 (VIOLATED)
_14267_/Y                               0.750000    0.808838   -0.058838 (VIOLATED)
_12154_/B                               0.750000    0.806963   -0.056963 (VIOLATED)
_12631_/B                               0.750000    0.806960   -0.056960 (VIOLATED)
_12153_/B                               0.750000    0.806947   -0.056947 (VIOLATED)
_12508_/B                               0.750000    0.806945   -0.056945 (VIOLATED)
_12843_/D                               0.750000    0.806945   -0.056945 (VIOLATED)
_12850_/B1                              0.750000    0.806945   -0.056945 (VIOLATED)
_12947_/C                               0.750000    0.806945   -0.056945 (VIOLATED)
_12955_/A2                              0.750000    0.806945   -0.056945 (VIOLATED)
fanout675/X                             0.750000    0.806945   -0.056945 (VIOLATED)
fanout603/A                             0.750000    0.806839   -0.056839 (VIOLATED)
fanout597/A                             0.750000    0.806792   -0.056792 (VIOLATED)
fanout599/A                             0.750000    0.806791   -0.056791 (VIOLATED)
_18543_/Q                               0.750000    0.806791   -0.056791 (VIOLATED)
_18113_/Y                               0.750000    0.795723   -0.045723 (VIOLATED)
_18114_/C                               0.750000    0.795723   -0.045723 (VIOLATED)
_18274_/B                               0.750000    0.795723   -0.045723 (VIOLATED)
_18296_/A2                              0.750000    0.795723   -0.045723 (VIOLATED)
_18322_/A1                              0.750000    0.795723   -0.045723 (VIOLATED)
_18145_/B                               0.750000    0.794110   -0.044110 (VIOLATED)
_18144_/B                               0.750000    0.794110   -0.044110 (VIOLATED)
_18143_/Y                               0.750000    0.794109   -0.044109 (VIOLATED)
_18172_/A2                              0.750000    0.794109   -0.044109 (VIOLATED)
_09543_/B                               0.750000    0.791141   -0.041141 (VIOLATED)
_09305_/B                               0.750000    0.791140   -0.041140 (VIOLATED)
_09306_/A1                              0.750000    0.791139   -0.041139 (VIOLATED)
_17473_/B                               0.750000    0.791131   -0.041131 (VIOLATED)
_17261_/B                               0.750000    0.791121   -0.041121 (VIOLATED)
_17234_/B                               0.750000    0.791115   -0.041115 (VIOLATED)
_16505_/A                               0.750000    0.791114   -0.041114 (VIOLATED)
_16708_/A                               0.750000    0.791114   -0.041114 (VIOLATED)
_16736_/B                               0.750000    0.791114   -0.041114 (VIOLATED)
_17199_/B                               0.750000    0.791114   -0.041114 (VIOLATED)
fanout1020/X                            0.750000    0.791114   -0.041114 (VIOLATED)
_17965_/Y                               0.750000    0.790702   -0.040702 (VIOLATED)
_18331_/A1                              0.750000    0.790702   -0.040702 (VIOLATED)
_18335_/A                               0.750000    0.790702   -0.040702 (VIOLATED)
_18100_/B                               0.750000    0.787258   -0.037258 (VIOLATED)
_18120_/A2                              0.750000    0.787257   -0.037258 (VIOLATED)
_18099_/Y                               0.750000    0.787255   -0.037255 (VIOLATED)
_14832_/Y                               0.750000    0.784503   -0.034503 (VIOLATED)
_14833_/B                               0.750000    0.784503   -0.034503 (VIOLATED)
_14834_/B                               0.750000    0.784503   -0.034503 (VIOLATED)
_15090_/A                               0.750000    0.778881   -0.028881 (VIOLATED)
_15089_/A                               0.750000    0.778881   -0.028881 (VIOLATED)
_15062_/Y                               0.750000    0.778880   -0.028880 (VIOLATED)
_14720_/Y                               0.750000    0.776934   -0.026934 (VIOLATED)
_14722_/C                               0.750000    0.776934   -0.026934 (VIOLATED)
_14723_/A                               0.750000    0.776934   -0.026934 (VIOLATED)
_16990_/A                               0.750000    0.775741   -0.025741 (VIOLATED)
_16991_/B                               0.750000    0.775741   -0.025741 (VIOLATED)
_16921_/Y                               0.750000    0.775740   -0.025740 (VIOLATED)
_18247_/A                               0.750000    0.771370   -0.021370 (VIOLATED)
max_cap225/A                            0.750000    0.771367   -0.021367 (VIOLATED)
_18237_/Y                               0.750000    0.771364   -0.021364 (VIOLATED)
_11808_/Y                               0.750000    0.769028   -0.019028 (VIOLATED)
_11810_/A1                              0.750000    0.769028   -0.019028 (VIOLATED)
_11904_/A                               0.750000    0.769028   -0.019028 (VIOLATED)
_10423_/C                               0.750000    0.763180   -0.013180 (VIOLATED)
_10308_/C                               0.750000    0.763180   -0.013180 (VIOLATED)
_10307_/Y                               0.750000    0.763178   -0.013178 (VIOLATED)
_09547_/A                               0.750000    0.762426   -0.012426 (VIOLATED)
_09548_/A                               0.750000    0.762426   -0.012426 (VIOLATED)
_09528_/Y                               0.750000    0.762424   -0.012424 (VIOLATED)
_09304_/B                               0.750000    0.760173   -0.010173 (VIOLATED)
_09305_/C                               0.750000    0.760172   -0.010172 (VIOLATED)
_09306_/A2                              0.750000    0.760172   -0.010172 (VIOLATED)
_17475_/B1                              0.750000    0.760163   -0.010163 (VIOLATED)
_17283_/B                               0.750000    0.760162   -0.010162 (VIOLATED)
_16709_/B                               0.750000    0.760153   -0.010153 (VIOLATED)
_16737_/B                               0.750000    0.760153   -0.010153 (VIOLATED)
_17200_/B                               0.750000    0.760153   -0.010153 (VIOLATED)
_17235_/B                               0.750000    0.760153   -0.010153 (VIOLATED)
_17262_/B                               0.750000    0.760153   -0.010153 (VIOLATED)
fanout1037/X                            0.750000    0.760153   -0.010153 (VIOLATED)
wire222/A                               0.750000    0.755495   -0.005495 (VIOLATED)
_18239_/X                               0.750000    0.755491   -0.005491 (VIOLATED)
_18247_/B                               0.750000    0.755491   -0.005491 (VIOLATED)
_18468_/B                               0.750000    0.752731   -0.002731 (VIOLATED)
_18210_/X                               0.750000    0.752729   -0.002729 (VIOLATED)
_18308_/A                               0.750000    0.752729   -0.002729 (VIOLATED)
fanout363/A                             0.750000    0.752208   -0.002208 (VIOLATED)
fanout361/A                             0.750000    0.752206   -0.002206 (VIOLATED)
_09261_/Y                               0.750000    0.752205   -0.002205 (VIOLATED)
_18301_/Y                               0.750000    0.750658   -0.000658 (VIOLATED)
_18307_/A                               0.750000    0.750658   -0.000658 (VIOLATED)
wire211/A                               0.750000    0.750658   -0.000658 (VIOLATED)
_17967_/Y                               0.750000    0.750640   -0.000640 (VIOLATED)
_17968_/B                               0.750000    0.750640   -0.000640 (VIOLATED)
_17991_/A1                              0.750000    0.750640   -0.000640 (VIOLATED)
_10202_/C                               0.750000    0.750446   -0.000446 (VIOLATED)
_12080_/C                               0.750000    0.750445   -0.000445 (VIOLATED)
_10201_/Y                               0.750000    0.750443   -0.000443 (VIOLATED)

max capacitance

Pin                                        Limit         Cap       Slack
------------------------------------------------------------------------
_09263_/Y                               0.040293    0.040985   -0.000692 (VIOLATED)



===========================================================================
report_parasitic_annotation -report_unannotated
============================================================================
Found 10 unannotated drivers.
 clkload0/X
 clkload1/X
 clkload2/X
 clkload3/X
 clkload4/X
 clkload5/X
 clkload6/X
 clkload7/X
 clkload8/X
 clkload9/X
Found 0 partially unannotated drivers.

===========================================================================
max slew violation count 199
max fanout violation count 0
max cap violation count 1
============================================================================

===========================================================================
check_setup -verbose -unconstrained_endpoints -multiple_clock -no_clock -no_input_delay -loops -generated_clocks
===========================================================================
