Clock: clk
Sources: clk 
Generated: no
Virtual: yes
Propagated: no
Period: 10.000000

===========================================================================
report_clock_properties
============================================================================
Clock                   Period          Waveform
----------------------------------------------------
clk                  10.000000    0.000000  5.000000

===========================================================================
report_clock_latency
============================================================================
Clock clk
rise -> rise
    min     max
0.000000 0.000000 source latency
1.390215         network latency _18551_/CLK
        1.506224 network latency _18539_/CLK
---------------
1.390215 1.506224 latency
        0.116009 skew

fall -> fall
    min     max
0.000000 0.000000 source latency
1.547679         network latency _18551_/CLK
        1.636535 network latency _18539_/CLK
---------------
1.547679 1.636535 latency
        0.088856 skew



===========================================================================
report_clock_min_period
============================================================================
clk period_min = 27.42 fmax = 36.48
