
===========================================================================
 report_power
============================================================================
======================= min_ss_100C_1v60 Corner ===================================

Group                    Internal    Switching      Leakage        Total
                            Power        Power        Power        Power (Watts)
------------------------------------------------------------------------
Sequential           1.129126e-03 1.478202e-04 3.101060e-06 1.280047e-03   0.7%
Combinational        7.872351e-02 1.004489e-01 6.298375e-05 1.792354e-01  98.7%
Clock                5.967699e-04 4.275586e-04 9.628448e-07 1.025291e-03   0.6%
Macro                0.000000e+00 0.000000e+00 0.000000e+00 0.000000e+00   0.0%
Pad                  0.000000e+00 0.000000e+00 0.000000e+00 0.000000e+00   0.0%
------------------------------------------------------------------------
Total                8.044937e-02 1.010243e-01 6.704745e-05 1.815407e-01 100.0%
                            44.3%        55.6%         0.0%

