┏━━━━━━━━━━━━━━━━━━━━━━┳━━━━━━━━━━┳━━━━━━━━━━┳━━━━━━━━━━┳━━━━━━━━━━┳━━━━━━━━━━┳━━━━━━━━━━━┳━━━━━━━━━━┳━━━━━━━━━━━┳━━━━━━━━━━┳━━━━━━━━━━━┳━━━━━━━━━━┳━━━━━━━━━━━┓
┃                      ┃ Hold     ┃ Reg to   ┃          ┃          ┃ of which ┃ Setup     ┃ Reg to   ┃           ┃ Setup    ┃ of which  ┃          ┃           ┃
┃                      ┃ Worst    ┃ Reg      ┃          ┃ Hold Vio ┃ reg to   ┃ Worst     ┃ Reg      ┃           ┃ Vio      ┃ reg to    ┃ Max Cap  ┃ Max Slew  ┃
┃ Corner/Group         ┃ Slack    ┃ Paths    ┃ Hold TNS ┃ Count    ┃ reg      ┃ Slack     ┃ Paths    ┃ Setup TNS ┃ Count    ┃ reg       ┃ Violati… ┃ Violatio… ┃
┡━━━━━━━━━━━━━━━━━━━━━━╇━━━━━━━━━━╇━━━━━━━━━━╇━━━━━━━━━━╇━━━━━━━━━━╇━━━━━━━━━━╇━━━━━━━━━━━╇━━━━━━━━━━╇━━━━━━━━━━━╇━━━━━━━━━━╇━━━━━━━━━━━╇━━━━━━━━━━╇━━━━━━━━━━━┩
│ Overall              │ 0.3316   │ 0.3316   │ 0.0000   │ 0        │ 0        │ -18.9666  │ -18.9666 │ -1181.98… │ 387      │ 387       │ 1        │ 430       │
│ nom_tt_025C_1v80     │ 0.6232   │ 0.6232   │ 0.0000   │ 0        │ 0        │ -4.8573   │ -4.8573  │ -295.8830 │ 64       │ 64        │ 0        │ 7         │
│ nom_ss_100C_1v60     │ 0.4319   │ 1.4858   │ 0.0000   │ 0        │ 0        │ -18.1131  │ -18.1131 │ -1133.55… │ 65       │ 65        │ 1        │ 334       │
│ nom_ff_n40C_1v95     │ 0.3328   │ 0.3328   │ 0.0000   │ 0        │ 0        │ 0.3788    │ 0.3788   │ 0.0000    │ 0        │ 0         │ 0        │ 0         │
│ min_tt_025C_1v80     │ 0.6218   │ 0.6218   │ 0.0000   │ 0        │ 0        │ -4.5121   │ -4.5121  │ -275.5002 │ 64       │ 64        │ 0        │ 7         │
│ min_ss_100C_1v60     │ 0.5039   │ 1.4851   │ 0.0000   │ 0        │ 0        │ -17.4151  │ -17.4151 │ -1092.67… │ 65       │ 65        │ 1        │ 199       │
│ min_ff_n40C_1v95     │ 0.3316   │ 0.3316   │ 0.0000   │ 0        │ 0        │ 0.6085    │ 0.6085   │ 0.0000    │ 0        │ 0         │ 0        │ 0         │
│ max_tt_025C_1v80     │ 0.6250   │ 0.6250   │ 0.0000   │ 0        │ 0        │ -5.2526   │ -5.2526  │ -319.9994 │ 64       │ 64        │ 0        │ 13        │
│ max_ss_100C_1v60     │ 0.3362   │ 1.4892   │ 0.0000   │ 0        │ 0        │ -18.9666  │ -18.9666 │ -1181.98… │ 65       │ 65        │ 1        │ 430       │
│ max_ff_n40C_1v95     │ 0.3342   │ 0.3342   │ 0.0000   │ 0        │ 0        │ 0.1205    │ 0.1205   │ 0.0000    │ 0        │ 0         │ 0        │ 0         │
└──────────────────────┴──────────┴──────────┴──────────┴──────────┴──────────┴───────────┴──────────┴───────────┴──────────┴───────────┴──────────┴───────────┘
