
===========================================================================
report_checks -unconstrained
===========================================================================
======================= nom_tt_025C_1v80 Corner ===================================

Startpoint: rst_n (input port clocked by clk)
Endpoint: _18555_ (recovery check against rising-edge clock clk)
Path Group: asynchronous
Path Type: max

Fanout         Cap        Slew       Delay        Time   Description
---------------------------------------------------------------------------------------------
                                  0.000000    0.000000   clock clk (rise edge)
                                  0.000000    0.000000   clock network delay (propagated)
                                  2.000000    2.000000 ^ input external delay
     1    0.003165    0.021309    0.011605    2.011606 ^ rst_n (in)
                                                         rst_n (net)
                      0.021309    0.000000    2.011606 ^ input97/A (sky130_fd_sc_hd__buf_2)
     1    0.004123    0.032429    0.087351    2.098957 ^ input97/X (sky130_fd_sc_hd__buf_2)
                                                         net97 (net)
                      0.032430    0.000151    2.099108 ^ fanout1475/A (sky130_fd_sc_hd__clkdlybuf4s50_1)
     3    0.017817    0.182552    0.567390    2.666497 ^ fanout1475/X (sky130_fd_sc_hd__clkdlybuf4s50_1)
                                                         net1475 (net)
                      0.182556    0.001169    2.667666 ^ fanout1448/A (sky130_fd_sc_hd__clkdlybuf4s50_1)
     2    0.014955    0.156062    0.595205    3.262872 ^ fanout1448/X (sky130_fd_sc_hd__clkdlybuf4s50_1)
                                                         net1448 (net)
                      0.156063    0.000751    3.263622 ^ wire1450/A (sky130_fd_sc_hd__buf_4)
     4    0.043042    0.126037    0.206232    3.469854 ^ wire1450/X (sky130_fd_sc_hd__buf_4)
                                                         net1450 (net)
                      0.126637    0.007050    3.476904 ^ load_slew1449/A (sky130_fd_sc_hd__buf_4)
     1    0.030555    0.093118    0.176553    3.653457 ^ load_slew1449/X (sky130_fd_sc_hd__buf_4)
                                                         net1449 (net)
                      0.093677    0.005734    3.659192 ^ fanout1446/A (sky130_fd_sc_hd__clkdlybuf4s50_1)
     5    0.022790    0.228168    0.621852    4.281044 ^ fanout1446/X (sky130_fd_sc_hd__clkdlybuf4s50_1)
                                                         net1446 (net)
                      0.228168    0.000463    4.281507 ^ load_slew1447/A (sky130_fd_sc_hd__buf_4)
     4    0.032269    0.098404    0.208365    4.489872 ^ load_slew1447/X (sky130_fd_sc_hd__buf_4)
                                                         net1447 (net)
                      0.098612    0.003162    4.493033 ^ fanout1445/A (sky130_fd_sc_hd__clkdlybuf4s50_1)
     6    0.041226    0.400583    0.744691    5.237724 ^ fanout1445/X (sky130_fd_sc_hd__clkdlybuf4s50_1)
                                                         net1445 (net)
                      0.400605    0.003361    5.241086 ^ fanout1443/A (sky130_fd_sc_hd__clkdlybuf4s50_1)
     2    0.007638    0.089222    0.594220    5.835305 ^ fanout1443/X (sky130_fd_sc_hd__clkdlybuf4s50_1)
                                                         net1443 (net)
                      0.089222    0.000200    5.835505 ^ wire1444/A (sky130_fd_sc_hd__buf_4)
     9    0.044502    0.128931    0.190138    6.025644 ^ wire1444/X (sky130_fd_sc_hd__buf_4)
                                                         net1444 (net)
                      0.128931    0.000619    6.026263 ^ fanout1442/A (sky130_fd_sc_hd__clkdlybuf4s50_1)
     8    0.039140    0.381034    0.740930    6.767193 ^ fanout1442/X (sky130_fd_sc_hd__clkdlybuf4s50_1)
                                                         net1442 (net)
                      0.381034    0.001292    6.768485 ^ _18555_/RESET_B (sky130_fd_sc_hd__dfrtp_2)
                                              6.768485   data arrival time

                                 10.000000   10.000000   clock clk (rise edge)
                                  0.000000   10.000000   clock source latency
     1    0.050412    0.178561    0.128704   10.128704 ^ clk (in)
                                                         clk (net)
                      0.180176    0.000000   10.128704 ^ clkbuf_0_clk/A (sky130_fd_sc_hd__clkbuf_16)
     8    0.126378    0.140706    0.244222   10.372927 ^ clkbuf_0_clk/X (sky130_fd_sc_hd__clkbuf_16)
                                                         clknet_0_clk (net)
                      0.142654    0.013102   10.386028 ^ clkbuf_3_3_0_clk/A (sky130_fd_sc_hd__clkbuf_16)
     4    0.054066    0.073110    0.184170   10.570198 ^ clkbuf_3_3_0_clk/X (sky130_fd_sc_hd__clkbuf_16)
                                                         clknet_3_3_0_clk (net)
                      0.074295    0.007265   10.577464 ^ clkbuf_5_13__f_clk/A (sky130_fd_sc_hd__clkbuf_16)
     5    0.016251    0.038679    0.132492   10.709956 ^ clkbuf_5_13__f_clk/X (sky130_fd_sc_hd__clkbuf_16)
                                                         clknet_5_13__leaf_clk (net)
                      0.038679    0.000364   10.710320 ^ _18555_/CLK (sky130_fd_sc_hd__dfrtp_2)
                                 -0.250000   10.460320   clock uncertainty
                                  0.000000   10.460320   clock reconvergence pessimism
                                  0.116864   10.577184   library recovery time
                                             10.577184   data required time
---------------------------------------------------------------------------------------------
                                             10.577184   data required time
                                             -6.768485   data arrival time
---------------------------------------------------------------------------------------------
                                              3.808699   slack (MET)


Startpoint: _18569_ (rising edge-triggered flip-flop clocked by clk)
Endpoint: _18595_ (rising edge-triggered flip-flop clocked by clk)
Path Group: clk
Path Type: max

Fanout         Cap        Slew       Delay        Time   Description
---------------------------------------------------------------------------------------------
                                  0.000000    0.000000   clock clk (rise edge)
                                  0.000000    0.000000   clock source latency
     1    0.050412    0.178561    0.128704    0.128704 ^ clk (in)
                                                         clk (net)
                      0.180176    0.000000    0.128704 ^ clkbuf_0_clk/A (sky130_fd_sc_hd__clkbuf_16)
     8    0.126378    0.140706    0.244222    0.372927 ^ clkbuf_0_clk/X (sky130_fd_sc_hd__clkbuf_16)
                                                         clknet_0_clk (net)
                      0.143493    0.015647    0.388574 ^ clkbuf_3_4_0_clk/A (sky130_fd_sc_hd__clkbuf_16)
     4    0.060740    0.079392    0.189898    0.578472 ^ clkbuf_3_4_0_clk/X (sky130_fd_sc_hd__clkbuf_16)
                                                         clknet_3_4_0_clk (net)
                      0.080242    0.006464    0.584936 ^ clkbuf_5_19__f_clk/A (sky130_fd_sc_hd__clkbuf_16)
     6    0.025219    0.046518    0.143088    0.728024 ^ clkbuf_5_19__f_clk/X (sky130_fd_sc_hd__clkbuf_16)
                                                         clknet_5_19__leaf_clk (net)
                      0.046549    0.001043    0.729067 ^ _18569_/CLK (sky130_fd_sc_hd__dfrtp_1)
     3    0.041384    0.360202    0.548152    1.277220 ^ _18569_/Q (sky130_fd_sc_hd__dfrtp_1)
                                                         b_r[63] (net)
                      0.360573    0.007596    1.284816 ^ fanout393/A (sky130_fd_sc_hd__clkdlybuf4s50_1)
    10    0.035755    0.349644    0.774988    2.059804 ^ fanout393/X (sky130_fd_sc_hd__clkdlybuf4s50_1)
                                                         net393 (net)
                      0.349661    0.002779    2.062583 ^ _09229_/A (sky130_fd_sc_hd__nand2_1)
     7    0.035612    0.273347    0.313975    2.376558 v _09229_/Y (sky130_fd_sc_hd__nand2_1)
                                                         _00895_ (net)
                      0.273347    0.000554    2.377112 v _09230_/B (sky130_fd_sc_hd__xnor2_2)
     6    0.031333    0.418630    0.434787    2.811899 ^ _09230_/Y (sky130_fd_sc_hd__xnor2_2)
                                                         _00906_ (net)
                      0.418657    0.002730    2.814629 ^ _09264_/B (sky130_fd_sc_hd__xnor2_1)
     1    0.005130    0.162561    0.185913    3.000542 ^ _09264_/Y (sky130_fd_sc_hd__xnor2_1)
                                                         _01280_ (net)
                      0.162561    0.000218    3.000760 ^ wire378/A (sky130_fd_sc_hd__clkbuf_2)
     3    0.015563    0.092241    0.177655    3.178415 ^ wire378/X (sky130_fd_sc_hd__clkbuf_2)
                                                         net378 (net)
                      0.092241    0.000384    3.178799 ^ fanout376/A (sky130_fd_sc_hd__clkdlybuf4s15_2)
     5    0.019745    0.113384    0.261502    3.440302 ^ fanout376/X (sky130_fd_sc_hd__clkdlybuf4s15_2)
                                                         net376 (net)
                      0.113384    0.000294    3.440596 ^ load_slew377/A (sky130_fd_sc_hd__clkbuf_4)
     6    0.034994    0.114364    0.211044    3.651640 ^ load_slew377/X (sky130_fd_sc_hd__clkbuf_4)
                                                         net377 (net)
                      0.114421    0.002361    3.654001 ^ _09265_/A (sky130_fd_sc_hd__inv_2)
     6    0.031107    0.079194    0.099051    3.753052 v _09265_/Y (sky130_fd_sc_hd__inv_2)
                                                         _01291_ (net)
                      0.079205    0.000946    3.753998 v _09322_/A1 (sky130_fd_sc_hd__a21oi_1)
     1    0.005198    0.147583    0.165188    3.919186 ^ _09322_/Y (sky130_fd_sc_hd__a21oi_1)
                                                         _01918_ (net)
                      0.147583    0.000225    3.919410 ^ wire339/A (sky130_fd_sc_hd__clkbuf_2)
     3    0.017491    0.102048    0.180683    4.100093 ^ wire339/X (sky130_fd_sc_hd__clkbuf_2)
                                                         net339 (net)
                      0.102048    0.000365    4.100459 ^ fanout337/A (sky130_fd_sc_hd__clkdlybuf4s50_1)
     2    0.006245    0.076708    0.511449    4.611907 ^ fanout337/X (sky130_fd_sc_hd__clkdlybuf4s50_1)
                                                         net337 (net)
                      0.076708    0.000100    4.612007 ^ load_slew338/A (sky130_fd_sc_hd__clkbuf_4)
     9    0.041871    0.133875    0.211537    4.823545 ^ load_slew338/X (sky130_fd_sc_hd__clkbuf_4)
                                                         net338 (net)
                      0.133909    0.002075    4.825619 ^ fanout335/A (sky130_fd_sc_hd__clkdlybuf4s50_1)
     5    0.023138    0.231225    0.636875    5.462494 ^ fanout335/X (sky130_fd_sc_hd__clkdlybuf4s50_1)
                                                         net335 (net)
                      0.231225    0.000689    5.463183 ^ load_slew336/A (sky130_fd_sc_hd__buf_4)
     6    0.028845    0.089766    0.203214    5.666397 ^ load_slew336/X (sky130_fd_sc_hd__buf_4)
                                                         net336 (net)
                      0.089770    0.000775    5.667172 ^ _09556_/A (sky130_fd_sc_hd__xnor2_1)
     2    0.008226    0.220806    0.159730    5.826902 ^ _09556_/Y (sky130_fd_sc_hd__xnor2_1)
                                                         _04492_ (net)
                      0.220806    0.000177    5.827079 ^ _17686_/A (sky130_fd_sc_hd__xor2_1)
     2    0.009108    0.222762    0.249194    6.076272 ^ _17686_/X (sky130_fd_sc_hd__xor2_1)
                                                         _08347_ (net)
                      0.222762    0.000402    6.076674 ^ _17702_/A (sky130_fd_sc_hd__xnor2_1)
     2    0.008641    0.228972    0.189400    6.266075 ^ _17702_/Y (sky130_fd_sc_hd__xnor2_1)
                                                         _08365_ (net)
                      0.228973    0.000325    6.266399 ^ _17706_/B (sky130_fd_sc_hd__xor2_1)
     2    0.009157    0.223672    0.251253    6.517653 ^ _17706_/X (sky130_fd_sc_hd__xor2_1)
                                                         _08369_ (net)
                      0.223672    0.000349    6.518002 ^ _17724_/A (sky130_fd_sc_hd__xnor2_1)
     1    0.005935    0.175640    0.168919    6.686921 ^ _17724_/Y (sky130_fd_sc_hd__xnor2_1)
                                                         _08389_ (net)
                      0.175640    0.000226    6.687148 ^ _17728_/B (sky130_fd_sc_hd__xor2_1)
     2    0.008591    0.213434    0.237059    6.924206 ^ _17728_/X (sky130_fd_sc_hd__xor2_1)
                                                         _08393_ (net)
                      0.213434    0.000226    6.924433 ^ _17742_/A (sky130_fd_sc_hd__xor2_1)
     2    0.009691    0.233348    0.256079    7.180511 ^ _17742_/X (sky130_fd_sc_hd__xor2_1)
                                                         _08409_ (net)
                      0.233348    0.000156    7.180667 ^ _17743_/A2 (sky130_fd_sc_hd__a21oi_1)
     2    0.006644    0.111384    0.130400    7.311067 v _17743_/Y (sky130_fd_sc_hd__a21oi_1)
                                                         _08410_ (net)
                      0.111385    0.000188    7.311255 v _17744_/B (sky130_fd_sc_hd__nor2_1)
     2    0.008614    0.171374    0.177955    7.489210 ^ _17744_/Y (sky130_fd_sc_hd__nor2_1)
                                                         _08411_ (net)
                      0.171374    0.000288    7.489498 ^ _17746_/A_N (sky130_fd_sc_hd__nand2b_1)
     2    0.008854    0.103674    0.169505    7.659003 ^ _17746_/Y (sky130_fd_sc_hd__nand2b_1)
                                                         _08413_ (net)
                      0.103674    0.000187    7.659191 ^ _17759_/A (sky130_fd_sc_hd__nor2_1)
     1    0.004311    0.053294    0.063795    7.722986 v _17759_/Y (sky130_fd_sc_hd__nor2_1)
                                                         _08427_ (net)
                      0.053294    0.000161    7.723147 v _17760_/A (sky130_fd_sc_hd__inv_1)
     2    0.006579    0.062480    0.073664    7.796811 ^ _17760_/Y (sky130_fd_sc_hd__inv_1)
                                                         _08428_ (net)
                      0.062480    0.000124    7.796935 ^ _17778_/A (sky130_fd_sc_hd__nor2_1)
     1    0.006503    0.055112    0.059015    7.855950 v _17778_/Y (sky130_fd_sc_hd__nor2_1)
                                                         _08448_ (net)
                      0.055113    0.000291    7.856241 v _17779_/B1 (sky130_fd_sc_hd__a211oi_2)
     2    0.009231    0.236248    0.259455    8.115696 ^ _17779_/Y (sky130_fd_sc_hd__a211oi_2)
                                                         _08449_ (net)
                      0.236248    0.000350    8.116046 ^ _17795_/A1 (sky130_fd_sc_hd__a21oi_2)
     2    0.010019    0.080761    0.108944    8.224990 v _17795_/Y (sky130_fd_sc_hd__a21oi_2)
                                                         _08467_ (net)
                      0.080762    0.000510    8.225499 v _17797_/A2 (sky130_fd_sc_hd__o21ai_2)
     2    0.008523    0.138869    0.156350    8.381849 ^ _17797_/Y (sky130_fd_sc_hd__o21ai_2)
                                                         _08469_ (net)
                      0.138870    0.000176    8.382025 ^ _17799_/B1 (sky130_fd_sc_hd__o21ai_2)
     1    0.009072    0.071799    0.089950    8.471975 v _17799_/Y (sky130_fd_sc_hd__o21ai_2)
                                                         _08471_ (net)
                      0.071799    0.000250    8.472225 v _17821_/B (sky130_fd_sc_hd__xnor2_2)
     2    0.011890    0.091186    0.161279    8.633504 v _17821_/Y (sky130_fd_sc_hd__xnor2_2)
                                                         net277 (net)
                      0.091186    0.000288    8.633792 v rebuffer1478/A (sky130_fd_sc_hd__buf_6)
     4    0.037833    0.046864    0.159365    8.793157 v rebuffer1478/X (sky130_fd_sc_hd__buf_6)
                                                         net1478 (net)
                      0.047095    0.002809    8.795966 v _17822_/A (sky130_fd_sc_hd__inv_4)
     4    0.037079    0.105316    0.102396    8.898362 ^ _17822_/Y (sky130_fd_sc_hd__inv_4)
                                                         _08496_ (net)
                      0.105336    0.001212    8.899574 ^ fanout254/A (sky130_fd_sc_hd__buf_4)
     4    0.026986    0.083452    0.163241    9.062816 ^ fanout254/X (sky130_fd_sc_hd__buf_4)
                                                         net254 (net)
                      0.083636    0.002704    9.065519 ^ load_slew255/A (sky130_fd_sc_hd__buf_6)
     7    0.044821    0.096720    0.148835    9.214354 ^ load_slew255/X (sky130_fd_sc_hd__buf_6)
                                                         net255 (net)
                      0.097775    0.008072    9.222425 ^ fanout252/A (sky130_fd_sc_hd__clkdlybuf4s50_1)
     2    0.008883    0.099861    0.529115    9.751541 ^ fanout252/X (sky130_fd_sc_hd__clkdlybuf4s50_1)
                                                         net252 (net)
                      0.099861    0.000222    9.751763 ^ load_slew253/A (sky130_fd_sc_hd__buf_6)
     8    0.049134    0.104928    0.161292    9.913055 ^ load_slew253/X (sky130_fd_sc_hd__buf_6)
                                                         net253 (net)
                      0.105470    0.006076    9.919131 ^ fanout251/A (sky130_fd_sc_hd__buf_12)
    10    0.059637    0.078872    0.147545   10.066677 ^ fanout251/X (sky130_fd_sc_hd__buf_12)
                                                         net251 (net)
                      0.079345    0.004817   10.071494 ^ _17916_/A1 (sky130_fd_sc_hd__o221ai_4)
     2    0.008729    0.109117    0.122717   10.194211 v _17916_/Y (sky130_fd_sc_hd__o221ai_4)
                                                         _08599_ (net)
                      0.109119    0.000304   10.194515 v _17919_/A1 (sky130_fd_sc_hd__a221oi_2)
     2    0.009031    0.265195    0.327547   10.522061 ^ _17919_/Y (sky130_fd_sc_hd__a221oi_2)
                                                         _08602_ (net)
                      0.265195    0.000243   10.522305 ^ _17920_/B1_N (sky130_fd_sc_hd__a21boi_2)
     2    0.010307    0.153266    0.256646   10.778952 ^ _17920_/Y (sky130_fd_sc_hd__a21boi_2)
                                                         _08603_ (net)
                      0.153266    0.000409   10.779360 ^ max_cap240/A (sky130_fd_sc_hd__buf_6)
     3    0.017222    0.046920    0.133884   10.913244 ^ max_cap240/X (sky130_fd_sc_hd__buf_6)
                                                         net240 (net)
                      0.046935    0.000800   10.914044 ^ _18118_/A (sky130_fd_sc_hd__nor3_4)
     1    0.007853    0.050333    0.040156   10.954201 v _18118_/Y (sky130_fd_sc_hd__nor3_4)
                                                         _08821_ (net)
                      0.050334    0.000399   10.954599 v wire233/A (sky130_fd_sc_hd__buf_6)
     3    0.017841    0.032105    0.125628   11.080227 v wire233/X (sky130_fd_sc_hd__buf_6)
                                                         net233 (net)
                      0.032146    0.001022   11.081249 v _18132_/B (sky130_fd_sc_hd__nor2_4)
     3    0.023458    0.167176    0.148257   11.229506 ^ _18132_/Y (sky130_fd_sc_hd__nor2_4)
                                                         _08837_ (net)
                      0.167215    0.002077   11.231583 ^ _18180_/A1 (sky130_fd_sc_hd__o31ai_4)
     1    0.008593    0.065194    0.100016   11.331599 v _18180_/Y (sky130_fd_sc_hd__o31ai_4)
                                                         _08889_ (net)
                      0.065195    0.000486   11.332085 v wire224/A (sky130_fd_sc_hd__buf_6)
     2    0.021202    0.034129    0.135798   11.467883 v wire224/X (sky130_fd_sc_hd__buf_6)
                                                         net224 (net)
                      0.034163    0.000743   11.468625 v max_cap223/A (sky130_fd_sc_hd__clkbuf_1)
     2    0.007950    0.053329    0.106609   11.575234 v max_cap223/X (sky130_fd_sc_hd__clkbuf_1)
                                                         net223 (net)
                      0.053329    0.000262   11.575497 v _18359_/A1 (sky130_fd_sc_hd__a31oi_2)
     3    0.014985    0.251831    0.218390   11.793886 ^ _18359_/Y (sky130_fd_sc_hd__a31oi_2)
                                                         _09086_ (net)
                      0.251834    0.000639   11.794525 ^ _18370_/B2 (sky130_fd_sc_hd__o221ai_2)
     2    0.009649    0.103350    0.155715   11.950239 v _18370_/Y (sky130_fd_sc_hd__o221ai_2)
                                                         _09098_ (net)
                      0.103350    0.000418   11.950658 v _18376_/A2 (sky130_fd_sc_hd__a311oi_2)
     2    0.010122    0.292051    0.334297   12.284955 ^ _18376_/Y (sky130_fd_sc_hd__a311oi_2)
                                                         _09105_ (net)
                      0.292051    0.000434   12.285389 ^ _18394_/B (sky130_fd_sc_hd__xor2_1)
     1    0.006079    0.168596    0.217049   12.502439 ^ _18394_/X (sky130_fd_sc_hd__xor2_1)
                                                         _09125_ (net)
                      0.168596    0.000228   12.502666 ^ _18395_/A4 (sky130_fd_sc_hd__a41oi_2)
     1    0.008836    0.128670    0.164689   12.667356 v _18395_/Y (sky130_fd_sc_hd__a41oi_2)
                                                         _09126_ (net)
                      0.128671    0.000516   12.667871 v fanout198/A (sky130_fd_sc_hd__buf_6)
     5    0.034522    0.044421    0.173833   12.841705 v fanout198/X (sky130_fd_sc_hd__buf_6)
                                                         net198 (net)
                      0.045194    0.004523   12.846228 v fanout190/A (sky130_fd_sc_hd__clkdlybuf4s50_1)
    10    0.050389    0.378439    0.691048   13.537275 v fanout190/X (sky130_fd_sc_hd__clkdlybuf4s50_1)
                                                         net190 (net)
                      0.378472    0.003602   13.540878 v _18424_/A2 (sky130_fd_sc_hd__o21ai_2)
     1    0.016280    0.236645    0.338181   13.879059 ^ _18424_/Y (sky130_fd_sc_hd__o21ai_2)
                                                         fixed_pkg::s_narrow48$func$/headless/otolith/hdl/rtl/fixed_pkg.sv:130$9.$unnamed_block$1.v[23] (net)
                      0.236645    0.000748   13.879807 ^ wire174/A (sky130_fd_sc_hd__clkbuf_2)
     1    0.018690    0.108969    0.208130   14.087936 ^ wire174/X (sky130_fd_sc_hd__clkbuf_2)
                                                         net174 (net)
                      0.109087    0.002008   14.089945 ^ _18595_/D (sky130_fd_sc_hd__dfrtp_1)
                                             14.089945   data arrival time

                                 10.000000   10.000000   clock clk (rise edge)
                                  0.000000   10.000000   clock source latency
     1    0.050412    0.178561    0.128704   10.128704 ^ clk (in)
                                                         clk (net)
                      0.180176    0.000000   10.128704 ^ clkbuf_0_clk/A (sky130_fd_sc_hd__clkbuf_16)
     8    0.126378    0.140706    0.244222   10.372927 ^ clkbuf_0_clk/X (sky130_fd_sc_hd__clkbuf_16)
                                                         clknet_0_clk (net)
                      0.141607    0.009025   10.381951 ^ clkbuf_3_0_0_clk/A (sky130_fd_sc_hd__clkbuf_16)
     4    0.052944    0.072322    0.181950   10.563902 ^ clkbuf_3_0_0_clk/X (sky130_fd_sc_hd__clkbuf_16)
                                                         clknet_3_0_0_clk (net)
                      0.074088    0.008664   10.572566 ^ clkbuf_5_0__f_clk/A (sky130_fd_sc_hd__clkbuf_16)
     6    0.033161    0.053648    0.146691   10.719257 ^ clkbuf_5_0__f_clk/X (sky130_fd_sc_hd__clkbuf_16)
                                                         clknet_5_0__leaf_clk (net)
                      0.053850    0.002358   10.721615 ^ _18595_/CLK (sky130_fd_sc_hd__dfrtp_1)
                                 -0.250000   10.471615   clock uncertainty
                                  0.000000   10.471615   clock reconvergence pessimism
                                 -0.073268   10.398347   library setup time
                                             10.398347   data required time
---------------------------------------------------------------------------------------------
                                             10.398347   data required time
                                            -14.089945   data arrival time
---------------------------------------------------------------------------------------------
                                             -3.691598   slack (VIOLATED)




===========================================================================
report_checks --slack_max -0.01
============================================================================
======================= nom_tt_025C_1v80 Corner ===================================

Startpoint: _18569_ (rising edge-triggered flip-flop clocked by clk)
Endpoint: _18595_ (rising edge-triggered flip-flop clocked by clk)
Path Group: clk
Path Type: max

Fanout         Cap        Slew       Delay        Time   Description
---------------------------------------------------------------------------------------------
                                  0.000000    0.000000   clock clk (rise edge)
                                  0.000000    0.000000   clock source latency
     1    0.050412    0.178561    0.128704    0.128704 ^ clk (in)
                                                         clk (net)
                      0.180176    0.000000    0.128704 ^ clkbuf_0_clk/A (sky130_fd_sc_hd__clkbuf_16)
     8    0.126378    0.140706    0.244222    0.372927 ^ clkbuf_0_clk/X (sky130_fd_sc_hd__clkbuf_16)
                                                         clknet_0_clk (net)
                      0.143493    0.015647    0.388574 ^ clkbuf_3_4_0_clk/A (sky130_fd_sc_hd__clkbuf_16)
     4    0.060740    0.079392    0.189898    0.578472 ^ clkbuf_3_4_0_clk/X (sky130_fd_sc_hd__clkbuf_16)
                                                         clknet_3_4_0_clk (net)
                      0.080242    0.006464    0.584936 ^ clkbuf_5_19__f_clk/A (sky130_fd_sc_hd__clkbuf_16)
     6    0.025219    0.046518    0.143088    0.728024 ^ clkbuf_5_19__f_clk/X (sky130_fd_sc_hd__clkbuf_16)
                                                         clknet_5_19__leaf_clk (net)
                      0.046549    0.001043    0.729067 ^ _18569_/CLK (sky130_fd_sc_hd__dfrtp_1)
     3    0.041384    0.360202    0.548152    1.277220 ^ _18569_/Q (sky130_fd_sc_hd__dfrtp_1)
                                                         b_r[63] (net)
                      0.360573    0.007596    1.284816 ^ fanout393/A (sky130_fd_sc_hd__clkdlybuf4s50_1)
    10    0.035755    0.349644    0.774988    2.059804 ^ fanout393/X (sky130_fd_sc_hd__clkdlybuf4s50_1)
                                                         net393 (net)
                      0.349661    0.002779    2.062583 ^ _09229_/A (sky130_fd_sc_hd__nand2_1)
     7    0.035612    0.273347    0.313975    2.376558 v _09229_/Y (sky130_fd_sc_hd__nand2_1)
                                                         _00895_ (net)
                      0.273347    0.000554    2.377112 v _09230_/B (sky130_fd_sc_hd__xnor2_2)
     6    0.031333    0.418630    0.434787    2.811899 ^ _09230_/Y (sky130_fd_sc_hd__xnor2_2)
                                                         _00906_ (net)
                      0.418657    0.002730    2.814629 ^ _09264_/B (sky130_fd_sc_hd__xnor2_1)
     1    0.005130    0.162561    0.185913    3.000542 ^ _09264_/Y (sky130_fd_sc_hd__xnor2_1)
                                                         _01280_ (net)
                      0.162561    0.000218    3.000760 ^ wire378/A (sky130_fd_sc_hd__clkbuf_2)
     3    0.015563    0.092241    0.177655    3.178415 ^ wire378/X (sky130_fd_sc_hd__clkbuf_2)
                                                         net378 (net)
                      0.092241    0.000384    3.178799 ^ fanout376/A (sky130_fd_sc_hd__clkdlybuf4s15_2)
     5    0.019745    0.113384    0.261502    3.440302 ^ fanout376/X (sky130_fd_sc_hd__clkdlybuf4s15_2)
                                                         net376 (net)
                      0.113384    0.000294    3.440596 ^ load_slew377/A (sky130_fd_sc_hd__clkbuf_4)
     6    0.034994    0.114364    0.211044    3.651640 ^ load_slew377/X (sky130_fd_sc_hd__clkbuf_4)
                                                         net377 (net)
                      0.114421    0.002361    3.654001 ^ _09265_/A (sky130_fd_sc_hd__inv_2)
     6    0.031107    0.079194    0.099051    3.753052 v _09265_/Y (sky130_fd_sc_hd__inv_2)
                                                         _01291_ (net)
                      0.079205    0.000946    3.753998 v _09322_/A1 (sky130_fd_sc_hd__a21oi_1)
     1    0.005198    0.147583    0.165188    3.919186 ^ _09322_/Y (sky130_fd_sc_hd__a21oi_1)
                                                         _01918_ (net)
                      0.147583    0.000225    3.919410 ^ wire339/A (sky130_fd_sc_hd__clkbuf_2)
     3    0.017491    0.102048    0.180683    4.100093 ^ wire339/X (sky130_fd_sc_hd__clkbuf_2)
                                                         net339 (net)
                      0.102048    0.000365    4.100459 ^ fanout337/A (sky130_fd_sc_hd__clkdlybuf4s50_1)
     2    0.006245    0.076708    0.511449    4.611907 ^ fanout337/X (sky130_fd_sc_hd__clkdlybuf4s50_1)
                                                         net337 (net)
                      0.076708    0.000100    4.612007 ^ load_slew338/A (sky130_fd_sc_hd__clkbuf_4)
     9    0.041871    0.133875    0.211537    4.823545 ^ load_slew338/X (sky130_fd_sc_hd__clkbuf_4)
                                                         net338 (net)
                      0.133909    0.002075    4.825619 ^ fanout335/A (sky130_fd_sc_hd__clkdlybuf4s50_1)
     5    0.023138    0.231225    0.636875    5.462494 ^ fanout335/X (sky130_fd_sc_hd__clkdlybuf4s50_1)
                                                         net335 (net)
                      0.231225    0.000689    5.463183 ^ load_slew336/A (sky130_fd_sc_hd__buf_4)
     6    0.028845    0.089766    0.203214    5.666397 ^ load_slew336/X (sky130_fd_sc_hd__buf_4)
                                                         net336 (net)
                      0.089770    0.000775    5.667172 ^ _09556_/A (sky130_fd_sc_hd__xnor2_1)
     2    0.008226    0.220806    0.159730    5.826902 ^ _09556_/Y (sky130_fd_sc_hd__xnor2_1)
                                                         _04492_ (net)
                      0.220806    0.000177    5.827079 ^ _17686_/A (sky130_fd_sc_hd__xor2_1)
     2    0.009108    0.222762    0.249194    6.076272 ^ _17686_/X (sky130_fd_sc_hd__xor2_1)
                                                         _08347_ (net)
                      0.222762    0.000402    6.076674 ^ _17702_/A (sky130_fd_sc_hd__xnor2_1)
     2    0.008641    0.228972    0.189400    6.266075 ^ _17702_/Y (sky130_fd_sc_hd__xnor2_1)
                                                         _08365_ (net)
                      0.228973    0.000325    6.266399 ^ _17706_/B (sky130_fd_sc_hd__xor2_1)
     2    0.009157    0.223672    0.251253    6.517653 ^ _17706_/X (sky130_fd_sc_hd__xor2_1)
                                                         _08369_ (net)
                      0.223672    0.000349    6.518002 ^ _17724_/A (sky130_fd_sc_hd__xnor2_1)
     1    0.005935    0.175640    0.168919    6.686921 ^ _17724_/Y (sky130_fd_sc_hd__xnor2_1)
                                                         _08389_ (net)
                      0.175640    0.000226    6.687148 ^ _17728_/B (sky130_fd_sc_hd__xor2_1)
     2    0.008591    0.213434    0.237059    6.924206 ^ _17728_/X (sky130_fd_sc_hd__xor2_1)
                                                         _08393_ (net)
                      0.213434    0.000226    6.924433 ^ _17742_/A (sky130_fd_sc_hd__xor2_1)
     2    0.009691    0.233348    0.256079    7.180511 ^ _17742_/X (sky130_fd_sc_hd__xor2_1)
                                                         _08409_ (net)
                      0.233348    0.000156    7.180667 ^ _17743_/A2 (sky130_fd_sc_hd__a21oi_1)
     2    0.006644    0.111384    0.130400    7.311067 v _17743_/Y (sky130_fd_sc_hd__a21oi_1)
                                                         _08410_ (net)
                      0.111385    0.000188    7.311255 v _17744_/B (sky130_fd_sc_hd__nor2_1)
     2    0.008614    0.171374    0.177955    7.489210 ^ _17744_/Y (sky130_fd_sc_hd__nor2_1)
                                                         _08411_ (net)
                      0.171374    0.000288    7.489498 ^ _17746_/A_N (sky130_fd_sc_hd__nand2b_1)
     2    0.008854    0.103674    0.169505    7.659003 ^ _17746_/Y (sky130_fd_sc_hd__nand2b_1)
                                                         _08413_ (net)
                      0.103674    0.000187    7.659191 ^ _17759_/A (sky130_fd_sc_hd__nor2_1)
     1    0.004311    0.053294    0.063795    7.722986 v _17759_/Y (sky130_fd_sc_hd__nor2_1)
                                                         _08427_ (net)
                      0.053294    0.000161    7.723147 v _17760_/A (sky130_fd_sc_hd__inv_1)
     2    0.006579    0.062480    0.073664    7.796811 ^ _17760_/Y (sky130_fd_sc_hd__inv_1)
                                                         _08428_ (net)
                      0.062480    0.000124    7.796935 ^ _17778_/A (sky130_fd_sc_hd__nor2_1)
     1    0.006503    0.055112    0.059015    7.855950 v _17778_/Y (sky130_fd_sc_hd__nor2_1)
                                                         _08448_ (net)
                      0.055113    0.000291    7.856241 v _17779_/B1 (sky130_fd_sc_hd__a211oi_2)
     2    0.009231    0.236248    0.259455    8.115696 ^ _17779_/Y (sky130_fd_sc_hd__a211oi_2)
                                                         _08449_ (net)
                      0.236248    0.000350    8.116046 ^ _17795_/A1 (sky130_fd_sc_hd__a21oi_2)
     2    0.010019    0.080761    0.108944    8.224990 v _17795_/Y (sky130_fd_sc_hd__a21oi_2)
                                                         _08467_ (net)
                      0.080762    0.000510    8.225499 v _17797_/A2 (sky130_fd_sc_hd__o21ai_2)
     2    0.008523    0.138869    0.156350    8.381849 ^ _17797_/Y (sky130_fd_sc_hd__o21ai_2)
                                                         _08469_ (net)
                      0.138870    0.000176    8.382025 ^ _17799_/B1 (sky130_fd_sc_hd__o21ai_2)
     1    0.009072    0.071799    0.089950    8.471975 v _17799_/Y (sky130_fd_sc_hd__o21ai_2)
                                                         _08471_ (net)
                      0.071799    0.000250    8.472225 v _17821_/B (sky130_fd_sc_hd__xnor2_2)
     2    0.011890    0.091186    0.161279    8.633504 v _17821_/Y (sky130_fd_sc_hd__xnor2_2)
                                                         net277 (net)
                      0.091186    0.000288    8.633792 v rebuffer1478/A (sky130_fd_sc_hd__buf_6)
     4    0.037833    0.046864    0.159365    8.793157 v rebuffer1478/X (sky130_fd_sc_hd__buf_6)
                                                         net1478 (net)
                      0.047095    0.002809    8.795966 v _17822_/A (sky130_fd_sc_hd__inv_4)
     4    0.037079    0.105316    0.102396    8.898362 ^ _17822_/Y (sky130_fd_sc_hd__inv_4)
                                                         _08496_ (net)
                      0.105336    0.001212    8.899574 ^ fanout254/A (sky130_fd_sc_hd__buf_4)
     4    0.026986    0.083452    0.163241    9.062816 ^ fanout254/X (sky130_fd_sc_hd__buf_4)
                                                         net254 (net)
                      0.083636    0.002704    9.065519 ^ load_slew255/A (sky130_fd_sc_hd__buf_6)
     7    0.044821    0.096720    0.148835    9.214354 ^ load_slew255/X (sky130_fd_sc_hd__buf_6)
                                                         net255 (net)
                      0.097775    0.008072    9.222425 ^ fanout252/A (sky130_fd_sc_hd__clkdlybuf4s50_1)
     2    0.008883    0.099861    0.529115    9.751541 ^ fanout252/X (sky130_fd_sc_hd__clkdlybuf4s50_1)
                                                         net252 (net)
                      0.099861    0.000222    9.751763 ^ load_slew253/A (sky130_fd_sc_hd__buf_6)
     8    0.049134    0.104928    0.161292    9.913055 ^ load_slew253/X (sky130_fd_sc_hd__buf_6)
                                                         net253 (net)
                      0.105470    0.006076    9.919131 ^ fanout251/A (sky130_fd_sc_hd__buf_12)
    10    0.059637    0.078872    0.147545   10.066677 ^ fanout251/X (sky130_fd_sc_hd__buf_12)
                                                         net251 (net)
                      0.079345    0.004817   10.071494 ^ _17916_/A1 (sky130_fd_sc_hd__o221ai_4)
     2    0.008729    0.109117    0.122717   10.194211 v _17916_/Y (sky130_fd_sc_hd__o221ai_4)
                                                         _08599_ (net)
                      0.109119    0.000304   10.194515 v _17919_/A1 (sky130_fd_sc_hd__a221oi_2)
     2    0.009031    0.265195    0.327547   10.522061 ^ _17919_/Y (sky130_fd_sc_hd__a221oi_2)
                                                         _08602_ (net)
                      0.265195    0.000243   10.522305 ^ _17920_/B1_N (sky130_fd_sc_hd__a21boi_2)
     2    0.010307    0.153266    0.256646   10.778952 ^ _17920_/Y (sky130_fd_sc_hd__a21boi_2)
                                                         _08603_ (net)
                      0.153266    0.000409   10.779360 ^ max_cap240/A (sky130_fd_sc_hd__buf_6)
     3    0.017222    0.046920    0.133884   10.913244 ^ max_cap240/X (sky130_fd_sc_hd__buf_6)
                                                         net240 (net)
                      0.046935    0.000800   10.914044 ^ _18118_/A (sky130_fd_sc_hd__nor3_4)
     1    0.007853    0.050333    0.040156   10.954201 v _18118_/Y (sky130_fd_sc_hd__nor3_4)
                                                         _08821_ (net)
                      0.050334    0.000399   10.954599 v wire233/A (sky130_fd_sc_hd__buf_6)
     3    0.017841    0.032105    0.125628   11.080227 v wire233/X (sky130_fd_sc_hd__buf_6)
                                                         net233 (net)
                      0.032146    0.001022   11.081249 v _18132_/B (sky130_fd_sc_hd__nor2_4)
     3    0.023458    0.167176    0.148257   11.229506 ^ _18132_/Y (sky130_fd_sc_hd__nor2_4)
                                                         _08837_ (net)
                      0.167215    0.002077   11.231583 ^ _18180_/A1 (sky130_fd_sc_hd__o31ai_4)
     1    0.008593    0.065194    0.100016   11.331599 v _18180_/Y (sky130_fd_sc_hd__o31ai_4)
                                                         _08889_ (net)
                      0.065195    0.000486   11.332085 v wire224/A (sky130_fd_sc_hd__buf_6)
     2    0.021202    0.034129    0.135798   11.467883 v wire224/X (sky130_fd_sc_hd__buf_6)
                                                         net224 (net)
                      0.034163    0.000743   11.468625 v max_cap223/A (sky130_fd_sc_hd__clkbuf_1)
     2    0.007950    0.053329    0.106609   11.575234 v max_cap223/X (sky130_fd_sc_hd__clkbuf_1)
                                                         net223 (net)
                      0.053329    0.000262   11.575497 v _18359_/A1 (sky130_fd_sc_hd__a31oi_2)
     3    0.014985    0.251831    0.218390   11.793886 ^ _18359_/Y (sky130_fd_sc_hd__a31oi_2)
                                                         _09086_ (net)
                      0.251834    0.000639   11.794525 ^ _18370_/B2 (sky130_fd_sc_hd__o221ai_2)
     2    0.009649    0.103350    0.155715   11.950239 v _18370_/Y (sky130_fd_sc_hd__o221ai_2)
                                                         _09098_ (net)
                      0.103350    0.000418   11.950658 v _18376_/A2 (sky130_fd_sc_hd__a311oi_2)
     2    0.010122    0.292051    0.334297   12.284955 ^ _18376_/Y (sky130_fd_sc_hd__a311oi_2)
                                                         _09105_ (net)
                      0.292051    0.000434   12.285389 ^ _18394_/B (sky130_fd_sc_hd__xor2_1)
     1    0.006079    0.168596    0.217049   12.502439 ^ _18394_/X (sky130_fd_sc_hd__xor2_1)
                                                         _09125_ (net)
                      0.168596    0.000228   12.502666 ^ _18395_/A4 (sky130_fd_sc_hd__a41oi_2)
     1    0.008836    0.128670    0.164689   12.667356 v _18395_/Y (sky130_fd_sc_hd__a41oi_2)
                                                         _09126_ (net)
                      0.128671    0.000516   12.667871 v fanout198/A (sky130_fd_sc_hd__buf_6)
     5    0.034522    0.044421    0.173833   12.841705 v fanout198/X (sky130_fd_sc_hd__buf_6)
                                                         net198 (net)
                      0.045194    0.004523   12.846228 v fanout190/A (sky130_fd_sc_hd__clkdlybuf4s50_1)
    10    0.050389    0.378439    0.691048   13.537275 v fanout190/X (sky130_fd_sc_hd__clkdlybuf4s50_1)
                                                         net190 (net)
                      0.378472    0.003602   13.540878 v _18424_/A2 (sky130_fd_sc_hd__o21ai_2)
     1    0.016280    0.236645    0.338181   13.879059 ^ _18424_/Y (sky130_fd_sc_hd__o21ai_2)
                                                         fixed_pkg::s_narrow48$func$/headless/otolith/hdl/rtl/fixed_pkg.sv:130$9.$unnamed_block$1.v[23] (net)
                      0.236645    0.000748   13.879807 ^ wire174/A (sky130_fd_sc_hd__clkbuf_2)
     1    0.018690    0.108969    0.208130   14.087936 ^ wire174/X (sky130_fd_sc_hd__clkbuf_2)
                                                         net174 (net)
                      0.109087    0.002008   14.089945 ^ _18595_/D (sky130_fd_sc_hd__dfrtp_1)
                                             14.089945   data arrival time

                                 10.000000   10.000000   clock clk (rise edge)
                                  0.000000   10.000000   clock source latency
     1    0.050412    0.178561    0.128704   10.128704 ^ clk (in)
                                                         clk (net)
                      0.180176    0.000000   10.128704 ^ clkbuf_0_clk/A (sky130_fd_sc_hd__clkbuf_16)
     8    0.126378    0.140706    0.244222   10.372927 ^ clkbuf_0_clk/X (sky130_fd_sc_hd__clkbuf_16)
                                                         clknet_0_clk (net)
                      0.141607    0.009025   10.381951 ^ clkbuf_3_0_0_clk/A (sky130_fd_sc_hd__clkbuf_16)
     4    0.052944    0.072322    0.181950   10.563902 ^ clkbuf_3_0_0_clk/X (sky130_fd_sc_hd__clkbuf_16)
                                                         clknet_3_0_0_clk (net)
                      0.074088    0.008664   10.572566 ^ clkbuf_5_0__f_clk/A (sky130_fd_sc_hd__clkbuf_16)
     6    0.033161    0.053648    0.146691   10.719257 ^ clkbuf_5_0__f_clk/X (sky130_fd_sc_hd__clkbuf_16)
                                                         clknet_5_0__leaf_clk (net)
                      0.053850    0.002358   10.721615 ^ _18595_/CLK (sky130_fd_sc_hd__dfrtp_1)
                                 -0.250000   10.471615   clock uncertainty
                                  0.000000   10.471615   clock reconvergence pessimism
                                 -0.073268   10.398347   library setup time
                                             10.398347   data required time
---------------------------------------------------------------------------------------------
                                             10.398347   data required time
                                            -14.089945   data arrival time
---------------------------------------------------------------------------------------------
                                             -3.691598   slack (VIOLATED)




===========================================================================
 report_check_types -max_slew -max_cap -max_fanout -violators
============================================================================
======================= nom_tt_025C_1v80 Corner ===================================



===========================================================================
report_parasitic_annotation -report_unannotated
============================================================================
Found 10 unannotated drivers.
 clkload0/X
 clkload1/X
 clkload2/X
 clkload3/X
 clkload4/X
 clkload5/X
 clkload6/X
 clkload7/X
 clkload8/X
 clkload9/X
Found 0 partially unannotated drivers.

===========================================================================
max slew violation count 0
Writing metric design__max_slew_violation__count__corner:nom_tt_025C_1v80: 0
max fanout violation count 0
Writing metric design__max_fanout_violation__count__corner:nom_tt_025C_1v80: 0
max cap violation count 0
Writing metric design__max_cap_violation__count__corner:nom_tt_025C_1v80: 0
============================================================================

===========================================================================
check_setup -verbose -unconstrained_endpoints -multiple_clock -no_clock -no_input_delay -loops -generated_clocks
===========================================================================
