Clock: clk
Sources: clk 
Generated: no
Virtual: yes
Propagated: no
Period: 10.000000

===========================================================================
report_clock_properties
============================================================================
Clock                   Period          Waveform
----------------------------------------------------
clk                  10.000000    0.000000  5.000000

===========================================================================
report_clock_latency
============================================================================
Clock clk
rise -> rise
    min     max
0.000000 0.000000 source latency
0.709252         network latency _18553_/CLK
        0.751746 network latency _18539_/CLK
---------------
0.709252 0.751746 latency
        0.042494 skew

fall -> fall
    min     max
0.000000 0.000000 source latency
0.760404         network latency _18553_/CLK
        0.792976 network latency _18539_/CLK
---------------
0.760404 0.792976 latency
        0.032572 skew



===========================================================================
report_clock_min_period
============================================================================
clk period_min = 13.69 fmax = 73.04
