
===========================================================================
 report_power
============================================================================
======================= nom_tt_025C_1v80 Corner ===================================

Group                    Internal    Switching      Leakage        Total
                            Power        Power        Power        Power (Watts)
------------------------------------------------------------------------
Sequential           2.169083e-03 1.342245e-04 1.793862e-09 2.303309e-03   0.8%
Combinational        1.306665e-01 1.631789e-01 4.704967e-08 2.938455e-01  98.8%
Clock                7.282077e-04 4.434536e-04 2.370557e-09 1.171664e-03   0.4%
Macro                0.000000e+00 0.000000e+00 0.000000e+00 0.000000e+00   0.0%
Pad                  0.000000e+00 0.000000e+00 0.000000e+00 0.000000e+00   0.0%
------------------------------------------------------------------------
Total                1.335643e-01 1.637566e-01 5.121418e-08 2.973209e-01 100.0%
                            44.9%        55.1%         0.0%
Writing metric power__internal__total: 0.1335642784833908
Writing metric power__switching__total: 0.1637565940618515
Writing metric power__leakage__total: 5.121417601117173e-8
Writing metric power__total: 0.2973209321498871

