
===========================================================================
report_checks -unconstrained
===========================================================================
======================= nom_tt_025C_1v80 Corner ===================================

Startpoint: rst_n (input port clocked by clk)
Endpoint: _18555_ (recovery check against rising-edge clock clk)
Path Group: asynchronous
Path Type: max

Fanout         Cap        Slew       Delay        Time   Description
---------------------------------------------------------------------------------------------
                                  0.000000    0.000000   clock clk (rise edge)
                                  0.000000    0.000000   clock network delay (propagated)
                                  2.000000    2.000000 ^ input external delay
     1    0.003088    0.020974    0.011333    2.011333 ^ rst_n (in)
                                                         rst_n (net)
                      0.020974    0.000000    2.011333 ^ input97/A (sky130_fd_sc_hd__buf_2)
     1    0.004239    0.032944    0.087729    2.099062 ^ input97/X (sky130_fd_sc_hd__buf_2)
                                                         net97 (net)
                      0.032945    0.000137    2.099199 ^ fanout1475/A (sky130_fd_sc_hd__clkdlybuf4s50_1)
     3    0.022035    0.221748    0.596041    2.695240 ^ fanout1475/X (sky130_fd_sc_hd__clkdlybuf4s50_1)
                                                         net1475 (net)
                      0.221753    0.001405    2.696645 ^ fanout1448/A (sky130_fd_sc_hd__clkdlybuf4s50_1)
     2    0.021476    0.216810    0.650156    3.346801 ^ fanout1448/X (sky130_fd_sc_hd__clkdlybuf4s50_1)
                                                         net1448 (net)
                      0.216813    0.001084    3.347885 ^ wire1450/A (sky130_fd_sc_hd__buf_4)
     4    0.071134    0.199915    0.272550    3.620435 ^ wire1450/X (sky130_fd_sc_hd__buf_4)
                                                         net1450 (net)
                      0.200992    0.011920    3.632354 ^ load_slew1449/A (sky130_fd_sc_hd__buf_4)
     1    0.053138    0.152550    0.236319    3.868673 ^ load_slew1449/X (sky130_fd_sc_hd__buf_4)
                                                         net1449 (net)
                      0.153740    0.010879    3.879552 ^ fanout1446/A (sky130_fd_sc_hd__clkdlybuf4s50_1)
     5    0.022543    0.226141    0.638612    4.518164 ^ fanout1446/X (sky130_fd_sc_hd__clkdlybuf4s50_1)
                                                         net1446 (net)
                      0.226141    0.000423    4.518587 ^ load_slew1447/A (sky130_fd_sc_hd__buf_4)
     4    0.043829    0.127930    0.229111    4.747697 ^ load_slew1447/X (sky130_fd_sc_hd__buf_4)
                                                         net1447 (net)
                      0.128255    0.004678    4.752375 ^ fanout1445/A (sky130_fd_sc_hd__clkdlybuf4s50_1)
     6    0.057761    0.555814    0.862238    5.614614 ^ fanout1445/X (sky130_fd_sc_hd__clkdlybuf4s50_1)
                                                         net1445 (net)
                      0.555894    0.006667    5.621281 ^ fanout1443/A (sky130_fd_sc_hd__clkdlybuf4s50_1)
     2    0.007668    0.089474    0.621838    6.243118 ^ fanout1443/X (sky130_fd_sc_hd__clkdlybuf4s50_1)
                                                         net1443 (net)
                      0.089474    0.000199    6.243317 ^ wire1444/A (sky130_fd_sc_hd__buf_4)
     9    0.051970    0.148445    0.203654    6.446970 ^ wire1444/X (sky130_fd_sc_hd__buf_4)
                                                         net1444 (net)
                      0.148459    0.001189    6.448160 ^ fanout1442/A (sky130_fd_sc_hd__clkdlybuf4s50_1)
     8    0.037104    0.361982    0.733025    7.181185 ^ fanout1442/X (sky130_fd_sc_hd__clkdlybuf4s50_1)
                                                         net1442 (net)
                      0.361982    0.001174    7.182359 ^ _18555_/RESET_B (sky130_fd_sc_hd__dfrtp_2)
                                              7.182359   data arrival time

                                 10.000000   10.000000   clock clk (rise edge)
                                  0.000000   10.000000   clock source latency
     1    0.075250    0.261783    0.191041   10.191041 ^ clk (in)
                                                         clk (net)
                      0.264724    0.000000   10.191041 ^ clkbuf_0_clk/A (sky130_fd_sc_hd__clkbuf_16)
     8    0.161266    0.175005    0.292341   10.483382 ^ clkbuf_0_clk/X (sky130_fd_sc_hd__clkbuf_16)
                                                         clknet_0_clk (net)
                      0.177154    0.015444   10.498826 ^ clkbuf_3_3_0_clk/A (sky130_fd_sc_hd__clkbuf_16)
     4    0.068194    0.086972    0.204341   10.703167 ^ clkbuf_3_3_0_clk/X (sky130_fd_sc_hd__clkbuf_16)
                                                         clknet_3_3_0_clk (net)
                      0.088401    0.008777   10.711944 ^ clkbuf_5_13__f_clk/A (sky130_fd_sc_hd__clkbuf_16)
     5    0.018492    0.040594    0.139758   10.851701 ^ clkbuf_5_13__f_clk/X (sky130_fd_sc_hd__clkbuf_16)
                                                         clknet_5_13__leaf_clk (net)
                      0.040604    0.000523   10.852224 ^ _18555_/CLK (sky130_fd_sc_hd__dfrtp_2)
                                 -0.250000   10.602224   clock uncertainty
                                  0.000000   10.602224   clock reconvergence pessimism
                                  0.123177   10.725401   library recovery time
                                             10.725401   data required time
---------------------------------------------------------------------------------------------
                                             10.725401   data required time
                                             -7.182359   data arrival time
---------------------------------------------------------------------------------------------
                                              3.543042   slack (MET)


Startpoint: _18569_ (rising edge-triggered flip-flop clocked by clk)
Endpoint: _18594_ (rising edge-triggered flip-flop clocked by clk)
Path Group: clk
Path Type: max

Fanout         Cap        Slew       Delay        Time   Description
---------------------------------------------------------------------------------------------
                                  0.000000    0.000000   clock clk (rise edge)
                                  0.000000    0.000000   clock source latency
     1    0.075250    0.261783    0.191041    0.191041 ^ clk (in)
                                                         clk (net)
                      0.264724    0.000000    0.191041 ^ clkbuf_0_clk/A (sky130_fd_sc_hd__clkbuf_16)
     8    0.161266    0.175005    0.292341    0.483383 ^ clkbuf_0_clk/X (sky130_fd_sc_hd__clkbuf_16)
                                                         clknet_0_clk (net)
                      0.178672    0.020069    0.503452 ^ clkbuf_3_4_0_clk/A (sky130_fd_sc_hd__clkbuf_16)
     4    0.086915    0.104621    0.219312    0.722764 ^ clkbuf_3_4_0_clk/X (sky130_fd_sc_hd__clkbuf_16)
                                                         clknet_3_4_0_clk (net)
                      0.105683    0.008388    0.731151 ^ clkbuf_5_19__f_clk/A (sky130_fd_sc_hd__clkbuf_16)
     6    0.033925    0.054416    0.159421    0.890573 ^ clkbuf_5_19__f_clk/X (sky130_fd_sc_hd__clkbuf_16)
                                                         clknet_5_19__leaf_clk (net)
                      0.054451    0.001310    0.891882 ^ _18569_/CLK (sky130_fd_sc_hd__dfrtp_1)
     3    0.069984    0.600446    0.715903    1.607785 ^ _18569_/Q (sky130_fd_sc_hd__dfrtp_1)
                                                         b_r[63] (net)
                      0.600960    0.014627    1.622413 ^ fanout393/A (sky130_fd_sc_hd__clkdlybuf4s50_1)
    10    0.044683    0.433304    0.876189    2.498602 ^ fanout393/X (sky130_fd_sc_hd__clkdlybuf4s50_1)
                                                         net393 (net)
                      0.433325    0.003437    2.502038 ^ _09229_/A (sky130_fd_sc_hd__nand2_1)
     7    0.040086    0.315830    0.362258    2.864296 v _09229_/Y (sky130_fd_sc_hd__nand2_1)
                                                         _00895_ (net)
                      0.315830    0.000349    2.864645 v _09230_/B (sky130_fd_sc_hd__xnor2_2)
     6    0.033509    0.445841    0.470187    3.334833 ^ _09230_/Y (sky130_fd_sc_hd__xnor2_2)
                                                         _00906_ (net)
                      0.445868    0.002850    3.337683 ^ _09264_/B (sky130_fd_sc_hd__xnor2_1)
     1    0.005336    0.167334    0.189955    3.527638 ^ _09264_/Y (sky130_fd_sc_hd__xnor2_1)
                                                         _01280_ (net)
                      0.167334    0.000216    3.527854 ^ wire378/A (sky130_fd_sc_hd__clkbuf_2)
     3    0.020892    0.119910    0.198042    3.725896 ^ wire378/X (sky130_fd_sc_hd__clkbuf_2)
                                                         net378 (net)
                      0.119910    0.000458    3.726354 ^ fanout376/A (sky130_fd_sc_hd__clkdlybuf4s15_2)
     5    0.022019    0.125338    0.279154    4.005507 ^ fanout376/X (sky130_fd_sc_hd__clkdlybuf4s15_2)
                                                         net376 (net)
                      0.125338    0.000262    4.005769 ^ load_slew377/A (sky130_fd_sc_hd__clkbuf_4)
     6    0.036472    0.118514    0.218535    4.224304 ^ load_slew377/X (sky130_fd_sc_hd__clkbuf_4)
                                                         net377 (net)
                      0.118566    0.002336    4.226641 ^ _09265_/A (sky130_fd_sc_hd__inv_2)
     6    0.034003    0.085198    0.105891    4.332531 v _09265_/Y (sky130_fd_sc_hd__inv_2)
                                                         _01291_ (net)
                      0.085203    0.000683    4.333214 v _09322_/A1 (sky130_fd_sc_hd__a21oi_1)
     1    0.005161    0.146905    0.167076    4.500289 ^ _09322_/Y (sky130_fd_sc_hd__a21oi_1)
                                                         _01918_ (net)
                      0.146905    0.000201    4.500490 ^ wire339/A (sky130_fd_sc_hd__clkbuf_2)
     3    0.020295    0.116591    0.190648    4.691139 ^ wire339/X (sky130_fd_sc_hd__clkbuf_2)
                                                         net339 (net)
                      0.116591    0.000298    4.691437 ^ fanout337/A (sky130_fd_sc_hd__clkdlybuf4s50_1)
     2    0.006477    0.078775    0.518020    5.209457 ^ fanout337/X (sky130_fd_sc_hd__clkdlybuf4s50_1)
                                                         net337 (net)
                      0.078775    0.000123    5.209581 ^ load_slew338/A (sky130_fd_sc_hd__clkbuf_4)
     9    0.046806    0.147235    0.222326    5.431907 ^ load_slew338/X (sky130_fd_sc_hd__clkbuf_4)
                                                         net338 (net)
                      0.147367    0.002822    5.434729 ^ fanout335/A (sky130_fd_sc_hd__clkdlybuf4s50_1)
     5    0.026740    0.264950    0.664361    6.099090 ^ fanout335/X (sky130_fd_sc_hd__clkdlybuf4s50_1)
                                                         net335 (net)
                      0.264950    0.000751    6.099840 ^ load_slew336/A (sky130_fd_sc_hd__buf_4)
     6    0.032054    0.098322    0.218293    6.318132 ^ load_slew336/X (sky130_fd_sc_hd__buf_4)
                                                         net336 (net)
                      0.098332    0.001076    6.319208 ^ _09556_/A (sky130_fd_sc_hd__xnor2_1)
     2    0.007801    0.212372    0.158816    6.478024 ^ _09556_/Y (sky130_fd_sc_hd__xnor2_1)
                                                         _04492_ (net)
                      0.212372    0.000147    6.478171 ^ _17686_/A (sky130_fd_sc_hd__xor2_1)
     2    0.008360    0.209252    0.237771    6.715942 ^ _17686_/X (sky130_fd_sc_hd__xor2_1)
                                                         _08347_ (net)
                      0.209252    0.000269    6.716211 ^ _17702_/A (sky130_fd_sc_hd__xnor2_1)
     2    0.008789    0.231911    0.188160    6.904371 ^ _17702_/Y (sky130_fd_sc_hd__xnor2_1)
                                                         _08365_ (net)
                      0.231911    0.000279    6.904649 ^ _17706_/B (sky130_fd_sc_hd__xor2_1)
     2    0.009297    0.226209    0.253550    7.158199 ^ _17706_/X (sky130_fd_sc_hd__xor2_1)
                                                         _08369_ (net)
                      0.226209    0.000242    7.158441 ^ _17724_/A (sky130_fd_sc_hd__xnor2_1)
     1    0.005198    0.161325    0.163525    7.321966 ^ _17724_/Y (sky130_fd_sc_hd__xnor2_1)
                                                         _08389_ (net)
                      0.161325    0.000161    7.322127 ^ _17728_/B (sky130_fd_sc_hd__xor2_1)
     2    0.008474    0.211333    0.233731    7.555858 ^ _17728_/X (sky130_fd_sc_hd__xor2_1)
                                                         _08393_ (net)
                      0.211333    0.000162    7.556019 ^ _17742_/A (sky130_fd_sc_hd__xor2_1)
     2    0.010966    0.256645    0.273100    7.829119 ^ _17742_/X (sky130_fd_sc_hd__xor2_1)
                                                         _08409_ (net)
                      0.256646    0.000279    7.829398 ^ _17743_/A2 (sky130_fd_sc_hd__a21oi_1)
     2    0.006395    0.121380    0.134567    7.963965 v _17743_/Y (sky130_fd_sc_hd__a21oi_1)
                                                         _08410_ (net)
                      0.121380    0.000144    7.964109 v _17744_/B (sky130_fd_sc_hd__nor2_1)
     2    0.007820    0.158296    0.171952    8.136061 ^ _17744_/Y (sky130_fd_sc_hd__nor2_1)
                                                         _08411_ (net)
                      0.158297    0.000212    8.136273 ^ _17746_/A_N (sky130_fd_sc_hd__nand2b_1)
     2    0.009935    0.113712    0.174454    8.310727 ^ _17746_/Y (sky130_fd_sc_hd__nand2b_1)
                                                         _08413_ (net)
                      0.113712    0.000329    8.311056 ^ _17759_/A (sky130_fd_sc_hd__nor2_1)
     1    0.002650    0.048164    0.059125    8.370181 v _17759_/Y (sky130_fd_sc_hd__nor2_1)
                                                         _08427_ (net)
                      0.048164    0.000076    8.370257 v _17760_/A (sky130_fd_sc_hd__inv_1)
     2    0.006930    0.065186    0.073547    8.443804 ^ _17760_/Y (sky130_fd_sc_hd__inv_1)
                                                         _08428_ (net)
                      0.065186    0.000102    8.443906 ^ _17778_/A (sky130_fd_sc_hd__nor2_1)
     1    0.006182    0.054787    0.058813    8.502719 v _17778_/Y (sky130_fd_sc_hd__nor2_1)
                                                         _08448_ (net)
                      0.054787    0.000230    8.502949 v _17779_/B1 (sky130_fd_sc_hd__a211oi_2)
     2    0.008608    0.227274    0.252101    8.755050 ^ _17779_/Y (sky130_fd_sc_hd__a211oi_2)
                                                         _08449_ (net)
                      0.227274    0.000266    8.755315 ^ _17795_/A1 (sky130_fd_sc_hd__a21oi_2)
     2    0.011652    0.083288    0.112809    8.868124 v _17795_/Y (sky130_fd_sc_hd__a21oi_2)
                                                         _08467_ (net)
                      0.083290    0.000525    8.868649 v _17797_/A2 (sky130_fd_sc_hd__o21ai_2)
     2    0.008476    0.138417    0.156986    9.025635 ^ _17797_/Y (sky130_fd_sc_hd__o21ai_2)
                                                         _08469_ (net)
                      0.138417    0.000209    9.025844 ^ _17799_/B1 (sky130_fd_sc_hd__o21ai_2)
     1    0.008617    0.071028    0.088547    9.114390 v _17799_/Y (sky130_fd_sc_hd__o21ai_2)
                                                         _08471_ (net)
                      0.071028    0.000266    9.114655 v _17821_/B (sky130_fd_sc_hd__xnor2_2)
     2    0.013623    0.098002    0.166391    9.281047 v _17821_/Y (sky130_fd_sc_hd__xnor2_2)
                                                         net277 (net)
                      0.098002    0.000271    9.281319 v rebuffer1478/A (sky130_fd_sc_hd__buf_6)
     4    0.054595    0.060707    0.174104    9.455422 v rebuffer1478/X (sky130_fd_sc_hd__buf_6)
                                                         net1478 (net)
                      0.061136    0.003977    9.459400 v _17822_/A (sky130_fd_sc_hd__inv_4)
     4    0.061735    0.169414    0.153004    9.612404 ^ _17822_/Y (sky130_fd_sc_hd__inv_4)
                                                         _08496_ (net)
                      0.169478    0.002729    9.615133 ^ fanout254/A (sky130_fd_sc_hd__buf_4)
     4    0.036228    0.108349    0.199281    9.814414 ^ fanout254/X (sky130_fd_sc_hd__buf_4)
                                                         net254 (net)
                      0.108627    0.003912    9.818326 ^ load_slew255/A (sky130_fd_sc_hd__buf_6)
     7    0.064393    0.134467    0.181016    9.999342 ^ load_slew255/X (sky130_fd_sc_hd__buf_6)
                                                         net255 (net)
                      0.136280    0.012512   10.011854 ^ fanout252/A (sky130_fd_sc_hd__clkdlybuf4s50_1)
     2    0.008188    0.094038    0.536327   10.548181 ^ fanout252/X (sky130_fd_sc_hd__clkdlybuf4s50_1)
                                                         net252 (net)
                      0.094038    0.000098   10.548278 ^ load_slew253/A (sky130_fd_sc_hd__buf_6)
     8    0.069970    0.143801    0.185096   10.733374 ^ load_slew253/X (sky130_fd_sc_hd__buf_6)
                                                         net253 (net)
                      0.145028    0.010681   10.744055 ^ fanout251/A (sky130_fd_sc_hd__buf_12)
    10    0.073555    0.094080    0.167691   10.911746 ^ fanout251/X (sky130_fd_sc_hd__buf_12)
                                                         net251 (net)
                      0.094668    0.005901   10.917646 ^ _17916_/A1 (sky130_fd_sc_hd__o221ai_4)
     2    0.008568    0.110939    0.125687   11.043334 v _17916_/Y (sky130_fd_sc_hd__o221ai_4)
                                                         _08599_ (net)
                      0.110941    0.000252   11.043586 v _17919_/A1 (sky130_fd_sc_hd__a221oi_2)
     2    0.009455    0.271305    0.333488   11.377074 ^ _17919_/Y (sky130_fd_sc_hd__a221oi_2)
                                                         _08602_ (net)
                      0.271305    0.000236   11.377310 ^ _17920_/B1_N (sky130_fd_sc_hd__a21boi_2)
     2    0.009784    0.148032    0.254203   11.631513 ^ _17920_/Y (sky130_fd_sc_hd__a21boi_2)
                                                         _08603_ (net)
                      0.148032    0.000299   11.631812 ^ max_cap240/A (sky130_fd_sc_hd__buf_6)
     3    0.018501    0.049114    0.134724   11.766537 ^ max_cap240/X (sky130_fd_sc_hd__buf_6)
                                                         net240 (net)
                      0.049135    0.000960   11.767497 ^ _18118_/A (sky130_fd_sc_hd__nor3_4)
     1    0.008688    0.054570    0.041941   11.809438 v _18118_/Y (sky130_fd_sc_hd__nor3_4)
                                                         _08821_ (net)
                      0.054570    0.000391   11.809828 v wire233/A (sky130_fd_sc_hd__buf_6)
     3    0.019313    0.032819    0.129137   11.938965 v wire233/X (sky130_fd_sc_hd__buf_6)
                                                         net233 (net)
                      0.032861    0.001026   11.939991 v _18132_/B (sky130_fd_sc_hd__nor2_4)
     3    0.030040    0.205182    0.176662   12.116652 ^ _18132_/Y (sky130_fd_sc_hd__nor2_4)
                                                         _08837_ (net)
                      0.205235    0.002695   12.119348 ^ _18180_/A1 (sky130_fd_sc_hd__o31ai_4)
     1    0.009466    0.073104    0.108839   12.228187 v _18180_/Y (sky130_fd_sc_hd__o31ai_4)
                                                         _08889_ (net)
                      0.073105    0.000433   12.228621 v wire224/A (sky130_fd_sc_hd__buf_6)
     2    0.023231    0.035560    0.140894   12.369514 v wire224/X (sky130_fd_sc_hd__buf_6)
                                                         net224 (net)
                      0.035624    0.001143   12.370657 v _18185_/A (sky130_fd_sc_hd__xor2_4)
     2    0.011974    0.133627    0.181097   12.551754 v _18185_/X (sky130_fd_sc_hd__xor2_4)
                                                         _08895_ (net)
                      0.133628    0.000510   12.552263 v wire219/A (sky130_fd_sc_hd__buf_6)
     1    0.038105    0.047603    0.177886   12.730149 v wire219/X (sky130_fd_sc_hd__buf_6)
                                                         net219 (net)
                      0.048537    0.005042   12.735192 v _18343_/B (sky130_fd_sc_hd__nor4_4)
     1    0.004425    0.192588    0.245254   12.980447 ^ _18343_/Y (sky130_fd_sc_hd__nor4_4)
                                                         _09069_ (net)
                      0.192588    0.000119   12.980565 ^ _18344_/C (sky130_fd_sc_hd__nand4_1)
     1    0.021492    0.281281    0.278984   13.259549 v _18344_/Y (sky130_fd_sc_hd__nand4_1)
                                                         _09070_ (net)
                      0.281302    0.002005   13.261554 v _18347_/A (sky130_fd_sc_hd__or4_4)
     1    0.022173    0.115764    0.664087   13.925641 v _18347_/X (sky130_fd_sc_hd__or4_4)
                                                         _09073_ (net)
                      0.115764    0.001860   13.927501 v _18348_/A4 (sky130_fd_sc_hd__o41ai_4)
     1    0.010866    0.306582    0.282381   14.209882 ^ _18348_/Y (sky130_fd_sc_hd__o41ai_4)
                                                         _09074_ (net)
                      0.306582    0.000643   14.210525 ^ _18390_/A3 (sky130_fd_sc_hd__a41o_1)
     2    0.015229    0.153818    0.299679   14.510203 ^ _18390_/X (sky130_fd_sc_hd__a41o_1)
                                                         _09120_ (net)
                      0.153819    0.000788   14.510991 ^ load_slew189/A (sky130_fd_sc_hd__buf_6)
     4    0.071839    0.148103    0.200205   14.711196 ^ load_slew189/X (sky130_fd_sc_hd__buf_6)
                                                         net189 (net)
                      0.150483    0.014998   14.726194 ^ fanout181/A (sky130_fd_sc_hd__buf_6)
    10    0.060350    0.126164    0.190877   14.917070 ^ fanout181/X (sky130_fd_sc_hd__buf_6)
                                                         net181 (net)
                      0.126376    0.004226   14.921297 ^ _18423_/B1 (sky130_fd_sc_hd__o21ai_2)
     1    0.031924    0.189234    0.148948   15.070244 v _18423_/Y (sky130_fd_sc_hd__o21ai_2)
                                                         fixed_pkg::s_narrow48$func$/headless/otolith/hdl/rtl/fixed_pkg.sv:130$9.$unnamed_block$1.v[22] (net)
                      0.189310    0.001334   15.071578 v wire175/A (sky130_fd_sc_hd__clkbuf_2)
     1    0.031848    0.124471    0.241158   15.312737 v wire175/X (sky130_fd_sc_hd__clkbuf_2)
                                                         net175 (net)
                      0.124620    0.003830   15.316566 v _18594_/D (sky130_fd_sc_hd__dfrtp_1)
                                             15.316566   data arrival time

                                 10.000000   10.000000   clock clk (rise edge)
                                  0.000000   10.000000   clock source latency
     1    0.075250    0.261783    0.191041   10.191041 ^ clk (in)
                                                         clk (net)
                      0.264724    0.000000   10.191041 ^ clkbuf_0_clk/A (sky130_fd_sc_hd__clkbuf_16)
     8    0.161266    0.175005    0.292341   10.483382 ^ clkbuf_0_clk/X (sky130_fd_sc_hd__clkbuf_16)
                                                         clknet_0_clk (net)
                      0.175756    0.009354   10.492737 ^ clkbuf_3_0_0_clk/A (sky130_fd_sc_hd__clkbuf_16)
     4    0.063343    0.082763    0.199738   10.692474 ^ clkbuf_3_0_0_clk/X (sky130_fd_sc_hd__clkbuf_16)
                                                         clknet_3_0_0_clk (net)
                      0.084708    0.009871   10.702346 ^ clkbuf_5_3__f_clk/A (sky130_fd_sc_hd__clkbuf_16)
     6    0.034240    0.054630    0.151549   10.853895 ^ clkbuf_5_3__f_clk/X (sky130_fd_sc_hd__clkbuf_16)
                                                         clknet_5_3__leaf_clk (net)
                      0.054752    0.002137   10.856032 ^ _18594_/CLK (sky130_fd_sc_hd__dfrtp_1)
                                 -0.250000   10.606032   clock uncertainty
                                  0.000000   10.606032   clock reconvergence pessimism
                                 -0.146761   10.459271   library setup time
                                             10.459271   data required time
---------------------------------------------------------------------------------------------
                                             10.459271   data required time
                                            -15.316566   data arrival time
---------------------------------------------------------------------------------------------
                                             -4.857295   slack (VIOLATED)




===========================================================================
report_checks --slack_max -0.01
============================================================================
======================= nom_tt_025C_1v80 Corner ===================================

Startpoint: _18569_ (rising edge-triggered flip-flop clocked by clk)
Endpoint: _18594_ (rising edge-triggered flip-flop clocked by clk)
Path Group: clk
Path Type: max

Fanout         Cap        Slew       Delay        Time   Description
---------------------------------------------------------------------------------------------
                                  0.000000    0.000000   clock clk (rise edge)
                                  0.000000    0.000000   clock source latency
     1    0.075250    0.261783    0.191041    0.191041 ^ clk (in)
                                                         clk (net)
                      0.264724    0.000000    0.191041 ^ clkbuf_0_clk/A (sky130_fd_sc_hd__clkbuf_16)
     8    0.161266    0.175005    0.292341    0.483383 ^ clkbuf_0_clk/X (sky130_fd_sc_hd__clkbuf_16)
                                                         clknet_0_clk (net)
                      0.178672    0.020069    0.503452 ^ clkbuf_3_4_0_clk/A (sky130_fd_sc_hd__clkbuf_16)
     4    0.086915    0.104621    0.219312    0.722764 ^ clkbuf_3_4_0_clk/X (sky130_fd_sc_hd__clkbuf_16)
                                                         clknet_3_4_0_clk (net)
                      0.105683    0.008388    0.731151 ^ clkbuf_5_19__f_clk/A (sky130_fd_sc_hd__clkbuf_16)
     6    0.033925    0.054416    0.159421    0.890573 ^ clkbuf_5_19__f_clk/X (sky130_fd_sc_hd__clkbuf_16)
                                                         clknet_5_19__leaf_clk (net)
                      0.054451    0.001310    0.891882 ^ _18569_/CLK (sky130_fd_sc_hd__dfrtp_1)
     3    0.069984    0.600446    0.715903    1.607785 ^ _18569_/Q (sky130_fd_sc_hd__dfrtp_1)
                                                         b_r[63] (net)
                      0.600960    0.014627    1.622413 ^ fanout393/A (sky130_fd_sc_hd__clkdlybuf4s50_1)
    10    0.044683    0.433304    0.876189    2.498602 ^ fanout393/X (sky130_fd_sc_hd__clkdlybuf4s50_1)
                                                         net393 (net)
                      0.433325    0.003437    2.502038 ^ _09229_/A (sky130_fd_sc_hd__nand2_1)
     7    0.040086    0.315830    0.362258    2.864296 v _09229_/Y (sky130_fd_sc_hd__nand2_1)
                                                         _00895_ (net)
                      0.315830    0.000349    2.864645 v _09230_/B (sky130_fd_sc_hd__xnor2_2)
     6    0.033509    0.445841    0.470187    3.334833 ^ _09230_/Y (sky130_fd_sc_hd__xnor2_2)
                                                         _00906_ (net)
                      0.445868    0.002850    3.337683 ^ _09264_/B (sky130_fd_sc_hd__xnor2_1)
     1    0.005336    0.167334    0.189955    3.527638 ^ _09264_/Y (sky130_fd_sc_hd__xnor2_1)
                                                         _01280_ (net)
                      0.167334    0.000216    3.527854 ^ wire378/A (sky130_fd_sc_hd__clkbuf_2)
     3    0.020892    0.119910    0.198042    3.725896 ^ wire378/X (sky130_fd_sc_hd__clkbuf_2)
                                                         net378 (net)
                      0.119910    0.000458    3.726354 ^ fanout376/A (sky130_fd_sc_hd__clkdlybuf4s15_2)
     5    0.022019    0.125338    0.279154    4.005507 ^ fanout376/X (sky130_fd_sc_hd__clkdlybuf4s15_2)
                                                         net376 (net)
                      0.125338    0.000262    4.005769 ^ load_slew377/A (sky130_fd_sc_hd__clkbuf_4)
     6    0.036472    0.118514    0.218535    4.224304 ^ load_slew377/X (sky130_fd_sc_hd__clkbuf_4)
                                                         net377 (net)
                      0.118566    0.002336    4.226641 ^ _09265_/A (sky130_fd_sc_hd__inv_2)
     6    0.034003    0.085198    0.105891    4.332531 v _09265_/Y (sky130_fd_sc_hd__inv_2)
                                                         _01291_ (net)
                      0.085203    0.000683    4.333214 v _09322_/A1 (sky130_fd_sc_hd__a21oi_1)
     1    0.005161    0.146905    0.167076    4.500289 ^ _09322_/Y (sky130_fd_sc_hd__a21oi_1)
                                                         _01918_ (net)
                      0.146905    0.000201    4.500490 ^ wire339/A (sky130_fd_sc_hd__clkbuf_2)
     3    0.020295    0.116591    0.190648    4.691139 ^ wire339/X (sky130_fd_sc_hd__clkbuf_2)
                                                         net339 (net)
                      0.116591    0.000298    4.691437 ^ fanout337/A (sky130_fd_sc_hd__clkdlybuf4s50_1)
     2    0.006477    0.078775    0.518020    5.209457 ^ fanout337/X (sky130_fd_sc_hd__clkdlybuf4s50_1)
                                                         net337 (net)
                      0.078775    0.000123    5.209581 ^ load_slew338/A (sky130_fd_sc_hd__clkbuf_4)
     9    0.046806    0.147235    0.222326    5.431907 ^ load_slew338/X (sky130_fd_sc_hd__clkbuf_4)
                                                         net338 (net)
                      0.147367    0.002822    5.434729 ^ fanout335/A (sky130_fd_sc_hd__clkdlybuf4s50_1)
     5    0.026740    0.264950    0.664361    6.099090 ^ fanout335/X (sky130_fd_sc_hd__clkdlybuf4s50_1)
                                                         net335 (net)
                      0.264950    0.000751    6.099840 ^ load_slew336/A (sky130_fd_sc_hd__buf_4)
     6    0.032054    0.098322    0.218293    6.318132 ^ load_slew336/X (sky130_fd_sc_hd__buf_4)
                                                         net336 (net)
                      0.098332    0.001076    6.319208 ^ _09556_/A (sky130_fd_sc_hd__xnor2_1)
     2    0.007801    0.212372    0.158816    6.478024 ^ _09556_/Y (sky130_fd_sc_hd__xnor2_1)
                                                         _04492_ (net)
                      0.212372    0.000147    6.478171 ^ _17686_/A (sky130_fd_sc_hd__xor2_1)
     2    0.008360    0.209252    0.237771    6.715942 ^ _17686_/X (sky130_fd_sc_hd__xor2_1)
                                                         _08347_ (net)
                      0.209252    0.000269    6.716211 ^ _17702_/A (sky130_fd_sc_hd__xnor2_1)
     2    0.008789    0.231911    0.188160    6.904371 ^ _17702_/Y (sky130_fd_sc_hd__xnor2_1)
                                                         _08365_ (net)
                      0.231911    0.000279    6.904649 ^ _17706_/B (sky130_fd_sc_hd__xor2_1)
     2    0.009297    0.226209    0.253550    7.158199 ^ _17706_/X (sky130_fd_sc_hd__xor2_1)
                                                         _08369_ (net)
                      0.226209    0.000242    7.158441 ^ _17724_/A (sky130_fd_sc_hd__xnor2_1)
     1    0.005198    0.161325    0.163525    7.321966 ^ _17724_/Y (sky130_fd_sc_hd__xnor2_1)
                                                         _08389_ (net)
                      0.161325    0.000161    7.322127 ^ _17728_/B (sky130_fd_sc_hd__xor2_1)
     2    0.008474    0.211333    0.233731    7.555858 ^ _17728_/X (sky130_fd_sc_hd__xor2_1)
                                                         _08393_ (net)
                      0.211333    0.000162    7.556019 ^ _17742_/A (sky130_fd_sc_hd__xor2_1)
     2    0.010966    0.256645    0.273100    7.829119 ^ _17742_/X (sky130_fd_sc_hd__xor2_1)
                                                         _08409_ (net)
                      0.256646    0.000279    7.829398 ^ _17743_/A2 (sky130_fd_sc_hd__a21oi_1)
     2    0.006395    0.121380    0.134567    7.963965 v _17743_/Y (sky130_fd_sc_hd__a21oi_1)
                                                         _08410_ (net)
                      0.121380    0.000144    7.964109 v _17744_/B (sky130_fd_sc_hd__nor2_1)
     2    0.007820    0.158296    0.171952    8.136061 ^ _17744_/Y (sky130_fd_sc_hd__nor2_1)
                                                         _08411_ (net)
                      0.158297    0.000212    8.136273 ^ _17746_/A_N (sky130_fd_sc_hd__nand2b_1)
     2    0.009935    0.113712    0.174454    8.310727 ^ _17746_/Y (sky130_fd_sc_hd__nand2b_1)
                                                         _08413_ (net)
                      0.113712    0.000329    8.311056 ^ _17759_/A (sky130_fd_sc_hd__nor2_1)
     1    0.002650    0.048164    0.059125    8.370181 v _17759_/Y (sky130_fd_sc_hd__nor2_1)
                                                         _08427_ (net)
                      0.048164    0.000076    8.370257 v _17760_/A (sky130_fd_sc_hd__inv_1)
     2    0.006930    0.065186    0.073547    8.443804 ^ _17760_/Y (sky130_fd_sc_hd__inv_1)
                                                         _08428_ (net)
                      0.065186    0.000102    8.443906 ^ _17778_/A (sky130_fd_sc_hd__nor2_1)
     1    0.006182    0.054787    0.058813    8.502719 v _17778_/Y (sky130_fd_sc_hd__nor2_1)
                                                         _08448_ (net)
                      0.054787    0.000230    8.502949 v _17779_/B1 (sky130_fd_sc_hd__a211oi_2)
     2    0.008608    0.227274    0.252101    8.755050 ^ _17779_/Y (sky130_fd_sc_hd__a211oi_2)
                                                         _08449_ (net)
                      0.227274    0.000266    8.755315 ^ _17795_/A1 (sky130_fd_sc_hd__a21oi_2)
     2    0.011652    0.083288    0.112809    8.868124 v _17795_/Y (sky130_fd_sc_hd__a21oi_2)
                                                         _08467_ (net)
                      0.083290    0.000525    8.868649 v _17797_/A2 (sky130_fd_sc_hd__o21ai_2)
     2    0.008476    0.138417    0.156986    9.025635 ^ _17797_/Y (sky130_fd_sc_hd__o21ai_2)
                                                         _08469_ (net)
                      0.138417    0.000209    9.025844 ^ _17799_/B1 (sky130_fd_sc_hd__o21ai_2)
     1    0.008617    0.071028    0.088547    9.114390 v _17799_/Y (sky130_fd_sc_hd__o21ai_2)
                                                         _08471_ (net)
                      0.071028    0.000266    9.114655 v _17821_/B (sky130_fd_sc_hd__xnor2_2)
     2    0.013623    0.098002    0.166391    9.281047 v _17821_/Y (sky130_fd_sc_hd__xnor2_2)
                                                         net277 (net)
                      0.098002    0.000271    9.281319 v rebuffer1478/A (sky130_fd_sc_hd__buf_6)
     4    0.054595    0.060707    0.174104    9.455422 v rebuffer1478/X (sky130_fd_sc_hd__buf_6)
                                                         net1478 (net)
                      0.061136    0.003977    9.459400 v _17822_/A (sky130_fd_sc_hd__inv_4)
     4    0.061735    0.169414    0.153004    9.612404 ^ _17822_/Y (sky130_fd_sc_hd__inv_4)
                                                         _08496_ (net)
                      0.169478    0.002729    9.615133 ^ fanout254/A (sky130_fd_sc_hd__buf_4)
     4    0.036228    0.108349    0.199281    9.814414 ^ fanout254/X (sky130_fd_sc_hd__buf_4)
                                                         net254 (net)
                      0.108627    0.003912    9.818326 ^ load_slew255/A (sky130_fd_sc_hd__buf_6)
     7    0.064393    0.134467    0.181016    9.999342 ^ load_slew255/X (sky130_fd_sc_hd__buf_6)
                                                         net255 (net)
                      0.136280    0.012512   10.011854 ^ fanout252/A (sky130_fd_sc_hd__clkdlybuf4s50_1)
     2    0.008188    0.094038    0.536327   10.548181 ^ fanout252/X (sky130_fd_sc_hd__clkdlybuf4s50_1)
                                                         net252 (net)
                      0.094038    0.000098   10.548278 ^ load_slew253/A (sky130_fd_sc_hd__buf_6)
     8    0.069970    0.143801    0.185096   10.733374 ^ load_slew253/X (sky130_fd_sc_hd__buf_6)
                                                         net253 (net)
                      0.145028    0.010681   10.744055 ^ fanout251/A (sky130_fd_sc_hd__buf_12)
    10    0.073555    0.094080    0.167691   10.911746 ^ fanout251/X (sky130_fd_sc_hd__buf_12)
                                                         net251 (net)
                      0.094668    0.005901   10.917646 ^ _17916_/A1 (sky130_fd_sc_hd__o221ai_4)
     2    0.008568    0.110939    0.125687   11.043334 v _17916_/Y (sky130_fd_sc_hd__o221ai_4)
                                                         _08599_ (net)
                      0.110941    0.000252   11.043586 v _17919_/A1 (sky130_fd_sc_hd__a221oi_2)
     2    0.009455    0.271305    0.333488   11.377074 ^ _17919_/Y (sky130_fd_sc_hd__a221oi_2)
                                                         _08602_ (net)
                      0.271305    0.000236   11.377310 ^ _17920_/B1_N (sky130_fd_sc_hd__a21boi_2)
     2    0.009784    0.148032    0.254203   11.631513 ^ _17920_/Y (sky130_fd_sc_hd__a21boi_2)
                                                         _08603_ (net)
                      0.148032    0.000299   11.631812 ^ max_cap240/A (sky130_fd_sc_hd__buf_6)
     3    0.018501    0.049114    0.134724   11.766537 ^ max_cap240/X (sky130_fd_sc_hd__buf_6)
                                                         net240 (net)
                      0.049135    0.000960   11.767497 ^ _18118_/A (sky130_fd_sc_hd__nor3_4)
     1    0.008688    0.054570    0.041941   11.809438 v _18118_/Y (sky130_fd_sc_hd__nor3_4)
                                                         _08821_ (net)
                      0.054570    0.000391   11.809828 v wire233/A (sky130_fd_sc_hd__buf_6)
     3    0.019313    0.032819    0.129137   11.938965 v wire233/X (sky130_fd_sc_hd__buf_6)
                                                         net233 (net)
                      0.032861    0.001026   11.939991 v _18132_/B (sky130_fd_sc_hd__nor2_4)
     3    0.030040    0.205182    0.176662   12.116652 ^ _18132_/Y (sky130_fd_sc_hd__nor2_4)
                                                         _08837_ (net)
                      0.205235    0.002695   12.119348 ^ _18180_/A1 (sky130_fd_sc_hd__o31ai_4)
     1    0.009466    0.073104    0.108839   12.228187 v _18180_/Y (sky130_fd_sc_hd__o31ai_4)
                                                         _08889_ (net)
                      0.073105    0.000433   12.228621 v wire224/A (sky130_fd_sc_hd__buf_6)
     2    0.023231    0.035560    0.140894   12.369514 v wire224/X (sky130_fd_sc_hd__buf_6)
                                                         net224 (net)
                      0.035624    0.001143   12.370657 v _18185_/A (sky130_fd_sc_hd__xor2_4)
     2    0.011974    0.133627    0.181097   12.551754 v _18185_/X (sky130_fd_sc_hd__xor2_4)
                                                         _08895_ (net)
                      0.133628    0.000510   12.552263 v wire219/A (sky130_fd_sc_hd__buf_6)
     1    0.038105    0.047603    0.177886   12.730149 v wire219/X (sky130_fd_sc_hd__buf_6)
                                                         net219 (net)
                      0.048537    0.005042   12.735192 v _18343_/B (sky130_fd_sc_hd__nor4_4)
     1    0.004425    0.192588    0.245254   12.980447 ^ _18343_/Y (sky130_fd_sc_hd__nor4_4)
                                                         _09069_ (net)
                      0.192588    0.000119   12.980565 ^ _18344_/C (sky130_fd_sc_hd__nand4_1)
     1    0.021492    0.281281    0.278984   13.259549 v _18344_/Y (sky130_fd_sc_hd__nand4_1)
                                                         _09070_ (net)
                      0.281302    0.002005   13.261554 v _18347_/A (sky130_fd_sc_hd__or4_4)
     1    0.022173    0.115764    0.664087   13.925641 v _18347_/X (sky130_fd_sc_hd__or4_4)
                                                         _09073_ (net)
                      0.115764    0.001860   13.927501 v _18348_/A4 (sky130_fd_sc_hd__o41ai_4)
     1    0.010866    0.306582    0.282381   14.209882 ^ _18348_/Y (sky130_fd_sc_hd__o41ai_4)
                                                         _09074_ (net)
                      0.306582    0.000643   14.210525 ^ _18390_/A3 (sky130_fd_sc_hd__a41o_1)
     2    0.015229    0.153818    0.299679   14.510203 ^ _18390_/X (sky130_fd_sc_hd__a41o_1)
                                                         _09120_ (net)
                      0.153819    0.000788   14.510991 ^ load_slew189/A (sky130_fd_sc_hd__buf_6)
     4    0.071839    0.148103    0.200205   14.711196 ^ load_slew189/X (sky130_fd_sc_hd__buf_6)
                                                         net189 (net)
                      0.150483    0.014998   14.726194 ^ fanout181/A (sky130_fd_sc_hd__buf_6)
    10    0.060350    0.126164    0.190877   14.917070 ^ fanout181/X (sky130_fd_sc_hd__buf_6)
                                                         net181 (net)
                      0.126376    0.004226   14.921297 ^ _18423_/B1 (sky130_fd_sc_hd__o21ai_2)
     1    0.031924    0.189234    0.148948   15.070244 v _18423_/Y (sky130_fd_sc_hd__o21ai_2)
                                                         fixed_pkg::s_narrow48$func$/headless/otolith/hdl/rtl/fixed_pkg.sv:130$9.$unnamed_block$1.v[22] (net)
                      0.189310    0.001334   15.071578 v wire175/A (sky130_fd_sc_hd__clkbuf_2)
     1    0.031848    0.124471    0.241158   15.312737 v wire175/X (sky130_fd_sc_hd__clkbuf_2)
                                                         net175 (net)
                      0.124620    0.003830   15.316566 v _18594_/D (sky130_fd_sc_hd__dfrtp_1)
                                             15.316566   data arrival time

                                 10.000000   10.000000   clock clk (rise edge)
                                  0.000000   10.000000   clock source latency
     1    0.075250    0.261783    0.191041   10.191041 ^ clk (in)
                                                         clk (net)
                      0.264724    0.000000   10.191041 ^ clkbuf_0_clk/A (sky130_fd_sc_hd__clkbuf_16)
     8    0.161266    0.175005    0.292341   10.483382 ^ clkbuf_0_clk/X (sky130_fd_sc_hd__clkbuf_16)
                                                         clknet_0_clk (net)
                      0.175756    0.009354   10.492737 ^ clkbuf_3_0_0_clk/A (sky130_fd_sc_hd__clkbuf_16)
     4    0.063343    0.082763    0.199738   10.692474 ^ clkbuf_3_0_0_clk/X (sky130_fd_sc_hd__clkbuf_16)
                                                         clknet_3_0_0_clk (net)
                      0.084708    0.009871   10.702346 ^ clkbuf_5_3__f_clk/A (sky130_fd_sc_hd__clkbuf_16)
     6    0.034240    0.054630    0.151549   10.853895 ^ clkbuf_5_3__f_clk/X (sky130_fd_sc_hd__clkbuf_16)
                                                         clknet_5_3__leaf_clk (net)
                      0.054752    0.002137   10.856032 ^ _18594_/CLK (sky130_fd_sc_hd__dfrtp_1)
                                 -0.250000   10.606032   clock uncertainty
                                  0.000000   10.606032   clock reconvergence pessimism
                                 -0.146761   10.459271   library setup time
                                             10.459271   data required time
---------------------------------------------------------------------------------------------
                                             10.459271   data required time
                                            -15.316566   data arrival time
---------------------------------------------------------------------------------------------
                                             -4.857295   slack (VIOLATED)




===========================================================================
 report_check_types -max_slew -max_cap -max_fanout -violators
============================================================================
======================= nom_tt_025C_1v80 Corner ===================================

max slew

Pin                                        Limit        Slew       Slack
------------------------------------------------------------------------
_17723_/A                               0.750000    0.950204   -0.200204 (VIOLATED)
fanout324/A                             0.750000    0.950201   -0.200201 (VIOLATED)
_17591_/A                               0.750000    0.950197   -0.200197 (VIOLATED)
_17587_/A                               0.750000    0.950195   -0.200195 (VIOLATED)
_17599_/A                               0.750000    0.950192   -0.200192 (VIOLATED)
_09263_/Y                               0.750000    0.950176   -0.200176 (VIOLATED)
fanout320/A                             0.750000    0.950176   -0.200176 (VIOLATED)



===========================================================================
report_parasitic_annotation -report_unannotated
============================================================================
Found 10 unannotated drivers.
 clkload0/X
 clkload1/X
 clkload2/X
 clkload3/X
 clkload4/X
 clkload5/X
 clkload6/X
 clkload7/X
 clkload8/X
 clkload9/X
Found 0 partially unannotated drivers.

===========================================================================
max slew violation count 7
max fanout violation count 0
max cap violation count 0
============================================================================

===========================================================================
check_setup -verbose -unconstrained_endpoints -multiple_clock -no_clock -no_input_delay -loops -generated_clocks
===========================================================================
