Clock: clk
Sources: clk 
Generated: no
Virtual: yes
Propagated: no
Period: 10.000000

===========================================================================
report_clock_properties
============================================================================
Clock                   Period          Waveform
----------------------------------------------------
clk                  10.000000    0.000000  5.000000

===========================================================================
report_clock_latency
============================================================================
Clock clk
rise -> rise
    min     max
0.000000 0.000000 source latency
0.849287         network latency _18551_/CLK
        0.931689 network latency _18539_/CLK
---------------
0.849287 0.931689 latency
        0.082402 skew

fall -> fall
    min     max
0.000000 0.000000 source latency
0.913627         network latency _18551_/CLK
        0.975632 network latency _18539_/CLK
---------------
0.913627 0.975632 latency
        0.062005 skew



===========================================================================
report_clock_min_period
============================================================================
clk period_min = 14.86 fmax = 67.31
