Clock: clk
Sources: clk 
Generated: no
Virtual: no
Propagated: no
Period: 10.000000

===========================================================================
report_clock_properties
============================================================================
Clock                   Period          Waveform
----------------------------------------------------
clk                  10.000000    0.000000  5.000000

===========================================================================
report_clock_latency
============================================================================
Clock clk
rise -> rise
    min     max
0.000000 0.000000 source latency
0.564499         network latency _18473_/CLK
        0.564499 network latency _18473_/CLK
---------------
0.564499 0.564499 latency
        0.000000 skew

fall -> fall
    min     max
0.000000 0.000000 source latency
0.555436         network latency _18473_/CLK
        0.555436 network latency _18473_/CLK
---------------
0.555436 0.555436 latency
        0.000000 skew



===========================================================================
report_clock_min_period
============================================================================
clk period_min = 13.87 fmax = 72.11
