
===========================================================================
report_checks -unconstrained
===========================================================================
======================= nom_ss_100C_1v60 Corner ===================================

Startpoint: rst_n (input port clocked by clk)
Endpoint: _18555_ (recovery check against rising-edge clock clk)
Path Group: asynchronous
Path Type: max

Fanout         Cap        Slew       Delay        Time   Description
---------------------------------------------------------------------------------------------
                                  0.000000    0.000000   clock clk (rise edge)
                                  0.000000    0.000000   clock network delay (propagated)
                                  2.000000    2.000000 ^ input external delay
     1    0.003034    0.033800    0.017032    2.017032 ^ rst_n (in)
                                                         rst_n (net)
                      0.033800    0.000000    2.017032 ^ input97/A (sky130_fd_sc_hd__buf_2)
     1    0.004086    0.054524    0.160159    2.177191 ^ input97/X (sky130_fd_sc_hd__buf_2)
                                                         net97 (net)
                      0.054524    0.000131    2.177322 ^ fanout1475/A (sky130_fd_sc_hd__clkdlybuf4s50_1)
     3    0.021716    0.324664    0.983573    3.160895 ^ fanout1475/X (sky130_fd_sc_hd__clkdlybuf4s50_1)
                                                         net1475 (net)
                      0.324665    0.001381    3.162277 ^ fanout1448/A (sky130_fd_sc_hd__clkdlybuf4s50_1)
     2    0.021310    0.319254    1.092209    4.254486 ^ fanout1448/X (sky130_fd_sc_hd__clkdlybuf4s50_1)
                                                         net1448 (net)
                      0.319254    0.001081    4.255567 ^ wire1450/A (sky130_fd_sc_hd__buf_4)
     4    0.070020    0.314909    0.491990    4.747557 ^ wire1450/X (sky130_fd_sc_hd__buf_4)
                                                         net1450 (net)
                      0.315553    0.011716    4.759273 ^ load_slew1449/A (sky130_fd_sc_hd__buf_4)
     1    0.052985    0.244051    0.440573    5.199846 ^ load_slew1449/X (sky130_fd_sc_hd__buf_4)
                                                         net1449 (net)
                      0.244916    0.010873    5.210720 ^ fanout1446/A (sky130_fd_sc_hd__clkdlybuf4s50_1)
     5    0.021134    0.316735    1.060056    6.270776 ^ fanout1446/X (sky130_fd_sc_hd__clkdlybuf4s50_1)
                                                         net1446 (net)
                      0.316735    0.000399    6.271175 ^ load_slew1447/A (sky130_fd_sc_hd__buf_4)
     4    0.042629    0.200256    0.413393    6.684568 ^ load_slew1447/X (sky130_fd_sc_hd__buf_4)
                                                         net1447 (net)
                      0.200381    0.004617    6.689185 ^ fanout1445/A (sky130_fd_sc_hd__clkdlybuf4s50_1)
     6    0.055863    0.797438    1.383585    8.072770 ^ fanout1445/X (sky130_fd_sc_hd__clkdlybuf4s50_1)
                                                         net1445 (net)
                      0.797481    0.006507    8.079277 ^ fanout1443/A (sky130_fd_sc_hd__clkdlybuf4s50_1)
     2    0.007502    0.133249    1.113755    9.193032 ^ fanout1443/X (sky130_fd_sc_hd__clkdlybuf4s50_1)
                                                         net1443 (net)
                      0.133249    0.000196    9.193229 ^ wire1444/A (sky130_fd_sc_hd__buf_4)
     9    0.048989    0.225640    0.352464    9.545692 ^ wire1444/X (sky130_fd_sc_hd__buf_4)
                                                         net1444 (net)
                      0.225641    0.001121    9.546813 ^ fanout1442/A (sky130_fd_sc_hd__clkdlybuf4s50_1)
     8    0.034240    0.497794    1.182664   10.729477 ^ fanout1442/X (sky130_fd_sc_hd__clkdlybuf4s50_1)
                                                         net1442 (net)
                      0.497794    0.001083   10.730560 ^ _18555_/RESET_B (sky130_fd_sc_hd__dfrtp_2)
                                             10.730560   data arrival time

                                 10.000000   10.000000   clock clk (rise edge)
                                  0.000000   10.000000   clock source latency
     1    0.075250    0.410512    0.295800   10.295800 ^ clk (in)
                                                         clk (net)
                      0.412353    0.000000   10.295800 ^ clkbuf_0_clk/A (sky130_fd_sc_hd__clkbuf_16)
     8    0.161266    0.265939    0.521938   10.817739 ^ clkbuf_0_clk/X (sky130_fd_sc_hd__clkbuf_16)
                                                         clknet_0_clk (net)
                      0.267301    0.015511   10.833249 ^ clkbuf_3_3_0_clk/A (sky130_fd_sc_hd__clkbuf_16)
     4    0.068194    0.132644    0.366217   11.199467 ^ clkbuf_3_3_0_clk/X (sky130_fd_sc_hd__clkbuf_16)
                                                         clknet_3_3_0_clk (net)
                      0.133739    0.008830   11.208297 ^ clkbuf_5_13__f_clk/A (sky130_fd_sc_hd__clkbuf_16)
     5    0.017994    0.064932    0.247843   11.456140 ^ clkbuf_5_13__f_clk/X (sky130_fd_sc_hd__clkbuf_16)
                                                         clknet_5_13__leaf_clk (net)
                      0.064932    0.000509   11.456649 ^ _18555_/CLK (sky130_fd_sc_hd__dfrtp_2)
                                 -0.250000   11.206649   clock uncertainty
                                  0.000000   11.206649   clock reconvergence pessimism
                                  0.259940   11.466588   library recovery time
                                             11.466588   data required time
---------------------------------------------------------------------------------------------
                                             11.466588   data required time
                                            -10.730560   data arrival time
---------------------------------------------------------------------------------------------
                                              0.736028   slack (MET)


Startpoint: _18494_ (rising edge-triggered flip-flop clocked by clk)
Endpoint: _18473_ (rising edge-triggered flip-flop clocked by clk)
Path Group: clk
Path Type: max

Fanout         Cap        Slew       Delay        Time   Description
---------------------------------------------------------------------------------------------
                                  0.000000    0.000000   clock clk (rise edge)
                                  0.000000    0.000000   clock source latency
     1    0.075250    0.410512    0.295800    0.295800 ^ clk (in)
                                                         clk (net)
                      0.412353    0.000000    0.295800 ^ clkbuf_0_clk/A (sky130_fd_sc_hd__clkbuf_16)
     8    0.161266    0.265939    0.521939    0.817738 ^ clkbuf_0_clk/X (sky130_fd_sc_hd__clkbuf_16)
                                                         clknet_0_clk (net)
                      0.267281    0.015398    0.833136 ^ clkbuf_3_2_0_clk/A (sky130_fd_sc_hd__clkbuf_16)
     4    0.065364    0.128777    0.361789    1.194926 ^ clkbuf_3_2_0_clk/X (sky130_fd_sc_hd__clkbuf_16)
                                                         clknet_3_2_0_clk (net)
                      0.130344    0.011064    1.205989 ^ clkbuf_5_10__f_clk/A (sky130_fd_sc_hd__clkbuf_16)
     6    0.025882    0.074889    0.257240    1.463229 ^ clkbuf_5_10__f_clk/X (sky130_fd_sc_hd__clkbuf_16)
                                                         clknet_5_10__leaf_clk (net)
                      0.074935    0.001581    1.464810 ^ _18494_/CLK (sky130_fd_sc_hd__dfrtp_2)
     2    0.077430    0.580978    1.094582    2.559392 ^ _18494_/Q (sky130_fd_sc_hd__dfrtp_2)
                                                         a_r[20] (net)
                      0.581444    0.014920    2.574312 ^ fanout1108/A (sky130_fd_sc_hd__buf_6)
     6    0.054994    0.187610    0.457494    3.031806 ^ fanout1108/X (sky130_fd_sc_hd__buf_6)
                                                         net1108 (net)
                      0.187697    0.004102    3.035908 ^ load_slew1109/A (sky130_fd_sc_hd__buf_4)
     8    0.109039    0.477007    0.555760    3.591668 ^ load_slew1109/X (sky130_fd_sc_hd__buf_4)
                                                         net1109 (net)
                      0.477489    0.012553    3.604221 ^ fanout1104/A (sky130_fd_sc_hd__buf_4)
     7    0.048745    0.226698    0.496001    4.100222 ^ fanout1104/X (sky130_fd_sc_hd__buf_4)
                                                         net1104 (net)
                      0.226780    0.004138    4.104360 ^ fanout1103/A (sky130_fd_sc_hd__clkbuf_4)
    10    0.060452    0.293444    0.482242    4.586602 ^ fanout1103/X (sky130_fd_sc_hd__clkbuf_4)
                                                         net1103 (net)
                      0.293491    0.003816    4.590418 ^ _12783_/A (sky130_fd_sc_hd__nand2_1)
     2    0.009903    0.192931    0.271369    4.861787 v _12783_/Y (sky130_fd_sc_hd__nand2_1)
                                                         _02954_ (net)
                      0.192931    0.000412    4.862199 v _12784_/C (sky130_fd_sc_hd__maj3_1)
     2    0.008083    0.189914    0.873469    5.735668 v _12784_/X (sky130_fd_sc_hd__maj3_1)
                                                         _02955_ (net)
                      0.189914    0.000228    5.735896 v _12787_/A (sky130_fd_sc_hd__maj3_1)
     2    0.008122    0.190259    0.872052    6.607947 v _12787_/X (sky130_fd_sc_hd__maj3_1)
                                                         _02958_ (net)
                      0.190259    0.000242    6.608189 v _12811_/A (sky130_fd_sc_hd__maj3_4)
     3    0.022390    0.164769    0.772490    7.380679 v _12811_/X (sky130_fd_sc_hd__maj3_4)
                                                         _02984_ (net)
                      0.164782    0.001621    7.382300 v _12813_/A (sky130_fd_sc_hd__xor3_1)
     2    0.010872    0.197878    0.846696    8.228996 v _12813_/X (sky130_fd_sc_hd__xor3_1)
                                                         _02987_ (net)
                      0.197878    0.000198    8.229195 v _12815_/A (sky130_fd_sc_hd__xnor2_2)
     2    0.008840    0.256440    0.354394    8.583589 ^ _12815_/Y (sky130_fd_sc_hd__xnor2_2)
                                                         _02989_ (net)
                      0.256440    0.000259    8.583848 ^ _12919_/A (sky130_fd_sc_hd__xor3_1)
     2    0.019450    0.266817    1.064110    9.647958 v _12919_/X (sky130_fd_sc_hd__xor3_1)
                                                         _03103_ (net)
                      0.266817    0.000938    9.648895 v _12964_/B (sky130_fd_sc_hd__maj3_4)
     2    0.010456    0.124964    0.720194   10.369089 v _12964_/X (sky130_fd_sc_hd__maj3_4)
                                                         _03153_ (net)
                      0.124964    0.000312   10.369401 v _12967_/A (sky130_fd_sc_hd__xnor2_1)
     1    0.004833    0.120139    0.262900   10.632300 v _12967_/Y (sky130_fd_sc_hd__xnor2_1)
                                                         _03156_ (net)
                      0.120139    0.000143   10.632443 v _13078_/B (sky130_fd_sc_hd__xnor2_1)
     2    0.011887    0.481253    0.459742   11.092186 ^ _13078_/Y (sky130_fd_sc_hd__xnor2_1)
                                                         _03278_ (net)
                      0.481254    0.000505   11.092691 ^ _13081_/B (sky130_fd_sc_hd__xnor2_2)
     2    0.007947    0.129077    0.265596   11.358287 v _13081_/Y (sky130_fd_sc_hd__xnor2_2)
                                                         _03281_ (net)
                      0.129077    0.000218   11.358504 v _13085_/A (sky130_fd_sc_hd__xor2_1)
     2    0.006136    0.149550    0.344266   11.702770 v _13085_/X (sky130_fd_sc_hd__xor2_1)
                                                         _03286_ (net)
                      0.149550    0.000143   11.702913 v _13190_/B1 (sky130_fd_sc_hd__o21ai_1)
     2    0.016974    0.573376    0.381750   12.084663 ^ _13190_/Y (sky130_fd_sc_hd__o21ai_1)
                                                         _03401_ (net)
                      0.573378    0.000994   12.085657 ^ _13191_/A1 (sky130_fd_sc_hd__o21ai_2)
     2    0.011645    0.159717    0.337532   12.423189 v _13191_/Y (sky130_fd_sc_hd__o21ai_2)
                                                         _03402_ (net)
                      0.159717    0.000480   12.423669 v _13193_/A2 (sky130_fd_sc_hd__a21oi_2)
     1    0.005478    0.172139    0.278886   12.702555 ^ _13193_/Y (sky130_fd_sc_hd__a21oi_2)
                                                         _03405_ (net)
                      0.172139    0.000174   12.702729 ^ _13194_/B1 (sky130_fd_sc_hd__o21ai_2)
     2    0.012751    0.134001    0.194304   12.897033 v _13194_/Y (sky130_fd_sc_hd__o21ai_2)
                                                         _03406_ (net)
                      0.134002    0.000695   12.897729 v _14054_/A3 (sky130_fd_sc_hd__a311oi_2)
     1    0.013119    0.541456    0.652789   13.550517 ^ _14054_/Y (sky130_fd_sc_hd__a311oi_2)
                                                         _04352_ (net)
                      0.541456    0.000864   13.551382 ^ wire293/A (sky130_fd_sc_hd__clkbuf_2)
     2    0.010841    0.113563    0.408300   13.959682 ^ wire293/X (sky130_fd_sc_hd__clkbuf_2)
                                                         net293 (net)
                      0.113563    0.000513   13.960196 ^ _14055_/B (sky130_fd_sc_hd__nor2_1)
     1    0.007412    0.089078    0.118006   14.078201 v _14055_/Y (sky130_fd_sc_hd__nor2_1)
                                                         _04353_ (net)
                      0.089078    0.000326   14.078527 v _14056_/C (sky130_fd_sc_hd__nor3_1)
     1    0.004740    0.333932    0.297096   14.375623 ^ _14056_/Y (sky130_fd_sc_hd__nor3_1)
                                                         _04354_ (net)
                      0.333932    0.000179   14.375802 ^ wire289/A (sky130_fd_sc_hd__clkbuf_2)
     3    0.013184    0.128169    0.344097   14.719899 ^ wire289/X (sky130_fd_sc_hd__clkbuf_2)
                                                         net289 (net)
                      0.128170    0.000608   14.720508 ^ _15556_/C1 (sky130_fd_sc_hd__o211ai_1)
     2    0.017539    0.466389    0.444761   15.165269 v _15556_/Y (sky130_fd_sc_hd__o211ai_1)
                                                         _06004_ (net)
                      0.466393    0.001176   15.166445 v _17146_/C (sky130_fd_sc_hd__nand4_1)
     1    0.013558    0.299668    0.459844   15.626288 ^ _17146_/Y (sky130_fd_sc_hd__nand4_1)
                                                         _07753_ (net)
                      0.299668    0.000883   15.627172 ^ wire281/A (sky130_fd_sc_hd__buf_6)
     3    0.032060    0.117750    0.312884   15.940055 ^ wire281/X (sky130_fd_sc_hd__buf_6)
                                                         net281 (net)
                      0.117892    0.003636   15.943691 ^ _17667_/A1 (sky130_fd_sc_hd__a211oi_4)
     2    0.014481    0.123337    0.152594   16.096285 v _17667_/Y (sky130_fd_sc_hd__a211oi_4)
                                                         _08326_ (net)
                      0.123339    0.000915   16.097200 v _17776_/A2 (sky130_fd_sc_hd__o21ai_2)
     2    0.012756    0.296750    0.318378   16.415579 ^ _17776_/Y (sky130_fd_sc_hd__o21ai_2)
                                                         _08446_ (net)
                      0.296750    0.000664   16.416243 ^ _17795_/A2 (sky130_fd_sc_hd__a21oi_2)
     2    0.011727    0.151068    0.236586   16.652828 v _17795_/Y (sky130_fd_sc_hd__a21oi_2)
                                                         _08467_ (net)
                      0.151068    0.000529   16.653358 v _17797_/A2 (sky130_fd_sc_hd__o21ai_2)
     2    0.008388    0.225037    0.274024   16.927383 ^ _17797_/Y (sky130_fd_sc_hd__o21ai_2)
                                                         _08469_ (net)
                      0.225037    0.000208   16.927591 ^ _17799_/B1 (sky130_fd_sc_hd__o21ai_2)
     1    0.008759    0.125864    0.192497   17.120087 v _17799_/Y (sky130_fd_sc_hd__o21ai_2)
                                                         _08471_ (net)
                      0.125864    0.000270   17.120358 v _17821_/B (sky130_fd_sc_hd__xnor2_2)
     2    0.013749    0.186031    0.318160   17.438517 v _17821_/Y (sky130_fd_sc_hd__xnor2_2)
                                                         net277 (net)
                      0.186031    0.000274   17.438791 v rebuffer1478/A (sky130_fd_sc_hd__buf_6)
     4    0.054571    0.103086    0.325032   17.763823 v rebuffer1478/X (sky130_fd_sc_hd__buf_6)
                                                         net1478 (net)
                      0.103286    0.004000   17.767824 v _17822_/A (sky130_fd_sc_hd__inv_4)
     4    0.061638    0.266687    0.251898   18.019722 ^ _17822_/Y (sky130_fd_sc_hd__inv_4)
                                                         _08496_ (net)
                      0.266727    0.002728   18.022449 ^ fanout254/A (sky130_fd_sc_hd__buf_4)
     4    0.036092    0.172928    0.373667   18.396116 ^ fanout254/X (sky130_fd_sc_hd__buf_4)
                                                         net254 (net)
                      0.173030    0.003903   18.400021 ^ load_slew255/A (sky130_fd_sc_hd__buf_6)
     7    0.063974    0.211435    0.327386   18.727406 ^ load_slew255/X (sky130_fd_sc_hd__buf_6)
                                                         net255 (net)
                      0.212562    0.012497   18.739902 ^ fanout252/A (sky130_fd_sc_hd__clkdlybuf4s50_1)
     2    0.008144    0.141582    0.914660   19.654564 ^ fanout252/X (sky130_fd_sc_hd__clkdlybuf4s50_1)
                                                         net252 (net)
                      0.141582    0.000098   19.654661 ^ load_slew253/A (sky130_fd_sc_hd__buf_6)
     8    0.069524    0.227761    0.326073   19.980734 ^ load_slew253/X (sky130_fd_sc_hd__buf_6)
                                                         net253 (net)
                      0.228511    0.010646   19.991381 ^ fanout251/A (sky130_fd_sc_hd__buf_12)
    10    0.073204    0.146787    0.312168   20.303549 ^ fanout251/X (sky130_fd_sc_hd__buf_12)
                                                         net251 (net)
                      0.147147    0.004956   20.308504 ^ _18119_/A1 (sky130_fd_sc_hd__o21a_4)
     2    0.018112    0.118606    0.321874   20.630379 ^ _18119_/X (sky130_fd_sc_hd__o21a_4)
                                                         _08822_ (net)
                      0.118607    0.000682   20.631060 ^ _18120_/B2 (sky130_fd_sc_hd__o221a_4)
     3    0.013969    0.120157    0.405946   21.037006 ^ _18120_/X (sky130_fd_sc_hd__o221a_4)
                                                         _08823_ (net)
                      0.120157    0.000441   21.037447 ^ _18123_/A2 (sky130_fd_sc_hd__o2111ai_2)
     2    0.007906    0.249365    0.289871   21.327318 v _18123_/Y (sky130_fd_sc_hd__o2111ai_2)
                                                         _08827_ (net)
                      0.249365    0.000304   21.327621 v _18131_/A1 (sky130_fd_sc_hd__a221o_1)
     2    0.022476    0.259733    0.829974   22.157595 v _18131_/X (sky130_fd_sc_hd__a221o_1)
                                                         _08835_ (net)
                      0.259738    0.001501   22.159096 v rebuffer1586/A (sky130_fd_sc_hd__buf_4)
     2    0.006974    0.051044    0.333028   22.492125 v rebuffer1586/X (sky130_fd_sc_hd__buf_4)
                                                         net1586 (net)
                      0.051044    0.000213   22.492338 v _18198_/A2 (sky130_fd_sc_hd__o21bai_1)
     2    0.006573    0.285285    0.280258   22.772594 ^ _18198_/Y (sky130_fd_sc_hd__o21bai_1)
                                                         _08909_ (net)
                      0.285285    0.000178   22.772772 ^ _18199_/A2 (sky130_fd_sc_hd__a21oi_1)
     3    0.010592    0.214856    0.303215   23.075989 v _18199_/Y (sky130_fd_sc_hd__a21oi_1)
                                                         _08910_ (net)
                      0.214856    0.000208   23.076197 v _18232_/A_N (sky130_fd_sc_hd__nand2b_2)
     2    0.052777    0.427031    0.710203   23.786400 v _18232_/Y (sky130_fd_sc_hd__nand2b_2)
                                                         _08947_ (net)
                      0.427031    0.001460   23.787859 v _18233_/D (sky130_fd_sc_hd__or4_4)
     1    0.005458    0.155904    0.960963   24.748823 v _18233_/X (sky130_fd_sc_hd__or4_4)
                                                         _08948_ (net)
                      0.155904    0.000187   24.749008 v _18299_/B (sky130_fd_sc_hd__nor3_2)
     1    0.010374    0.382999    0.415927   25.164936 ^ _18299_/Y (sky130_fd_sc_hd__nor3_2)
                                                         _09020_ (net)
                      0.382999    0.000624   25.165560 ^ wire203/A (sky130_fd_sc_hd__clkbuf_2)
     1    0.017104    0.158553    0.386271   25.551830 ^ wire203/X (sky130_fd_sc_hd__clkbuf_2)
                                                         net203 (net)
                      0.158561    0.001325   25.553156 ^ _18308_/C (sky130_fd_sc_hd__nand4_1)
     1    0.014040    0.522181    0.486008   26.039164 v _18308_/Y (sky130_fd_sc_hd__nand4_1)
                                                         _09030_ (net)
                      0.522181    0.000668   26.039831 v _18348_/A3 (sky130_fd_sc_hd__o41ai_4)
     1    0.010872    0.482865    0.729473   26.769304 ^ _18348_/Y (sky130_fd_sc_hd__o41ai_4)
                                                         _09074_ (net)
                      0.482865    0.000643   26.769947 ^ _18390_/A3 (sky130_fd_sc_hd__a41o_1)
     2    0.015179    0.245875    0.637662   27.407610 ^ _18390_/X (sky130_fd_sc_hd__a41o_1)
                                                         _09120_ (net)
                      0.245875    0.000785   27.408394 ^ load_slew189/A (sky130_fd_sc_hd__buf_6)
     4    0.071724    0.234947    0.372618   27.781012 ^ load_slew189/X (sky130_fd_sc_hd__buf_6)
                                                         net189 (net)
                      0.236680    0.016323   27.797335 ^ fanout183/A (sky130_fd_sc_hd__buf_6)
    10    0.061698    0.203844    0.353687   28.151022 ^ fanout183/X (sky130_fd_sc_hd__buf_6)
                                                         net183 (net)
                      0.203844    0.001076   28.152098 ^ _18397_/A (sky130_fd_sc_hd__nand2_1)
     1    0.045001    0.727099    0.640101   28.792200 v _18397_/Y (sky130_fd_sc_hd__nand2_1)
                                                         fixed_pkg::s_narrow48$func$/headless/otolith/hdl/rtl/fixed_pkg.sv:130$9.$unnamed_block$1.sat (net)
                      0.727266    0.009340   28.801540 v _18473_/D (sky130_fd_sc_hd__dfrtp_1)
                                             28.801540   data arrival time

                                 10.000000   10.000000   clock clk (rise edge)
                                  0.000000   10.000000   clock source latency
     1    0.075250    0.410512    0.295800   10.295800 ^ clk (in)
                                                         clk (net)
                      0.412353    0.000000   10.295800 ^ clkbuf_0_clk/A (sky130_fd_sc_hd__clkbuf_16)
     8    0.161266    0.265939    0.521938   10.817739 ^ clkbuf_0_clk/X (sky130_fd_sc_hd__clkbuf_16)
                                                         clknet_0_clk (net)
                      0.267301    0.015511   10.833249 ^ clkbuf_3_3_0_clk/A (sky130_fd_sc_hd__clkbuf_16)
     4    0.068194    0.132644    0.366217   11.199467 ^ clkbuf_3_3_0_clk/X (sky130_fd_sc_hd__clkbuf_16)
                                                         clknet_3_3_0_clk (net)
                      0.133381    0.006959   11.206426 ^ clkbuf_5_14__f_clk/A (sky130_fd_sc_hd__clkbuf_16)
     6    0.037376    0.090847    0.274572   11.480998 ^ clkbuf_5_14__f_clk/X (sky130_fd_sc_hd__clkbuf_16)
                                                         clknet_5_14__leaf_clk (net)
                      0.090927    0.002438   11.483436 ^ _18473_/CLK (sky130_fd_sc_hd__dfrtp_1)
                                 -0.250000   11.233436   clock uncertainty
                                  0.000000   11.233436   clock reconvergence pessimism
                                 -0.545000   10.688436   library setup time
                                             10.688436   data required time
---------------------------------------------------------------------------------------------
                                             10.688436   data required time
                                            -28.801540   data arrival time
---------------------------------------------------------------------------------------------
                                            -18.113104   slack (VIOLATED)




===========================================================================
report_checks --slack_max -0.01
============================================================================
======================= nom_ss_100C_1v60 Corner ===================================

Startpoint: _18494_ (rising edge-triggered flip-flop clocked by clk)
Endpoint: _18473_ (rising edge-triggered flip-flop clocked by clk)
Path Group: clk
Path Type: max

Fanout         Cap        Slew       Delay        Time   Description
---------------------------------------------------------------------------------------------
                                  0.000000    0.000000   clock clk (rise edge)
                                  0.000000    0.000000   clock source latency
     1    0.075250    0.410512    0.295800    0.295800 ^ clk (in)
                                                         clk (net)
                      0.412353    0.000000    0.295800 ^ clkbuf_0_clk/A (sky130_fd_sc_hd__clkbuf_16)
     8    0.161266    0.265939    0.521939    0.817738 ^ clkbuf_0_clk/X (sky130_fd_sc_hd__clkbuf_16)
                                                         clknet_0_clk (net)
                      0.267281    0.015398    0.833136 ^ clkbuf_3_2_0_clk/A (sky130_fd_sc_hd__clkbuf_16)
     4    0.065364    0.128777    0.361789    1.194926 ^ clkbuf_3_2_0_clk/X (sky130_fd_sc_hd__clkbuf_16)
                                                         clknet_3_2_0_clk (net)
                      0.130344    0.011064    1.205989 ^ clkbuf_5_10__f_clk/A (sky130_fd_sc_hd__clkbuf_16)
     6    0.025882    0.074889    0.257240    1.463229 ^ clkbuf_5_10__f_clk/X (sky130_fd_sc_hd__clkbuf_16)
                                                         clknet_5_10__leaf_clk (net)
                      0.074935    0.001581    1.464810 ^ _18494_/CLK (sky130_fd_sc_hd__dfrtp_2)
     2    0.077430    0.580978    1.094582    2.559392 ^ _18494_/Q (sky130_fd_sc_hd__dfrtp_2)
                                                         a_r[20] (net)
                      0.581444    0.014920    2.574312 ^ fanout1108/A (sky130_fd_sc_hd__buf_6)
     6    0.054994    0.187610    0.457494    3.031806 ^ fanout1108/X (sky130_fd_sc_hd__buf_6)
                                                         net1108 (net)
                      0.187697    0.004102    3.035908 ^ load_slew1109/A (sky130_fd_sc_hd__buf_4)
     8    0.109039    0.477007    0.555760    3.591668 ^ load_slew1109/X (sky130_fd_sc_hd__buf_4)
                                                         net1109 (net)
                      0.477489    0.012553    3.604221 ^ fanout1104/A (sky130_fd_sc_hd__buf_4)
     7    0.048745    0.226698    0.496001    4.100222 ^ fanout1104/X (sky130_fd_sc_hd__buf_4)
                                                         net1104 (net)
                      0.226780    0.004138    4.104360 ^ fanout1103/A (sky130_fd_sc_hd__clkbuf_4)
    10    0.060452    0.293444    0.482242    4.586602 ^ fanout1103/X (sky130_fd_sc_hd__clkbuf_4)
                                                         net1103 (net)
                      0.293491    0.003816    4.590418 ^ _12783_/A (sky130_fd_sc_hd__nand2_1)
     2    0.009903    0.192931    0.271369    4.861787 v _12783_/Y (sky130_fd_sc_hd__nand2_1)
                                                         _02954_ (net)
                      0.192931    0.000412    4.862199 v _12784_/C (sky130_fd_sc_hd__maj3_1)
     2    0.008083    0.189914    0.873469    5.735668 v _12784_/X (sky130_fd_sc_hd__maj3_1)
                                                         _02955_ (net)
                      0.189914    0.000228    5.735896 v _12787_/A (sky130_fd_sc_hd__maj3_1)
     2    0.008122    0.190259    0.872052    6.607947 v _12787_/X (sky130_fd_sc_hd__maj3_1)
                                                         _02958_ (net)
                      0.190259    0.000242    6.608189 v _12811_/A (sky130_fd_sc_hd__maj3_4)
     3    0.022390    0.164769    0.772490    7.380679 v _12811_/X (sky130_fd_sc_hd__maj3_4)
                                                         _02984_ (net)
                      0.164782    0.001621    7.382300 v _12813_/A (sky130_fd_sc_hd__xor3_1)
     2    0.010872    0.197878    0.846696    8.228996 v _12813_/X (sky130_fd_sc_hd__xor3_1)
                                                         _02987_ (net)
                      0.197878    0.000198    8.229195 v _12815_/A (sky130_fd_sc_hd__xnor2_2)
     2    0.008840    0.256440    0.354394    8.583589 ^ _12815_/Y (sky130_fd_sc_hd__xnor2_2)
                                                         _02989_ (net)
                      0.256440    0.000259    8.583848 ^ _12919_/A (sky130_fd_sc_hd__xor3_1)
     2    0.019450    0.266817    1.064110    9.647958 v _12919_/X (sky130_fd_sc_hd__xor3_1)
                                                         _03103_ (net)
                      0.266817    0.000938    9.648895 v _12964_/B (sky130_fd_sc_hd__maj3_4)
     2    0.010456    0.124964    0.720194   10.369089 v _12964_/X (sky130_fd_sc_hd__maj3_4)
                                                         _03153_ (net)
                      0.124964    0.000312   10.369401 v _12967_/A (sky130_fd_sc_hd__xnor2_1)
     1    0.004833    0.120139    0.262900   10.632300 v _12967_/Y (sky130_fd_sc_hd__xnor2_1)
                                                         _03156_ (net)
                      0.120139    0.000143   10.632443 v _13078_/B (sky130_fd_sc_hd__xnor2_1)
     2    0.011887    0.481253    0.459742   11.092186 ^ _13078_/Y (sky130_fd_sc_hd__xnor2_1)
                                                         _03278_ (net)
                      0.481254    0.000505   11.092691 ^ _13081_/B (sky130_fd_sc_hd__xnor2_2)
     2    0.007947    0.129077    0.265596   11.358287 v _13081_/Y (sky130_fd_sc_hd__xnor2_2)
                                                         _03281_ (net)
                      0.129077    0.000218   11.358504 v _13085_/A (sky130_fd_sc_hd__xor2_1)
     2    0.006136    0.149550    0.344266   11.702770 v _13085_/X (sky130_fd_sc_hd__xor2_1)
                                                         _03286_ (net)
                      0.149550    0.000143   11.702913 v _13190_/B1 (sky130_fd_sc_hd__o21ai_1)
     2    0.016974    0.573376    0.381750   12.084663 ^ _13190_/Y (sky130_fd_sc_hd__o21ai_1)
                                                         _03401_ (net)
                      0.573378    0.000994   12.085657 ^ _13191_/A1 (sky130_fd_sc_hd__o21ai_2)
     2    0.011645    0.159717    0.337532   12.423189 v _13191_/Y (sky130_fd_sc_hd__o21ai_2)
                                                         _03402_ (net)
                      0.159717    0.000480   12.423669 v _13193_/A2 (sky130_fd_sc_hd__a21oi_2)
     1    0.005478    0.172139    0.278886   12.702555 ^ _13193_/Y (sky130_fd_sc_hd__a21oi_2)
                                                         _03405_ (net)
                      0.172139    0.000174   12.702729 ^ _13194_/B1 (sky130_fd_sc_hd__o21ai_2)
     2    0.012751    0.134001    0.194304   12.897033 v _13194_/Y (sky130_fd_sc_hd__o21ai_2)
                                                         _03406_ (net)
                      0.134002    0.000695   12.897729 v _14054_/A3 (sky130_fd_sc_hd__a311oi_2)
     1    0.013119    0.541456    0.652789   13.550517 ^ _14054_/Y (sky130_fd_sc_hd__a311oi_2)
                                                         _04352_ (net)
                      0.541456    0.000864   13.551382 ^ wire293/A (sky130_fd_sc_hd__clkbuf_2)
     2    0.010841    0.113563    0.408300   13.959682 ^ wire293/X (sky130_fd_sc_hd__clkbuf_2)
                                                         net293 (net)
                      0.113563    0.000513   13.960196 ^ _14055_/B (sky130_fd_sc_hd__nor2_1)
     1    0.007412    0.089078    0.118006   14.078201 v _14055_/Y (sky130_fd_sc_hd__nor2_1)
                                                         _04353_ (net)
                      0.089078    0.000326   14.078527 v _14056_/C (sky130_fd_sc_hd__nor3_1)
     1    0.004740    0.333932    0.297096   14.375623 ^ _14056_/Y (sky130_fd_sc_hd__nor3_1)
                                                         _04354_ (net)
                      0.333932    0.000179   14.375802 ^ wire289/A (sky130_fd_sc_hd__clkbuf_2)
     3    0.013184    0.128169    0.344097   14.719899 ^ wire289/X (sky130_fd_sc_hd__clkbuf_2)
                                                         net289 (net)
                      0.128170    0.000608   14.720508 ^ _15556_/C1 (sky130_fd_sc_hd__o211ai_1)
     2    0.017539    0.466389    0.444761   15.165269 v _15556_/Y (sky130_fd_sc_hd__o211ai_1)
                                                         _06004_ (net)
                      0.466393    0.001176   15.166445 v _17146_/C (sky130_fd_sc_hd__nand4_1)
     1    0.013558    0.299668    0.459844   15.626288 ^ _17146_/Y (sky130_fd_sc_hd__nand4_1)
                                                         _07753_ (net)
                      0.299668    0.000883   15.627172 ^ wire281/A (sky130_fd_sc_hd__buf_6)
     3    0.032060    0.117750    0.312884   15.940055 ^ wire281/X (sky130_fd_sc_hd__buf_6)
                                                         net281 (net)
                      0.117892    0.003636   15.943691 ^ _17667_/A1 (sky130_fd_sc_hd__a211oi_4)
     2    0.014481    0.123337    0.152594   16.096285 v _17667_/Y (sky130_fd_sc_hd__a211oi_4)
                                                         _08326_ (net)
                      0.123339    0.000915   16.097200 v _17776_/A2 (sky130_fd_sc_hd__o21ai_2)
     2    0.012756    0.296750    0.318378   16.415579 ^ _17776_/Y (sky130_fd_sc_hd__o21ai_2)
                                                         _08446_ (net)
                      0.296750    0.000664   16.416243 ^ _17795_/A2 (sky130_fd_sc_hd__a21oi_2)
     2    0.011727    0.151068    0.236586   16.652828 v _17795_/Y (sky130_fd_sc_hd__a21oi_2)
                                                         _08467_ (net)
                      0.151068    0.000529   16.653358 v _17797_/A2 (sky130_fd_sc_hd__o21ai_2)
     2    0.008388    0.225037    0.274024   16.927383 ^ _17797_/Y (sky130_fd_sc_hd__o21ai_2)
                                                         _08469_ (net)
                      0.225037    0.000208   16.927591 ^ _17799_/B1 (sky130_fd_sc_hd__o21ai_2)
     1    0.008759    0.125864    0.192497   17.120087 v _17799_/Y (sky130_fd_sc_hd__o21ai_2)
                                                         _08471_ (net)
                      0.125864    0.000270   17.120358 v _17821_/B (sky130_fd_sc_hd__xnor2_2)
     2    0.013749    0.186031    0.318160   17.438517 v _17821_/Y (sky130_fd_sc_hd__xnor2_2)
                                                         net277 (net)
                      0.186031    0.000274   17.438791 v rebuffer1478/A (sky130_fd_sc_hd__buf_6)
     4    0.054571    0.103086    0.325032   17.763823 v rebuffer1478/X (sky130_fd_sc_hd__buf_6)
                                                         net1478 (net)
                      0.103286    0.004000   17.767824 v _17822_/A (sky130_fd_sc_hd__inv_4)
     4    0.061638    0.266687    0.251898   18.019722 ^ _17822_/Y (sky130_fd_sc_hd__inv_4)
                                                         _08496_ (net)
                      0.266727    0.002728   18.022449 ^ fanout254/A (sky130_fd_sc_hd__buf_4)
     4    0.036092    0.172928    0.373667   18.396116 ^ fanout254/X (sky130_fd_sc_hd__buf_4)
                                                         net254 (net)
                      0.173030    0.003903   18.400021 ^ load_slew255/A (sky130_fd_sc_hd__buf_6)
     7    0.063974    0.211435    0.327386   18.727406 ^ load_slew255/X (sky130_fd_sc_hd__buf_6)
                                                         net255 (net)
                      0.212562    0.012497   18.739902 ^ fanout252/A (sky130_fd_sc_hd__clkdlybuf4s50_1)
     2    0.008144    0.141582    0.914660   19.654564 ^ fanout252/X (sky130_fd_sc_hd__clkdlybuf4s50_1)
                                                         net252 (net)
                      0.141582    0.000098   19.654661 ^ load_slew253/A (sky130_fd_sc_hd__buf_6)
     8    0.069524    0.227761    0.326073   19.980734 ^ load_slew253/X (sky130_fd_sc_hd__buf_6)
                                                         net253 (net)
                      0.228511    0.010646   19.991381 ^ fanout251/A (sky130_fd_sc_hd__buf_12)
    10    0.073204    0.146787    0.312168   20.303549 ^ fanout251/X (sky130_fd_sc_hd__buf_12)
                                                         net251 (net)
                      0.147147    0.004956   20.308504 ^ _18119_/A1 (sky130_fd_sc_hd__o21a_4)
     2    0.018112    0.118606    0.321874   20.630379 ^ _18119_/X (sky130_fd_sc_hd__o21a_4)
                                                         _08822_ (net)
                      0.118607    0.000682   20.631060 ^ _18120_/B2 (sky130_fd_sc_hd__o221a_4)
     3    0.013969    0.120157    0.405946   21.037006 ^ _18120_/X (sky130_fd_sc_hd__o221a_4)
                                                         _08823_ (net)
                      0.120157    0.000441   21.037447 ^ _18123_/A2 (sky130_fd_sc_hd__o2111ai_2)
     2    0.007906    0.249365    0.289871   21.327318 v _18123_/Y (sky130_fd_sc_hd__o2111ai_2)
                                                         _08827_ (net)
                      0.249365    0.000304   21.327621 v _18131_/A1 (sky130_fd_sc_hd__a221o_1)
     2    0.022476    0.259733    0.829974   22.157595 v _18131_/X (sky130_fd_sc_hd__a221o_1)
                                                         _08835_ (net)
                      0.259738    0.001501   22.159096 v rebuffer1586/A (sky130_fd_sc_hd__buf_4)
     2    0.006974    0.051044    0.333028   22.492125 v rebuffer1586/X (sky130_fd_sc_hd__buf_4)
                                                         net1586 (net)
                      0.051044    0.000213   22.492338 v _18198_/A2 (sky130_fd_sc_hd__o21bai_1)
     2    0.006573    0.285285    0.280258   22.772594 ^ _18198_/Y (sky130_fd_sc_hd__o21bai_1)
                                                         _08909_ (net)
                      0.285285    0.000178   22.772772 ^ _18199_/A2 (sky130_fd_sc_hd__a21oi_1)
     3    0.010592    0.214856    0.303215   23.075989 v _18199_/Y (sky130_fd_sc_hd__a21oi_1)
                                                         _08910_ (net)
                      0.214856    0.000208   23.076197 v _18232_/A_N (sky130_fd_sc_hd__nand2b_2)
     2    0.052777    0.427031    0.710203   23.786400 v _18232_/Y (sky130_fd_sc_hd__nand2b_2)
                                                         _08947_ (net)
                      0.427031    0.001460   23.787859 v _18233_/D (sky130_fd_sc_hd__or4_4)
     1    0.005458    0.155904    0.960963   24.748823 v _18233_/X (sky130_fd_sc_hd__or4_4)
                                                         _08948_ (net)
                      0.155904    0.000187   24.749008 v _18299_/B (sky130_fd_sc_hd__nor3_2)
     1    0.010374    0.382999    0.415927   25.164936 ^ _18299_/Y (sky130_fd_sc_hd__nor3_2)
                                                         _09020_ (net)
                      0.382999    0.000624   25.165560 ^ wire203/A (sky130_fd_sc_hd__clkbuf_2)
     1    0.017104    0.158553    0.386271   25.551830 ^ wire203/X (sky130_fd_sc_hd__clkbuf_2)
                                                         net203 (net)
                      0.158561    0.001325   25.553156 ^ _18308_/C (sky130_fd_sc_hd__nand4_1)
     1    0.014040    0.522181    0.486008   26.039164 v _18308_/Y (sky130_fd_sc_hd__nand4_1)
                                                         _09030_ (net)
                      0.522181    0.000668   26.039831 v _18348_/A3 (sky130_fd_sc_hd__o41ai_4)
     1    0.010872    0.482865    0.729473   26.769304 ^ _18348_/Y (sky130_fd_sc_hd__o41ai_4)
                                                         _09074_ (net)
                      0.482865    0.000643   26.769947 ^ _18390_/A3 (sky130_fd_sc_hd__a41o_1)
     2    0.015179    0.245875    0.637662   27.407610 ^ _18390_/X (sky130_fd_sc_hd__a41o_1)
                                                         _09120_ (net)
                      0.245875    0.000785   27.408394 ^ load_slew189/A (sky130_fd_sc_hd__buf_6)
     4    0.071724    0.234947    0.372618   27.781012 ^ load_slew189/X (sky130_fd_sc_hd__buf_6)
                                                         net189 (net)
                      0.236680    0.016323   27.797335 ^ fanout183/A (sky130_fd_sc_hd__buf_6)
    10    0.061698    0.203844    0.353687   28.151022 ^ fanout183/X (sky130_fd_sc_hd__buf_6)
                                                         net183 (net)
                      0.203844    0.001076   28.152098 ^ _18397_/A (sky130_fd_sc_hd__nand2_1)
     1    0.045001    0.727099    0.640101   28.792200 v _18397_/Y (sky130_fd_sc_hd__nand2_1)
                                                         fixed_pkg::s_narrow48$func$/headless/otolith/hdl/rtl/fixed_pkg.sv:130$9.$unnamed_block$1.sat (net)
                      0.727266    0.009340   28.801540 v _18473_/D (sky130_fd_sc_hd__dfrtp_1)
                                             28.801540   data arrival time

                                 10.000000   10.000000   clock clk (rise edge)
                                  0.000000   10.000000   clock source latency
     1    0.075250    0.410512    0.295800   10.295800 ^ clk (in)
                                                         clk (net)
                      0.412353    0.000000   10.295800 ^ clkbuf_0_clk/A (sky130_fd_sc_hd__clkbuf_16)
     8    0.161266    0.265939    0.521938   10.817739 ^ clkbuf_0_clk/X (sky130_fd_sc_hd__clkbuf_16)
                                                         clknet_0_clk (net)
                      0.267301    0.015511   10.833249 ^ clkbuf_3_3_0_clk/A (sky130_fd_sc_hd__clkbuf_16)
     4    0.068194    0.132644    0.366217   11.199467 ^ clkbuf_3_3_0_clk/X (sky130_fd_sc_hd__clkbuf_16)
                                                         clknet_3_3_0_clk (net)
                      0.133381    0.006959   11.206426 ^ clkbuf_5_14__f_clk/A (sky130_fd_sc_hd__clkbuf_16)
     6    0.037376    0.090847    0.274572   11.480998 ^ clkbuf_5_14__f_clk/X (sky130_fd_sc_hd__clkbuf_16)
                                                         clknet_5_14__leaf_clk (net)
                      0.090927    0.002438   11.483436 ^ _18473_/CLK (sky130_fd_sc_hd__dfrtp_1)
                                 -0.250000   11.233436   clock uncertainty
                                  0.000000   11.233436   clock reconvergence pessimism
                                 -0.545000   10.688436   library setup time
                                             10.688436   data required time
---------------------------------------------------------------------------------------------
                                             10.688436   data required time
                                            -28.801540   data arrival time
---------------------------------------------------------------------------------------------
                                            -18.113104   slack (VIOLATED)




===========================================================================
 report_check_types -max_slew -max_cap -max_fanout -violators
============================================================================
======================= nom_ss_100C_1v60 Corner ===================================

max slew

Pin                                        Limit        Slew       Slack
------------------------------------------------------------------------
_17723_/A                               0.750000    1.534427   -0.784427 (VIOLATED)
fanout324/A                             0.750000    1.534425   -0.784425 (VIOLATED)
_17587_/A                               0.750000    1.534421   -0.784421 (VIOLATED)
_17591_/A                               0.750000    1.534422   -0.784422 (VIOLATED)
_17599_/A                               0.750000    1.534419   -0.784419 (VIOLATED)
_09263_/Y                               0.750000    1.534410   -0.784410 (VIOLATED)
fanout320/A                             0.750000    1.534410   -0.784410 (VIOLATED)
_18415_/A1                              0.750000    1.153165   -0.403165 (VIOLATED)
_18268_/D                               0.750000    1.153158   -0.403158 (VIOLATED)
_18249_/Y                               0.750000    1.152937   -0.402937 (VIOLATED)
_18272_/A                               0.750000    1.090943   -0.340943 (VIOLATED)
_18409_/A1                              0.750000    1.090943   -0.340943 (VIOLATED)
_18248_/X                               0.750000    1.090925   -0.340925 (VIOLATED)
_18307_/D                               0.750000    1.048813   -0.298813 (VIOLATED)
_18446_/A1                              0.750000    1.048809   -0.298809 (VIOLATED)
_18306_/Y                               0.750000    1.048801   -0.298801 (VIOLATED)
output108/A                             0.750000    0.998939   -0.248939 (VIOLATED)
_18590_/Q                               0.750000    0.998271   -0.248271 (VIOLATED)
_16307_/A                               0.750000    0.970910   -0.220910 (VIOLATED)
_16628_/B                               0.750000    0.970910   -0.220910 (VIOLATED)
_16305_/Y                               0.750000    0.970903   -0.220903 (VIOLATED)
_10431_/Y                               0.750000    0.968956   -0.218956 (VIOLATED)
_10433_/C                               0.750000    0.968956   -0.218956 (VIOLATED)
_10671_/A                               0.750000    0.968956   -0.218956 (VIOLATED)
_17623_/A                               0.750000    0.965440   -0.215440 (VIOLATED)
_09540_/A                               0.750000    0.965439   -0.215439 (VIOLATED)
_09529_/Y                               0.750000    0.965431   -0.215431 (VIOLATED)
_18184_/Y                               0.750000    0.959548   -0.209548 (VIOLATED)
_18185_/B                               0.750000    0.959548   -0.209548 (VIOLATED)
_18359_/A2                              0.750000    0.959548   -0.209548 (VIOLATED)
_18382_/A2                              0.750000    0.959548   -0.209548 (VIOLATED)
_12029_/B                               0.750000    0.958942   -0.208942 (VIOLATED)
_12028_/A1                              0.750000    0.958939   -0.208939 (VIOLATED)
_12024_/Y                               0.750000    0.958922   -0.208922 (VIOLATED)
wire208/A                               0.750000    0.945978   -0.195978 (VIOLATED)
_18346_/Y                               0.750000    0.945971   -0.195971 (VIOLATED)
_18347_/D                               0.750000    0.945971   -0.195971 (VIOLATED)
_18411_/A1                              0.750000    0.943228   -0.193228 (VIOLATED)
_18288_/B                               0.750000    0.943227   -0.193227 (VIOLATED)
_18281_/Y                               0.750000    0.943215   -0.193215 (VIOLATED)
_18026_/B                               0.750000    0.942737   -0.192737 (VIOLATED)
_18282_/A2                              0.750000    0.942736   -0.192736 (VIOLATED)
_18014_/Y                               0.750000    0.942734   -0.192734 (VIOLATED)
_18015_/A                               0.750000    0.942734   -0.192734 (VIOLATED)
_18269_/A2                              0.750000    0.942734   -0.192734 (VIOLATED)
fanout392/A                             0.750000    0.942545   -0.192545 (VIOLATED)
fanout393/A                             0.750000    0.942513   -0.192513 (VIOLATED)
_18569_/Q                               0.750000    0.941905   -0.191905 (VIOLATED)
fanout397/A                             0.750000    0.941905   -0.191905 (VIOLATED)
_10786_/Y                               0.750000    0.929456   -0.179456 (VIOLATED)
_10788_/C                               0.750000    0.929456   -0.179456 (VIOLATED)
_10791_/A                               0.750000    0.929456   -0.179456 (VIOLATED)
_10090_/Y                               0.750000    0.917301   -0.167301 (VIOLATED)
_10092_/C                               0.750000    0.917301   -0.167301 (VIOLATED)
_10315_/A                               0.750000    0.917301   -0.167301 (VIOLATED)
_14489_/Y                               0.750000    0.907705   -0.157705 (VIOLATED)
_14491_/A                               0.750000    0.907705   -0.157705 (VIOLATED)
_14554_/A                               0.750000    0.907705   -0.157705 (VIOLATED)
_17906_/B                               0.750000    0.894039   -0.144039 (VIOLATED)
_17916_/A2                              0.750000    0.894039   -0.144039 (VIOLATED)
_17905_/Y                               0.750000    0.894037   -0.144037 (VIOLATED)
_18424_/A2                              0.750000    0.887343   -0.137343 (VIOLATED)
_18423_/A2                              0.750000    0.887343   -0.137343 (VIOLATED)
_18420_/A2                              0.750000    0.887341   -0.137341 (VIOLATED)
_18426_/A2                              0.750000    0.887341   -0.137341 (VIOLATED)
_18416_/A2                              0.750000    0.887340   -0.137340 (VIOLATED)
_18427_/A2                              0.750000    0.887339   -0.137339 (VIOLATED)
_18432_/A2                              0.750000    0.887339   -0.137339 (VIOLATED)
_18417_/A2                              0.750000    0.887338   -0.137338 (VIOLATED)
_18418_/A_N                             0.750000    0.887338   -0.137338 (VIOLATED)
_18430_/A2                              0.750000    0.887338   -0.137338 (VIOLATED)
fanout190/X                             0.750000    0.887338   -0.137338 (VIOLATED)
_18303_/B                               0.750000    0.880829   -0.130829 (VIOLATED)
_18057_/X                               0.750000    0.880828   -0.130828 (VIOLATED)
_18058_/C                               0.750000    0.880828   -0.130828 (VIOLATED)
_18313_/A2                              0.750000    0.880828   -0.130828 (VIOLATED)
fanout603/A                             0.750000    0.877067   -0.127067 (VIOLATED)
fanout597/A                             0.750000    0.876968   -0.126968 (VIOLATED)
fanout599/A                             0.750000    0.876966   -0.126966 (VIOLATED)
_18543_/Q                               0.750000    0.876954   -0.126954 (VIOLATED)
_14550_/Y                               0.750000    0.869611   -0.119611 (VIOLATED)
_14552_/A                               0.750000    0.869611   -0.119611 (VIOLATED)
_14565_/A                               0.750000    0.869611   -0.119611 (VIOLATED)
_12154_/B                               0.750000    0.866672   -0.116672 (VIOLATED)
_12631_/B                               0.750000    0.866665   -0.116665 (VIOLATED)
_12153_/B                               0.750000    0.866636   -0.116636 (VIOLATED)
_12508_/B                               0.750000    0.866631   -0.116631 (VIOLATED)
_12843_/D                               0.750000    0.866622   -0.116622 (VIOLATED)
_12850_/B1                              0.750000    0.866622   -0.116622 (VIOLATED)
_12947_/C                               0.750000    0.866622   -0.116622 (VIOLATED)
_12955_/A2                              0.750000    0.866622   -0.116622 (VIOLATED)
fanout675/X                             0.750000    0.866622   -0.116622 (VIOLATED)
_14268_/B                               0.750000    0.865100   -0.115100 (VIOLATED)
_14355_/B                               0.750000    0.865100   -0.115100 (VIOLATED)
_14267_/Y                               0.750000    0.865095   -0.115095 (VIOLATED)
_17930_/B                               0.750000    0.857192   -0.107192 (VIOLATED)
_17929_/Y                               0.750000    0.857191   -0.107191 (VIOLATED)
_17942_/A1                              0.750000    0.857191   -0.107191 (VIOLATED)
_14615_/Y                               0.750000    0.856709   -0.106709 (VIOLATED)
_14617_/B1                              0.750000    0.856709   -0.106709 (VIOLATED)
_14623_/A                               0.750000    0.856709   -0.106709 (VIOLATED)
_15473_/Y                               0.750000    0.856469   -0.106469 (VIOLATED)
_15475_/C                               0.750000    0.856469   -0.106469 (VIOLATED)
_15484_/A                               0.750000    0.856469   -0.106469 (VIOLATED)
_15382_/Y                               0.750000    0.854299   -0.104299 (VIOLATED)
_15384_/C                               0.750000    0.854299   -0.104299 (VIOLATED)
_15394_/A                               0.750000    0.854299   -0.104299 (VIOLATED)
_15437_/Y                               0.750000    0.850095   -0.100095 (VIOLATED)
_15439_/C                               0.750000    0.850095   -0.100095 (VIOLATED)
_15449_/A                               0.750000    0.850095   -0.100095 (VIOLATED)
_15495_/Y                               0.750000    0.840614   -0.090615 (VIOLATED)
_15497_/C                               0.750000    0.840614   -0.090615 (VIOLATED)
_15506_/A                               0.750000    0.840614   -0.090615 (VIOLATED)
_09543_/B                               0.750000    0.840265   -0.090265 (VIOLATED)
_09305_/B                               0.750000    0.840263   -0.090263 (VIOLATED)
_09306_/A1                              0.750000    0.840261   -0.090261 (VIOLATED)
_17473_/B                               0.750000    0.840246   -0.090246 (VIOLATED)
_17261_/B                               0.750000    0.840223   -0.090223 (VIOLATED)
_17234_/B                               0.750000    0.840209   -0.090209 (VIOLATED)
_17199_/B                               0.750000    0.840204   -0.090204 (VIOLATED)
_16736_/B                               0.750000    0.840198   -0.090198 (VIOLATED)
_16505_/A                               0.750000    0.840194   -0.090194 (VIOLATED)
_16708_/A                               0.750000    0.840194   -0.090194 (VIOLATED)
fanout1020/X                            0.750000    0.840194   -0.090194 (VIOLATED)
_17915_/Y                               0.750000    0.833169   -0.083169 (VIOLATED)
_17916_/B2                              0.750000    0.833169   -0.083169 (VIOLATED)
_18226_/B1                              0.750000    0.833169   -0.083169 (VIOLATED)
_16990_/A                               0.750000    0.830058   -0.080058 (VIOLATED)
_16991_/B                               0.750000    0.830058   -0.080058 (VIOLATED)
_16921_/Y                               0.750000    0.830055   -0.080055 (VIOLATED)
_18100_/B                               0.750000    0.827797   -0.077797 (VIOLATED)
_18120_/A2                              0.750000    0.827796   -0.077796 (VIOLATED)
_18099_/Y                               0.750000    0.827791   -0.077791 (VIOLATED)
_18145_/B                               0.750000    0.820505   -0.070505 (VIOLATED)
_18144_/B                               0.750000    0.820505   -0.070505 (VIOLATED)
_18172_/A2                              0.750000    0.820503   -0.070503 (VIOLATED)
_18143_/Y                               0.750000    0.820502   -0.070502 (VIOLATED)
_10423_/C                               0.750000    0.817358   -0.067358 (VIOLATED)
_10308_/C                               0.750000    0.817358   -0.067358 (VIOLATED)
_10307_/Y                               0.750000    0.817353   -0.067353 (VIOLATED)
_09547_/A                               0.750000    0.813480   -0.063480 (VIOLATED)
_09548_/A                               0.750000    0.813480   -0.063480 (VIOLATED)
_09528_/Y                               0.750000    0.813475   -0.063475 (VIOLATED)
fanout363/A                             0.750000    0.810055   -0.060055 (VIOLATED)
fanout361/A                             0.750000    0.810052   -0.060052 (VIOLATED)
_09261_/Y                               0.750000    0.810049   -0.060049 (VIOLATED)
_18247_/A                               0.750000    0.809865   -0.059865 (VIOLATED)
max_cap225/A                            0.750000    0.809857   -0.059857 (VIOLATED)
_18237_/Y                               0.750000    0.809851   -0.059851 (VIOLATED)
wire222/A                               0.750000    0.809581   -0.059581 (VIOLATED)
_18247_/B                               0.750000    0.809574   -0.059574 (VIOLATED)
_18239_/X                               0.750000    0.809573   -0.059573 (VIOLATED)
_15090_/A                               0.750000    0.809155   -0.059155 (VIOLATED)
_15089_/A                               0.750000    0.809154   -0.059154 (VIOLATED)
_15062_/Y                               0.750000    0.809151   -0.059151 (VIOLATED)
_18468_/B                               0.750000    0.803649   -0.053649 (VIOLATED)
_18210_/X                               0.750000    0.803643   -0.053643 (VIOLATED)
_18308_/A                               0.750000    0.803643   -0.053643 (VIOLATED)
_09304_/B                               0.750000    0.803198   -0.053198 (VIOLATED)
_09305_/C                               0.750000    0.803197   -0.053197 (VIOLATED)
_09306_/A2                              0.750000    0.803197   -0.053197 (VIOLATED)
_17475_/B1                              0.750000    0.803178   -0.053178 (VIOLATED)
_17283_/B                               0.750000    0.803174   -0.053174 (VIOLATED)
_17262_/B                               0.750000    0.803155   -0.053155 (VIOLATED)
_17235_/B                               0.750000    0.803153   -0.053153 (VIOLATED)
_16709_/B                               0.750000    0.803148   -0.053148 (VIOLATED)
_16737_/B                               0.750000    0.803148   -0.053148 (VIOLATED)
_17200_/B                               0.750000    0.803148   -0.053148 (VIOLATED)
fanout1037/X                            0.750000    0.803148   -0.053148 (VIOLATED)
_17971_/X                               0.750000    0.802971   -0.052971 (VIOLATED)
_17972_/B                               0.750000    0.802971   -0.052971 (VIOLATED)
_17991_/A2                              0.750000    0.802971   -0.052971 (VIOLATED)
_18236_/B                               0.750000    0.802971   -0.052971 (VIOLATED)
output130/A                             0.750000    0.801529   -0.051529 (VIOLATED)
_18610_/Q                               0.750000    0.801357   -0.051357 (VIOLATED)
_10202_/C                               0.750000    0.800652   -0.050652 (VIOLATED)
_12080_/C                               0.750000    0.800652   -0.050652 (VIOLATED)
_10201_/Y                               0.750000    0.800647   -0.050647 (VIOLATED)
_16578_/B                               0.750000    0.800247   -0.050247 (VIOLATED)
_16799_/B                               0.750000    0.800246   -0.050246 (VIOLATED)
_16564_/Y                               0.750000    0.800242   -0.050243 (VIOLATED)
_17069_/C                               0.750000    0.799724   -0.049724 (VIOLATED)
_17094_/C                               0.750000    0.799723   -0.049723 (VIOLATED)
_17068_/Y                               0.750000    0.799719   -0.049719 (VIOLATED)
output120/A                             0.750000    0.798848   -0.048848 (VIOLATED)
_18601_/Q                               0.750000    0.798650   -0.048650 (VIOLATED)
fanout1443/A                            0.750000    0.797481   -0.047482 (VIOLATED)
_18558_/RESET_B                         0.750000    0.797467   -0.047467 (VIOLATED)
_18559_/RESET_B                         0.750000    0.797458   -0.047458 (VIOLATED)
_18560_/RESET_B                         0.750000    0.797438   -0.047438 (VIOLATED)
_18561_/RESET_B                         0.750000    0.797438   -0.047438 (VIOLATED)
_18562_/RESET_B                         0.750000    0.797438   -0.047438 (VIOLATED)
fanout1445/X                            0.750000    0.797438   -0.047438 (VIOLATED)
output142/A                             0.750000    0.796813   -0.046813 (VIOLATED)
_18621_/Q                               0.750000    0.796652   -0.046652 (VIOLATED)
_17126_/A                               0.750000    0.795726   -0.045726 (VIOLATED)
_17125_/B_N                             0.750000    0.795726   -0.045726 (VIOLATED)
_17114_/Y                               0.750000    0.795722   -0.045722 (VIOLATED)
_18113_/Y                               0.750000    0.793759   -0.043759 (VIOLATED)
_18114_/C                               0.750000    0.793759   -0.043759 (VIOLATED)
_18274_/B                               0.750000    0.793759   -0.043759 (VIOLATED)
_18296_/A2                              0.750000    0.793759   -0.043759 (VIOLATED)
_18322_/A1                              0.750000    0.793759   -0.043759 (VIOLATED)
_16745_/B                               0.750000    0.792256   -0.042256 (VIOLATED)
_16744_/B                               0.750000    0.792255   -0.042255 (VIOLATED)
_16733_/B                               0.750000    0.792249   -0.042249 (VIOLATED)
_16479_/B                               0.750000    0.792237   -0.042237 (VIOLATED)
_16478_/B                               0.750000    0.792233   -0.042233 (VIOLATED)
_16435_/B                               0.750000    0.792225   -0.042225 (VIOLATED)
_16267_/A                               0.750000    0.792206   -0.042206 (VIOLATED)
_16268_/A                               0.750000    0.792193   -0.042193 (VIOLATED)
_15763_/B                               0.750000    0.792189   -0.042189 (VIOLATED)
_15884_/B                               0.750000    0.792189   -0.042189 (VIOLATED)
fanout474/X                             0.750000    0.792189   -0.042189 (VIOLATED)
_16512_/B                               0.750000    0.791448   -0.041448 (VIOLATED)
_16513_/B                               0.750000    0.791445   -0.041445 (VIOLATED)
_16502_/B                               0.750000    0.791441   -0.041441 (VIOLATED)
_16387_/B                               0.750000    0.791432   -0.041432 (VIOLATED)
_16388_/B                               0.750000    0.791422   -0.041422 (VIOLATED)
_16282_/B                               0.750000    0.791412   -0.041412 (VIOLATED)
_15828_/B                               0.750000    0.791395   -0.041395 (VIOLATED)
_15886_/B1                              0.750000    0.791389   -0.041389 (VIOLATED)
_15827_/B                               0.750000    0.791388   -0.041388 (VIOLATED)
_15755_/B                               0.750000    0.791387   -0.041387 (VIOLATED)
fanout489/X                             0.750000    0.791387   -0.041387 (VIOLATED)
_11128_/C                               0.750000    0.786565   -0.036565 (VIOLATED)
_11003_/C                               0.750000    0.786565   -0.036565 (VIOLATED)
_11002_/Y                               0.750000    0.786561   -0.036561 (VIOLATED)
_11666_/B                               0.750000    0.785706   -0.035706 (VIOLATED)
_11672_/B                               0.750000    0.785706   -0.035706 (VIOLATED)
_11589_/Y                               0.750000    0.785699   -0.035699 (VIOLATED)
_14720_/Y                               0.750000    0.784724   -0.034724 (VIOLATED)
_14722_/C                               0.750000    0.784724   -0.034724 (VIOLATED)
_14723_/A                               0.750000    0.784724   -0.034724 (VIOLATED)
_17965_/Y                               0.750000    0.784496   -0.034496 (VIOLATED)
_18331_/A1                              0.750000    0.784496   -0.034496 (VIOLATED)
_18335_/A                               0.750000    0.784496   -0.034496 (VIOLATED)
_14832_/Y                               0.750000    0.782672   -0.032672 (VIOLATED)
_14833_/B                               0.750000    0.782672   -0.032672 (VIOLATED)
_14834_/B                               0.750000    0.782672   -0.032672 (VIOLATED)
wire211/A                               0.750000    0.781454   -0.031454 (VIOLATED)
_18301_/Y                               0.750000    0.781452   -0.031453 (VIOLATED)
_18307_/A                               0.750000    0.781452   -0.031453 (VIOLATED)
_17228_/B                               0.750000    0.781239   -0.031239 (VIOLATED)
_16747_/B                               0.750000    0.781239   -0.031239 (VIOLATED)
_17229_/B                               0.750000    0.781238   -0.031238 (VIOLATED)
_16505_/B                               0.750000    0.781229   -0.031230 (VIOLATED)
_16506_/B                               0.750000    0.781222   -0.031222 (VIOLATED)
_16477_/A                               0.750000    0.781219   -0.031219 (VIOLATED)
_16325_/A                               0.750000    0.781213   -0.031213 (VIOLATED)
_16326_/A                               0.750000    0.781196   -0.031196 (VIOLATED)
_15834_/B                               0.750000    0.781193   -0.031193 (VIOLATED)
_16266_/B                               0.750000    0.781193   -0.031193 (VIOLATED)
fanout468/X                             0.750000    0.781193   -0.031193 (VIOLATED)
_09937_/A                               0.750000    0.780555   -0.030555 (VIOLATED)
_09985_/B2                              0.750000    0.780555   -0.030555 (VIOLATED)
_10295_/A                               0.750000    0.780553   -0.030553 (VIOLATED)
_10406_/A                               0.750000    0.780549   -0.030549 (VIOLATED)
_10296_/A                               0.750000    0.780542   -0.030542 (VIOLATED)
_09938_/A                               0.750000    0.780535   -0.030535 (VIOLATED)
_10533_/B2                              0.750000    0.780520   -0.030520 (VIOLATED)
_10405_/A                               0.750000    0.780519   -0.030519 (VIOLATED)
_10637_/A                               0.750000    0.780519   -0.030519 (VIOLATED)
_10638_/A                               0.750000    0.780519   -0.030519 (VIOLATED)
fanout1392/X                            0.750000    0.780519   -0.030519 (VIOLATED)
_15311_/A                               0.750000    0.777520   -0.027520 (VIOLATED)
_15309_/A                               0.750000    0.777519   -0.027519 (VIOLATED)
_15225_/Y                               0.750000    0.777516   -0.027516 (VIOLATED)
_18013_/B                               0.750000    0.773458   -0.023458 (VIOLATED)
_18014_/B                               0.750000    0.773458   -0.023458 (VIOLATED)
_18012_/Y                               0.750000    0.773453   -0.023453 (VIOLATED)
fanout412/A                             0.750000    0.771099   -0.021099 (VIOLATED)
fanout416/A                             0.750000    0.770983   -0.020983 (VIOLATED)
_18566_/Q                               0.750000    0.770980   -0.020980 (VIOLATED)
fanout414/A                             0.750000    0.770980   -0.020980 (VIOLATED)
_11808_/Y                               0.750000    0.765848   -0.015848 (VIOLATED)
_11810_/A1                              0.750000    0.765848   -0.015848 (VIOLATED)
_11904_/A                               0.750000    0.765848   -0.015848 (VIOLATED)
_12095_/A                               0.750000    0.763160   -0.013160 (VIOLATED)
_12096_/A                               0.750000    0.763160   -0.013160 (VIOLATED)
_12094_/B1                              0.750000    0.763159   -0.013159 (VIOLATED)
_12071_/Y                               0.750000    0.763156   -0.013156 (VIOLATED)
_16431_/B                               0.750000    0.762977   -0.012977 (VIOLATED)
_16432_/B                               0.750000    0.762972   -0.012972 (VIOLATED)
_16291_/B                               0.750000    0.762968   -0.012968 (VIOLATED)
_15875_/B                               0.750000    0.762955   -0.012955 (VIOLATED)
_15817_/B                               0.750000    0.762950   -0.012950 (VIOLATED)
_15876_/B                               0.750000    0.762946   -0.012946 (VIOLATED)
_15580_/B                               0.750000    0.762943   -0.012943 (VIOLATED)
_15581_/B                               0.750000    0.762943   -0.012943 (VIOLATED)
_15583_/B                               0.750000    0.762943   -0.012943 (VIOLATED)
_15584_/B1                              0.750000    0.762943   -0.012943 (VIOLATED)
fanout516/X                             0.750000    0.762943   -0.012943 (VIOLATED)
_09976_/A                               0.750000    0.760267   -0.010267 (VIOLATED)
_09985_/A1                              0.750000    0.760266   -0.010266 (VIOLATED)
_09598_/A                               0.750000    0.760264   -0.010264 (VIOLATED)
_10406_/B                               0.750000    0.760260   -0.010261 (VIOLATED)
_10296_/B                               0.750000    0.760254   -0.010254 (VIOLATED)
_09938_/B                               0.750000    0.760246   -0.010246 (VIOLATED)
_10533_/A1                              0.750000    0.760233   -0.010233 (VIOLATED)
_10294_/A                               0.750000    0.760228   -0.010228 (VIOLATED)
_10525_/A                               0.750000    0.760224   -0.010224 (VIOLATED)
_10636_/A                               0.750000    0.760224   -0.010224 (VIOLATED)
fanout1415/X                            0.750000    0.760224   -0.010224 (VIOLATED)
wire314/A                               0.750000    0.760028   -0.010028 (VIOLATED)
_17804_/Y                               0.750000    0.760021   -0.010021 (VIOLATED)
_10178_/A                               0.750000    0.757679   -0.007679 (VIOLATED)
_10076_/A                               0.750000    0.757676   -0.007676 (VIOLATED)
_09911_/A                               0.750000    0.757675   -0.007675 (VIOLATED)
_09894_/A                               0.750000    0.757672   -0.007672 (VIOLATED)
_09897_/A                               0.750000    0.757666   -0.007666 (VIOLATED)
_09900_/A                               0.750000    0.757657   -0.007657 (VIOLATED)
_09930_/A                               0.750000    0.757649   -0.007649 (VIOLATED)
_09970_/A                               0.750000    0.757649   -0.007649 (VIOLATED)
_10287_/A                               0.750000    0.757649   -0.007649 (VIOLATED)
_10398_/A                               0.750000    0.757649   -0.007649 (VIOLATED)
fanout1302/X                            0.750000    0.757649   -0.007649 (VIOLATED)
_12372_/C                               0.750000    0.752537   -0.002537 (VIOLATED)
_12418_/C                               0.750000    0.752536   -0.002536 (VIOLATED)
_12371_/Y                               0.750000    0.752533   -0.002533 (VIOLATED)
_17080_/B                               0.750000    0.751130   -0.001130 (VIOLATED)
_17081_/B                               0.750000    0.751130   -0.001130 (VIOLATED)
_17078_/Y                               0.750000    0.751124   -0.001124 (VIOLATED)
_14375_/B1                              0.750000    0.750795   -0.000795 (VIOLATED)
_14438_/B                               0.750000    0.750794   -0.000794 (VIOLATED)
_14117_/B                               0.750000    0.750782   -0.000782 (VIOLATED)
_14501_/B1                              0.750000    0.750777   -0.000777 (VIOLATED)
_14367_/D                               0.750000    0.750777   -0.000777 (VIOLATED)
_14568_/B                               0.750000    0.750764   -0.000764 (VIOLATED)
_14366_/B                               0.750000    0.750760   -0.000760 (VIOLATED)
_14510_/B                               0.750000    0.750759   -0.000759 (VIOLATED)
_14576_/D                               0.750000    0.750759   -0.000759 (VIOLATED)
_14628_/B1                              0.750000    0.750759   -0.000759 (VIOLATED)
fanout901/X                             0.750000    0.750759   -0.000759 (VIOLATED)

max capacitance

Pin                                        Limit         Cap       Slack
------------------------------------------------------------------------
_09263_/Y                               0.040293    0.043467   -0.003174 (VIOLATED)



===========================================================================
report_parasitic_annotation -report_unannotated
============================================================================
Found 10 unannotated drivers.
 clkload0/X
 clkload1/X
 clkload2/X
 clkload3/X
 clkload4/X
 clkload5/X
 clkload6/X
 clkload7/X
 clkload8/X
 clkload9/X
Found 0 partially unannotated drivers.

===========================================================================
max slew violation count 334
max fanout violation count 0
max cap violation count 1
============================================================================

===========================================================================
check_setup -verbose -unconstrained_endpoints -multiple_clock -no_clock -no_input_delay -loops -generated_clocks
===========================================================================
