Clock: clk
Sources: clk 
Generated: no
Virtual: yes
Propagated: no
Period: 10.000000

===========================================================================
report_clock_properties
============================================================================
Clock                   Period          Waveform
----------------------------------------------------
clk                  10.000000    0.000000  5.000000

===========================================================================
report_clock_latency
============================================================================
Clock clk
rise -> rise
    min     max
0.000000 0.000000 source latency
1.452356         network latency _18551_/CLK
        1.580604 network latency _18539_/CLK
---------------
1.452356 1.580604 latency
        0.128248 skew

fall -> fall
    min     max
0.000000 0.000000 source latency
1.620097         network latency _18551_/CLK
        1.718144 network latency _18539_/CLK
---------------
1.620097 1.718144 latency
        0.098046 skew



===========================================================================
report_clock_min_period
============================================================================
clk period_min = 28.11 fmax = 35.57
