
===========================================================================
 report_power
============================================================================
======================= nom_ss_100C_1v60 Corner ===================================

Group                    Internal    Switching      Leakage        Total
                            Power        Power        Power        Power (Watts)
------------------------------------------------------------------------
Sequential           1.101664e-03 1.609603e-04 3.101060e-06 1.265725e-03   0.7%
Combinational        7.733204e-02 1.021331e-01 6.298375e-05 1.795282e-01  98.7%
Clock                5.979291e-04 4.550832e-04 9.628448e-07 1.053975e-03   0.6%
Macro                0.000000e+00 0.000000e+00 0.000000e+00 0.000000e+00   0.0%
Pad                  0.000000e+00 0.000000e+00 0.000000e+00 0.000000e+00   0.0%
------------------------------------------------------------------------
Total                7.903160e-02 1.027491e-01 6.704745e-05 1.818478e-01 100.0%
                            43.5%        56.5%         0.0%

