
===========================================================================
report_checks -unconstrained
===========================================================================
======================= min_tt_025C_1v80 Corner ===================================

Startpoint: rst_n (input port clocked by clk)
Endpoint: _18555_ (recovery check against rising-edge clock clk)
Path Group: asynchronous
Path Type: max

Fanout         Cap        Slew       Delay        Time   Description
---------------------------------------------------------------------------------------------
                                  0.000000    0.000000   clock clk (rise edge)
                                  0.000000    0.000000   clock network delay (propagated)
                                  2.000000    2.000000 ^ input external delay
     1    0.003002    0.020600    0.011009    2.011009 ^ rst_n (in)
                                                         rst_n (net)
                      0.020600    0.000000    2.011009 ^ input97/A (sky130_fd_sc_hd__buf_2)
     1    0.004044    0.032090    0.086790    2.097799 ^ input97/X (sky130_fd_sc_hd__buf_2)
                                                         net97 (net)
                      0.032090    0.000060    2.097859 ^ fanout1475/A (sky130_fd_sc_hd__clkdlybuf4s50_1)
     3    0.020868    0.210819    0.588077    2.685936 ^ fanout1475/X (sky130_fd_sc_hd__clkdlybuf4s50_1)
                                                         net1475 (net)
                      0.210820    0.000937    2.686873 ^ fanout1448/A (sky130_fd_sc_hd__clkdlybuf4s50_1)
     2    0.019703    0.200184    0.635419    3.322292 ^ fanout1448/X (sky130_fd_sc_hd__clkdlybuf4s50_1)
                                                         net1448 (net)
                      0.200184    0.000526    3.322818 ^ wire1450/A (sky130_fd_sc_hd__buf_4)
     4    0.064868    0.182598    0.258380    3.581198 ^ wire1450/X (sky130_fd_sc_hd__buf_4)
                                                         net1450 (net)
                      0.183224    0.008723    3.589920 ^ load_slew1449/A (sky130_fd_sc_hd__buf_4)
     1    0.048251    0.139854    0.223782    3.813702 ^ load_slew1449/X (sky130_fd_sc_hd__buf_4)
                                                         net1449 (net)
                      0.140546    0.007970    3.821672 ^ fanout1446/A (sky130_fd_sc_hd__clkdlybuf4s50_1)
     5    0.022049    0.221908    0.631768    4.453440 ^ fanout1446/X (sky130_fd_sc_hd__clkdlybuf4s50_1)
                                                         net1446 (net)
                      0.221908    0.000143    4.453583 ^ load_slew1447/A (sky130_fd_sc_hd__buf_4)
     4    0.040933    0.120475    0.223198    4.676781 ^ load_slew1447/X (sky130_fd_sc_hd__buf_4)
                                                         net1447 (net)
                      0.120660    0.003171    4.679952 ^ fanout1445/A (sky130_fd_sc_hd__clkdlybuf4s50_1)
     6    0.053959    0.519874    0.836098    5.516050 ^ fanout1445/X (sky130_fd_sc_hd__clkdlybuf4s50_1)
                                                         net1445 (net)
                      0.519901    0.004229    5.520279 ^ fanout1443/A (sky130_fd_sc_hd__clkdlybuf4s50_1)
     2    0.007415    0.087173    0.613703    6.133982 ^ fanout1443/X (sky130_fd_sc_hd__clkdlybuf4s50_1)
                                                         net1443 (net)
                      0.087173    0.000090    6.134072 ^ wire1444/A (sky130_fd_sc_hd__buf_4)
     9    0.049664    0.142385    0.199378    6.333450 ^ wire1444/X (sky130_fd_sc_hd__buf_4)
                                                         net1444 (net)
                      0.142385    0.000545    6.333995 ^ fanout1442/A (sky130_fd_sc_hd__clkdlybuf4s50_1)
     8    0.036365    0.354925    0.726878    7.060873 ^ fanout1442/X (sky130_fd_sc_hd__clkdlybuf4s50_1)
                                                         net1442 (net)
                      0.354925    0.000624    7.061497 ^ _18555_/RESET_B (sky130_fd_sc_hd__dfrtp_2)
                                              7.061497   data arrival time

                                 10.000000   10.000000   clock clk (rise edge)
                                  0.000000   10.000000   clock source latency
     1    0.069304    0.242862    0.174055   10.174056 ^ clk (in)
                                                         clk (net)
                      0.244568    0.000000   10.174056 ^ clkbuf_0_clk/A (sky130_fd_sc_hd__clkbuf_16)
     8    0.152755    0.165675    0.283039   10.457095 ^ clkbuf_0_clk/X (sky130_fd_sc_hd__clkbuf_16)
                                                         clknet_0_clk (net)
                      0.166934    0.011560   10.468655 ^ clkbuf_3_3_0_clk/A (sky130_fd_sc_hd__clkbuf_16)
     4    0.064777    0.083576    0.199781   10.668435 ^ clkbuf_3_3_0_clk/X (sky130_fd_sc_hd__clkbuf_16)
                                                         clknet_3_3_0_clk (net)
                      0.084397    0.006518   10.674953 ^ clkbuf_5_13__f_clk/A (sky130_fd_sc_hd__clkbuf_16)
     5    0.017652    0.039876    0.137601   10.812554 ^ clkbuf_5_13__f_clk/X (sky130_fd_sc_hd__clkbuf_16)
                                                         clknet_5_13__leaf_clk (net)
                      0.039885    0.000242   10.812797 ^ _18555_/CLK (sky130_fd_sc_hd__dfrtp_2)
                                 -0.250000   10.562797   clock uncertainty
                                  0.000000   10.562797   clock reconvergence pessimism
                                  0.125053   10.687849   library recovery time
                                             10.687849   data required time
---------------------------------------------------------------------------------------------
                                             10.687849   data required time
                                             -7.061497   data arrival time
---------------------------------------------------------------------------------------------
                                              3.626352   slack (MET)


Startpoint: _18569_ (rising edge-triggered flip-flop clocked by clk)
Endpoint: _18594_ (rising edge-triggered flip-flop clocked by clk)
Path Group: clk
Path Type: max

Fanout         Cap        Slew       Delay        Time   Description
---------------------------------------------------------------------------------------------
                                  0.000000    0.000000   clock clk (rise edge)
                                  0.000000    0.000000   clock source latency
     1    0.069304    0.242862    0.174055    0.174055 ^ clk (in)
                                                         clk (net)
                      0.244568    0.000000    0.174055 ^ clkbuf_0_clk/A (sky130_fd_sc_hd__clkbuf_16)
     8    0.152755    0.165675    0.283040    0.457095 ^ clkbuf_0_clk/X (sky130_fd_sc_hd__clkbuf_16)
                                                         clknet_0_clk (net)
                      0.167616    0.014281    0.471376 ^ clkbuf_3_4_0_clk/A (sky130_fd_sc_hd__clkbuf_16)
     4    0.081751    0.099437    0.213513    0.684889 ^ clkbuf_3_4_0_clk/X (sky130_fd_sc_hd__clkbuf_16)
                                                         clknet_3_4_0_clk (net)
                      0.099878    0.005279    0.690167 ^ clkbuf_5_19__f_clk/A (sky130_fd_sc_hd__clkbuf_16)
     6    0.031617    0.052485    0.155755    0.845922 ^ clkbuf_5_19__f_clk/X (sky130_fd_sc_hd__clkbuf_16)
                                                         clknet_5_19__leaf_clk (net)
                      0.052488    0.000729    0.846651 ^ _18569_/CLK (sky130_fd_sc_hd__dfrtp_1)
     3    0.065508    0.562959    0.691030    1.537681 ^ _18569_/Q (sky130_fd_sc_hd__dfrtp_1)
                                                         b_r[63] (net)
                      0.563265    0.010952    1.548634 ^ fanout393/A (sky130_fd_sc_hd__clkdlybuf4s50_1)
    10    0.042144    0.409354    0.853370    2.402003 ^ fanout393/X (sky130_fd_sc_hd__clkdlybuf4s50_1)
                                                         net393 (net)
                      0.409360    0.002281    2.404284 ^ _09229_/A (sky130_fd_sc_hd__nand2_1)
     7    0.038792    0.303601    0.348470    2.752754 v _09229_/Y (sky130_fd_sc_hd__nand2_1)
                                                         _00895_ (net)
                      0.303601    0.000122    2.752876 v _09230_/B (sky130_fd_sc_hd__xnor2_2)
     6    0.032183    0.429861    0.454656    3.207532 ^ _09230_/Y (sky130_fd_sc_hd__xnor2_2)
                                                         _00906_ (net)
                      0.429873    0.001891    3.209423 ^ _09264_/B (sky130_fd_sc_hd__xnor2_1)
     1    0.005065    0.161855    0.186413    3.395836 ^ _09264_/Y (sky130_fd_sc_hd__xnor2_1)
                                                         _01280_ (net)
                      0.161855    0.000107    3.395943 ^ wire378/A (sky130_fd_sc_hd__clkbuf_2)
     3    0.019672    0.113498    0.192397    3.588340 ^ wire378/X (sky130_fd_sc_hd__clkbuf_2)
                                                         net378 (net)
                      0.113498    0.000190    3.588531 ^ fanout376/A (sky130_fd_sc_hd__clkdlybuf4s15_2)
     5    0.021253    0.121260    0.274354    3.862884 ^ fanout376/X (sky130_fd_sc_hd__clkdlybuf4s15_2)
                                                         net376 (net)
                      0.121260    0.000058    3.862942 ^ load_slew377/A (sky130_fd_sc_hd__clkbuf_4)
     6    0.035337    0.115623    0.215135    4.078077 ^ load_slew377/X (sky130_fd_sc_hd__clkbuf_4)
                                                         net377 (net)
                      0.115644    0.001543    4.079620 ^ _09265_/A (sky130_fd_sc_hd__inv_2)
     6    0.032836    0.082352    0.103084    4.182703 v _09265_/Y (sky130_fd_sc_hd__inv_2)
                                                         _01291_ (net)
                      0.082352    0.000286    4.182990 v _09322_/A1 (sky130_fd_sc_hd__a21oi_1)
     1    0.004885    0.141832    0.162027    4.345016 ^ _09322_/Y (sky130_fd_sc_hd__a21oi_1)
                                                         _01918_ (net)
                      0.141832    0.000095    4.345111 ^ wire339/A (sky130_fd_sc_hd__clkbuf_2)
     3    0.019498    0.112368    0.186630    4.531741 ^ wire339/X (sky130_fd_sc_hd__clkbuf_2)
                                                         net339 (net)
                      0.112368    0.000106    4.531847 ^ fanout337/A (sky130_fd_sc_hd__clkdlybuf4s50_1)
     2    0.006294    0.077126    0.515317    5.047164 ^ fanout337/X (sky130_fd_sc_hd__clkdlybuf4s50_1)
                                                         net337 (net)
                      0.077126    0.000037    5.047202 ^ load_slew338/A (sky130_fd_sc_hd__clkbuf_4)
     9    0.045021    0.142598    0.218576    5.265777 ^ load_slew338/X (sky130_fd_sc_hd__clkbuf_4)
                                                         net338 (net)
                      0.142617    0.001657    5.267434 ^ fanout335/A (sky130_fd_sc_hd__clkdlybuf4s50_1)
     5    0.025739    0.255501    0.656717    5.924151 ^ fanout335/X (sky130_fd_sc_hd__clkdlybuf4s50_1)
                                                         net335 (net)
                      0.255501    0.000391    5.924542 ^ load_slew336/A (sky130_fd_sc_hd__buf_4)
     6    0.031107    0.096015    0.214261    6.138803 ^ load_slew336/X (sky130_fd_sc_hd__buf_4)
                                                         net336 (net)
                      0.096016    0.000558    6.139361 ^ _09556_/A (sky130_fd_sc_hd__xnor2_1)
     2    0.007717    0.218227    0.157609    6.296969 ^ _09556_/Y (sky130_fd_sc_hd__xnor2_1)
                                                         _04492_ (net)
                      0.218227    0.000047    6.297016 ^ _17686_/A (sky130_fd_sc_hd__xor2_1)
     2    0.008162    0.205700    0.236047    6.533063 ^ _17686_/X (sky130_fd_sc_hd__xor2_1)
                                                         _08347_ (net)
                      0.205700    0.000124    6.533187 ^ _17702_/A (sky130_fd_sc_hd__xnor2_1)
     2    0.008600    0.228133    0.186168    6.719355 ^ _17702_/Y (sky130_fd_sc_hd__xnor2_1)
                                                         _08365_ (net)
                      0.228133    0.000122    6.719477 ^ _17706_/B (sky130_fd_sc_hd__xor2_1)
     2    0.009059    0.229850    0.249954    6.969430 ^ _17706_/X (sky130_fd_sc_hd__xor2_1)
                                                         _08369_ (net)
                      0.229850    0.000087    6.969518 ^ _17724_/A (sky130_fd_sc_hd__xnor2_1)
     1    0.005130    0.160001    0.163674    7.133192 ^ _17724_/Y (sky130_fd_sc_hd__xnor2_1)
                                                         _08389_ (net)
                      0.160001    0.000054    7.133246 ^ _17728_/B (sky130_fd_sc_hd__xor2_1)
     2    0.008332    0.216381    0.231733    7.364979 ^ _17728_/X (sky130_fd_sc_hd__xor2_1)
                                                         _08393_ (net)
                      0.216381    0.000055    7.365034 ^ _17742_/A (sky130_fd_sc_hd__xor2_1)
     2    0.010575    0.249496    0.268641    7.633674 ^ _17742_/X (sky130_fd_sc_hd__xor2_1)
                                                         _08409_ (net)
                      0.249496    0.000125    7.633800 ^ _17743_/A2 (sky130_fd_sc_hd__a21oi_1)
     2    0.006205    0.117587    0.131691    7.765491 v _17743_/Y (sky130_fd_sc_hd__a21oi_1)
                                                         _08410_ (net)
                      0.117587    0.000068    7.765559 v _17744_/B (sky130_fd_sc_hd__nor2_1)
     2    0.007680    0.155926    0.168881    7.934440 ^ _17744_/Y (sky130_fd_sc_hd__nor2_1)
                                                         _08411_ (net)
                      0.155926    0.000094    7.934534 ^ _17746_/A_N (sky130_fd_sc_hd__nand2b_1)
     2    0.009668    0.111070    0.172227    8.106761 ^ _17746_/Y (sky130_fd_sc_hd__nand2b_1)
                                                         _08413_ (net)
                      0.111070    0.000142    8.106903 ^ _17759_/A (sky130_fd_sc_hd__nor2_1)
     1    0.002605    0.047267    0.058169    8.165072 v _17759_/Y (sky130_fd_sc_hd__nor2_1)
                                                         _08427_ (net)
                      0.047267    0.000023    8.165095 v _17760_/A (sky130_fd_sc_hd__inv_1)
     2    0.006743    0.063692    0.072171    8.237267 ^ _17760_/Y (sky130_fd_sc_hd__inv_1)
                                                         _08428_ (net)
                      0.063692    0.000028    8.237294 ^ _17778_/A (sky130_fd_sc_hd__nor2_1)
     1    0.005972    0.054636    0.057608    8.294902 v _17778_/Y (sky130_fd_sc_hd__nor2_1)
                                                         _08448_ (net)
                      0.054636    0.000103    8.295005 v _17779_/B1 (sky130_fd_sc_hd__a211oi_2)
     2    0.008454    0.225056    0.250296    8.545300 ^ _17779_/Y (sky130_fd_sc_hd__a211oi_2)
                                                         _08449_ (net)
                      0.225056    0.000109    8.545410 ^ _17795_/A1 (sky130_fd_sc_hd__a21oi_2)
     2    0.011153    0.081565    0.110695    8.656104 v _17795_/Y (sky130_fd_sc_hd__a21oi_2)
                                                         _08467_ (net)
                      0.081567    0.000305    8.656409 v _17797_/A2 (sky130_fd_sc_hd__o21ai_2)
     2    0.008330    0.137028    0.155258    8.811667 ^ _17797_/Y (sky130_fd_sc_hd__o21ai_2)
                                                         _08469_ (net)
                      0.137028    0.000067    8.811734 ^ _17799_/B1 (sky130_fd_sc_hd__o21ai_2)
     1    0.008565    0.071759    0.088182    8.899916 v _17799_/Y (sky130_fd_sc_hd__o21ai_2)
                                                         _08471_ (net)
                      0.071759    0.000089    8.900004 v _17821_/B (sky130_fd_sc_hd__xnor2_2)
     2    0.013214    0.096126    0.165514    9.065518 v _17821_/Y (sky130_fd_sc_hd__xnor2_2)
                                                         net277 (net)
                      0.096126    0.000079    9.065598 v rebuffer1478/A (sky130_fd_sc_hd__buf_6)
     4    0.051294    0.057612    0.171592    9.237189 v rebuffer1478/X (sky130_fd_sc_hd__buf_6)
                                                         net1478 (net)
                      0.057783    0.002750    9.239939 v _17822_/A (sky130_fd_sc_hd__inv_4)
     4    0.056878    0.156003    0.143556    9.383495 ^ _17822_/Y (sky130_fd_sc_hd__inv_4)
                                                         _08496_ (net)
                      0.156025    0.001553    9.385049 ^ fanout254/A (sky130_fd_sc_hd__buf_4)
     4    0.034009    0.102029    0.192081    9.577129 ^ fanout254/X (sky130_fd_sc_hd__buf_4)
                                                         net254 (net)
                      0.102179    0.002575    9.579704 ^ load_slew255/A (sky130_fd_sc_hd__buf_6)
     7    0.059808    0.124960    0.175357    9.755061 ^ load_slew255/X (sky130_fd_sc_hd__buf_6)
                                                         net255 (net)
                      0.125764    0.008102    9.763163 ^ fanout252/A (sky130_fd_sc_hd__clkdlybuf4s50_1)
     2    0.008103    0.095846    0.532805   10.295968 ^ fanout252/X (sky130_fd_sc_hd__clkdlybuf4s50_1)
                                                         net252 (net)
                      0.095846    0.000020   10.295987 ^ load_slew253/A (sky130_fd_sc_hd__buf_6)
     8    0.065687    0.135998    0.181978   10.477965 ^ load_slew253/X (sky130_fd_sc_hd__buf_6)
                                                         net253 (net)
                      0.136518    0.006843   10.484809 ^ fanout251/A (sky130_fd_sc_hd__buf_12)
    10    0.069866    0.090116    0.163759   10.648567 ^ fanout251/X (sky130_fd_sc_hd__buf_12)
                                                         net251 (net)
                      0.090359    0.003721   10.652288 ^ _17916_/A1 (sky130_fd_sc_hd__o221ai_4)
     2    0.008329    0.110091    0.124144   10.776432 v _17916_/Y (sky130_fd_sc_hd__o221ai_4)
                                                         _08599_ (net)
                      0.110091    0.000101   10.776534 v _17919_/A1 (sky130_fd_sc_hd__a221oi_2)
     2    0.009140    0.266764    0.329328   11.105862 ^ _17919_/Y (sky130_fd_sc_hd__a221oi_2)
                                                         _08602_ (net)
                      0.266764    0.000110   11.105971 ^ _17920_/B1_N (sky130_fd_sc_hd__a21boi_2)
     2    0.009558    0.145778    0.251418   11.357390 ^ _17920_/Y (sky130_fd_sc_hd__a21boi_2)
                                                         _08603_ (net)
                      0.145778    0.000132   11.357522 ^ max_cap240/A (sky130_fd_sc_hd__buf_6)
     3    0.018015    0.048256    0.133674   11.491196 ^ max_cap240/X (sky130_fd_sc_hd__buf_6)
                                                         net240 (net)
                      0.048261    0.000531   11.491727 ^ _18118_/A (sky130_fd_sc_hd__nor3_4)
     1    0.008306    0.053087    0.041204   11.532931 v _18118_/Y (sky130_fd_sc_hd__nor3_4)
                                                         _08821_ (net)
                      0.053087    0.000220   11.533152 v wire233/A (sky130_fd_sc_hd__buf_6)
     3    0.018588    0.032749    0.127837   11.660989 v wire233/X (sky130_fd_sc_hd__buf_6)
                                                         net233 (net)
                      0.032762    0.000626   11.661615 v _18132_/B (sky130_fd_sc_hd__nor2_4)
     3    0.028712    0.197403    0.171307   11.832923 ^ _18132_/Y (sky130_fd_sc_hd__nor2_4)
                                                         _08837_ (net)
                      0.197427    0.001817   11.834740 ^ _18180_/A1 (sky130_fd_sc_hd__o31ai_4)
     1    0.009026    0.070204    0.106479   11.941219 v _18180_/Y (sky130_fd_sc_hd__o31ai_4)
                                                         _08889_ (net)
                      0.070204    0.000247   11.941466 v wire224/A (sky130_fd_sc_hd__buf_6)
     2    0.022810    0.035244    0.139459   12.080925 v wire224/X (sky130_fd_sc_hd__buf_6)
                                                         net224 (net)
                      0.035272    0.000622   12.081547 v _18185_/A (sky130_fd_sc_hd__xor2_4)
     2    0.011504    0.131456    0.180354   12.261901 v _18185_/X (sky130_fd_sc_hd__xor2_4)
                                                         _08895_ (net)
                      0.131456    0.000296   12.262197 v wire219/A (sky130_fd_sc_hd__buf_6)
     1    0.035279    0.045134    0.175556   12.437754 v wire219/X (sky130_fd_sc_hd__buf_6)
                                                         net219 (net)
                      0.045666    0.003604   12.441358 v _18343_/B (sky130_fd_sc_hd__nor4_4)
     1    0.004218    0.190269    0.242556   12.683914 ^ _18343_/Y (sky130_fd_sc_hd__nor4_4)
                                                         _09069_ (net)
                      0.190269    0.000049   12.683963 ^ _18344_/C (sky130_fd_sc_hd__nand4_1)
     1    0.019567    0.258598    0.262402   12.946364 v _18344_/Y (sky130_fd_sc_hd__nand4_1)
                                                         _09070_ (net)
                      0.258608    0.001354   12.947719 v _18347_/A (sky130_fd_sc_hd__or4_4)
     1    0.020852    0.114052    0.653429   13.601149 v _18347_/X (sky130_fd_sc_hd__or4_4)
                                                         _09073_ (net)
                      0.114052    0.001241   13.602389 v _18348_/A4 (sky130_fd_sc_hd__o41ai_4)
     1    0.010146    0.298551    0.275270   13.877660 ^ _18348_/Y (sky130_fd_sc_hd__o41ai_4)
                                                         _09074_ (net)
                      0.298555    0.000410   13.878070 ^ _18390_/A3 (sky130_fd_sc_hd__a41o_1)
     2    0.014494    0.147372    0.293932   14.172002 ^ _18390_/X (sky130_fd_sc_hd__a41o_1)
                                                         _09120_ (net)
                      0.147372    0.000484   14.172485 ^ load_slew189/A (sky130_fd_sc_hd__buf_6)
     4    0.066564    0.138660    0.194291   14.366776 ^ load_slew189/X (sky130_fd_sc_hd__buf_6)
                                                         net189 (net)
                      0.139945    0.010774   14.377551 ^ fanout181/A (sky130_fd_sc_hd__buf_6)
    10    0.058264    0.121549    0.186716   14.564266 ^ fanout181/X (sky130_fd_sc_hd__buf_6)
                                                         net181 (net)
                      0.121683    0.002676   14.566943 ^ _18423_/B1 (sky130_fd_sc_hd__o21ai_2)
     1    0.028542    0.174305    0.138836   14.705778 v _18423_/Y (sky130_fd_sc_hd__o21ai_2)
                                                         fixed_pkg::s_narrow48$func$/headless/otolith/hdl/rtl/fixed_pkg.sv:130$9.$unnamed_block$1.v[22] (net)
                      0.174305    0.000661   14.706439 v wire175/A (sky130_fd_sc_hd__clkbuf_2)
     1    0.028809    0.114025    0.227464   14.933904 v wire175/X (sky130_fd_sc_hd__clkbuf_2)
                                                         net175 (net)
                      0.114096    0.002606   14.936509 v _18594_/D (sky130_fd_sc_hd__dfrtp_1)
                                             14.936509   data arrival time

                                 10.000000   10.000000   clock clk (rise edge)
                                  0.000000   10.000000   clock source latency
     1    0.069304    0.242862    0.174055   10.174056 ^ clk (in)
                                                         clk (net)
                      0.244568    0.000000   10.174056 ^ clkbuf_0_clk/A (sky130_fd_sc_hd__clkbuf_16)
     8    0.152755    0.165675    0.283039   10.457095 ^ clkbuf_0_clk/X (sky130_fd_sc_hd__clkbuf_16)
                                                         clknet_0_clk (net)
                      0.166088    0.006772   10.463867 ^ clkbuf_3_0_0_clk/A (sky130_fd_sc_hd__clkbuf_16)
     4    0.060312    0.079327    0.195646   10.659513 ^ clkbuf_3_0_0_clk/X (sky130_fd_sc_hd__clkbuf_16)
                                                         clknet_3_0_0_clk (net)
                      0.080475    0.007438   10.666951 ^ clkbuf_5_3__f_clk/A (sky130_fd_sc_hd__clkbuf_16)
     6    0.032143    0.052816    0.148713   10.815664 ^ clkbuf_5_3__f_clk/X (sky130_fd_sc_hd__clkbuf_16)
                                                         clknet_5_3__leaf_clk (net)
                      0.052829    0.001393   10.817057 ^ _18594_/CLK (sky130_fd_sc_hd__dfrtp_1)
                                 -0.250000   10.567057   clock uncertainty
                                  0.000000   10.567057   clock reconvergence pessimism
                                 -0.142615   10.424441   library setup time
                                             10.424441   data required time
---------------------------------------------------------------------------------------------
                                             10.424441   data required time
                                            -14.936509   data arrival time
---------------------------------------------------------------------------------------------
                                             -4.512068   slack (VIOLATED)




===========================================================================
report_checks --slack_max -0.01
============================================================================
======================= min_tt_025C_1v80 Corner ===================================

Startpoint: _18569_ (rising edge-triggered flip-flop clocked by clk)
Endpoint: _18594_ (rising edge-triggered flip-flop clocked by clk)
Path Group: clk
Path Type: max

Fanout         Cap        Slew       Delay        Time   Description
---------------------------------------------------------------------------------------------
                                  0.000000    0.000000   clock clk (rise edge)
                                  0.000000    0.000000   clock source latency
     1    0.069304    0.242862    0.174055    0.174055 ^ clk (in)
                                                         clk (net)
                      0.244568    0.000000    0.174055 ^ clkbuf_0_clk/A (sky130_fd_sc_hd__clkbuf_16)
     8    0.152755    0.165675    0.283040    0.457095 ^ clkbuf_0_clk/X (sky130_fd_sc_hd__clkbuf_16)
                                                         clknet_0_clk (net)
                      0.167616    0.014281    0.471376 ^ clkbuf_3_4_0_clk/A (sky130_fd_sc_hd__clkbuf_16)
     4    0.081751    0.099437    0.213513    0.684889 ^ clkbuf_3_4_0_clk/X (sky130_fd_sc_hd__clkbuf_16)
                                                         clknet_3_4_0_clk (net)
                      0.099878    0.005279    0.690167 ^ clkbuf_5_19__f_clk/A (sky130_fd_sc_hd__clkbuf_16)
     6    0.031617    0.052485    0.155755    0.845922 ^ clkbuf_5_19__f_clk/X (sky130_fd_sc_hd__clkbuf_16)
                                                         clknet_5_19__leaf_clk (net)
                      0.052488    0.000729    0.846651 ^ _18569_/CLK (sky130_fd_sc_hd__dfrtp_1)
     3    0.065508    0.562959    0.691030    1.537681 ^ _18569_/Q (sky130_fd_sc_hd__dfrtp_1)
                                                         b_r[63] (net)
                      0.563265    0.010952    1.548634 ^ fanout393/A (sky130_fd_sc_hd__clkdlybuf4s50_1)
    10    0.042144    0.409354    0.853370    2.402003 ^ fanout393/X (sky130_fd_sc_hd__clkdlybuf4s50_1)
                                                         net393 (net)
                      0.409360    0.002281    2.404284 ^ _09229_/A (sky130_fd_sc_hd__nand2_1)
     7    0.038792    0.303601    0.348470    2.752754 v _09229_/Y (sky130_fd_sc_hd__nand2_1)
                                                         _00895_ (net)
                      0.303601    0.000122    2.752876 v _09230_/B (sky130_fd_sc_hd__xnor2_2)
     6    0.032183    0.429861    0.454656    3.207532 ^ _09230_/Y (sky130_fd_sc_hd__xnor2_2)
                                                         _00906_ (net)
                      0.429873    0.001891    3.209423 ^ _09264_/B (sky130_fd_sc_hd__xnor2_1)
     1    0.005065    0.161855    0.186413    3.395836 ^ _09264_/Y (sky130_fd_sc_hd__xnor2_1)
                                                         _01280_ (net)
                      0.161855    0.000107    3.395943 ^ wire378/A (sky130_fd_sc_hd__clkbuf_2)
     3    0.019672    0.113498    0.192397    3.588340 ^ wire378/X (sky130_fd_sc_hd__clkbuf_2)
                                                         net378 (net)
                      0.113498    0.000190    3.588531 ^ fanout376/A (sky130_fd_sc_hd__clkdlybuf4s15_2)
     5    0.021253    0.121260    0.274354    3.862884 ^ fanout376/X (sky130_fd_sc_hd__clkdlybuf4s15_2)
                                                         net376 (net)
                      0.121260    0.000058    3.862942 ^ load_slew377/A (sky130_fd_sc_hd__clkbuf_4)
     6    0.035337    0.115623    0.215135    4.078077 ^ load_slew377/X (sky130_fd_sc_hd__clkbuf_4)
                                                         net377 (net)
                      0.115644    0.001543    4.079620 ^ _09265_/A (sky130_fd_sc_hd__inv_2)
     6    0.032836    0.082352    0.103084    4.182703 v _09265_/Y (sky130_fd_sc_hd__inv_2)
                                                         _01291_ (net)
                      0.082352    0.000286    4.182990 v _09322_/A1 (sky130_fd_sc_hd__a21oi_1)
     1    0.004885    0.141832    0.162027    4.345016 ^ _09322_/Y (sky130_fd_sc_hd__a21oi_1)
                                                         _01918_ (net)
                      0.141832    0.000095    4.345111 ^ wire339/A (sky130_fd_sc_hd__clkbuf_2)
     3    0.019498    0.112368    0.186630    4.531741 ^ wire339/X (sky130_fd_sc_hd__clkbuf_2)
                                                         net339 (net)
                      0.112368    0.000106    4.531847 ^ fanout337/A (sky130_fd_sc_hd__clkdlybuf4s50_1)
     2    0.006294    0.077126    0.515317    5.047164 ^ fanout337/X (sky130_fd_sc_hd__clkdlybuf4s50_1)
                                                         net337 (net)
                      0.077126    0.000037    5.047202 ^ load_slew338/A (sky130_fd_sc_hd__clkbuf_4)
     9    0.045021    0.142598    0.218576    5.265777 ^ load_slew338/X (sky130_fd_sc_hd__clkbuf_4)
                                                         net338 (net)
                      0.142617    0.001657    5.267434 ^ fanout335/A (sky130_fd_sc_hd__clkdlybuf4s50_1)
     5    0.025739    0.255501    0.656717    5.924151 ^ fanout335/X (sky130_fd_sc_hd__clkdlybuf4s50_1)
                                                         net335 (net)
                      0.255501    0.000391    5.924542 ^ load_slew336/A (sky130_fd_sc_hd__buf_4)
     6    0.031107    0.096015    0.214261    6.138803 ^ load_slew336/X (sky130_fd_sc_hd__buf_4)
                                                         net336 (net)
                      0.096016    0.000558    6.139361 ^ _09556_/A (sky130_fd_sc_hd__xnor2_1)
     2    0.007717    0.218227    0.157609    6.296969 ^ _09556_/Y (sky130_fd_sc_hd__xnor2_1)
                                                         _04492_ (net)
                      0.218227    0.000047    6.297016 ^ _17686_/A (sky130_fd_sc_hd__xor2_1)
     2    0.008162    0.205700    0.236047    6.533063 ^ _17686_/X (sky130_fd_sc_hd__xor2_1)
                                                         _08347_ (net)
                      0.205700    0.000124    6.533187 ^ _17702_/A (sky130_fd_sc_hd__xnor2_1)
     2    0.008600    0.228133    0.186168    6.719355 ^ _17702_/Y (sky130_fd_sc_hd__xnor2_1)
                                                         _08365_ (net)
                      0.228133    0.000122    6.719477 ^ _17706_/B (sky130_fd_sc_hd__xor2_1)
     2    0.009059    0.229850    0.249954    6.969430 ^ _17706_/X (sky130_fd_sc_hd__xor2_1)
                                                         _08369_ (net)
                      0.229850    0.000087    6.969518 ^ _17724_/A (sky130_fd_sc_hd__xnor2_1)
     1    0.005130    0.160001    0.163674    7.133192 ^ _17724_/Y (sky130_fd_sc_hd__xnor2_1)
                                                         _08389_ (net)
                      0.160001    0.000054    7.133246 ^ _17728_/B (sky130_fd_sc_hd__xor2_1)
     2    0.008332    0.216381    0.231733    7.364979 ^ _17728_/X (sky130_fd_sc_hd__xor2_1)
                                                         _08393_ (net)
                      0.216381    0.000055    7.365034 ^ _17742_/A (sky130_fd_sc_hd__xor2_1)
     2    0.010575    0.249496    0.268641    7.633674 ^ _17742_/X (sky130_fd_sc_hd__xor2_1)
                                                         _08409_ (net)
                      0.249496    0.000125    7.633800 ^ _17743_/A2 (sky130_fd_sc_hd__a21oi_1)
     2    0.006205    0.117587    0.131691    7.765491 v _17743_/Y (sky130_fd_sc_hd__a21oi_1)
                                                         _08410_ (net)
                      0.117587    0.000068    7.765559 v _17744_/B (sky130_fd_sc_hd__nor2_1)
     2    0.007680    0.155926    0.168881    7.934440 ^ _17744_/Y (sky130_fd_sc_hd__nor2_1)
                                                         _08411_ (net)
                      0.155926    0.000094    7.934534 ^ _17746_/A_N (sky130_fd_sc_hd__nand2b_1)
     2    0.009668    0.111070    0.172227    8.106761 ^ _17746_/Y (sky130_fd_sc_hd__nand2b_1)
                                                         _08413_ (net)
                      0.111070    0.000142    8.106903 ^ _17759_/A (sky130_fd_sc_hd__nor2_1)
     1    0.002605    0.047267    0.058169    8.165072 v _17759_/Y (sky130_fd_sc_hd__nor2_1)
                                                         _08427_ (net)
                      0.047267    0.000023    8.165095 v _17760_/A (sky130_fd_sc_hd__inv_1)
     2    0.006743    0.063692    0.072171    8.237267 ^ _17760_/Y (sky130_fd_sc_hd__inv_1)
                                                         _08428_ (net)
                      0.063692    0.000028    8.237294 ^ _17778_/A (sky130_fd_sc_hd__nor2_1)
     1    0.005972    0.054636    0.057608    8.294902 v _17778_/Y (sky130_fd_sc_hd__nor2_1)
                                                         _08448_ (net)
                      0.054636    0.000103    8.295005 v _17779_/B1 (sky130_fd_sc_hd__a211oi_2)
     2    0.008454    0.225056    0.250296    8.545300 ^ _17779_/Y (sky130_fd_sc_hd__a211oi_2)
                                                         _08449_ (net)
                      0.225056    0.000109    8.545410 ^ _17795_/A1 (sky130_fd_sc_hd__a21oi_2)
     2    0.011153    0.081565    0.110695    8.656104 v _17795_/Y (sky130_fd_sc_hd__a21oi_2)
                                                         _08467_ (net)
                      0.081567    0.000305    8.656409 v _17797_/A2 (sky130_fd_sc_hd__o21ai_2)
     2    0.008330    0.137028    0.155258    8.811667 ^ _17797_/Y (sky130_fd_sc_hd__o21ai_2)
                                                         _08469_ (net)
                      0.137028    0.000067    8.811734 ^ _17799_/B1 (sky130_fd_sc_hd__o21ai_2)
     1    0.008565    0.071759    0.088182    8.899916 v _17799_/Y (sky130_fd_sc_hd__o21ai_2)
                                                         _08471_ (net)
                      0.071759    0.000089    8.900004 v _17821_/B (sky130_fd_sc_hd__xnor2_2)
     2    0.013214    0.096126    0.165514    9.065518 v _17821_/Y (sky130_fd_sc_hd__xnor2_2)
                                                         net277 (net)
                      0.096126    0.000079    9.065598 v rebuffer1478/A (sky130_fd_sc_hd__buf_6)
     4    0.051294    0.057612    0.171592    9.237189 v rebuffer1478/X (sky130_fd_sc_hd__buf_6)
                                                         net1478 (net)
                      0.057783    0.002750    9.239939 v _17822_/A (sky130_fd_sc_hd__inv_4)
     4    0.056878    0.156003    0.143556    9.383495 ^ _17822_/Y (sky130_fd_sc_hd__inv_4)
                                                         _08496_ (net)
                      0.156025    0.001553    9.385049 ^ fanout254/A (sky130_fd_sc_hd__buf_4)
     4    0.034009    0.102029    0.192081    9.577129 ^ fanout254/X (sky130_fd_sc_hd__buf_4)
                                                         net254 (net)
                      0.102179    0.002575    9.579704 ^ load_slew255/A (sky130_fd_sc_hd__buf_6)
     7    0.059808    0.124960    0.175357    9.755061 ^ load_slew255/X (sky130_fd_sc_hd__buf_6)
                                                         net255 (net)
                      0.125764    0.008102    9.763163 ^ fanout252/A (sky130_fd_sc_hd__clkdlybuf4s50_1)
     2    0.008103    0.095846    0.532805   10.295968 ^ fanout252/X (sky130_fd_sc_hd__clkdlybuf4s50_1)
                                                         net252 (net)
                      0.095846    0.000020   10.295987 ^ load_slew253/A (sky130_fd_sc_hd__buf_6)
     8    0.065687    0.135998    0.181978   10.477965 ^ load_slew253/X (sky130_fd_sc_hd__buf_6)
                                                         net253 (net)
                      0.136518    0.006843   10.484809 ^ fanout251/A (sky130_fd_sc_hd__buf_12)
    10    0.069866    0.090116    0.163759   10.648567 ^ fanout251/X (sky130_fd_sc_hd__buf_12)
                                                         net251 (net)
                      0.090359    0.003721   10.652288 ^ _17916_/A1 (sky130_fd_sc_hd__o221ai_4)
     2    0.008329    0.110091    0.124144   10.776432 v _17916_/Y (sky130_fd_sc_hd__o221ai_4)
                                                         _08599_ (net)
                      0.110091    0.000101   10.776534 v _17919_/A1 (sky130_fd_sc_hd__a221oi_2)
     2    0.009140    0.266764    0.329328   11.105862 ^ _17919_/Y (sky130_fd_sc_hd__a221oi_2)
                                                         _08602_ (net)
                      0.266764    0.000110   11.105971 ^ _17920_/B1_N (sky130_fd_sc_hd__a21boi_2)
     2    0.009558    0.145778    0.251418   11.357390 ^ _17920_/Y (sky130_fd_sc_hd__a21boi_2)
                                                         _08603_ (net)
                      0.145778    0.000132   11.357522 ^ max_cap240/A (sky130_fd_sc_hd__buf_6)
     3    0.018015    0.048256    0.133674   11.491196 ^ max_cap240/X (sky130_fd_sc_hd__buf_6)
                                                         net240 (net)
                      0.048261    0.000531   11.491727 ^ _18118_/A (sky130_fd_sc_hd__nor3_4)
     1    0.008306    0.053087    0.041204   11.532931 v _18118_/Y (sky130_fd_sc_hd__nor3_4)
                                                         _08821_ (net)
                      0.053087    0.000220   11.533152 v wire233/A (sky130_fd_sc_hd__buf_6)
     3    0.018588    0.032749    0.127837   11.660989 v wire233/X (sky130_fd_sc_hd__buf_6)
                                                         net233 (net)
                      0.032762    0.000626   11.661615 v _18132_/B (sky130_fd_sc_hd__nor2_4)
     3    0.028712    0.197403    0.171307   11.832923 ^ _18132_/Y (sky130_fd_sc_hd__nor2_4)
                                                         _08837_ (net)
                      0.197427    0.001817   11.834740 ^ _18180_/A1 (sky130_fd_sc_hd__o31ai_4)
     1    0.009026    0.070204    0.106479   11.941219 v _18180_/Y (sky130_fd_sc_hd__o31ai_4)
                                                         _08889_ (net)
                      0.070204    0.000247   11.941466 v wire224/A (sky130_fd_sc_hd__buf_6)
     2    0.022810    0.035244    0.139459   12.080925 v wire224/X (sky130_fd_sc_hd__buf_6)
                                                         net224 (net)
                      0.035272    0.000622   12.081547 v _18185_/A (sky130_fd_sc_hd__xor2_4)
     2    0.011504    0.131456    0.180354   12.261901 v _18185_/X (sky130_fd_sc_hd__xor2_4)
                                                         _08895_ (net)
                      0.131456    0.000296   12.262197 v wire219/A (sky130_fd_sc_hd__buf_6)
     1    0.035279    0.045134    0.175556   12.437754 v wire219/X (sky130_fd_sc_hd__buf_6)
                                                         net219 (net)
                      0.045666    0.003604   12.441358 v _18343_/B (sky130_fd_sc_hd__nor4_4)
     1    0.004218    0.190269    0.242556   12.683914 ^ _18343_/Y (sky130_fd_sc_hd__nor4_4)
                                                         _09069_ (net)
                      0.190269    0.000049   12.683963 ^ _18344_/C (sky130_fd_sc_hd__nand4_1)
     1    0.019567    0.258598    0.262402   12.946364 v _18344_/Y (sky130_fd_sc_hd__nand4_1)
                                                         _09070_ (net)
                      0.258608    0.001354   12.947719 v _18347_/A (sky130_fd_sc_hd__or4_4)
     1    0.020852    0.114052    0.653429   13.601149 v _18347_/X (sky130_fd_sc_hd__or4_4)
                                                         _09073_ (net)
                      0.114052    0.001241   13.602389 v _18348_/A4 (sky130_fd_sc_hd__o41ai_4)
     1    0.010146    0.298551    0.275270   13.877660 ^ _18348_/Y (sky130_fd_sc_hd__o41ai_4)
                                                         _09074_ (net)
                      0.298555    0.000410   13.878070 ^ _18390_/A3 (sky130_fd_sc_hd__a41o_1)
     2    0.014494    0.147372    0.293932   14.172002 ^ _18390_/X (sky130_fd_sc_hd__a41o_1)
                                                         _09120_ (net)
                      0.147372    0.000484   14.172485 ^ load_slew189/A (sky130_fd_sc_hd__buf_6)
     4    0.066564    0.138660    0.194291   14.366776 ^ load_slew189/X (sky130_fd_sc_hd__buf_6)
                                                         net189 (net)
                      0.139945    0.010774   14.377551 ^ fanout181/A (sky130_fd_sc_hd__buf_6)
    10    0.058264    0.121549    0.186716   14.564266 ^ fanout181/X (sky130_fd_sc_hd__buf_6)
                                                         net181 (net)
                      0.121683    0.002676   14.566943 ^ _18423_/B1 (sky130_fd_sc_hd__o21ai_2)
     1    0.028542    0.174305    0.138836   14.705778 v _18423_/Y (sky130_fd_sc_hd__o21ai_2)
                                                         fixed_pkg::s_narrow48$func$/headless/otolith/hdl/rtl/fixed_pkg.sv:130$9.$unnamed_block$1.v[22] (net)
                      0.174305    0.000661   14.706439 v wire175/A (sky130_fd_sc_hd__clkbuf_2)
     1    0.028809    0.114025    0.227464   14.933904 v wire175/X (sky130_fd_sc_hd__clkbuf_2)
                                                         net175 (net)
                      0.114096    0.002606   14.936509 v _18594_/D (sky130_fd_sc_hd__dfrtp_1)
                                             14.936509   data arrival time

                                 10.000000   10.000000   clock clk (rise edge)
                                  0.000000   10.000000   clock source latency
     1    0.069304    0.242862    0.174055   10.174056 ^ clk (in)
                                                         clk (net)
                      0.244568    0.000000   10.174056 ^ clkbuf_0_clk/A (sky130_fd_sc_hd__clkbuf_16)
     8    0.152755    0.165675    0.283039   10.457095 ^ clkbuf_0_clk/X (sky130_fd_sc_hd__clkbuf_16)
                                                         clknet_0_clk (net)
                      0.166088    0.006772   10.463867 ^ clkbuf_3_0_0_clk/A (sky130_fd_sc_hd__clkbuf_16)
     4    0.060312    0.079327    0.195646   10.659513 ^ clkbuf_3_0_0_clk/X (sky130_fd_sc_hd__clkbuf_16)
                                                         clknet_3_0_0_clk (net)
                      0.080475    0.007438   10.666951 ^ clkbuf_5_3__f_clk/A (sky130_fd_sc_hd__clkbuf_16)
     6    0.032143    0.052816    0.148713   10.815664 ^ clkbuf_5_3__f_clk/X (sky130_fd_sc_hd__clkbuf_16)
                                                         clknet_5_3__leaf_clk (net)
                      0.052829    0.001393   10.817057 ^ _18594_/CLK (sky130_fd_sc_hd__dfrtp_1)
                                 -0.250000   10.567057   clock uncertainty
                                  0.000000   10.567057   clock reconvergence pessimism
                                 -0.142615   10.424441   library setup time
                                             10.424441   data required time
---------------------------------------------------------------------------------------------
                                             10.424441   data required time
                                            -14.936509   data arrival time
---------------------------------------------------------------------------------------------
                                             -4.512068   slack (VIOLATED)




===========================================================================
 report_check_types -max_slew -max_cap -max_fanout -violators
============================================================================
======================= min_tt_025C_1v80 Corner ===================================

max slew

Pin                                        Limit        Slew       Slack
------------------------------------------------------------------------
_17723_/A                               0.750000    0.899140   -0.149140 (VIOLATED)
fanout324/A                             0.750000    0.899138   -0.149138 (VIOLATED)
_17591_/A                               0.750000    0.899136   -0.149136 (VIOLATED)
_17587_/A                               0.750000    0.899135   -0.149135 (VIOLATED)
_17599_/A                               0.750000    0.899133   -0.149133 (VIOLATED)
_09263_/Y                               0.750000    0.899126   -0.149126 (VIOLATED)
fanout320/A                             0.750000    0.899126   -0.149126 (VIOLATED)



===========================================================================
report_parasitic_annotation -report_unannotated
============================================================================
Found 10 unannotated drivers.
 clkload0/X
 clkload1/X
 clkload2/X
 clkload3/X
 clkload4/X
 clkload5/X
 clkload6/X
 clkload7/X
 clkload8/X
 clkload9/X
Found 0 partially unannotated drivers.

===========================================================================
max slew violation count 7
max fanout violation count 0
max cap violation count 0
============================================================================

===========================================================================
check_setup -verbose -unconstrained_endpoints -multiple_clock -no_clock -no_input_delay -loops -generated_clocks
===========================================================================
