Clock: clk
Sources: clk 
Generated: no
Virtual: yes
Propagated: no
Period: 10.000000

===========================================================================
report_clock_properties
============================================================================
Clock                   Period          Waveform
----------------------------------------------------
clk                  10.000000    0.000000  5.000000

===========================================================================
report_clock_latency
============================================================================
Clock clk
rise -> rise
    min     max
0.000000 0.000000 source latency
0.810714         network latency _18551_/CLK
        0.884871 network latency _18539_/CLK
---------------
0.810714 0.884871 latency
        0.074157 skew

fall -> fall
    min     max
0.000000 0.000000 source latency
0.871636         network latency _18551_/CLK
        0.927523 network latency _18539_/CLK
---------------
0.871636 0.927523 latency
        0.055886 skew



===========================================================================
report_clock_min_period
============================================================================
clk period_min = 14.51 fmax = 68.91
