
===========================================================================
report_checks -unconstrained
===========================================================================
======================= max_ss_100C_1v60 Corner ===================================

Startpoint: rst_n (input port clocked by clk)
Endpoint: _18555_ (recovery check against rising-edge clock clk)
Path Group: asynchronous
Path Type: max

Fanout         Cap        Slew       Delay        Time   Description
---------------------------------------------------------------------------------------------
                                  0.000000    0.000000   clock clk (rise edge)
                                  0.000000    0.000000   clock network delay (propagated)
                                  2.000000    2.000000 ^ input external delay
     1    0.003111    0.034309    0.017481    2.017481 ^ rst_n (in)
                                                         rst_n (net)
                      0.034311    0.000000    2.017481 ^ input97/A (sky130_fd_sc_hd__buf_2)
     1    0.004223    0.055492    0.161306    2.178786 ^ input97/X (sky130_fd_sc_hd__buf_2)
                                                         net97 (net)
                      0.055492    0.000292    2.179078 ^ fanout1475/A (sky130_fd_sc_hd__clkdlybuf4s50_1)
     3    0.023222    0.345557    0.998492    3.177571 ^ fanout1475/X (sky130_fd_sc_hd__clkdlybuf4s50_1)
                                                         net1475 (net)
                      0.345566    0.002265    3.179836 ^ fanout1448/A (sky130_fd_sc_hd__clkdlybuf4s50_1)
     2    0.021979    0.328704    1.106125    4.285961 ^ fanout1448/X (sky130_fd_sc_hd__clkdlybuf4s50_1)
                                                         net1448 (net)
                      0.328716    0.002407    4.288368 ^ wire1450/A (sky130_fd_sc_hd__buf_4)
     4    0.073089    0.328440    0.502526    4.790894 ^ wire1450/X (sky130_fd_sc_hd__buf_4)
                                                         net1450 (net)
                      0.329554    0.015679    4.806572 ^ load_slew1449/A (sky130_fd_sc_hd__buf_4)
     1    0.060147    0.274092    0.465115    5.271687 ^ load_slew1449/X (sky130_fd_sc_hd__buf_4)
                                                         net1449 (net)
                      0.275428    0.015538    5.287225 ^ fanout1446/A (sky130_fd_sc_hd__clkdlybuf4s50_1)
     5    0.021699    0.324665    1.076984    6.364209 ^ fanout1446/X (sky130_fd_sc_hd__clkdlybuf4s50_1)
                                                         net1446 (net)
                      0.324665    0.001052    6.365261 ^ load_slew1447/A (sky130_fd_sc_hd__buf_4)
     4    0.046201    0.214968    0.425544    6.790805 ^ load_slew1447/X (sky130_fd_sc_hd__buf_4)
                                                         net1447 (net)
                      0.215519    0.007975    6.798780 ^ fanout1445/A (sky130_fd_sc_hd__clkdlybuf4s50_1)
     6    0.059764    0.852591    1.425500    8.224280 ^ fanout1445/X (sky130_fd_sc_hd__clkdlybuf4s50_1)
                                                         net1445 (net)
                      0.852778    0.012205    8.236485 ^ fanout1443/A (sky130_fd_sc_hd__clkdlybuf4s50_1)
     2    0.007765    0.136742    1.131180    9.367665 ^ fanout1443/X (sky130_fd_sc_hd__clkdlybuf4s50_1)
                                                         net1443 (net)
                      0.136742    0.000383    9.368048 ^ wire1444/A (sky130_fd_sc_hd__buf_4)
     9    0.050535    0.233248    0.356622    9.724670 ^ wire1444/X (sky130_fd_sc_hd__buf_4)
                                                         net1444 (net)
                      0.233286    0.002485    9.727156 ^ fanout1442/A (sky130_fd_sc_hd__clkdlybuf4s50_1)
     8    0.034928    0.507612    1.191442   10.918598 ^ fanout1442/X (sky130_fd_sc_hd__clkdlybuf4s50_1)
                                                         net1442 (net)
                      0.507616    0.002331   10.920928 ^ _18555_/RESET_B (sky130_fd_sc_hd__dfrtp_2)
                                             10.920928   data arrival time

                                 10.000000   10.000000   clock clk (rise edge)
                                  0.000000   10.000000   clock source latency
     1    0.082900    0.452122    0.329688   10.329688 ^ clk (in)
                                                         clk (net)
                      0.455972    0.000000   10.329688 ^ clkbuf_0_clk/A (sky130_fd_sc_hd__clkbuf_16)
     8    0.173005    0.285062    0.546980   10.876669 ^ clkbuf_0_clk/X (sky130_fd_sc_hd__clkbuf_16)
                                                         clknet_0_clk (net)
                      0.287725    0.022331   10.898999 ^ clkbuf_3_3_0_clk/A (sky130_fd_sc_hd__clkbuf_16)
     4    0.073032    0.139763    0.378098   11.277098 ^ clkbuf_3_3_0_clk/X (sky130_fd_sc_hd__clkbuf_16)
                                                         clknet_3_3_0_clk (net)
                      0.141589    0.012538   11.289636 ^ clkbuf_5_13__f_clk/A (sky130_fd_sc_hd__clkbuf_16)
     5    0.018869    0.066037    0.252432   11.542068 ^ clkbuf_5_13__f_clk/X (sky130_fd_sc_hd__clkbuf_16)
                                                         clknet_5_13__leaf_clk (net)
                      0.066037    0.001197   11.543264 ^ _18555_/CLK (sky130_fd_sc_hd__dfrtp_2)
                                 -0.250000   11.293264   clock uncertainty
                                  0.000000   11.293264   clock reconvergence pessimism
                                  0.256124   11.549389   library recovery time
                                             11.549389   data required time
---------------------------------------------------------------------------------------------
                                             11.549389   data required time
                                            -10.920928   data arrival time
---------------------------------------------------------------------------------------------
                                              0.628460   slack (MET)


Startpoint: _18494_ (rising edge-triggered flip-flop clocked by clk)
Endpoint: _18473_ (rising edge-triggered flip-flop clocked by clk)
Path Group: clk
Path Type: max

Fanout         Cap        Slew       Delay        Time   Description
---------------------------------------------------------------------------------------------
                                  0.000000    0.000000   clock clk (rise edge)
                                  0.000000    0.000000   clock source latency
     1    0.082900    0.452122    0.329688    0.329688 ^ clk (in)
                                                         clk (net)
                      0.455972    0.000000    0.329688 ^ clkbuf_0_clk/A (sky130_fd_sc_hd__clkbuf_16)
     8    0.173005    0.285062    0.546980    0.876668 ^ clkbuf_0_clk/X (sky130_fd_sc_hd__clkbuf_16)
                                                         clknet_0_clk (net)
                      0.287653    0.022044    0.898712 ^ clkbuf_3_2_0_clk/A (sky130_fd_sc_hd__clkbuf_16)
     4    0.069437    0.135369    0.372464    1.271176 ^ clkbuf_3_2_0_clk/X (sky130_fd_sc_hd__clkbuf_16)
                                                         clknet_3_2_0_clk (net)
                      0.138354    0.015602    1.286778 ^ clkbuf_5_10__f_clk/A (sky130_fd_sc_hd__clkbuf_16)
     6    0.027372    0.076910    0.262525    1.549303 ^ clkbuf_5_10__f_clk/X (sky130_fd_sc_hd__clkbuf_16)
                                                         clknet_5_10__leaf_clk (net)
                      0.077080    0.003051    1.552354 ^ _18494_/CLK (sky130_fd_sc_hd__dfrtp_2)
     2    0.082751    0.622727    1.119345    2.671699 ^ _18494_/Q (sky130_fd_sc_hd__dfrtp_2)
                                                         a_r[20] (net)
                      0.623943    0.020388    2.692086 ^ fanout1108/A (sky130_fd_sc_hd__buf_6)
     6    0.059897    0.202365    0.479473    3.171560 ^ fanout1108/X (sky130_fd_sc_hd__buf_6)
                                                         net1108 (net)
                      0.202892    0.008472    3.180032 ^ load_slew1109/A (sky130_fd_sc_hd__buf_4)
     8    0.114975    0.503207    0.576463    3.756495 ^ load_slew1109/X (sky130_fd_sc_hd__buf_4)
                                                         net1109 (net)
                      0.504596    0.021706    3.778201 ^ fanout1104/A (sky130_fd_sc_hd__buf_4)
     7    0.052319    0.242679    0.515263    4.293464 ^ fanout1104/X (sky130_fd_sc_hd__buf_4)
                                                         net1104 (net)
                      0.243207    0.008136    4.301600 ^ fanout1103/A (sky130_fd_sc_hd__clkbuf_4)
    10    0.064070    0.311300    0.497296    4.798896 ^ fanout1103/X (sky130_fd_sc_hd__clkbuf_4)
                                                         net1103 (net)
                      0.311541    0.007230    4.806126 ^ _12783_/A (sky130_fd_sc_hd__nand2_1)
     2    0.010273    0.201357    0.282896    5.089022 v _12783_/Y (sky130_fd_sc_hd__nand2_1)
                                                         _02954_ (net)
                      0.201358    0.000913    5.089935 v _12784_/C (sky130_fd_sc_hd__maj3_1)
     2    0.008346    0.192809    0.879360    5.969296 v _12784_/X (sky130_fd_sc_hd__maj3_1)
                                                         _02955_ (net)
                      0.192809    0.000522    5.969817 v _12787_/A (sky130_fd_sc_hd__maj3_1)
     2    0.008274    0.192012    0.875201    6.845018 v _12787_/X (sky130_fd_sc_hd__maj3_1)
                                                         _02958_ (net)
                      0.192012    0.000592    6.845611 v _12811_/A (sky130_fd_sc_hd__maj3_4)
     3    0.023517    0.164586    0.778175    7.623785 v _12811_/X (sky130_fd_sc_hd__maj3_4)
                                                         _02984_ (net)
                      0.164722    0.002842    7.626627 v _12813_/A (sky130_fd_sc_hd__xor3_1)
     2    0.010969    0.199101    0.847670    8.474298 v _12813_/X (sky130_fd_sc_hd__xor3_1)
                                                         _02987_ (net)
                      0.199101    0.000437    8.474735 v _12815_/A (sky130_fd_sc_hd__xnor2_2)
     2    0.009071    0.260297    0.357924    8.832660 ^ _12815_/Y (sky130_fd_sc_hd__xnor2_2)
                                                         _02989_ (net)
                      0.260297    0.000566    8.833225 ^ _12919_/A (sky130_fd_sc_hd__xor3_1)
     2    0.020282    0.274308    1.072313    9.905538 v _12919_/X (sky130_fd_sc_hd__xor3_1)
                                                         _03103_ (net)
                      0.274312    0.001591    9.907128 v _12964_/B (sky130_fd_sc_hd__maj3_4)
     2    0.010633    0.125493    0.724104   10.631233 v _12964_/X (sky130_fd_sc_hd__maj3_4)
                                                         _03153_ (net)
                      0.125493    0.000685   10.631918 v _12967_/A (sky130_fd_sc_hd__xnor2_1)
     1    0.004890    0.120915    0.263723   10.895641 v _12967_/Y (sky130_fd_sc_hd__xnor2_1)
                                                         _03156_ (net)
                      0.120919    0.000369   10.896010 v _13078_/B (sky130_fd_sc_hd__xnor2_1)
     2    0.012060    0.487064    0.463982   11.359992 ^ _13078_/Y (sky130_fd_sc_hd__xnor2_1)
                                                         _03278_ (net)
                      0.487068    0.001223   11.361216 ^ _13081_/B (sky130_fd_sc_hd__xnor2_2)
     2    0.008070    0.130725    0.268151   11.629366 v _13081_/Y (sky130_fd_sc_hd__xnor2_2)
                                                         _03281_ (net)
                      0.130725    0.000528   11.629894 v _13085_/A (sky130_fd_sc_hd__xor2_1)
     2    0.006364    0.154781    0.346682   11.976576 v _13085_/X (sky130_fd_sc_hd__xor2_1)
                                                         _03286_ (net)
                      0.154781    0.000357   11.976933 v _13190_/B1 (sky130_fd_sc_hd__o21ai_1)
     2    0.018123    0.607525    0.401889   12.378822 ^ _13190_/Y (sky130_fd_sc_hd__o21ai_1)
                                                         _03401_ (net)
                      0.607532    0.001742   12.380564 ^ _13191_/A1 (sky130_fd_sc_hd__o21ai_2)
     2    0.012247    0.167399    0.353264   12.733828 v _13191_/Y (sky130_fd_sc_hd__o21ai_2)
                                                         _03402_ (net)
                      0.167404    0.000863   12.734691 v _13193_/A2 (sky130_fd_sc_hd__a21oi_2)
     1    0.005613    0.174302    0.283991   13.018682 ^ _13193_/Y (sky130_fd_sc_hd__a21oi_2)
                                                         _03405_ (net)
                      0.174302    0.000411   13.019093 ^ _13194_/B1 (sky130_fd_sc_hd__o21ai_2)
     2    0.013523    0.139620    0.199307   13.218400 v _13194_/Y (sky130_fd_sc_hd__o21ai_2)
                                                         _03406_ (net)
                      0.139632    0.001378   13.219778 v _14054_/A3 (sky130_fd_sc_hd__a311oi_2)
     1    0.014592    0.578074    0.684316   13.904094 ^ _14054_/Y (sky130_fd_sc_hd__a311oi_2)
                                                         _04352_ (net)
                      0.578074    0.001466   13.905560 ^ wire293/A (sky130_fd_sc_hd__clkbuf_2)
     2    0.011842    0.121810    0.428143   14.333703 ^ wire293/X (sky130_fd_sc_hd__clkbuf_2)
                                                         net293 (net)
                      0.121815    0.000927   14.334630 ^ _14055_/B (sky130_fd_sc_hd__nor2_1)
     1    0.008230    0.095134    0.126965   14.461595 v _14055_/Y (sky130_fd_sc_hd__nor2_1)
                                                         _04353_ (net)
                      0.095137    0.000703   14.462298 v _14056_/C (sky130_fd_sc_hd__nor3_1)
     1    0.004947    0.342759    0.306381   14.768680 ^ _14056_/Y (sky130_fd_sc_hd__nor3_1)
                                                         _04354_ (net)
                      0.342759    0.000369   14.769049 ^ wire289/A (sky130_fd_sc_hd__clkbuf_2)
     3    0.013809    0.133246    0.350983   15.120032 ^ wire289/X (sky130_fd_sc_hd__clkbuf_2)
                                                         net289 (net)
                      0.133253    0.001101   15.121133 ^ _15556_/C1 (sky130_fd_sc_hd__o211ai_1)
     2    0.018610    0.489985    0.464262   15.585395 v _15556_/Y (sky130_fd_sc_hd__o211ai_1)
                                                         _06004_ (net)
                      0.489994    0.001808   15.587203 v _17146_/C (sky130_fd_sc_hd__nand4_1)
     1    0.014683    0.317919    0.484556   16.071760 ^ _17146_/Y (sky130_fd_sc_hd__nand4_1)
                                                         _07753_ (net)
                      0.317921    0.001522   16.073282 ^ wire281/A (sky130_fd_sc_hd__buf_6)
     3    0.034417    0.124870    0.323318   16.396601 ^ wire281/X (sky130_fd_sc_hd__buf_6)
                                                         net281 (net)
                      0.125376    0.005759   16.402359 ^ _17667_/A1 (sky130_fd_sc_hd__a211oi_4)
     2    0.015412    0.126801    0.158485   16.560844 v _17667_/Y (sky130_fd_sc_hd__a211oi_4)
                                                         _08326_ (net)
                      0.126807    0.001563   16.562407 v _17776_/A2 (sky130_fd_sc_hd__o21ai_2)
     2    0.013326    0.306513    0.326771   16.889179 ^ _17776_/Y (sky130_fd_sc_hd__o21ai_2)
                                                         _08446_ (net)
                      0.306513    0.001245   16.890423 ^ _17795_/A2 (sky130_fd_sc_hd__a21oi_2)
     2    0.012315    0.155020    0.242913   17.133337 v _17795_/Y (sky130_fd_sc_hd__a21oi_2)
                                                         _08467_ (net)
                      0.155022    0.001080   17.134417 v _17797_/A2 (sky130_fd_sc_hd__o21ai_2)
     2    0.008582    0.228146    0.278050   17.412466 ^ _17797_/Y (sky130_fd_sc_hd__o21ai_2)
                                                         _08469_ (net)
                      0.228146    0.000544   17.413010 ^ _17799_/B1 (sky130_fd_sc_hd__o21ai_2)
     1    0.008834    0.126694    0.193813   17.606823 v _17799_/Y (sky130_fd_sc_hd__o21ai_2)
                                                         _08471_ (net)
                      0.126695    0.000679   17.607502 v _17821_/B (sky130_fd_sc_hd__xnor2_2)
     2    0.014382    0.191465    0.322345   17.929846 v _17821_/Y (sky130_fd_sc_hd__xnor2_2)
                                                         net277 (net)
                      0.191465    0.000753   17.930599 v rebuffer1478/A (sky130_fd_sc_hd__buf_6)
     4    0.058490    0.108706    0.331012   18.261612 v rebuffer1478/X (sky130_fd_sc_hd__buf_6)
                                                         net1478 (net)
                      0.109194    0.006251   18.267862 v _17822_/A (sky130_fd_sc_hd__inv_4)
     4    0.066260    0.285581    0.266152   18.534014 ^ _17822_/Y (sky130_fd_sc_hd__inv_4)
                                                         _08496_ (net)
                      0.285724    0.005331   18.539345 ^ fanout254/A (sky130_fd_sc_hd__buf_4)
     4    0.039134    0.186370    0.389043   18.928389 ^ fanout254/X (sky130_fd_sc_hd__buf_4)
                                                         net254 (net)
                      0.186857    0.006834   18.935223 ^ load_slew255/A (sky130_fd_sc_hd__buf_6)
     7    0.069599    0.229931    0.339705   19.274927 ^ load_slew255/X (sky130_fd_sc_hd__buf_6)
                                                         net255 (net)
                      0.233443    0.022732   19.297659 ^ fanout252/A (sky130_fd_sc_hd__clkdlybuf4s50_1)
     2    0.008249    0.142984    0.924283   20.221943 ^ fanout252/X (sky130_fd_sc_hd__clkdlybuf4s50_1)
                                                         net252 (net)
                      0.142984    0.000233   20.222176 ^ load_slew253/A (sky130_fd_sc_hd__buf_6)
     8    0.074077    0.242548    0.331124   20.553299 ^ load_slew253/X (sky130_fd_sc_hd__buf_6)
                                                         net253 (net)
                      0.245167    0.020265   20.573563 ^ fanout251/A (sky130_fd_sc_hd__buf_12)
    10    0.076921    0.153160    0.319622   20.893185 ^ fanout251/X (sky130_fd_sc_hd__buf_12)
                                                         net251 (net)
                      0.154070    0.009422   20.902607 ^ _18119_/A1 (sky130_fd_sc_hd__o21a_4)
     2    0.018702    0.121858    0.326395   21.229002 ^ _18119_/X (sky130_fd_sc_hd__o21a_4)
                                                         _08822_ (net)
                      0.121873    0.001410   21.230412 ^ _18120_/B2 (sky130_fd_sc_hd__o221a_4)
     3    0.014376    0.122821    0.408775   21.639187 ^ _18120_/X (sky130_fd_sc_hd__o221a_4)
                                                         _08823_ (net)
                      0.122826    0.000933   21.640120 ^ _18123_/A2 (sky130_fd_sc_hd__o2111ai_2)
     2    0.008389    0.257090    0.296504   21.936625 v _18123_/Y (sky130_fd_sc_hd__o2111ai_2)
                                                         _08827_ (net)
                      0.257091    0.000691   21.937315 v _18131_/A1 (sky130_fd_sc_hd__a221o_1)
     2    0.023975    0.272478    0.843235   22.780550 v _18131_/X (sky130_fd_sc_hd__a221o_1)
                                                         _08835_ (net)
                      0.272498    0.002510   22.783060 v rebuffer1586/A (sky130_fd_sc_hd__buf_4)
     2    0.007274    0.051770    0.339675   23.122734 v rebuffer1586/X (sky130_fd_sc_hd__buf_4)
                                                         net1586 (net)
                      0.051770    0.000462   23.123196 v _18198_/A2 (sky130_fd_sc_hd__o21bai_1)
     2    0.006821    0.292700    0.286200   23.409395 ^ _18198_/Y (sky130_fd_sc_hd__o21bai_1)
                                                         _08909_ (net)
                      0.292700    0.000435   23.409832 ^ _18199_/A2 (sky130_fd_sc_hd__a21oi_1)
     3    0.011071    0.224636    0.311303   23.721134 v _18199_/Y (sky130_fd_sc_hd__a21oi_1)
                                                         _08910_ (net)
                      0.224636    0.000533   23.721666 v _18232_/A_N (sky130_fd_sc_hd__nand2b_2)
     2    0.058863    0.467249    0.747253   24.468920 v _18232_/Y (sky130_fd_sc_hd__nand2b_2)
                                                         _08947_ (net)
                      0.467279    0.003203   24.472122 v _18233_/D (sky130_fd_sc_hd__or4_4)
     1    0.005639    0.156815    0.976968   25.449091 v _18233_/X (sky130_fd_sc_hd__or4_4)
                                                         _08948_ (net)
                      0.156815    0.000410   25.449501 v _18299_/B (sky130_fd_sc_hd__nor3_2)
     1    0.011522    0.411940    0.437256   25.886757 ^ _18299_/Y (sky130_fd_sc_hd__nor3_2)
                                                         _09020_ (net)
                      0.411940    0.001064   25.887821 ^ wire203/A (sky130_fd_sc_hd__clkbuf_2)
     1    0.018952    0.172994    0.407633   26.295454 ^ wire203/X (sky130_fd_sc_hd__clkbuf_2)
                                                         net203 (net)
                      0.173019    0.002130   26.297583 ^ _18308_/C (sky130_fd_sc_hd__nand4_1)
     1    0.014658    0.547481    0.504073   26.801657 v _18308_/Y (sky130_fd_sc_hd__nand4_1)
                                                         _09030_ (net)
                      0.547481    0.001288   26.802944 v _18348_/A3 (sky130_fd_sc_hd__o41ai_4)
     1    0.011710    0.498141    0.751257   27.554201 ^ _18348_/Y (sky130_fd_sc_hd__o41ai_4)
                                                         _09074_ (net)
                      0.498142    0.001076   27.555279 ^ _18390_/A3 (sky130_fd_sc_hd__a41o_1)
     2    0.016101    0.258297    0.651248   28.206526 ^ _18390_/X (sky130_fd_sc_hd__a41o_1)
                                                         _09120_ (net)
                      0.258301    0.001432   28.207958 ^ load_slew189/A (sky130_fd_sc_hd__buf_6)
     4    0.077790    0.255097    0.384588   28.592546 ^ load_slew189/X (sky130_fd_sc_hd__buf_6)
                                                         net189 (net)
                      0.258871    0.024874   28.617420 ^ fanout183/A (sky130_fd_sc_hd__buf_6)
    10    0.063450    0.210388    0.361748   28.979168 ^ fanout183/X (sky130_fd_sc_hd__buf_6)
                                                         net183 (net)
                      0.210438    0.002730   28.981899 ^ _18397_/A (sky130_fd_sc_hd__nand2_1)
     1    0.051061    0.823213    0.709615   29.691515 v _18397_/Y (sky130_fd_sc_hd__nand2_1)
                                                         fixed_pkg::s_narrow48$func$/headless/otolith/hdl/rtl/fixed_pkg.sv:130$9.$unnamed_block$1.sat (net)
                      0.823573    0.014531   29.706045 v _18473_/D (sky130_fd_sc_hd__dfrtp_1)
                                             29.706045   data arrival time

                                 10.000000   10.000000   clock clk (rise edge)
                                  0.000000   10.000000   clock source latency
     1    0.082900    0.452122    0.329688   10.329688 ^ clk (in)
                                                         clk (net)
                      0.455972    0.000000   10.329688 ^ clkbuf_0_clk/A (sky130_fd_sc_hd__clkbuf_16)
     8    0.173005    0.285062    0.546980   10.876669 ^ clkbuf_0_clk/X (sky130_fd_sc_hd__clkbuf_16)
                                                         clknet_0_clk (net)
                      0.287725    0.022331   10.898999 ^ clkbuf_3_3_0_clk/A (sky130_fd_sc_hd__clkbuf_16)
     4    0.073032    0.139763    0.378098   11.277098 ^ clkbuf_3_3_0_clk/X (sky130_fd_sc_hd__clkbuf_16)
                                                         clknet_3_3_0_clk (net)
                      0.140994    0.010250   11.287348 ^ clkbuf_5_14__f_clk/A (sky130_fd_sc_hd__clkbuf_16)
     6    0.040662    0.095595    0.281895   11.569243 ^ clkbuf_5_14__f_clk/X (sky130_fd_sc_hd__clkbuf_16)
                                                         clknet_5_14__leaf_clk (net)
                      0.095823    0.004044   11.573288 ^ _18473_/CLK (sky130_fd_sc_hd__dfrtp_1)
                                 -0.250000   11.323288   clock uncertainty
                                  0.000000   11.323288   clock reconvergence pessimism
                                 -0.583817   10.739470   library setup time
                                             10.739470   data required time
---------------------------------------------------------------------------------------------
                                             10.739470   data required time
                                            -29.706045   data arrival time
---------------------------------------------------------------------------------------------
                                            -18.966574   slack (VIOLATED)




===========================================================================
report_checks --slack_max -0.01
============================================================================
======================= max_ss_100C_1v60 Corner ===================================

Startpoint: _18494_ (rising edge-triggered flip-flop clocked by clk)
Endpoint: _18473_ (rising edge-triggered flip-flop clocked by clk)
Path Group: clk
Path Type: max

Fanout         Cap        Slew       Delay        Time   Description
---------------------------------------------------------------------------------------------
                                  0.000000    0.000000   clock clk (rise edge)
                                  0.000000    0.000000   clock source latency
     1    0.082900    0.452122    0.329688    0.329688 ^ clk (in)
                                                         clk (net)
                      0.455972    0.000000    0.329688 ^ clkbuf_0_clk/A (sky130_fd_sc_hd__clkbuf_16)
     8    0.173005    0.285062    0.546980    0.876668 ^ clkbuf_0_clk/X (sky130_fd_sc_hd__clkbuf_16)
                                                         clknet_0_clk (net)
                      0.287653    0.022044    0.898712 ^ clkbuf_3_2_0_clk/A (sky130_fd_sc_hd__clkbuf_16)
     4    0.069437    0.135369    0.372464    1.271176 ^ clkbuf_3_2_0_clk/X (sky130_fd_sc_hd__clkbuf_16)
                                                         clknet_3_2_0_clk (net)
                      0.138354    0.015602    1.286778 ^ clkbuf_5_10__f_clk/A (sky130_fd_sc_hd__clkbuf_16)
     6    0.027372    0.076910    0.262525    1.549303 ^ clkbuf_5_10__f_clk/X (sky130_fd_sc_hd__clkbuf_16)
                                                         clknet_5_10__leaf_clk (net)
                      0.077080    0.003051    1.552354 ^ _18494_/CLK (sky130_fd_sc_hd__dfrtp_2)
     2    0.082751    0.622727    1.119345    2.671699 ^ _18494_/Q (sky130_fd_sc_hd__dfrtp_2)
                                                         a_r[20] (net)
                      0.623943    0.020388    2.692086 ^ fanout1108/A (sky130_fd_sc_hd__buf_6)
     6    0.059897    0.202365    0.479473    3.171560 ^ fanout1108/X (sky130_fd_sc_hd__buf_6)
                                                         net1108 (net)
                      0.202892    0.008472    3.180032 ^ load_slew1109/A (sky130_fd_sc_hd__buf_4)
     8    0.114975    0.503207    0.576463    3.756495 ^ load_slew1109/X (sky130_fd_sc_hd__buf_4)
                                                         net1109 (net)
                      0.504596    0.021706    3.778201 ^ fanout1104/A (sky130_fd_sc_hd__buf_4)
     7    0.052319    0.242679    0.515263    4.293464 ^ fanout1104/X (sky130_fd_sc_hd__buf_4)
                                                         net1104 (net)
                      0.243207    0.008136    4.301600 ^ fanout1103/A (sky130_fd_sc_hd__clkbuf_4)
    10    0.064070    0.311300    0.497296    4.798896 ^ fanout1103/X (sky130_fd_sc_hd__clkbuf_4)
                                                         net1103 (net)
                      0.311541    0.007230    4.806126 ^ _12783_/A (sky130_fd_sc_hd__nand2_1)
     2    0.010273    0.201357    0.282896    5.089022 v _12783_/Y (sky130_fd_sc_hd__nand2_1)
                                                         _02954_ (net)
                      0.201358    0.000913    5.089935 v _12784_/C (sky130_fd_sc_hd__maj3_1)
     2    0.008346    0.192809    0.879360    5.969296 v _12784_/X (sky130_fd_sc_hd__maj3_1)
                                                         _02955_ (net)
                      0.192809    0.000522    5.969817 v _12787_/A (sky130_fd_sc_hd__maj3_1)
     2    0.008274    0.192012    0.875201    6.845018 v _12787_/X (sky130_fd_sc_hd__maj3_1)
                                                         _02958_ (net)
                      0.192012    0.000592    6.845611 v _12811_/A (sky130_fd_sc_hd__maj3_4)
     3    0.023517    0.164586    0.778175    7.623785 v _12811_/X (sky130_fd_sc_hd__maj3_4)
                                                         _02984_ (net)
                      0.164722    0.002842    7.626627 v _12813_/A (sky130_fd_sc_hd__xor3_1)
     2    0.010969    0.199101    0.847670    8.474298 v _12813_/X (sky130_fd_sc_hd__xor3_1)
                                                         _02987_ (net)
                      0.199101    0.000437    8.474735 v _12815_/A (sky130_fd_sc_hd__xnor2_2)
     2    0.009071    0.260297    0.357924    8.832660 ^ _12815_/Y (sky130_fd_sc_hd__xnor2_2)
                                                         _02989_ (net)
                      0.260297    0.000566    8.833225 ^ _12919_/A (sky130_fd_sc_hd__xor3_1)
     2    0.020282    0.274308    1.072313    9.905538 v _12919_/X (sky130_fd_sc_hd__xor3_1)
                                                         _03103_ (net)
                      0.274312    0.001591    9.907128 v _12964_/B (sky130_fd_sc_hd__maj3_4)
     2    0.010633    0.125493    0.724104   10.631233 v _12964_/X (sky130_fd_sc_hd__maj3_4)
                                                         _03153_ (net)
                      0.125493    0.000685   10.631918 v _12967_/A (sky130_fd_sc_hd__xnor2_1)
     1    0.004890    0.120915    0.263723   10.895641 v _12967_/Y (sky130_fd_sc_hd__xnor2_1)
                                                         _03156_ (net)
                      0.120919    0.000369   10.896010 v _13078_/B (sky130_fd_sc_hd__xnor2_1)
     2    0.012060    0.487064    0.463982   11.359992 ^ _13078_/Y (sky130_fd_sc_hd__xnor2_1)
                                                         _03278_ (net)
                      0.487068    0.001223   11.361216 ^ _13081_/B (sky130_fd_sc_hd__xnor2_2)
     2    0.008070    0.130725    0.268151   11.629366 v _13081_/Y (sky130_fd_sc_hd__xnor2_2)
                                                         _03281_ (net)
                      0.130725    0.000528   11.629894 v _13085_/A (sky130_fd_sc_hd__xor2_1)
     2    0.006364    0.154781    0.346682   11.976576 v _13085_/X (sky130_fd_sc_hd__xor2_1)
                                                         _03286_ (net)
                      0.154781    0.000357   11.976933 v _13190_/B1 (sky130_fd_sc_hd__o21ai_1)
     2    0.018123    0.607525    0.401889   12.378822 ^ _13190_/Y (sky130_fd_sc_hd__o21ai_1)
                                                         _03401_ (net)
                      0.607532    0.001742   12.380564 ^ _13191_/A1 (sky130_fd_sc_hd__o21ai_2)
     2    0.012247    0.167399    0.353264   12.733828 v _13191_/Y (sky130_fd_sc_hd__o21ai_2)
                                                         _03402_ (net)
                      0.167404    0.000863   12.734691 v _13193_/A2 (sky130_fd_sc_hd__a21oi_2)
     1    0.005613    0.174302    0.283991   13.018682 ^ _13193_/Y (sky130_fd_sc_hd__a21oi_2)
                                                         _03405_ (net)
                      0.174302    0.000411   13.019093 ^ _13194_/B1 (sky130_fd_sc_hd__o21ai_2)
     2    0.013523    0.139620    0.199307   13.218400 v _13194_/Y (sky130_fd_sc_hd__o21ai_2)
                                                         _03406_ (net)
                      0.139632    0.001378   13.219778 v _14054_/A3 (sky130_fd_sc_hd__a311oi_2)
     1    0.014592    0.578074    0.684316   13.904094 ^ _14054_/Y (sky130_fd_sc_hd__a311oi_2)
                                                         _04352_ (net)
                      0.578074    0.001466   13.905560 ^ wire293/A (sky130_fd_sc_hd__clkbuf_2)
     2    0.011842    0.121810    0.428143   14.333703 ^ wire293/X (sky130_fd_sc_hd__clkbuf_2)
                                                         net293 (net)
                      0.121815    0.000927   14.334630 ^ _14055_/B (sky130_fd_sc_hd__nor2_1)
     1    0.008230    0.095134    0.126965   14.461595 v _14055_/Y (sky130_fd_sc_hd__nor2_1)
                                                         _04353_ (net)
                      0.095137    0.000703   14.462298 v _14056_/C (sky130_fd_sc_hd__nor3_1)
     1    0.004947    0.342759    0.306381   14.768680 ^ _14056_/Y (sky130_fd_sc_hd__nor3_1)
                                                         _04354_ (net)
                      0.342759    0.000369   14.769049 ^ wire289/A (sky130_fd_sc_hd__clkbuf_2)
     3    0.013809    0.133246    0.350983   15.120032 ^ wire289/X (sky130_fd_sc_hd__clkbuf_2)
                                                         net289 (net)
                      0.133253    0.001101   15.121133 ^ _15556_/C1 (sky130_fd_sc_hd__o211ai_1)
     2    0.018610    0.489985    0.464262   15.585395 v _15556_/Y (sky130_fd_sc_hd__o211ai_1)
                                                         _06004_ (net)
                      0.489994    0.001808   15.587203 v _17146_/C (sky130_fd_sc_hd__nand4_1)
     1    0.014683    0.317919    0.484556   16.071760 ^ _17146_/Y (sky130_fd_sc_hd__nand4_1)
                                                         _07753_ (net)
                      0.317921    0.001522   16.073282 ^ wire281/A (sky130_fd_sc_hd__buf_6)
     3    0.034417    0.124870    0.323318   16.396601 ^ wire281/X (sky130_fd_sc_hd__buf_6)
                                                         net281 (net)
                      0.125376    0.005759   16.402359 ^ _17667_/A1 (sky130_fd_sc_hd__a211oi_4)
     2    0.015412    0.126801    0.158485   16.560844 v _17667_/Y (sky130_fd_sc_hd__a211oi_4)
                                                         _08326_ (net)
                      0.126807    0.001563   16.562407 v _17776_/A2 (sky130_fd_sc_hd__o21ai_2)
     2    0.013326    0.306513    0.326771   16.889179 ^ _17776_/Y (sky130_fd_sc_hd__o21ai_2)
                                                         _08446_ (net)
                      0.306513    0.001245   16.890423 ^ _17795_/A2 (sky130_fd_sc_hd__a21oi_2)
     2    0.012315    0.155020    0.242913   17.133337 v _17795_/Y (sky130_fd_sc_hd__a21oi_2)
                                                         _08467_ (net)
                      0.155022    0.001080   17.134417 v _17797_/A2 (sky130_fd_sc_hd__o21ai_2)
     2    0.008582    0.228146    0.278050   17.412466 ^ _17797_/Y (sky130_fd_sc_hd__o21ai_2)
                                                         _08469_ (net)
                      0.228146    0.000544   17.413010 ^ _17799_/B1 (sky130_fd_sc_hd__o21ai_2)
     1    0.008834    0.126694    0.193813   17.606823 v _17799_/Y (sky130_fd_sc_hd__o21ai_2)
                                                         _08471_ (net)
                      0.126695    0.000679   17.607502 v _17821_/B (sky130_fd_sc_hd__xnor2_2)
     2    0.014382    0.191465    0.322345   17.929846 v _17821_/Y (sky130_fd_sc_hd__xnor2_2)
                                                         net277 (net)
                      0.191465    0.000753   17.930599 v rebuffer1478/A (sky130_fd_sc_hd__buf_6)
     4    0.058490    0.108706    0.331012   18.261612 v rebuffer1478/X (sky130_fd_sc_hd__buf_6)
                                                         net1478 (net)
                      0.109194    0.006251   18.267862 v _17822_/A (sky130_fd_sc_hd__inv_4)
     4    0.066260    0.285581    0.266152   18.534014 ^ _17822_/Y (sky130_fd_sc_hd__inv_4)
                                                         _08496_ (net)
                      0.285724    0.005331   18.539345 ^ fanout254/A (sky130_fd_sc_hd__buf_4)
     4    0.039134    0.186370    0.389043   18.928389 ^ fanout254/X (sky130_fd_sc_hd__buf_4)
                                                         net254 (net)
                      0.186857    0.006834   18.935223 ^ load_slew255/A (sky130_fd_sc_hd__buf_6)
     7    0.069599    0.229931    0.339705   19.274927 ^ load_slew255/X (sky130_fd_sc_hd__buf_6)
                                                         net255 (net)
                      0.233443    0.022732   19.297659 ^ fanout252/A (sky130_fd_sc_hd__clkdlybuf4s50_1)
     2    0.008249    0.142984    0.924283   20.221943 ^ fanout252/X (sky130_fd_sc_hd__clkdlybuf4s50_1)
                                                         net252 (net)
                      0.142984    0.000233   20.222176 ^ load_slew253/A (sky130_fd_sc_hd__buf_6)
     8    0.074077    0.242548    0.331124   20.553299 ^ load_slew253/X (sky130_fd_sc_hd__buf_6)
                                                         net253 (net)
                      0.245167    0.020265   20.573563 ^ fanout251/A (sky130_fd_sc_hd__buf_12)
    10    0.076921    0.153160    0.319622   20.893185 ^ fanout251/X (sky130_fd_sc_hd__buf_12)
                                                         net251 (net)
                      0.154070    0.009422   20.902607 ^ _18119_/A1 (sky130_fd_sc_hd__o21a_4)
     2    0.018702    0.121858    0.326395   21.229002 ^ _18119_/X (sky130_fd_sc_hd__o21a_4)
                                                         _08822_ (net)
                      0.121873    0.001410   21.230412 ^ _18120_/B2 (sky130_fd_sc_hd__o221a_4)
     3    0.014376    0.122821    0.408775   21.639187 ^ _18120_/X (sky130_fd_sc_hd__o221a_4)
                                                         _08823_ (net)
                      0.122826    0.000933   21.640120 ^ _18123_/A2 (sky130_fd_sc_hd__o2111ai_2)
     2    0.008389    0.257090    0.296504   21.936625 v _18123_/Y (sky130_fd_sc_hd__o2111ai_2)
                                                         _08827_ (net)
                      0.257091    0.000691   21.937315 v _18131_/A1 (sky130_fd_sc_hd__a221o_1)
     2    0.023975    0.272478    0.843235   22.780550 v _18131_/X (sky130_fd_sc_hd__a221o_1)
                                                         _08835_ (net)
                      0.272498    0.002510   22.783060 v rebuffer1586/A (sky130_fd_sc_hd__buf_4)
     2    0.007274    0.051770    0.339675   23.122734 v rebuffer1586/X (sky130_fd_sc_hd__buf_4)
                                                         net1586 (net)
                      0.051770    0.000462   23.123196 v _18198_/A2 (sky130_fd_sc_hd__o21bai_1)
     2    0.006821    0.292700    0.286200   23.409395 ^ _18198_/Y (sky130_fd_sc_hd__o21bai_1)
                                                         _08909_ (net)
                      0.292700    0.000435   23.409832 ^ _18199_/A2 (sky130_fd_sc_hd__a21oi_1)
     3    0.011071    0.224636    0.311303   23.721134 v _18199_/Y (sky130_fd_sc_hd__a21oi_1)
                                                         _08910_ (net)
                      0.224636    0.000533   23.721666 v _18232_/A_N (sky130_fd_sc_hd__nand2b_2)
     2    0.058863    0.467249    0.747253   24.468920 v _18232_/Y (sky130_fd_sc_hd__nand2b_2)
                                                         _08947_ (net)
                      0.467279    0.003203   24.472122 v _18233_/D (sky130_fd_sc_hd__or4_4)
     1    0.005639    0.156815    0.976968   25.449091 v _18233_/X (sky130_fd_sc_hd__or4_4)
                                                         _08948_ (net)
                      0.156815    0.000410   25.449501 v _18299_/B (sky130_fd_sc_hd__nor3_2)
     1    0.011522    0.411940    0.437256   25.886757 ^ _18299_/Y (sky130_fd_sc_hd__nor3_2)
                                                         _09020_ (net)
                      0.411940    0.001064   25.887821 ^ wire203/A (sky130_fd_sc_hd__clkbuf_2)
     1    0.018952    0.172994    0.407633   26.295454 ^ wire203/X (sky130_fd_sc_hd__clkbuf_2)
                                                         net203 (net)
                      0.173019    0.002130   26.297583 ^ _18308_/C (sky130_fd_sc_hd__nand4_1)
     1    0.014658    0.547481    0.504073   26.801657 v _18308_/Y (sky130_fd_sc_hd__nand4_1)
                                                         _09030_ (net)
                      0.547481    0.001288   26.802944 v _18348_/A3 (sky130_fd_sc_hd__o41ai_4)
     1    0.011710    0.498141    0.751257   27.554201 ^ _18348_/Y (sky130_fd_sc_hd__o41ai_4)
                                                         _09074_ (net)
                      0.498142    0.001076   27.555279 ^ _18390_/A3 (sky130_fd_sc_hd__a41o_1)
     2    0.016101    0.258297    0.651248   28.206526 ^ _18390_/X (sky130_fd_sc_hd__a41o_1)
                                                         _09120_ (net)
                      0.258301    0.001432   28.207958 ^ load_slew189/A (sky130_fd_sc_hd__buf_6)
     4    0.077790    0.255097    0.384588   28.592546 ^ load_slew189/X (sky130_fd_sc_hd__buf_6)
                                                         net189 (net)
                      0.258871    0.024874   28.617420 ^ fanout183/A (sky130_fd_sc_hd__buf_6)
    10    0.063450    0.210388    0.361748   28.979168 ^ fanout183/X (sky130_fd_sc_hd__buf_6)
                                                         net183 (net)
                      0.210438    0.002730   28.981899 ^ _18397_/A (sky130_fd_sc_hd__nand2_1)
     1    0.051061    0.823213    0.709615   29.691515 v _18397_/Y (sky130_fd_sc_hd__nand2_1)
                                                         fixed_pkg::s_narrow48$func$/headless/otolith/hdl/rtl/fixed_pkg.sv:130$9.$unnamed_block$1.sat (net)
                      0.823573    0.014531   29.706045 v _18473_/D (sky130_fd_sc_hd__dfrtp_1)
                                             29.706045   data arrival time

                                 10.000000   10.000000   clock clk (rise edge)
                                  0.000000   10.000000   clock source latency
     1    0.082900    0.452122    0.329688   10.329688 ^ clk (in)
                                                         clk (net)
                      0.455972    0.000000   10.329688 ^ clkbuf_0_clk/A (sky130_fd_sc_hd__clkbuf_16)
     8    0.173005    0.285062    0.546980   10.876669 ^ clkbuf_0_clk/X (sky130_fd_sc_hd__clkbuf_16)
                                                         clknet_0_clk (net)
                      0.287725    0.022331   10.898999 ^ clkbuf_3_3_0_clk/A (sky130_fd_sc_hd__clkbuf_16)
     4    0.073032    0.139763    0.378098   11.277098 ^ clkbuf_3_3_0_clk/X (sky130_fd_sc_hd__clkbuf_16)
                                                         clknet_3_3_0_clk (net)
                      0.140994    0.010250   11.287348 ^ clkbuf_5_14__f_clk/A (sky130_fd_sc_hd__clkbuf_16)
     6    0.040662    0.095595    0.281895   11.569243 ^ clkbuf_5_14__f_clk/X (sky130_fd_sc_hd__clkbuf_16)
                                                         clknet_5_14__leaf_clk (net)
                      0.095823    0.004044   11.573288 ^ _18473_/CLK (sky130_fd_sc_hd__dfrtp_1)
                                 -0.250000   11.323288   clock uncertainty
                                  0.000000   11.323288   clock reconvergence pessimism
                                 -0.583817   10.739470   library setup time
                                             10.739470   data required time
---------------------------------------------------------------------------------------------
                                             10.739470   data required time
                                            -29.706045   data arrival time
---------------------------------------------------------------------------------------------
                                            -18.966574   slack (VIOLATED)




===========================================================================
 report_check_types -max_slew -max_cap -max_fanout -violators
============================================================================
======================= max_ss_100C_1v60 Corner ===================================

max slew

Pin                                        Limit        Slew       Slack
------------------------------------------------------------------------
_17723_/A                               0.750000    1.645087   -0.895087 (VIOLATED)
fanout324/A                             0.750000    1.645083   -0.895083 (VIOLATED)
_17591_/A                               0.750000    1.645077   -0.895077 (VIOLATED)
_17587_/A                               0.750000    1.645074   -0.895074 (VIOLATED)
_17599_/A                               0.750000    1.645070   -0.895070 (VIOLATED)
fanout320/A                             0.750000    1.645051   -0.895051 (VIOLATED)
_09263_/Y                               0.750000    1.645049   -0.895049 (VIOLATED)
_18415_/A1                              0.750000    1.254057   -0.504057 (VIOLATED)
_18268_/D                               0.750000    1.254045   -0.504045 (VIOLATED)
_18249_/Y                               0.750000    1.253665   -0.503665 (VIOLATED)
_18272_/A                               0.750000    1.211493   -0.461493 (VIOLATED)
_18409_/A1                              0.750000    1.211491   -0.461491 (VIOLATED)
_18248_/X                               0.750000    1.211444   -0.461444 (VIOLATED)
_18307_/D                               0.750000    1.122874   -0.372874 (VIOLATED)
_18446_/A1                              0.750000    1.122864   -0.372864 (VIOLATED)
_18306_/Y                               0.750000    1.122845   -0.372845 (VIOLATED)
_18411_/A1                              0.750000    1.052520   -0.302520 (VIOLATED)
_18288_/B                               0.750000    1.052518   -0.302518 (VIOLATED)
_18281_/Y                               0.750000    1.052490   -0.302490 (VIOLATED)
output108/A                             0.750000    1.028401   -0.278401 (VIOLATED)
_18590_/Q                               0.750000    1.027448   -0.277448 (VIOLATED)
wire208/A                               0.750000    1.026378   -0.276378 (VIOLATED)
_18347_/D                               0.750000    1.026367   -0.276367 (VIOLATED)
_18346_/Y                               0.750000    1.026364   -0.276364 (VIOLATED)
_12029_/B                               0.750000    1.024568   -0.274568 (VIOLATED)
_12028_/A1                              0.750000    1.024556   -0.274556 (VIOLATED)
_12024_/Y                               0.750000    1.024519   -0.274519 (VIOLATED)
_17623_/A                               0.750000    1.013020   -0.263020 (VIOLATED)
_09540_/A                               0.750000    1.013018   -0.263018 (VIOLATED)
_09529_/Y                               0.750000    1.012997   -0.262997 (VIOLATED)
fanout392/A                             0.750000    1.003587   -0.253587 (VIOLATED)
fanout393/A                             0.750000    1.003550   -0.253550 (VIOLATED)
_16307_/A                               0.750000    1.002738   -0.252738 (VIOLATED)
_16628_/B                               0.750000    1.002737   -0.252737 (VIOLATED)
_16305_/Y                               0.750000    1.002718   -0.252718 (VIOLATED)
fanout397/A                             0.750000    1.002704   -0.252704 (VIOLATED)
_18569_/Q                               0.750000    1.002692   -0.252692 (VIOLATED)
_18026_/B                               0.750000    0.972113   -0.222113 (VIOLATED)
_18282_/A2                              0.750000    0.972110   -0.222110 (VIOLATED)
_18015_/A                               0.750000    0.972103   -0.222103 (VIOLATED)
_18269_/A2                              0.750000    0.972099   -0.222099 (VIOLATED)
_18014_/Y                               0.750000    0.972097   -0.222097 (VIOLATED)
_18185_/B                               0.750000    0.970427   -0.220427 (VIOLATED)
_18359_/A2                              0.750000    0.970425   -0.220425 (VIOLATED)
_18382_/A2                              0.750000    0.970425   -0.220425 (VIOLATED)
_18184_/Y                               0.750000    0.970422   -0.220422 (VIOLATED)
_10671_/A                               0.750000    0.963721   -0.213721 (VIOLATED)
_10431_/Y                               0.750000    0.963720   -0.213720 (VIOLATED)
_10433_/C                               0.750000    0.963720   -0.213720 (VIOLATED)
fanout603/A                             0.750000    0.953782   -0.203782 (VIOLATED)
fanout597/A                             0.750000    0.953187   -0.203187 (VIOLATED)
fanout599/A                             0.750000    0.953171   -0.203171 (VIOLATED)
_18543_/Q                               0.750000    0.953123   -0.203123 (VIOLATED)
_10791_/A                               0.750000    0.951773   -0.201773 (VIOLATED)
_10788_/C                               0.750000    0.951772   -0.201772 (VIOLATED)
_10786_/Y                               0.750000    0.951770   -0.201770 (VIOLATED)
_12154_/B                               0.750000    0.936120   -0.186120 (VIOLATED)
_12631_/B                               0.750000    0.936101   -0.186101 (VIOLATED)
_12153_/B                               0.750000    0.936010   -0.186010 (VIOLATED)
_12508_/B                               0.750000    0.935998   -0.185998 (VIOLATED)
_12843_/D                               0.750000    0.935954   -0.185954 (VIOLATED)
_12850_/B1                              0.750000    0.935951   -0.185951 (VIOLATED)
_12947_/C                               0.750000    0.935945   -0.185945 (VIOLATED)
_12955_/A2                              0.750000    0.935945   -0.185945 (VIOLATED)
fanout675/X                             0.750000    0.935945   -0.185945 (VIOLATED)
_14554_/A                               0.750000    0.933340   -0.183340 (VIOLATED)
_14491_/A                               0.750000    0.933340   -0.183340 (VIOLATED)
_14489_/Y                               0.750000    0.933337   -0.183337 (VIOLATED)
_17906_/B                               0.750000    0.925026   -0.175026 (VIOLATED)
_17916_/A2                              0.750000    0.925025   -0.175025 (VIOLATED)
_17905_/Y                               0.750000    0.925017   -0.175017 (VIOLATED)
_18424_/A2                              0.750000    0.921433   -0.171433 (VIOLATED)
_18423_/A2                              0.750000    0.921430   -0.171430 (VIOLATED)
_18420_/A2                              0.750000    0.921424   -0.171424 (VIOLATED)
_18426_/A2                              0.750000    0.921424   -0.171424 (VIOLATED)
_18416_/A2                              0.750000    0.921418   -0.171418 (VIOLATED)
_18427_/A2                              0.750000    0.921411   -0.171411 (VIOLATED)
_18432_/A2                              0.750000    0.921411   -0.171411 (VIOLATED)
_18417_/A2                              0.750000    0.921408   -0.171408 (VIOLATED)
_18418_/A_N                             0.750000    0.921392   -0.171392 (VIOLATED)
_18430_/A2                              0.750000    0.921385   -0.171385 (VIOLATED)
fanout190/X                             0.750000    0.921385   -0.171385 (VIOLATED)
_14355_/B                               0.750000    0.913229   -0.163229 (VIOLATED)
_14268_/B                               0.750000    0.913229   -0.163229 (VIOLATED)
_14267_/Y                               0.750000    0.913218   -0.163218 (VIOLATED)
_10090_/Y                               0.750000    0.911093   -0.161093 (VIOLATED)
_10092_/C                               0.750000    0.911093   -0.161093 (VIOLATED)
_10315_/A                               0.750000    0.911093   -0.161093 (VIOLATED)
_18303_/B                               0.750000    0.896022   -0.146022 (VIOLATED)
_18058_/C                               0.750000    0.896020   -0.146020 (VIOLATED)
_18313_/A2                              0.750000    0.896020   -0.146020 (VIOLATED)
_18057_/X                               0.750000    0.896016   -0.146016 (VIOLATED)
_09543_/B                               0.750000    0.894790   -0.144790 (VIOLATED)
_09305_/B                               0.750000    0.894781   -0.144781 (VIOLATED)
_09306_/A1                              0.750000    0.894776   -0.144776 (VIOLATED)
_17473_/B                               0.750000    0.894735   -0.144735 (VIOLATED)
_17261_/B                               0.750000    0.894673   -0.144673 (VIOLATED)
_17234_/B                               0.750000    0.894614   -0.144614 (VIOLATED)
_17199_/B                               0.750000    0.894601   -0.144601 (VIOLATED)
_16736_/B                               0.750000    0.894572   -0.144572 (VIOLATED)
_16708_/A                               0.750000    0.894536   -0.144536 (VIOLATED)
_16505_/A                               0.750000    0.894525   -0.144525 (VIOLATED)
fanout1020/X                            0.750000    0.894525   -0.144525 (VIOLATED)
_14565_/A                               0.750000    0.887625   -0.137625 (VIOLATED)
_14552_/A                               0.750000    0.887625   -0.137625 (VIOLATED)
_14550_/Y                               0.750000    0.887623   -0.137623 (VIOLATED)
_18100_/B                               0.750000    0.887521   -0.137521 (VIOLATED)
_18120_/A2                              0.750000    0.887519   -0.137519 (VIOLATED)
_18099_/Y                               0.750000    0.887505   -0.137505 (VIOLATED)
wire222/A                               0.750000    0.883062   -0.133062 (VIOLATED)
_18247_/B                               0.750000    0.883046   -0.133046 (VIOLATED)
_18239_/X                               0.750000    0.883041   -0.133041 (VIOLATED)
fanout363/A                             0.750000    0.874027   -0.124027 (VIOLATED)
fanout361/A                             0.750000    0.874020   -0.124020 (VIOLATED)
_09261_/Y                               0.750000    0.874004   -0.124005 (VIOLATED)
_17930_/B                               0.750000    0.870935   -0.120935 (VIOLATED)
_17942_/A1                              0.750000    0.870933   -0.120933 (VIOLATED)
_17929_/Y                               0.750000    0.870931   -0.120931 (VIOLATED)
_14615_/Y                               0.750000    0.868288   -0.118288 (VIOLATED)
_14617_/B1                              0.750000    0.868288   -0.118288 (VIOLATED)
_14623_/A                               0.750000    0.868288   -0.118288 (VIOLATED)
_15394_/A                               0.750000    0.865582   -0.115582 (VIOLATED)
_15382_/Y                               0.750000    0.865580   -0.115580 (VIOLATED)
_15384_/C                               0.750000    0.865580   -0.115580 (VIOLATED)
_15484_/A                               0.750000    0.864542   -0.114542 (VIOLATED)
_15475_/C                               0.750000    0.864540   -0.114540 (VIOLATED)
_15473_/Y                               0.750000    0.864538   -0.114538 (VIOLATED)
_10423_/C                               0.750000    0.860613   -0.110613 (VIOLATED)
_10308_/C                               0.750000    0.860611   -0.110611 (VIOLATED)
_10307_/Y                               0.750000    0.860599   -0.110599 (VIOLATED)
_09304_/B                               0.750000    0.859505   -0.109505 (VIOLATED)
_09306_/A2                              0.750000    0.859500   -0.109500 (VIOLATED)
_09305_/C                               0.750000    0.859500   -0.109500 (VIOLATED)
_17475_/B1                              0.750000    0.859446   -0.109446 (VIOLATED)
_18468_/B                               0.750000    0.859446   -0.109446 (VIOLATED)
_18308_/A                               0.750000    0.859437   -0.109437 (VIOLATED)
_17283_/B                               0.750000    0.859436   -0.109436 (VIOLATED)
_18210_/X                               0.750000    0.859434   -0.109434 (VIOLATED)
_17262_/B                               0.750000    0.859386   -0.109386 (VIOLATED)
_17235_/B                               0.750000    0.859381   -0.109381 (VIOLATED)
_17200_/B                               0.750000    0.859352   -0.109352 (VIOLATED)
_16737_/B                               0.750000    0.859347   -0.109347 (VIOLATED)
_16709_/B                               0.750000    0.859342   -0.109342 (VIOLATED)
fanout1037/X                            0.750000    0.859342   -0.109342 (VIOLATED)
_18145_/B                               0.750000    0.856932   -0.106932 (VIOLATED)
_18144_/B                               0.750000    0.856931   -0.106931 (VIOLATED)
_18172_/A2                              0.750000    0.856927   -0.106927 (VIOLATED)
_18143_/Y                               0.750000    0.856920   -0.106920 (VIOLATED)
_15449_/A                               0.750000    0.855376   -0.105376 (VIOLATED)
_15437_/Y                               0.750000    0.855373   -0.105373 (VIOLATED)
_15439_/C                               0.750000    0.855373   -0.105373 (VIOLATED)
_16990_/A                               0.750000    0.855080   -0.105080 (VIOLATED)
_16991_/B                               0.750000    0.855079   -0.105079 (VIOLATED)
_16921_/Y                               0.750000    0.855069   -0.105069 (VIOLATED)
fanout1443/A                            0.750000    0.852778   -0.102778 (VIOLATED)
_18558_/RESET_B                         0.750000    0.852740   -0.102740 (VIOLATED)
_18559_/RESET_B                         0.750000    0.852705   -0.102705 (VIOLATED)
_18560_/RESET_B                         0.750000    0.852607   -0.102607 (VIOLATED)
_10202_/C                               0.750000    0.852597   -0.102597 (VIOLATED)
_12080_/C                               0.750000    0.852597   -0.102597 (VIOLATED)
_18562_/RESET_B                         0.750000    0.852597   -0.102597 (VIOLATED)
_18561_/RESET_B                         0.750000    0.852592   -0.102592 (VIOLATED)
fanout1445/X                            0.750000    0.852591   -0.102591 (VIOLATED)
_10201_/Y                               0.750000    0.852583   -0.102583 (VIOLATED)
_17069_/C                               0.750000    0.850017   -0.100017 (VIOLATED)
_17094_/C                               0.750000    0.850016   -0.100016 (VIOLATED)
_17068_/Y                               0.750000    0.850003   -0.100004 (VIOLATED)
_15506_/A                               0.750000    0.849989   -0.099989 (VIOLATED)
_15495_/Y                               0.750000    0.849988   -0.099988 (VIOLATED)
_15497_/C                               0.750000    0.849988   -0.099988 (VIOLATED)
_09547_/A                               0.750000    0.849572   -0.099572 (VIOLATED)
_09548_/A                               0.750000    0.849572   -0.099572 (VIOLATED)
_09528_/Y                               0.750000    0.849560   -0.099560 (VIOLATED)
_15090_/A                               0.750000    0.848446   -0.098446 (VIOLATED)
_15089_/A                               0.750000    0.848443   -0.098443 (VIOLATED)
_15062_/Y                               0.750000    0.848436   -0.098436 (VIOLATED)
_16512_/B                               0.750000    0.848388   -0.098388 (VIOLATED)
_16513_/B                               0.750000    0.848383   -0.098383 (VIOLATED)
_16502_/B                               0.750000    0.848369   -0.098369 (VIOLATED)
_16387_/B                               0.750000    0.848343   -0.098343 (VIOLATED)
_16388_/B                               0.750000    0.848311   -0.098311 (VIOLATED)
_16282_/B                               0.750000    0.848280   -0.098280 (VIOLATED)
_15828_/B                               0.750000    0.848228   -0.098228 (VIOLATED)
_15886_/B1                              0.750000    0.848196   -0.098196 (VIOLATED)
_15827_/B                               0.750000    0.848195   -0.098195 (VIOLATED)
_15755_/B                               0.750000    0.848172   -0.098172 (VIOLATED)
fanout489/X                             0.750000    0.848172   -0.098172 (VIOLATED)
_16745_/B                               0.750000    0.844937   -0.094937 (VIOLATED)
_16744_/B                               0.750000    0.844933   -0.094933 (VIOLATED)
_16733_/B                               0.750000    0.844917   -0.094917 (VIOLATED)
_16479_/B                               0.750000    0.844887   -0.094887 (VIOLATED)
_11666_/B                               0.750000    0.844878   -0.094878 (VIOLATED)
_11672_/B                               0.750000    0.844876   -0.094876 (VIOLATED)
_16478_/B                               0.750000    0.844868   -0.094868 (VIOLATED)
_11589_/Y                               0.750000    0.844860   -0.094860 (VIOLATED)
_16435_/B                               0.750000    0.844843   -0.094843 (VIOLATED)
_16267_/A                               0.750000    0.844772   -0.094772 (VIOLATED)
_16268_/A                               0.750000    0.844728   -0.094728 (VIOLATED)
_15884_/B                               0.750000    0.844706   -0.094706 (VIOLATED)
_15763_/B                               0.750000    0.844700   -0.094700 (VIOLATED)
fanout474/X                             0.750000    0.844700   -0.094700 (VIOLATED)
fanout412/A                             0.750000    0.841254   -0.091254 (VIOLATED)
output120/A                             0.750000    0.841108   -0.091108 (VIOLATED)
fanout416/A                             0.750000    0.840635   -0.090635 (VIOLATED)
_18566_/Q                               0.750000    0.840613   -0.090613 (VIOLATED)
fanout414/A                             0.750000    0.840613   -0.090613 (VIOLATED)
_18601_/Q                               0.750000    0.840387   -0.090387 (VIOLATED)
_17126_/A                               0.750000    0.839691   -0.089691 (VIOLATED)
_17125_/B_N                             0.750000    0.839691   -0.089691 (VIOLATED)
_17114_/Y                               0.750000    0.839681   -0.089681 (VIOLATED)
_18013_/B                               0.750000    0.836697   -0.086697 (VIOLATED)
_18014_/B                               0.750000    0.836696   -0.086696 (VIOLATED)
_18012_/Y                               0.750000    0.836682   -0.086682 (VIOLATED)
output130/A                             0.750000    0.835507   -0.085507 (VIOLATED)
_18610_/Q                               0.750000    0.834832   -0.084832 (VIOLATED)
_17915_/Y                               0.750000    0.830874   -0.080874 (VIOLATED)
_17916_/B2                              0.750000    0.830874   -0.080874 (VIOLATED)
_18226_/B1                              0.750000    0.830874   -0.080874 (VIOLATED)
output142/A                             0.750000    0.830020   -0.080020 (VIOLATED)
_18621_/Q                               0.750000    0.829759   -0.079759 (VIOLATED)
wire314/A                               0.750000    0.828904   -0.078904 (VIOLATED)
_17804_/Y                               0.750000    0.828885   -0.078885 (VIOLATED)
_17228_/B                               0.750000    0.828194   -0.078194 (VIOLATED)
_16747_/B                               0.750000    0.828192   -0.078192 (VIOLATED)
_17229_/B                               0.750000    0.828191   -0.078191 (VIOLATED)
_16505_/B                               0.750000    0.828167   -0.078167 (VIOLATED)
_16506_/B                               0.750000    0.828144   -0.078144 (VIOLATED)
_16477_/A                               0.750000    0.828136   -0.078136 (VIOLATED)
_16325_/A                               0.750000    0.828125   -0.078125 (VIOLATED)
_16326_/A                               0.750000    0.828058   -0.078058 (VIOLATED)
_16266_/B                               0.750000    0.828037   -0.078037 (VIOLATED)
_15834_/B                               0.750000    0.828033   -0.078033 (VIOLATED)
fanout468/X                             0.750000    0.828033   -0.078033 (VIOLATED)
wire211/A                               0.750000    0.826731   -0.076731 (VIOLATED)
_18307_/A                               0.750000    0.826730   -0.076730 (VIOLATED)
_18301_/Y                               0.750000    0.826727   -0.076727 (VIOLATED)
_09937_/A                               0.750000    0.824673   -0.074673 (VIOLATED)
_09985_/B2                              0.750000    0.824672   -0.074672 (VIOLATED)
_10295_/A                               0.750000    0.824660   -0.074660 (VIOLATED)
_10406_/A                               0.750000    0.824643   -0.074644 (VIOLATED)
_10296_/A                               0.750000    0.824614   -0.074614 (VIOLATED)
_09938_/A                               0.750000    0.824574   -0.074574 (VIOLATED)
_10533_/B2                              0.750000    0.824504   -0.074504 (VIOLATED)
_10405_/A                               0.750000    0.824488   -0.074488 (VIOLATED)
_10638_/A                               0.750000    0.824465   -0.074465 (VIOLATED)
_10637_/A                               0.750000    0.824459   -0.074459 (VIOLATED)
fanout1392/X                            0.750000    0.824459   -0.074459 (VIOLATED)
_18473_/D                               0.750000    0.823573   -0.073573 (VIOLATED)
_16578_/B                               0.750000    0.823527   -0.073527 (VIOLATED)
_16799_/B                               0.750000    0.823526   -0.073526 (VIOLATED)
_16564_/Y                               0.750000    0.823514   -0.073514 (VIOLATED)
_18397_/Y                               0.750000    0.823213   -0.073213 (VIOLATED)
_12095_/A                               0.750000    0.815217   -0.065217 (VIOLATED)
_12096_/A                               0.750000    0.815217   -0.065217 (VIOLATED)
_12094_/B1                              0.750000    0.815215   -0.065215 (VIOLATED)
_12071_/Y                               0.750000    0.815207   -0.065207 (VIOLATED)
_16431_/B                               0.750000    0.814398   -0.064398 (VIOLATED)
_16432_/B                               0.750000    0.814387   -0.064387 (VIOLATED)
_16291_/B                               0.750000    0.814376   -0.064376 (VIOLATED)
_15875_/B                               0.750000    0.814343   -0.064343 (VIOLATED)
_15817_/B                               0.750000    0.814332   -0.064332 (VIOLATED)
_15876_/B                               0.750000    0.814314   -0.064314 (VIOLATED)
_15584_/B1                              0.750000    0.814295   -0.064295 (VIOLATED)
_15583_/B                               0.750000    0.814291   -0.064291 (VIOLATED)
_15580_/B                               0.750000    0.814290   -0.064290 (VIOLATED)
_15581_/B                               0.750000    0.814289   -0.064289 (VIOLATED)
fanout516/X                             0.750000    0.814289   -0.064289 (VIOLATED)
_17972_/B                               0.750000    0.813516   -0.063516 (VIOLATED)
_17991_/A2                              0.750000    0.813514   -0.063514 (VIOLATED)
_18236_/B                               0.750000    0.813513   -0.063513 (VIOLATED)
_17971_/X                               0.750000    0.813511   -0.063512 (VIOLATED)
_11128_/C                               0.750000    0.812435   -0.062435 (VIOLATED)
_11003_/C                               0.750000    0.812434   -0.062434 (VIOLATED)
_11002_/Y                               0.750000    0.812423   -0.062423 (VIOLATED)
_18247_/A                               0.750000    0.811558   -0.061558 (VIOLATED)
max_cap225/A                            0.750000    0.811544   -0.061544 (VIOLATED)
_18237_/Y                               0.750000    0.811529   -0.061529 (VIOLATED)
wire206/A                               0.750000    0.811527   -0.061527 (VIOLATED)
_18208_/B                               0.750000    0.811526   -0.061527 (VIOLATED)
_18202_/X                               0.750000    0.811510   -0.061510 (VIOLATED)
_15311_/A                               0.750000    0.809815   -0.059815 (VIOLATED)
_15309_/A                               0.750000    0.809814   -0.059814 (VIOLATED)
_15225_/Y                               0.750000    0.809805   -0.059805 (VIOLATED)
_09976_/A                               0.750000    0.805031   -0.055031 (VIOLATED)
_09985_/A1                              0.750000    0.805027   -0.055027 (VIOLATED)
_09598_/A                               0.750000    0.805017   -0.055017 (VIOLATED)
_10406_/B                               0.750000    0.805005   -0.055005 (VIOLATED)
_10296_/B                               0.750000    0.804980   -0.054980 (VIOLATED)
_09938_/B                               0.750000    0.804946   -0.054946 (VIOLATED)
_10533_/A1                              0.750000    0.804895   -0.054895 (VIOLATED)
_10294_/A                               0.750000    0.804877   -0.054877 (VIOLATED)
_10525_/A                               0.750000    0.804854   -0.054854 (VIOLATED)
_10636_/A                               0.750000    0.804841   -0.054841 (VIOLATED)
fanout1415/X                            0.750000    0.804841   -0.054841 (VIOLATED)
_18322_/A1                              0.750000    0.804198   -0.054198 (VIOLATED)
_18274_/B                               0.750000    0.804197   -0.054197 (VIOLATED)
_18114_/C                               0.750000    0.804196   -0.054196 (VIOLATED)
_18113_/Y                               0.750000    0.804195   -0.054195 (VIOLATED)
_18296_/A2                              0.750000    0.804195   -0.054195 (VIOLATED)
_10178_/A                               0.750000    0.803547   -0.053547 (VIOLATED)
_10076_/A                               0.750000    0.803542   -0.053542 (VIOLATED)
_09911_/A                               0.750000    0.803540   -0.053540 (VIOLATED)
_09894_/A                               0.750000    0.803531   -0.053531 (VIOLATED)
_09897_/A                               0.750000    0.803503   -0.053503 (VIOLATED)
_09900_/A                               0.750000    0.803459   -0.053459 (VIOLATED)
_09930_/A                               0.750000    0.803424   -0.053424 (VIOLATED)
_09970_/A                               0.750000    0.803403   -0.053403 (VIOLATED)
_10287_/A                               0.750000    0.803403   -0.053403 (VIOLATED)
_10398_/A                               0.750000    0.803403   -0.053403 (VIOLATED)
fanout1302/X                            0.750000    0.803403   -0.053403 (VIOLATED)
_18087_/B                               0.750000    0.802719   -0.052719 (VIOLATED)
_18086_/A_N                             0.750000    0.802719   -0.052719 (VIOLATED)
_18088_/B                               0.750000    0.802712   -0.052712 (VIOLATED)
_18085_/X                               0.750000    0.802702   -0.052702 (VIOLATED)
_14834_/B                               0.750000    0.798727   -0.048727 (VIOLATED)
_14833_/B                               0.750000    0.798726   -0.048727 (VIOLATED)
_14832_/Y                               0.750000    0.798725   -0.048725 (VIOLATED)
_18288_/D                               0.750000    0.795468   -0.045468 (VIOLATED)
_18410_/A1                              0.750000    0.795389   -0.045389 (VIOLATED)
_18287_/Y                               0.750000    0.795327   -0.045327 (VIOLATED)
_14375_/B1                              0.750000    0.794090   -0.044090 (VIOLATED)
_14438_/B                               0.750000    0.794083   -0.044083 (VIOLATED)
_14117_/B                               0.750000    0.794038   -0.044038 (VIOLATED)
_14501_/B1                              0.750000    0.794017   -0.044017 (VIOLATED)
_14367_/D                               0.750000    0.794013   -0.044013 (VIOLATED)
_14568_/B                               0.750000    0.793959   -0.043959 (VIOLATED)
_14366_/B                               0.750000    0.793927   -0.043927 (VIOLATED)
_14510_/B                               0.750000    0.793925   -0.043925 (VIOLATED)
_14576_/D                               0.750000    0.793905   -0.043905 (VIOLATED)
_14628_/B1                              0.750000    0.793894   -0.043894 (VIOLATED)
fanout901/X                             0.750000    0.793891   -0.043892 (VIOLATED)
_14720_/Y                               0.750000    0.793739   -0.043739 (VIOLATED)
_14722_/C                               0.750000    0.793739   -0.043739 (VIOLATED)
_14723_/A                               0.750000    0.793739   -0.043739 (VIOLATED)
_17080_/B                               0.750000    0.791417   -0.041417 (VIOLATED)
_17081_/B                               0.750000    0.791416   -0.041416 (VIOLATED)
_17078_/Y                               0.750000    0.791401   -0.041401 (VIOLATED)
_12066_/B                               0.750000    0.790493   -0.040493 (VIOLATED)
_12065_/B                               0.750000    0.790492   -0.040492 (VIOLATED)
_12062_/Y                               0.750000    0.790482   -0.040482 (VIOLATED)
output127/A                             0.750000    0.790247   -0.040247 (VIOLATED)
_18335_/A                               0.750000    0.790176   -0.040176 (VIOLATED)
_18331_/A1                              0.750000    0.790173   -0.040173 (VIOLATED)
_17965_/Y                               0.750000    0.790171   -0.040171 (VIOLATED)
_18607_/Q                               0.750000    0.789919   -0.039919 (VIOLATED)
_17135_/C                               0.750000    0.788078   -0.038078 (VIOLATED)
_17134_/B                               0.750000    0.788078   -0.038078 (VIOLATED)
_17133_/Y                               0.750000    0.788074   -0.038074 (VIOLATED)
_12043_/B                               0.750000    0.786058   -0.036058 (VIOLATED)
_12016_/C                               0.750000    0.786058   -0.036058 (VIOLATED)
_12015_/Y                               0.750000    0.786048   -0.036048 (VIOLATED)
_15563_/B                               0.750000    0.785107   -0.035107 (VIOLATED)
fanout565/X                             0.750000    0.784895   -0.034896 (VIOLATED)
load_slew566/A                          0.750000    0.784895   -0.034896 (VIOLATED)
_18162_/B                               0.750000    0.784460   -0.034460 (VIOLATED)
_18161_/B                               0.750000    0.784458   -0.034458 (VIOLATED)
_18160_/Y                               0.750000    0.784449   -0.034449 (VIOLATED)
_12372_/C                               0.750000    0.784191   -0.034191 (VIOLATED)
_12418_/C                               0.750000    0.784191   -0.034191 (VIOLATED)
_12371_/Y                               0.750000    0.784181   -0.034181 (VIOLATED)
_12200_/B                               0.750000    0.780365   -0.030365 (VIOLATED)
_12199_/B                               0.750000    0.780365   -0.030365 (VIOLATED)
_12266_/B                               0.750000    0.780337   -0.030337 (VIOLATED)
_12385_/B                               0.750000    0.780317   -0.030317 (VIOLATED)
_12386_/A2                              0.750000    0.780294   -0.030294 (VIOLATED)
_12384_/B                               0.750000    0.780284   -0.030284 (VIOLATED)
_12563_/B1                              0.750000    0.780266   -0.030266 (VIOLATED)
_12654_/B                               0.750000    0.780263   -0.030263 (VIOLATED)
_13230_/B                               0.750000    0.780263   -0.030263 (VIOLATED)
fanout866/X                             0.750000    0.780263   -0.030263 (VIOLATED)
_16396_/B                               0.750000    0.777714   -0.027714 (VIOLATED)
_16325_/B                               0.750000    0.777711   -0.027711 (VIOLATED)
_16267_/B                               0.750000    0.777697   -0.027697 (VIOLATED)
_15885_/A                               0.750000    0.777670   -0.027670 (VIOLATED)
_15886_/B2                              0.750000    0.777642   -0.027642 (VIOLATED)
_15887_/A1                              0.750000    0.777639   -0.027639 (VIOLATED)
_15756_/A                               0.750000    0.777619   -0.027619 (VIOLATED)
_15579_/A                               0.750000    0.777591   -0.027591 (VIOLATED)
_15578_/A                               0.750000    0.777572   -0.027572 (VIOLATED)
_15584_/B2                              0.750000    0.777571   -0.027571 (VIOLATED)
fanout1074/X                            0.750000    0.777568   -0.027568 (VIOLATED)
_17910_/B                               0.750000    0.777203   -0.027203 (VIOLATED)
_18227_/B                               0.750000    0.777201   -0.027201 (VIOLATED)
_17909_/B                               0.750000    0.777198   -0.027198 (VIOLATED)
_17908_/Y                               0.750000    0.777193   -0.027193 (VIOLATED)
_11904_/A                               0.750000    0.776676   -0.026676 (VIOLATED)
_11810_/A1                              0.750000    0.776674   -0.026674 (VIOLATED)
_11808_/Y                               0.750000    0.776671   -0.026671 (VIOLATED)
fanout900/A                             0.750000    0.776282   -0.026282 (VIOLATED)
fanout901/A                             0.750000    0.776242   -0.026242 (VIOLATED)
fanout897/A                             0.750000    0.776126   -0.026126 (VIOLATED)
fanout896/A                             0.750000    0.776043   -0.026043 (VIOLATED)
_18506_/Q                               0.750000    0.776008   -0.026008 (VIOLATED)
fanout406/A                             0.750000    0.773319   -0.023319 (VIOLATED)
fanout408/A                             0.750000    0.772650   -0.022650 (VIOLATED)
fanout410/A                             0.750000    0.772604   -0.022604 (VIOLATED)
_18567_/Q                               0.750000    0.772591   -0.022591 (VIOLATED)
_16784_/A                               0.750000    0.769922   -0.019923 (VIOLATED)
_16783_/A                               0.750000    0.769922   -0.019922 (VIOLATED)
_16780_/Y                               0.750000    0.769911   -0.019911 (VIOLATED)
_17918_/A2                              0.750000    0.766486   -0.016486 (VIOLATED)
_17870_/B                               0.750000    0.766486   -0.016486 (VIOLATED)
_17869_/Y                               0.750000    0.766479   -0.016479 (VIOLATED)
_18347_/A                               0.750000    0.760256   -0.010256 (VIOLATED)
_18344_/Y                               0.750000    0.760237   -0.010237 (VIOLATED)
max_cap382/A                            0.750000    0.760175   -0.010175 (VIOLATED)
_09427_/A                               0.750000    0.760174   -0.010174 (VIOLATED)
_09345_/A                               0.750000    0.760169   -0.010169 (VIOLATED)
_09384_/B                               0.750000    0.760155   -0.010155 (VIOLATED)
_09316_/Y                               0.750000    0.760141   -0.010141 (VIOLATED)
_17890_/A                               0.750000    0.759011   -0.009011 (VIOLATED)
_17891_/A1                              0.750000    0.758934   -0.008934 (VIOLATED)
_17888_/A                               0.750000    0.758856   -0.008856 (VIOLATED)
_17981_/A                               0.750000    0.758797   -0.008797 (VIOLATED)
_15544_/X                               0.750000    0.758708   -0.008708 (VIOLATED)
_18105_/B                               0.750000    0.757932   -0.007932 (VIOLATED)
_18103_/B                               0.750000    0.757932   -0.007932 (VIOLATED)
_18104_/B                               0.750000    0.757931   -0.007931 (VIOLATED)
_18102_/Y                               0.750000    0.757923   -0.007923 (VIOLATED)
output126/A                             0.750000    0.757767   -0.007767 (VIOLATED)
_18606_/Q                               0.750000    0.757073   -0.007073 (VIOLATED)
_11992_/C                               0.750000    0.754945   -0.004945 (VIOLATED)
_11925_/C                               0.750000    0.754943   -0.004944 (VIOLATED)
_11924_/Y                               0.750000    0.754932   -0.004932 (VIOLATED)
_17347_/B                               0.750000    0.754530   -0.004530 (VIOLATED)
_17584_/B                               0.750000    0.754528   -0.004528 (VIOLATED)
_17332_/Y                               0.750000    0.754519   -0.004519 (VIOLATED)
_17391_/A                               0.750000    0.754055   -0.004055 (VIOLATED)
_17405_/A                               0.750000    0.754054   -0.004054 (VIOLATED)
_17385_/Y                               0.750000    0.754043   -0.004043 (VIOLATED)

max capacitance

Pin                                        Limit         Cap       Slack
------------------------------------------------------------------------
_09263_/Y                               0.040293    0.046756   -0.006463 (VIOLATED)



===========================================================================
report_parasitic_annotation -report_unannotated
============================================================================
Found 10 unannotated drivers.
 clkload0/X
 clkload1/X
 clkload2/X
 clkload3/X
 clkload4/X
 clkload5/X
 clkload6/X
 clkload7/X
 clkload8/X
 clkload9/X
Found 0 partially unannotated drivers.

===========================================================================
max slew violation count 430
max fanout violation count 0
max cap violation count 1
============================================================================

===========================================================================
check_setup -verbose -unconstrained_endpoints -multiple_clock -no_clock -no_input_delay -loops -generated_clocks
===========================================================================
