Clock: clk
Sources: clk 
Generated: no
Virtual: yes
Propagated: no
Period: 10.000000

===========================================================================
report_clock_properties
============================================================================
Clock                   Period          Waveform
----------------------------------------------------
clk                  10.000000    0.000000  5.000000

===========================================================================
report_clock_latency
============================================================================
Clock clk
rise -> rise
    min     max
0.000000 0.000000 source latency
1.537069         network latency _18551_/CLK
        1.673226 network latency _18539_/CLK
---------------
1.537069 1.673226 latency
        0.136157 skew

fall -> fall
    min     max
0.000000 0.000000 source latency
1.716156         network latency _18551_/CLK
        1.819892 network latency _18539_/CLK
---------------
1.716156 1.819892 latency
        0.103736 skew



===========================================================================
report_clock_min_period
============================================================================
clk period_min = 28.97 fmax = 34.52
