
===========================================================================
 report_power
============================================================================
======================= max_ss_100C_1v60 Corner ===================================

Group                    Internal    Switching      Leakage        Total
                            Power        Power        Power        Power (Watts)
------------------------------------------------------------------------
Sequential           1.079099e-03 1.724236e-04 3.101060e-06 1.254624e-03   0.7%
Combinational        7.563814e-02 1.033823e-01 6.298375e-05 1.790834e-01  98.7%
Clock                5.988412e-04 4.834014e-04 9.628448e-07 1.083205e-03   0.6%
Macro                0.000000e+00 0.000000e+00 0.000000e+00 0.000000e+00   0.0%
Pad                  0.000000e+00 0.000000e+00 0.000000e+00 0.000000e+00   0.0%
------------------------------------------------------------------------
Total                7.731605e-02 1.040381e-01 6.704745e-05 1.814211e-01 100.0%
                            42.6%        57.3%         0.0%

