
===========================================================================
report_checks -unconstrained
===========================================================================
======================= nom_tt_025C_1v80 Corner ===================================

Startpoint: rst_n (input port clocked by clk)
Endpoint: _18555_ (recovery check against rising-edge clock clk)
Path Group: asynchronous
Path Type: max

Fanout         Cap        Slew       Delay        Time   Description
---------------------------------------------------------------------------------------------
                                  0.000000    0.000000   clock clk (rise edge)
                                  0.000000    0.000000   clock network delay (propagated)
                                  2.000000    2.000000 ^ input external delay
     1    0.002794    0.019707    0.010284    2.010284 ^ rst_n (in)
                                                         rst_n (net)
                      0.019707    0.000000    2.010284 ^ input97/A (sky130_fd_sc_hd__buf_2)
     1    0.003484    0.029653    0.084074    2.094358 ^ input97/X (sky130_fd_sc_hd__buf_2)
                                                         net97 (net)
                      0.029653    0.000040    2.094398 ^ fanout1475/A (sky130_fd_sc_hd__clkdlybuf4s50_1)
     3    0.016795    0.172977    0.559754    2.654152 ^ fanout1475/X (sky130_fd_sc_hd__clkdlybuf4s50_1)
                                                         net1475 (net)
                      0.172977    0.000721    2.654873 ^ fanout1448/A (sky130_fd_sc_hd__clkdlybuf4s50_1)
     2    0.013114    0.138925    0.580209    3.235082 ^ fanout1448/X (sky130_fd_sc_hd__clkdlybuf4s50_1)
                                                         net1448 (net)
                      0.138925    0.000626    3.235708 ^ wire1450/A (sky130_fd_sc_hd__buf_4)
     4    0.039586    0.116861    0.195635    3.431343 ^ wire1450/X (sky130_fd_sc_hd__buf_4)
                                                         net1450 (net)
                      0.117343    0.006084    3.437427 ^ load_slew1449/A (sky130_fd_sc_hd__buf_4)
     1    0.030169    0.092040    0.173138    3.610565 ^ load_slew1449/X (sky130_fd_sc_hd__buf_4)
                                                         net1449 (net)
                      0.092497    0.005155    3.615721 ^ fanout1446/A (sky130_fd_sc_hd__clkdlybuf4s50_1)
     5    0.020320    0.205822    0.604875    4.220595 ^ fanout1446/X (sky130_fd_sc_hd__clkdlybuf4s50_1)
                                                         net1446 (net)
                      0.205822    0.000151    4.220747 ^ load_slew1447/A (sky130_fd_sc_hd__buf_4)
     4    0.030516    0.093662    0.199502    4.420249 ^ load_slew1447/X (sky130_fd_sc_hd__buf_4)
                                                         net1447 (net)
                      0.093800    0.002193    4.422441 ^ fanout1445/A (sky130_fd_sc_hd__clkdlybuf4s50_1)
     6    0.039299    0.382351    0.730942    5.153384 ^ fanout1445/X (sky130_fd_sc_hd__clkdlybuf4s50_1)
                                                         net1445 (net)
                      0.382358    0.002297    5.155681 ^ fanout1443/A (sky130_fd_sc_hd__clkdlybuf4s50_1)
     2    0.006540    0.079324    0.583054    5.738735 ^ fanout1443/X (sky130_fd_sc_hd__clkdlybuf4s50_1)
                                                         net1443 (net)
                      0.079324    0.000075    5.738810 ^ wire1444/A (sky130_fd_sc_hd__buf_4)
     9    0.041120    0.120143    0.180698    5.919508 ^ wire1444/X (sky130_fd_sc_hd__buf_4)
                                                         net1444 (net)
                      0.120143    0.000289    5.919797 ^ fanout1442/A (sky130_fd_sc_hd__clkdlybuf4s50_1)
     8    0.034846    0.340620    0.710659    6.630455 ^ fanout1442/X (sky130_fd_sc_hd__clkdlybuf4s50_1)
                                                         net1442 (net)
                      0.340620    0.000479    6.630935 ^ _18555_/RESET_B (sky130_fd_sc_hd__dfrtp_2)
                                              6.630935   data arrival time

                                 10.000000   10.000000   clock clk (rise edge)
                                  0.000000   10.000000   clock source latency
     1    0.049389    0.174423    0.122774   10.122774 ^ clk (in)
                                                         clk (net)
                      0.174778    0.000000   10.122774 ^ clkbuf_0_clk/A (sky130_fd_sc_hd__clkbuf_16)
     8    0.122543    0.136396    0.244284   10.367058 ^ clkbuf_0_clk/X (sky130_fd_sc_hd__clkbuf_16)
                                                         clknet_0_clk (net)
                      0.136767    0.005701   10.372759 ^ clkbuf_3_3_0_clk/A (sky130_fd_sc_hd__clkbuf_16)
     4    0.051649    0.070726    0.182469   10.555228 ^ clkbuf_3_3_0_clk/X (sky130_fd_sc_hd__clkbuf_16)
                                                         clknet_3_3_0_clk (net)
                      0.070974    0.002889   10.558117 ^ clkbuf_5_13__f_clk/A (sky130_fd_sc_hd__clkbuf_16)
     5    0.013781    0.036570    0.129032   10.687149 ^ clkbuf_5_13__f_clk/X (sky130_fd_sc_hd__clkbuf_16)
                                                         clknet_5_13__leaf_clk (net)
                      0.036570    0.000059   10.687208 ^ _18555_/CLK (sky130_fd_sc_hd__dfrtp_2)
                                 -0.250000   10.437208   clock uncertainty
                                  0.000000   10.437208   clock reconvergence pessimism
                                  0.128257   10.565465   library recovery time
                                             10.565465   data required time
---------------------------------------------------------------------------------------------
                                             10.565465   data required time
                                             -6.630935   data arrival time
---------------------------------------------------------------------------------------------
                                              3.934530   slack (MET)


Startpoint: _18569_ (rising edge-triggered flip-flop clocked by clk)
Endpoint: _18608_ (rising edge-triggered flip-flop clocked by clk)
Path Group: clk
Path Type: max

Fanout         Cap        Slew       Delay        Time   Description
---------------------------------------------------------------------------------------------
                                  0.000000    0.000000   clock clk (rise edge)
                                  0.000000    0.000000   clock source latency
     1    0.049389    0.174423    0.122774    0.122774 ^ clk (in)
                                                         clk (net)
                      0.174778    0.000000    0.122774 ^ clkbuf_0_clk/A (sky130_fd_sc_hd__clkbuf_16)
     8    0.122543    0.136396    0.244284    0.367058 ^ clkbuf_0_clk/X (sky130_fd_sc_hd__clkbuf_16)
                                                         clknet_0_clk (net)
                      0.136927    0.006790    0.373848 ^ clkbuf_3_4_0_clk/A (sky130_fd_sc_hd__clkbuf_16)
     4    0.056959    0.075669    0.185590    0.559438 ^ clkbuf_3_4_0_clk/X (sky130_fd_sc_hd__clkbuf_16)
                                                         clknet_3_4_0_clk (net)
                      0.076188    0.004526    0.563963 ^ clkbuf_5_19__f_clk/A (sky130_fd_sc_hd__clkbuf_16)
     6    0.020529    0.042323    0.137346    0.701310 ^ clkbuf_5_19__f_clk/X (sky130_fd_sc_hd__clkbuf_16)
                                                         clknet_5_19__leaf_clk (net)
                      0.042325    0.000469    0.701779 ^ _18569_/CLK (sky130_fd_sc_hd__dfrtp_1)
     3    0.040270    0.352300    0.540262    1.242041 ^ _18569_/Q (sky130_fd_sc_hd__dfrtp_1)
                                                         b_r[63] (net)
                      0.352633    0.006719    1.248760 ^ fanout393/A (sky130_fd_sc_hd__clkdlybuf4s50_1)
    10    0.032286    0.316995    0.751335    2.000095 ^ fanout393/X (sky130_fd_sc_hd__clkdlybuf4s50_1)
                                                         net393 (net)
                      0.316998    0.001647    2.001742 ^ _09229_/A (sky130_fd_sc_hd__nand2_1)
     7    0.032890    0.250004    0.291090    2.292833 v _09229_/Y (sky130_fd_sc_hd__nand2_1)
                                                         _00895_ (net)
                      0.250004    0.000072    2.292904 v _09230_/B (sky130_fd_sc_hd__xnor2_2)
     6    0.026690    0.365648    0.387913    2.680817 ^ _09230_/Y (sky130_fd_sc_hd__xnor2_2)
                                                         _00906_ (net)
                      0.365654    0.001169    2.681986 ^ _09264_/B (sky130_fd_sc_hd__xnor2_1)
     1    0.004187    0.143464    0.173732    2.855718 ^ _09264_/Y (sky130_fd_sc_hd__xnor2_1)
                                                         _01280_ (net)
                      0.143464    0.000070    2.855788 ^ wire378/A (sky130_fd_sc_hd__clkbuf_2)
     3    0.014646    0.087232    0.169494    3.025283 ^ wire378/X (sky130_fd_sc_hd__clkbuf_2)
                                                         net378 (net)
                      0.087232    0.000114    3.025397 ^ fanout376/A (sky130_fd_sc_hd__clkdlybuf4s15_2)
     5    0.018148    0.104934    0.254105    3.279503 ^ fanout376/X (sky130_fd_sc_hd__clkdlybuf4s15_2)
                                                         net376 (net)
                      0.104934    0.000022    3.279524 ^ load_slew377/A (sky130_fd_sc_hd__clkbuf_4)
     6    0.031323    0.104400    0.200714    3.480239 ^ load_slew377/X (sky130_fd_sc_hd__clkbuf_4)
                                                         net377 (net)
                      0.104420    0.001445    3.481684 ^ _09265_/A (sky130_fd_sc_hd__inv_2)
     6    0.028445    0.072424    0.091269    3.572953 v _09265_/Y (sky130_fd_sc_hd__inv_2)
                                                         _01291_ (net)
                      0.072424    0.000179    3.573132 v _09322_/A1 (sky130_fd_sc_hd__a21oi_1)
     1    0.003854    0.123184    0.143270    3.716402 ^ _09322_/Y (sky130_fd_sc_hd__a21oi_1)
                                                         _01918_ (net)
                      0.123184    0.000055    3.716457 ^ wire339/A (sky130_fd_sc_hd__clkbuf_2)
     3    0.016377    0.095942    0.170493    3.886950 ^ wire339/X (sky130_fd_sc_hd__clkbuf_2)
                                                         net339 (net)
                      0.095942    0.000012    3.886962 ^ fanout337/A (sky130_fd_sc_hd__clkdlybuf4s50_1)
     2    0.005421    0.071874    0.503474    4.390436 ^ fanout337/X (sky130_fd_sc_hd__clkdlybuf4s50_1)
                                                         net337 (net)
                      0.071874    0.000011    4.390446 ^ load_slew338/A (sky130_fd_sc_hd__clkbuf_4)
     9    0.037694    0.122048    0.201610    4.592057 ^ load_slew338/X (sky130_fd_sc_hd__clkbuf_4)
                                                         net338 (net)
                      0.122056    0.001154    4.593211 ^ fanout335/A (sky130_fd_sc_hd__clkdlybuf4s50_1)
     5    0.021511    0.216926    0.622802    5.216013 ^ fanout335/X (sky130_fd_sc_hd__clkdlybuf4s50_1)
                                                         net335 (net)
                      0.216926    0.000220    5.216233 ^ load_slew336/A (sky130_fd_sc_hd__buf_4)
     6    0.026947    0.084897    0.196038    5.412271 ^ load_slew336/X (sky130_fd_sc_hd__buf_4)
                                                         net336 (net)
                      0.084897    0.000379    5.412651 ^ _09556_/A (sky130_fd_sc_hd__xnor2_1)
     2    0.007395    0.211719    0.152209    5.564860 ^ _09556_/Y (sky130_fd_sc_hd__xnor2_1)
                                                         _04492_ (net)
                      0.211719    0.000029    5.564889 ^ _17686_/A (sky130_fd_sc_hd__xor2_1)
     2    0.007298    0.190213    0.223289    5.788178 ^ _17686_/X (sky130_fd_sc_hd__xor2_1)
                                                         _08347_ (net)
                      0.190213    0.000070    5.788249 ^ _17702_/A (sky130_fd_sc_hd__xnor2_1)
     2    0.007756    0.218955    0.177003    5.965251 ^ _17702_/Y (sky130_fd_sc_hd__xnor2_1)
                                                         _08365_ (net)
                      0.218955    0.000057    5.965309 ^ _17706_/B (sky130_fd_sc_hd__xor2_1)
     2    0.007747    0.205536    0.231213    6.196522 ^ _17706_/X (sky130_fd_sc_hd__xor2_1)
                                                         _08369_ (net)
                      0.205536    0.000029    6.196551 ^ _17707_/A (sky130_fd_sc_hd__inv_1)
     1    0.002789    0.049911    0.062427    6.258977 v _17707_/Y (sky130_fd_sc_hd__inv_1)
                                                         _08370_ (net)
                      0.049911    0.000004    6.258981 v _17725_/A (sky130_fd_sc_hd__maj3_1)
     2    0.009460    0.099144    0.388485    6.647466 v _17725_/X (sky130_fd_sc_hd__maj3_1)
                                                         _08390_ (net)
                      0.099144    0.000165    6.647631 v _17726_/B (sky130_fd_sc_hd__xnor2_1)
     1    0.004808    0.074381    0.152275    6.799906 v _17726_/Y (sky130_fd_sc_hd__xnor2_1)
                                                         _08391_ (net)
                      0.074381    0.000018    6.799923 v _17727_/B (sky130_fd_sc_hd__xnor2_1)
     2    0.004794    0.062288    0.141346    6.941269 v _17727_/Y (sky130_fd_sc_hd__xnor2_1)
                                                         _08392_ (net)
                      0.062288    0.000011    6.941280 v _17744_/A (sky130_fd_sc_hd__nor2_1)
     2    0.006798    0.145594    0.152101    7.093381 ^ _17744_/Y (sky130_fd_sc_hd__nor2_1)
                                                         _08411_ (net)
                      0.145594    0.000048    7.093429 ^ _17746_/A_N (sky130_fd_sc_hd__nand2b_1)
     2    0.008377    0.099116    0.161152    7.254580 ^ _17746_/Y (sky130_fd_sc_hd__nand2b_1)
                                                         _08413_ (net)
                      0.099116    0.000080    7.254661 ^ _17759_/A (sky130_fd_sc_hd__nor2_1)
     1    0.002455    0.044420    0.054159    7.308820 v _17759_/Y (sky130_fd_sc_hd__nor2_1)
                                                         _08427_ (net)
                      0.044420    0.000007    7.308826 v _17760_/A (sky130_fd_sc_hd__inv_1)
     2    0.005875    0.056772    0.066087    7.374914 ^ _17760_/Y (sky130_fd_sc_hd__inv_1)
                                                         _08428_ (net)
                      0.056772    0.000004    7.374918 ^ _17778_/A (sky130_fd_sc_hd__nor2_1)
     1    0.005147    0.049641    0.052442    7.427360 v _17778_/Y (sky130_fd_sc_hd__nor2_1)
                                                         _08448_ (net)
                      0.049641    0.000059    7.427418 v _17779_/B1 (sky130_fd_sc_hd__a211oi_2)
     2    0.007935    0.217602    0.242539    7.669957 ^ _17779_/Y (sky130_fd_sc_hd__a211oi_2)
                                                         _08449_ (net)
                      0.217602    0.000073    7.670030 ^ _17795_/A1 (sky130_fd_sc_hd__a21oi_2)
     2    0.008818    0.074376    0.101246    7.771276 v _17795_/Y (sky130_fd_sc_hd__a21oi_2)
                                                         _08467_ (net)
                      0.074376    0.000195    7.771472 v _17797_/A2 (sky130_fd_sc_hd__o21ai_2)
     2    0.007711    0.135192    0.147722    7.919194 ^ _17797_/Y (sky130_fd_sc_hd__o21ai_2)
                                                         _08469_ (net)
                      0.135192    0.000028    7.919221 ^ _17799_/B1 (sky130_fd_sc_hd__o21ai_2)
     1    0.008604    0.071235    0.087942    8.007163 v _17799_/Y (sky130_fd_sc_hd__o21ai_2)
                                                         _08471_ (net)
                      0.071235    0.000051    8.007214 v _17821_/B (sky130_fd_sc_hd__xnor2_2)
     2    0.011363    0.088194    0.159466    8.166680 v _17821_/Y (sky130_fd_sc_hd__xnor2_2)
                                                         net277 (net)
                      0.088194    0.000019    8.166698 v rebuffer1478/A (sky130_fd_sc_hd__buf_6)
     4    0.036065    0.045147    0.157105    8.323804 v rebuffer1478/X (sky130_fd_sc_hd__buf_6)
                                                         net1478 (net)
                      0.045260    0.001991    8.325795 v _17822_/A (sky130_fd_sc_hd__inv_4)
     4    0.035044    0.099559    0.098308    8.424104 ^ _17822_/Y (sky130_fd_sc_hd__inv_4)
                                                         _08496_ (net)
                      0.099568    0.000754    8.424857 ^ fanout254/A (sky130_fd_sc_hd__buf_4)
     4    0.024239    0.076386    0.156441    8.581299 ^ fanout254/X (sky130_fd_sc_hd__buf_4)
                                                         net254 (net)
                      0.076489    0.001699    8.582997 ^ load_slew255/A (sky130_fd_sc_hd__buf_6)
     7    0.040900    0.089420    0.143108    8.726106 ^ load_slew255/X (sky130_fd_sc_hd__buf_6)
                                                         net255 (net)
                      0.089807    0.004714    8.730820 ^ fanout252/A (sky130_fd_sc_hd__clkdlybuf4s50_1)
     2    0.007880    0.093879    0.519276    9.250096 ^ fanout252/X (sky130_fd_sc_hd__clkdlybuf4s50_1)
                                                         net252 (net)
                      0.093879    0.000004    9.250100 ^ load_slew253/A (sky130_fd_sc_hd__buf_6)
     8    0.046860    0.100633    0.156971    9.407072 ^ load_slew253/X (sky130_fd_sc_hd__buf_6)
                                                         net253 (net)
                      0.100972    0.004708    9.411780 ^ fanout251/A (sky130_fd_sc_hd__buf_12)
    10    0.055239    0.073966    0.144468    9.556248 ^ fanout251/X (sky130_fd_sc_hd__buf_12)
                                                         net251 (net)
                      0.074117    0.002172    9.558419 ^ _17916_/A1 (sky130_fd_sc_hd__o221ai_4)
     2    0.007529    0.103378    0.118487    9.676906 v _17916_/Y (sky130_fd_sc_hd__o221ai_4)
                                                         _08599_ (net)
                      0.103378    0.000057    9.676963 v _17919_/A1 (sky130_fd_sc_hd__a221oi_2)
     2    0.007827    0.247839    0.310539    9.987502 ^ _17919_/Y (sky130_fd_sc_hd__a221oi_2)
                                                         _08602_ (net)
                      0.247839    0.000073    9.987575 ^ _17920_/B1_N (sky130_fd_sc_hd__a21boi_2)
     2    0.008766    0.137854    0.240710   10.228284 ^ _17920_/Y (sky130_fd_sc_hd__a21boi_2)
                                                         _08603_ (net)
                      0.137854    0.000094   10.228378 ^ max_cap240/A (sky130_fd_sc_hd__buf_6)
     3    0.015674    0.043936    0.128408   10.356786 ^ max_cap240/X (sky130_fd_sc_hd__buf_6)
                                                         net240 (net)
                      0.043938    0.000337   10.357122 ^ _18118_/A (sky130_fd_sc_hd__nor3_4)
     1    0.006726    0.047640    0.037778   10.394900 v _18118_/Y (sky130_fd_sc_hd__nor3_4)
                                                         _08821_ (net)
                      0.047640    0.000149   10.395049 v wire233/A (sky130_fd_sc_hd__buf_6)
     3    0.015390    0.029725    0.122054   10.517104 v wire233/X (sky130_fd_sc_hd__buf_6)
                                                         net233 (net)
                      0.029731    0.000437   10.517541 v _18132_/B (sky130_fd_sc_hd__nor2_4)
     3    0.022094    0.159382    0.141966   10.659508 ^ _18132_/Y (sky130_fd_sc_hd__nor2_4)
                                                         _08837_ (net)
                      0.159401    0.001411   10.660918 ^ _18180_/A1 (sky130_fd_sc_hd__o31ai_4)
     1    0.006591    0.060067    0.093970   10.754889 v _18180_/Y (sky130_fd_sc_hd__o31ai_4)
                                                         _08889_ (net)
                      0.060068    0.000139   10.755029 v wire224/A (sky130_fd_sc_hd__buf_6)
     2    0.020445    0.033627    0.133108   10.888136 v wire224/X (sky130_fd_sc_hd__buf_6)
                                                         net224 (net)
                      0.033639    0.000391   10.888527 v _18185_/A (sky130_fd_sc_hd__xor2_4)
     2    0.008895    0.119981    0.175246   11.063772 v _18185_/X (sky130_fd_sc_hd__xor2_4)
                                                         _08895_ (net)
                      0.119981    0.000145   11.063917 v wire219/A (sky130_fd_sc_hd__buf_6)
     1    0.021163    0.034297    0.160797   11.224714 v wire219/X (sky130_fd_sc_hd__buf_6)
                                                         net219 (net)
                      0.034508    0.002193   11.226907 v _18343_/B (sky130_fd_sc_hd__nor4_4)
     1    0.003616    0.183455    0.233804   11.460711 ^ _18343_/Y (sky130_fd_sc_hd__nor4_4)
                                                         _09069_ (net)
                      0.183455    0.000041   11.460752 ^ _18344_/C (sky130_fd_sc_hd__nand4_1)
     1    0.011768    0.173196    0.193714   11.654466 v _18344_/Y (sky130_fd_sc_hd__nand4_1)
                                                         _09070_ (net)
                      0.173202    0.000765   11.655230 v _18347_/A (sky130_fd_sc_hd__or4_4)
     1    0.013858    0.101274    0.604802   12.260033 v _18347_/X (sky130_fd_sc_hd__or4_4)
                                                         _09073_ (net)
                      0.101274    0.000759   12.260792 v _18348_/A4 (sky130_fd_sc_hd__o41ai_4)
     1    0.006264    0.254730    0.235206   12.495997 ^ _18348_/Y (sky130_fd_sc_hd__o41ai_4)
                                                         _09074_ (net)
                      0.254730    0.000191   12.496188 ^ _18390_/A3 (sky130_fd_sc_hd__a41o_1)
     2    0.010587    0.113467    0.260404   12.756593 ^ _18390_/X (sky130_fd_sc_hd__a41o_1)
                                                         _09120_ (net)
                      0.113467    0.000324   12.756917 ^ load_slew189/A (sky130_fd_sc_hd__buf_6)
     4    0.041564    0.090683    0.155012   12.911929 ^ load_slew189/X (sky130_fd_sc_hd__buf_6)
                                                         net189 (net)
                      0.091681    0.007562   12.919491 ^ fanout183/A (sky130_fd_sc_hd__buf_6)
    10    0.050985    0.107828    0.162983   13.082473 ^ fanout183/X (sky130_fd_sc_hd__buf_6)
                                                         net183 (net)
                      0.107829    0.000142   13.082615 ^ _18438_/B1_N (sky130_fd_sc_hd__a21bo_4)
     1    0.025931    0.062349    0.268174   13.350789 v _18438_/X (sky130_fd_sc_hd__a21bo_4)
                                                         fixed_pkg::s_narrow48$func$/headless/otolith/hdl/rtl/fixed_pkg.sv:130$9.$unnamed_block$1.v[36] (net)
                      0.062733    0.003809   13.354598 v _18608_/D (sky130_fd_sc_hd__dfrtp_1)
                                             13.354598   data arrival time

                                 10.000000   10.000000   clock clk (rise edge)
                                  0.000000   10.000000   clock source latency
     1    0.049389    0.174423    0.122774   10.122774 ^ clk (in)
                                                         clk (net)
                      0.174778    0.000000   10.122774 ^ clkbuf_0_clk/A (sky130_fd_sc_hd__clkbuf_16)
     8    0.122543    0.136396    0.244284   10.367058 ^ clkbuf_0_clk/X (sky130_fd_sc_hd__clkbuf_16)
                                                         clknet_0_clk (net)
                      0.136767    0.005701   10.372759 ^ clkbuf_3_3_0_clk/A (sky130_fd_sc_hd__clkbuf_16)
     4    0.051649    0.070726    0.182469   10.555228 ^ clkbuf_3_3_0_clk/X (sky130_fd_sc_hd__clkbuf_16)
                                                         clknet_3_3_0_clk (net)
                      0.070974    0.002889   10.558117 ^ clkbuf_5_13__f_clk/A (sky130_fd_sc_hd__clkbuf_16)
     5    0.013781    0.036570    0.129032   10.687149 ^ clkbuf_5_13__f_clk/X (sky130_fd_sc_hd__clkbuf_16)
                                                         clknet_5_13__leaf_clk (net)
                      0.036570    0.000143   10.687292 ^ _18608_/CLK (sky130_fd_sc_hd__dfrtp_1)
                                 -0.250000   10.437292   clock uncertainty
                                  0.000000   10.437292   clock reconvergence pessimism
                                 -0.123943   10.313349   library setup time
                                             10.313349   data required time
---------------------------------------------------------------------------------------------
                                             10.313349   data required time
                                            -13.354598   data arrival time
---------------------------------------------------------------------------------------------
                                             -3.041249   slack (VIOLATED)




===========================================================================
report_checks --slack_max -0.01
============================================================================
======================= nom_tt_025C_1v80 Corner ===================================

Startpoint: _18569_ (rising edge-triggered flip-flop clocked by clk)
Endpoint: _18608_ (rising edge-triggered flip-flop clocked by clk)
Path Group: clk
Path Type: max

Fanout         Cap        Slew       Delay        Time   Description
---------------------------------------------------------------------------------------------
                                  0.000000    0.000000   clock clk (rise edge)
                                  0.000000    0.000000   clock source latency
     1    0.049389    0.174423    0.122774    0.122774 ^ clk (in)
                                                         clk (net)
                      0.174778    0.000000    0.122774 ^ clkbuf_0_clk/A (sky130_fd_sc_hd__clkbuf_16)
     8    0.122543    0.136396    0.244284    0.367058 ^ clkbuf_0_clk/X (sky130_fd_sc_hd__clkbuf_16)
                                                         clknet_0_clk (net)
                      0.136927    0.006790    0.373848 ^ clkbuf_3_4_0_clk/A (sky130_fd_sc_hd__clkbuf_16)
     4    0.056959    0.075669    0.185590    0.559438 ^ clkbuf_3_4_0_clk/X (sky130_fd_sc_hd__clkbuf_16)
                                                         clknet_3_4_0_clk (net)
                      0.076188    0.004526    0.563963 ^ clkbuf_5_19__f_clk/A (sky130_fd_sc_hd__clkbuf_16)
     6    0.020529    0.042323    0.137346    0.701310 ^ clkbuf_5_19__f_clk/X (sky130_fd_sc_hd__clkbuf_16)
                                                         clknet_5_19__leaf_clk (net)
                      0.042325    0.000469    0.701779 ^ _18569_/CLK (sky130_fd_sc_hd__dfrtp_1)
     3    0.040270    0.352300    0.540262    1.242041 ^ _18569_/Q (sky130_fd_sc_hd__dfrtp_1)
                                                         b_r[63] (net)
                      0.352633    0.006719    1.248760 ^ fanout393/A (sky130_fd_sc_hd__clkdlybuf4s50_1)
    10    0.032286    0.316995    0.751335    2.000095 ^ fanout393/X (sky130_fd_sc_hd__clkdlybuf4s50_1)
                                                         net393 (net)
                      0.316998    0.001647    2.001742 ^ _09229_/A (sky130_fd_sc_hd__nand2_1)
     7    0.032890    0.250004    0.291090    2.292833 v _09229_/Y (sky130_fd_sc_hd__nand2_1)
                                                         _00895_ (net)
                      0.250004    0.000072    2.292904 v _09230_/B (sky130_fd_sc_hd__xnor2_2)
     6    0.026690    0.365648    0.387913    2.680817 ^ _09230_/Y (sky130_fd_sc_hd__xnor2_2)
                                                         _00906_ (net)
                      0.365654    0.001169    2.681986 ^ _09264_/B (sky130_fd_sc_hd__xnor2_1)
     1    0.004187    0.143464    0.173732    2.855718 ^ _09264_/Y (sky130_fd_sc_hd__xnor2_1)
                                                         _01280_ (net)
                      0.143464    0.000070    2.855788 ^ wire378/A (sky130_fd_sc_hd__clkbuf_2)
     3    0.014646    0.087232    0.169494    3.025283 ^ wire378/X (sky130_fd_sc_hd__clkbuf_2)
                                                         net378 (net)
                      0.087232    0.000114    3.025397 ^ fanout376/A (sky130_fd_sc_hd__clkdlybuf4s15_2)
     5    0.018148    0.104934    0.254105    3.279503 ^ fanout376/X (sky130_fd_sc_hd__clkdlybuf4s15_2)
                                                         net376 (net)
                      0.104934    0.000022    3.279524 ^ load_slew377/A (sky130_fd_sc_hd__clkbuf_4)
     6    0.031323    0.104400    0.200714    3.480239 ^ load_slew377/X (sky130_fd_sc_hd__clkbuf_4)
                                                         net377 (net)
                      0.104420    0.001445    3.481684 ^ _09265_/A (sky130_fd_sc_hd__inv_2)
     6    0.028445    0.072424    0.091269    3.572953 v _09265_/Y (sky130_fd_sc_hd__inv_2)
                                                         _01291_ (net)
                      0.072424    0.000179    3.573132 v _09322_/A1 (sky130_fd_sc_hd__a21oi_1)
     1    0.003854    0.123184    0.143270    3.716402 ^ _09322_/Y (sky130_fd_sc_hd__a21oi_1)
                                                         _01918_ (net)
                      0.123184    0.000055    3.716457 ^ wire339/A (sky130_fd_sc_hd__clkbuf_2)
     3    0.016377    0.095942    0.170493    3.886950 ^ wire339/X (sky130_fd_sc_hd__clkbuf_2)
                                                         net339 (net)
                      0.095942    0.000012    3.886962 ^ fanout337/A (sky130_fd_sc_hd__clkdlybuf4s50_1)
     2    0.005421    0.071874    0.503474    4.390436 ^ fanout337/X (sky130_fd_sc_hd__clkdlybuf4s50_1)
                                                         net337 (net)
                      0.071874    0.000011    4.390446 ^ load_slew338/A (sky130_fd_sc_hd__clkbuf_4)
     9    0.037694    0.122048    0.201610    4.592057 ^ load_slew338/X (sky130_fd_sc_hd__clkbuf_4)
                                                         net338 (net)
                      0.122056    0.001154    4.593211 ^ fanout335/A (sky130_fd_sc_hd__clkdlybuf4s50_1)
     5    0.021511    0.216926    0.622802    5.216013 ^ fanout335/X (sky130_fd_sc_hd__clkdlybuf4s50_1)
                                                         net335 (net)
                      0.216926    0.000220    5.216233 ^ load_slew336/A (sky130_fd_sc_hd__buf_4)
     6    0.026947    0.084897    0.196038    5.412271 ^ load_slew336/X (sky130_fd_sc_hd__buf_4)
                                                         net336 (net)
                      0.084897    0.000379    5.412651 ^ _09556_/A (sky130_fd_sc_hd__xnor2_1)
     2    0.007395    0.211719    0.152209    5.564860 ^ _09556_/Y (sky130_fd_sc_hd__xnor2_1)
                                                         _04492_ (net)
                      0.211719    0.000029    5.564889 ^ _17686_/A (sky130_fd_sc_hd__xor2_1)
     2    0.007298    0.190213    0.223289    5.788178 ^ _17686_/X (sky130_fd_sc_hd__xor2_1)
                                                         _08347_ (net)
                      0.190213    0.000070    5.788249 ^ _17702_/A (sky130_fd_sc_hd__xnor2_1)
     2    0.007756    0.218955    0.177003    5.965251 ^ _17702_/Y (sky130_fd_sc_hd__xnor2_1)
                                                         _08365_ (net)
                      0.218955    0.000057    5.965309 ^ _17706_/B (sky130_fd_sc_hd__xor2_1)
     2    0.007747    0.205536    0.231213    6.196522 ^ _17706_/X (sky130_fd_sc_hd__xor2_1)
                                                         _08369_ (net)
                      0.205536    0.000029    6.196551 ^ _17707_/A (sky130_fd_sc_hd__inv_1)
     1    0.002789    0.049911    0.062427    6.258977 v _17707_/Y (sky130_fd_sc_hd__inv_1)
                                                         _08370_ (net)
                      0.049911    0.000004    6.258981 v _17725_/A (sky130_fd_sc_hd__maj3_1)
     2    0.009460    0.099144    0.388485    6.647466 v _17725_/X (sky130_fd_sc_hd__maj3_1)
                                                         _08390_ (net)
                      0.099144    0.000165    6.647631 v _17726_/B (sky130_fd_sc_hd__xnor2_1)
     1    0.004808    0.074381    0.152275    6.799906 v _17726_/Y (sky130_fd_sc_hd__xnor2_1)
                                                         _08391_ (net)
                      0.074381    0.000018    6.799923 v _17727_/B (sky130_fd_sc_hd__xnor2_1)
     2    0.004794    0.062288    0.141346    6.941269 v _17727_/Y (sky130_fd_sc_hd__xnor2_1)
                                                         _08392_ (net)
                      0.062288    0.000011    6.941280 v _17744_/A (sky130_fd_sc_hd__nor2_1)
     2    0.006798    0.145594    0.152101    7.093381 ^ _17744_/Y (sky130_fd_sc_hd__nor2_1)
                                                         _08411_ (net)
                      0.145594    0.000048    7.093429 ^ _17746_/A_N (sky130_fd_sc_hd__nand2b_1)
     2    0.008377    0.099116    0.161152    7.254580 ^ _17746_/Y (sky130_fd_sc_hd__nand2b_1)
                                                         _08413_ (net)
                      0.099116    0.000080    7.254661 ^ _17759_/A (sky130_fd_sc_hd__nor2_1)
     1    0.002455    0.044420    0.054159    7.308820 v _17759_/Y (sky130_fd_sc_hd__nor2_1)
                                                         _08427_ (net)
                      0.044420    0.000007    7.308826 v _17760_/A (sky130_fd_sc_hd__inv_1)
     2    0.005875    0.056772    0.066087    7.374914 ^ _17760_/Y (sky130_fd_sc_hd__inv_1)
                                                         _08428_ (net)
                      0.056772    0.000004    7.374918 ^ _17778_/A (sky130_fd_sc_hd__nor2_1)
     1    0.005147    0.049641    0.052442    7.427360 v _17778_/Y (sky130_fd_sc_hd__nor2_1)
                                                         _08448_ (net)
                      0.049641    0.000059    7.427418 v _17779_/B1 (sky130_fd_sc_hd__a211oi_2)
     2    0.007935    0.217602    0.242539    7.669957 ^ _17779_/Y (sky130_fd_sc_hd__a211oi_2)
                                                         _08449_ (net)
                      0.217602    0.000073    7.670030 ^ _17795_/A1 (sky130_fd_sc_hd__a21oi_2)
     2    0.008818    0.074376    0.101246    7.771276 v _17795_/Y (sky130_fd_sc_hd__a21oi_2)
                                                         _08467_ (net)
                      0.074376    0.000195    7.771472 v _17797_/A2 (sky130_fd_sc_hd__o21ai_2)
     2    0.007711    0.135192    0.147722    7.919194 ^ _17797_/Y (sky130_fd_sc_hd__o21ai_2)
                                                         _08469_ (net)
                      0.135192    0.000028    7.919221 ^ _17799_/B1 (sky130_fd_sc_hd__o21ai_2)
     1    0.008604    0.071235    0.087942    8.007163 v _17799_/Y (sky130_fd_sc_hd__o21ai_2)
                                                         _08471_ (net)
                      0.071235    0.000051    8.007214 v _17821_/B (sky130_fd_sc_hd__xnor2_2)
     2    0.011363    0.088194    0.159466    8.166680 v _17821_/Y (sky130_fd_sc_hd__xnor2_2)
                                                         net277 (net)
                      0.088194    0.000019    8.166698 v rebuffer1478/A (sky130_fd_sc_hd__buf_6)
     4    0.036065    0.045147    0.157105    8.323804 v rebuffer1478/X (sky130_fd_sc_hd__buf_6)
                                                         net1478 (net)
                      0.045260    0.001991    8.325795 v _17822_/A (sky130_fd_sc_hd__inv_4)
     4    0.035044    0.099559    0.098308    8.424104 ^ _17822_/Y (sky130_fd_sc_hd__inv_4)
                                                         _08496_ (net)
                      0.099568    0.000754    8.424857 ^ fanout254/A (sky130_fd_sc_hd__buf_4)
     4    0.024239    0.076386    0.156441    8.581299 ^ fanout254/X (sky130_fd_sc_hd__buf_4)
                                                         net254 (net)
                      0.076489    0.001699    8.582997 ^ load_slew255/A (sky130_fd_sc_hd__buf_6)
     7    0.040900    0.089420    0.143108    8.726106 ^ load_slew255/X (sky130_fd_sc_hd__buf_6)
                                                         net255 (net)
                      0.089807    0.004714    8.730820 ^ fanout252/A (sky130_fd_sc_hd__clkdlybuf4s50_1)
     2    0.007880    0.093879    0.519276    9.250096 ^ fanout252/X (sky130_fd_sc_hd__clkdlybuf4s50_1)
                                                         net252 (net)
                      0.093879    0.000004    9.250100 ^ load_slew253/A (sky130_fd_sc_hd__buf_6)
     8    0.046860    0.100633    0.156971    9.407072 ^ load_slew253/X (sky130_fd_sc_hd__buf_6)
                                                         net253 (net)
                      0.100972    0.004708    9.411780 ^ fanout251/A (sky130_fd_sc_hd__buf_12)
    10    0.055239    0.073966    0.144468    9.556248 ^ fanout251/X (sky130_fd_sc_hd__buf_12)
                                                         net251 (net)
                      0.074117    0.002172    9.558419 ^ _17916_/A1 (sky130_fd_sc_hd__o221ai_4)
     2    0.007529    0.103378    0.118487    9.676906 v _17916_/Y (sky130_fd_sc_hd__o221ai_4)
                                                         _08599_ (net)
                      0.103378    0.000057    9.676963 v _17919_/A1 (sky130_fd_sc_hd__a221oi_2)
     2    0.007827    0.247839    0.310539    9.987502 ^ _17919_/Y (sky130_fd_sc_hd__a221oi_2)
                                                         _08602_ (net)
                      0.247839    0.000073    9.987575 ^ _17920_/B1_N (sky130_fd_sc_hd__a21boi_2)
     2    0.008766    0.137854    0.240710   10.228284 ^ _17920_/Y (sky130_fd_sc_hd__a21boi_2)
                                                         _08603_ (net)
                      0.137854    0.000094   10.228378 ^ max_cap240/A (sky130_fd_sc_hd__buf_6)
     3    0.015674    0.043936    0.128408   10.356786 ^ max_cap240/X (sky130_fd_sc_hd__buf_6)
                                                         net240 (net)
                      0.043938    0.000337   10.357122 ^ _18118_/A (sky130_fd_sc_hd__nor3_4)
     1    0.006726    0.047640    0.037778   10.394900 v _18118_/Y (sky130_fd_sc_hd__nor3_4)
                                                         _08821_ (net)
                      0.047640    0.000149   10.395049 v wire233/A (sky130_fd_sc_hd__buf_6)
     3    0.015390    0.029725    0.122054   10.517104 v wire233/X (sky130_fd_sc_hd__buf_6)
                                                         net233 (net)
                      0.029731    0.000437   10.517541 v _18132_/B (sky130_fd_sc_hd__nor2_4)
     3    0.022094    0.159382    0.141966   10.659508 ^ _18132_/Y (sky130_fd_sc_hd__nor2_4)
                                                         _08837_ (net)
                      0.159401    0.001411   10.660918 ^ _18180_/A1 (sky130_fd_sc_hd__o31ai_4)
     1    0.006591    0.060067    0.093970   10.754889 v _18180_/Y (sky130_fd_sc_hd__o31ai_4)
                                                         _08889_ (net)
                      0.060068    0.000139   10.755029 v wire224/A (sky130_fd_sc_hd__buf_6)
     2    0.020445    0.033627    0.133108   10.888136 v wire224/X (sky130_fd_sc_hd__buf_6)
                                                         net224 (net)
                      0.033639    0.000391   10.888527 v _18185_/A (sky130_fd_sc_hd__xor2_4)
     2    0.008895    0.119981    0.175246   11.063772 v _18185_/X (sky130_fd_sc_hd__xor2_4)
                                                         _08895_ (net)
                      0.119981    0.000145   11.063917 v wire219/A (sky130_fd_sc_hd__buf_6)
     1    0.021163    0.034297    0.160797   11.224714 v wire219/X (sky130_fd_sc_hd__buf_6)
                                                         net219 (net)
                      0.034508    0.002193   11.226907 v _18343_/B (sky130_fd_sc_hd__nor4_4)
     1    0.003616    0.183455    0.233804   11.460711 ^ _18343_/Y (sky130_fd_sc_hd__nor4_4)
                                                         _09069_ (net)
                      0.183455    0.000041   11.460752 ^ _18344_/C (sky130_fd_sc_hd__nand4_1)
     1    0.011768    0.173196    0.193714   11.654466 v _18344_/Y (sky130_fd_sc_hd__nand4_1)
                                                         _09070_ (net)
                      0.173202    0.000765   11.655230 v _18347_/A (sky130_fd_sc_hd__or4_4)
     1    0.013858    0.101274    0.604802   12.260033 v _18347_/X (sky130_fd_sc_hd__or4_4)
                                                         _09073_ (net)
                      0.101274    0.000759   12.260792 v _18348_/A4 (sky130_fd_sc_hd__o41ai_4)
     1    0.006264    0.254730    0.235206   12.495997 ^ _18348_/Y (sky130_fd_sc_hd__o41ai_4)
                                                         _09074_ (net)
                      0.254730    0.000191   12.496188 ^ _18390_/A3 (sky130_fd_sc_hd__a41o_1)
     2    0.010587    0.113467    0.260404   12.756593 ^ _18390_/X (sky130_fd_sc_hd__a41o_1)
                                                         _09120_ (net)
                      0.113467    0.000324   12.756917 ^ load_slew189/A (sky130_fd_sc_hd__buf_6)
     4    0.041564    0.090683    0.155012   12.911929 ^ load_slew189/X (sky130_fd_sc_hd__buf_6)
                                                         net189 (net)
                      0.091681    0.007562   12.919491 ^ fanout183/A (sky130_fd_sc_hd__buf_6)
    10    0.050985    0.107828    0.162983   13.082473 ^ fanout183/X (sky130_fd_sc_hd__buf_6)
                                                         net183 (net)
                      0.107829    0.000142   13.082615 ^ _18438_/B1_N (sky130_fd_sc_hd__a21bo_4)
     1    0.025931    0.062349    0.268174   13.350789 v _18438_/X (sky130_fd_sc_hd__a21bo_4)
                                                         fixed_pkg::s_narrow48$func$/headless/otolith/hdl/rtl/fixed_pkg.sv:130$9.$unnamed_block$1.v[36] (net)
                      0.062733    0.003809   13.354598 v _18608_/D (sky130_fd_sc_hd__dfrtp_1)
                                             13.354598   data arrival time

                                 10.000000   10.000000   clock clk (rise edge)
                                  0.000000   10.000000   clock source latency
     1    0.049389    0.174423    0.122774   10.122774 ^ clk (in)
                                                         clk (net)
                      0.174778    0.000000   10.122774 ^ clkbuf_0_clk/A (sky130_fd_sc_hd__clkbuf_16)
     8    0.122543    0.136396    0.244284   10.367058 ^ clkbuf_0_clk/X (sky130_fd_sc_hd__clkbuf_16)
                                                         clknet_0_clk (net)
                      0.136767    0.005701   10.372759 ^ clkbuf_3_3_0_clk/A (sky130_fd_sc_hd__clkbuf_16)
     4    0.051649    0.070726    0.182469   10.555228 ^ clkbuf_3_3_0_clk/X (sky130_fd_sc_hd__clkbuf_16)
                                                         clknet_3_3_0_clk (net)
                      0.070974    0.002889   10.558117 ^ clkbuf_5_13__f_clk/A (sky130_fd_sc_hd__clkbuf_16)
     5    0.013781    0.036570    0.129032   10.687149 ^ clkbuf_5_13__f_clk/X (sky130_fd_sc_hd__clkbuf_16)
                                                         clknet_5_13__leaf_clk (net)
                      0.036570    0.000143   10.687292 ^ _18608_/CLK (sky130_fd_sc_hd__dfrtp_1)
                                 -0.250000   10.437292   clock uncertainty
                                  0.000000   10.437292   clock reconvergence pessimism
                                 -0.123943   10.313349   library setup time
                                             10.313349   data required time
---------------------------------------------------------------------------------------------
                                             10.313349   data required time
                                            -13.354598   data arrival time
---------------------------------------------------------------------------------------------
                                             -3.041249   slack (VIOLATED)




===========================================================================
 report_check_types -max_slew -max_cap -max_fanout -violators
============================================================================
======================= nom_tt_025C_1v80 Corner ===================================



===========================================================================
report_parasitic_annotation -report_unannotated
============================================================================
Found 10 unannotated drivers.
 clkload0/X
 clkload1/X
 clkload2/X
 clkload3/X
 clkload4/X
 clkload5/X
 clkload6/X
 clkload7/X
 clkload8/X
 clkload9/X
Found 0 partially unannotated drivers.

===========================================================================
max slew violation count 0
Writing metric design__max_slew_violation__count__corner:nom_tt_025C_1v80: 0
max fanout violation count 0
Writing metric design__max_fanout_violation__count__corner:nom_tt_025C_1v80: 0
max cap violation count 0
Writing metric design__max_cap_violation__count__corner:nom_tt_025C_1v80: 0
============================================================================

===========================================================================
check_setup -verbose -unconstrained_endpoints -multiple_clock -no_clock -no_input_delay -loops -generated_clocks
===========================================================================
