Clock: clk
Sources: clk 
Generated: no
Virtual: yes
Propagated: no
Period: 10.000000

===========================================================================
report_clock_properties
============================================================================
Clock                   Period          Waveform
----------------------------------------------------
clk                  10.000000    0.000000  5.000000

===========================================================================
report_clock_latency
============================================================================
Clock clk
rise -> rise
    min     max
0.000000 0.000000 source latency
0.686759         network latency _18631_/CLK
        0.729204 network latency _18539_/CLK
---------------
0.686759 0.729204 latency
        0.042446 skew

fall -> fall
    min     max
0.000000 0.000000 source latency
0.738148         network latency _18631_/CLK
        0.771354 network latency _18539_/CLK
---------------
0.738148 0.771354 latency
        0.033205 skew



===========================================================================
report_clock_min_period
============================================================================
clk period_min = 13.04 fmax = 76.68
