
===========================================================================
 report_power
============================================================================
======================= nom_tt_025C_1v80 Corner ===================================

Group                    Internal    Switching      Leakage        Total
                            Power        Power        Power        Power (Watts)
------------------------------------------------------------------------
Sequential           2.284969e-03 1.185389e-04 1.793862e-09 2.403510e-03   0.8%
Combinational        1.355785e-01 1.527905e-01 4.704967e-08 2.883691e-01  98.8%
Clock                7.256992e-04 4.052812e-04 2.370365e-09 1.130983e-03   0.4%
Macro                0.000000e+00 0.000000e+00 0.000000e+00 0.000000e+00   0.0%
Pad                  0.000000e+00 0.000000e+00 0.000000e+00 0.000000e+00   0.0%
------------------------------------------------------------------------
Total                1.385892e-01 1.533144e-01 5.121398e-08 2.919036e-01 100.0%
                            47.5%        52.5%         0.0%
Writing metric power__internal__total: 0.13858921825885773
Writing metric power__switching__total: 0.15331435203552246
Writing metric power__leakage__total: 5.121397705920572e-8
Writing metric power__total: 0.29190361499786377

