Subprocess had a non-zero exit.
Last 10 line(s):
Reading cell library for the 'nom_ff_n40C_1v95' corner at '/foss/pdks/sky130A/libs.ref/sky130_fd_io/lib/sky130_ef_io__vssio_hvc_clamped_pad_ff_n40C_1v95_5v50_5v50.lib'…
Warning: /foss/pdks/sky130A/libs.ref/sky130_fd_io/lib/sky130_ef_io__vssio_hvc_clamped_pad_ff_n40C_1v95_5v50_5v50.lib line 42, default_fanout_load is 0.0.
Reading cell library for the 'nom_ff_n40C_1v95' corner at '/foss/pdks/sky130A/libs.ref/sky130_fd_io/lib/sky130_ef_io__gpiov2_pad_ff_ff_n40C_1v95_5v50.lib'…
Warning: /foss/pdks/sky130A/libs.ref/sky130_fd_io/lib/sky130_ef_io__gpiov2_pad_ff_ff_n40C_1v95_5v50.lib line 33, default_fanout_load is 0.0.
Reading cell library for the 'nom_ff_n40C_1v95' corner at '/foss/pdks/sky130A/libs.ref/sky130_fd_io/lib/slices_stubs.lib'…
Warning: /foss/pdks/sky130A/libs.ref/sky130_fd_io/lib/slices_stubs.lib line 33, default_fanout_load is 0.0.
Reading cell library for the 'nom_ff_n40C_1v95' corner at '/foss/pdks/sky130A/libs.ref/sky130_fd_io/lib/sky130_ef_io__analog_stubs.lib'…
Warning: /foss/pdks/sky130A/libs.ref/sky130_fd_io/lib/sky130_ef_io__analog_stubs.lib line 43, default_fanout_load is 0.0.
Reading top-level netlist at '/headless/otolith/hdl/openlane/mul48/runs/RUN_2026-09-25_15-58-47/06-yosys-synthesis/mul48_kernel.nl.v'…
Error: /headless/otolith/hdl/openlane/mul48/runs/RUN_2026-09-25_15-58-47/06-yosys-synthesis/mul48_kernel.nl.v line 10, syntax error

Subprocess had a non-zero exit.
Full log file: 'runs/RUN_2026-09-25_15-58-47/12-openroad-staprepnr/nom_ff_n40C_1v95/sta.log'
Subprocess had a non-zero exit.
Last 10 line(s):
Reading cell library for the 'nom_ss_100C_1v60' corner at '/foss/pdks/sky130A/libs.ref/sky130_fd_io/lib/sky130_ef_io__vssio_hvc_clamped_pad_ss_100C_1v60_3v00_3v00.lib'…
Warning: /foss/pdks/sky130A/libs.ref/sky130_fd_io/lib/sky130_ef_io__vssio_hvc_clamped_pad_ss_100C_1v60_3v00_3v00.lib line 42, default_fanout_load is 0.0.
Reading cell library for the 'nom_ss_100C_1v60' corner at '/foss/pdks/sky130A/libs.ref/sky130_fd_io/lib/sky130_ef_io__gpiov2_pad_ss_ss_100C_1v60_3v00.lib'…
Warning: /foss/pdks/sky130A/libs.ref/sky130_fd_io/lib/sky130_ef_io__gpiov2_pad_ss_ss_100C_1v60_3v00.lib line 33, default_fanout_load is 0.0.
Reading cell library for the 'nom_ss_100C_1v60' corner at '/foss/pdks/sky130A/libs.ref/sky130_fd_io/lib/slices_stubs.lib'…
Warning: /foss/pdks/sky130A/libs.ref/sky130_fd_io/lib/slices_stubs.lib line 33, default_fanout_load is 0.0.
Reading cell library for the 'nom_ss_100C_1v60' corner at '/foss/pdks/sky130A/libs.ref/sky130_fd_io/lib/sky130_ef_io__analog_stubs.lib'…
Warning: /foss/pdks/sky130A/libs.ref/sky130_fd_io/lib/sky130_ef_io__analog_stubs.lib line 43, default_fanout_load is 0.0.
Reading top-level netlist at '/headless/otolith/hdl/openlane/mul48/runs/RUN_2026-09-25_15-58-47/06-yosys-synthesis/mul48_kernel.nl.v'…
Error: /headless/otolith/hdl/openlane/mul48/runs/RUN_2026-09-25_15-58-47/06-yosys-synthesis/mul48_kernel.nl.v line 10, syntax error

Failed STA for the nom_ff_n40C_1v95 timing corner:
Last 10 line(s):
Reading cell library for the 'nom_tt_025C_1v80' corner at '/foss/pdks/sky130A/libs.ref/sky130_fd_io/lib/sky130_ef_io__vssio_hvc_clamped_pad_tt_025C_1v80_3v30_3v30.lib'…
Warning: /foss/pdks/sky130A/libs.ref/sky130_fd_io/lib/sky130_ef_io__vssio_hvc_clamped_pad_tt_025C_1v80_3v30_3v30.lib line 42, default_fanout_load is 0.0.
Reading cell library for the 'nom_tt_025C_1v80' corner at '/foss/pdks/sky130A/libs.ref/sky130_fd_io/lib/sky130_ef_io__gpiov2_pad_tt_tt_025C_1v80_3v30.lib'…
Warning: /foss/pdks/sky130A/libs.ref/sky130_fd_io/lib/sky130_ef_io__gpiov2_pad_tt_tt_025C_1v80_3v30.lib line 33, default_fanout_load is 0.0.
Reading cell library for the 'nom_tt_025C_1v80' corner at '/foss/pdks/sky130A/libs.ref/sky130_fd_io/lib/slices_stubs.lib'…
Warning: /foss/pdks/sky130A/libs.ref/sky130_fd_io/lib/slices_stubs.lib line 33, default_fanout_load is 0.0.
Reading cell library for the 'nom_tt_025C_1v80' corner at '/foss/pdks/sky130A/libs.ref/sky130_fd_io/lib/sky130_ef_io__analog_stubs.lib'…
Warning: /foss/pdks/sky130A/libs.ref/sky130_fd_io/lib/sky130_ef_io__analog_stubs.lib line 43, default_fanout_load is 0.0.
Reading top-level netlist at '/headless/otolith/hdl/openlane/mul48/runs/RUN_2026-09-25_15-58-47/06-yosys-synthesis/mul48_kernel.nl.v'…
Error: /headless/otolith/hdl/openlane/mul48/runs/RUN_2026-09-25_15-58-47/06-yosys-synthesis/mul48_kernel.nl.v line 10, syntax error

Full log file: 'runs/RUN_2026-09-25_15-58-47/12-openroad-staprepnr/nom_ss_100C_1v60/sta.log'
Full log file: 'runs/RUN_2026-09-25_15-58-47/12-openroad-staprepnr/nom_tt_025C_1v80/sta.log'
Failed STA for the nom_tt_025C_1v80 timing corner:
Failed STA for the nom_ss_100C_1v60 timing corner:
