
===========================================================================
report_checks -unconstrained
===========================================================================
======================= nom_ff_n40C_1v95 Corner ===================================

Startpoint: rst_n (input port clocked by clk)
Endpoint: _18555_ (recovery check against rising-edge clock clk)
Path Group: asynchronous
Path Type: max

Fanout         Cap        Slew       Delay        Time   Description
---------------------------------------------------------------------------------------------
                                  0.000000    0.000000   clock clk (rise edge)
                                  0.000000    0.000000   clock network delay (propagated)
                                  2.000000    2.000000 ^ input external delay
     1    0.003159    0.015204    0.008187    2.008187 ^ rst_n (in)
                                                         rst_n (net)
                      0.015205    0.000000    2.008187 ^ input97/A (sky130_fd_sc_hd__buf_2)
     1    0.004275    0.023635    0.058046    2.066233 ^ input97/X (sky130_fd_sc_hd__buf_2)
                                                         net97 (net)
                      0.023635    0.000139    2.066371 ^ fanout1475/A (sky130_fd_sc_hd__clkdlybuf4s50_1)
     3    0.022145    0.166639    0.407926    2.474297 ^ fanout1475/X (sky130_fd_sc_hd__clkdlybuf4s50_1)
                                                         net1475 (net)
                      0.166648    0.001410    2.475708 ^ fanout1448/A (sky130_fd_sc_hd__clkdlybuf4s50_1)
     2    0.021550    0.162287    0.434743    2.910451 ^ fanout1448/X (sky130_fd_sc_hd__clkdlybuf4s50_1)
                                                         net1448 (net)
                      0.162292    0.001087    2.911538 ^ wire1450/A (sky130_fd_sc_hd__buf_4)
     4    0.071139    0.150374    0.175529    3.087067 ^ wire1450/X (sky130_fd_sc_hd__buf_4)
                                                         net1450 (net)
                      0.151819    0.011881    3.098948 ^ load_slew1449/A (sky130_fd_sc_hd__buf_4)
     1    0.053174    0.115201    0.151110    3.250058 ^ load_slew1449/X (sky130_fd_sc_hd__buf_4)
                                                         net1449 (net)
                      0.116802    0.010850    3.260908 ^ fanout1446/A (sky130_fd_sc_hd__clkdlybuf4s50_1)
     5    0.022601    0.169655    0.433166    3.694074 ^ fanout1446/X (sky130_fd_sc_hd__clkdlybuf4s50_1)
                                                         net1446 (net)
                      0.169655    0.000425    3.694499 ^ load_slew1447/A (sky130_fd_sc_hd__buf_4)
     4    0.043880    0.096569    0.143293    3.837792 ^ load_slew1447/X (sky130_fd_sc_hd__buf_4)
                                                         net1447 (net)
                      0.096919    0.004680    3.842472 ^ fanout1445/A (sky130_fd_sc_hd__clkdlybuf4s50_1)
     6    0.057822    0.418570    0.599909    4.442381 ^ fanout1445/X (sky130_fd_sc_hd__clkdlybuf4s50_1)
                                                         net1445 (net)
                      0.418861    0.006675    4.449056 ^ fanout1443/A (sky130_fd_sc_hd__clkdlybuf4s50_1)
     2    0.007742    0.066064    0.386989    4.836045 ^ fanout1443/X (sky130_fd_sc_hd__clkdlybuf4s50_1)
                                                         net1443 (net)
                      0.066064    0.000200    4.836245 ^ wire1444/A (sky130_fd_sc_hd__buf_4)
     9    0.052014    0.112168    0.137701    4.973946 ^ wire1444/X (sky130_fd_sc_hd__buf_4)
                                                         net1444 (net)
                      0.112186    0.001191    4.975136 ^ fanout1442/A (sky130_fd_sc_hd__clkdlybuf4s50_1)
     8    0.037080    0.271466    0.503174    5.478310 ^ fanout1442/X (sky130_fd_sc_hd__clkdlybuf4s50_1)
                                                         net1442 (net)
                      0.271467    0.001173    5.479483 ^ _18555_/RESET_B (sky130_fd_sc_hd__dfrtp_2)
                                              5.479483   data arrival time

                                 10.000000   10.000000   clock clk (rise edge)
                                  0.000000   10.000000   clock source latency
     1    0.075319    0.201015    0.147434   10.147434 ^ clk (in)
                                                         clk (net)
                      0.204901    0.000000   10.147434 ^ clkbuf_0_clk/A (sky130_fd_sc_hd__clkbuf_16)
     8    0.161818    0.135663    0.191056   10.338490 ^ clkbuf_0_clk/X (sky130_fd_sc_hd__clkbuf_16)
                                                         clknet_0_clk (net)
                      0.138493    0.015432   10.353923 ^ clkbuf_3_3_0_clk/A (sky130_fd_sc_hd__clkbuf_16)
     4    0.068470    0.067019    0.136268   10.490191 ^ clkbuf_3_3_0_clk/X (sky130_fd_sc_hd__clkbuf_16)
                                                         clknet_3_3_0_clk (net)
                      0.068905    0.008774   10.498964 ^ clkbuf_5_13__f_clk/A (sky130_fd_sc_hd__clkbuf_16)
     5    0.018895    0.030782    0.094166   10.593131 ^ clkbuf_5_13__f_clk/X (sky130_fd_sc_hd__clkbuf_16)
                                                         clknet_5_13__leaf_clk (net)
                      0.030790    0.000536   10.593667 ^ _18555_/CLK (sky130_fd_sc_hd__dfrtp_2)
                                 -0.250000   10.343667   clock uncertainty
                                  0.000000   10.343667   clock reconvergence pessimism
                                  0.071936   10.415603   library recovery time
                                             10.415603   data required time
---------------------------------------------------------------------------------------------
                                             10.415603   data required time
                                             -5.479483   data arrival time
---------------------------------------------------------------------------------------------
                                              4.936120   slack (MET)


Startpoint: _18569_ (rising edge-triggered flip-flop clocked by clk)
Endpoint: _18594_ (rising edge-triggered flip-flop clocked by clk)
Path Group: clk
Path Type: max

Fanout         Cap        Slew       Delay        Time   Description
---------------------------------------------------------------------------------------------
                                  0.000000    0.000000   clock clk (rise edge)
                                  0.000000    0.000000   clock source latency
     1    0.075319    0.201015    0.147434    0.147434 ^ clk (in)
                                                         clk (net)
                      0.204901    0.000000    0.147434 ^ clkbuf_0_clk/A (sky130_fd_sc_hd__clkbuf_16)
     8    0.161818    0.135663    0.191056    0.338490 ^ clkbuf_0_clk/X (sky130_fd_sc_hd__clkbuf_16)
                                                         clknet_0_clk (net)
                      0.140440    0.020023    0.358512 ^ clkbuf_3_4_0_clk/A (sky130_fd_sc_hd__clkbuf_16)
     4    0.087191    0.080332    0.147426    0.505938 ^ clkbuf_3_4_0_clk/X (sky130_fd_sc_hd__clkbuf_16)
                                                         clknet_3_4_0_clk (net)
                      0.081741    0.008393    0.514331 ^ clkbuf_5_19__f_clk/A (sky130_fd_sc_hd__clkbuf_16)
     6    0.034391    0.041576    0.107723    0.622054 ^ clkbuf_5_19__f_clk/X (sky130_fd_sc_hd__clkbuf_16)
                                                         clknet_5_19__leaf_clk (net)
                      0.041610    0.001329    0.623383 ^ _18569_/CLK (sky130_fd_sc_hd__dfrtp_1)
     3    0.070101    0.459790    0.496926    1.120309 ^ _18569_/Q (sky130_fd_sc_hd__dfrtp_1)
                                                         b_r[63] (net)
                      0.460469    0.014635    1.134944 ^ fanout393/A (sky130_fd_sc_hd__clkdlybuf4s50_1)
    10    0.045301    0.329687    0.574576    1.709520 ^ fanout393/X (sky130_fd_sc_hd__clkdlybuf4s50_1)
                                                         net393 (net)
                      0.329721    0.003481    1.713001 ^ _09229_/A (sky130_fd_sc_hd__nand2_1)
     7    0.040216    0.207155    0.209141    1.922141 v _09229_/Y (sky130_fd_sc_hd__nand2_1)
                                                         _00895_ (net)
                      0.207156    0.000346    1.922487 v _09230_/B (sky130_fd_sc_hd__xnor2_2)
     6    0.033541    0.332962    0.327762    2.250249 ^ _09230_/Y (sky130_fd_sc_hd__xnor2_2)
                                                         _00906_ (net)
                      0.332999    0.002850    2.253100 ^ _09264_/B (sky130_fd_sc_hd__xnor2_1)
     1    0.005373    0.118502    0.091541    2.344641 ^ _09264_/Y (sky130_fd_sc_hd__xnor2_1)
                                                         _01280_ (net)
                      0.118502    0.000218    2.344859 ^ wire378/A (sky130_fd_sc_hd__clkbuf_2)
     3    0.021150    0.092406    0.130530    2.475389 ^ wire378/X (sky130_fd_sc_hd__clkbuf_2)
                                                         net378 (net)
                      0.092446    0.000464    2.475853 ^ fanout376/A (sky130_fd_sc_hd__clkdlybuf4s15_2)
     5    0.022334    0.095547    0.184343    2.660196 ^ fanout376/X (sky130_fd_sc_hd__clkdlybuf4s15_2)
                                                         net376 (net)
                      0.095547    0.000265    2.660461 ^ load_slew377/A (sky130_fd_sc_hd__clkbuf_4)
     6    0.036682    0.089391    0.147024    2.807484 ^ load_slew377/X (sky130_fd_sc_hd__clkbuf_4)
                                                         net377 (net)
                      0.089525    0.002339    2.809824 ^ _09265_/A (sky130_fd_sc_hd__inv_2)
     6    0.033996    0.063503    0.065683    2.875507 v _09265_/Y (sky130_fd_sc_hd__inv_2)
                                                         _01291_ (net)
                      0.063513    0.000683    2.876190 v _09322_/A1 (sky130_fd_sc_hd__a21oi_1)
     1    0.005198    0.108489    0.115778    2.991967 ^ _09322_/Y (sky130_fd_sc_hd__a21oi_1)
                                                         _01918_ (net)
                      0.108489    0.000202    2.992170 ^ wire339/A (sky130_fd_sc_hd__clkbuf_2)
     3    0.020271    0.089047    0.126046    3.118216 ^ wire339/X (sky130_fd_sc_hd__clkbuf_2)
                                                         net339 (net)
                      0.089047    0.000298    3.118514 ^ fanout337/A (sky130_fd_sc_hd__clkdlybuf4s50_1)
     2    0.006704    0.058954    0.346542    3.465057 ^ fanout337/X (sky130_fd_sc_hd__clkdlybuf4s50_1)
                                                         net337 (net)
                      0.059016    0.000127    3.465183 ^ load_slew338/A (sky130_fd_sc_hd__clkbuf_4)
     9    0.047454    0.112412    0.152892    3.618075 ^ load_slew338/X (sky130_fd_sc_hd__clkbuf_4)
                                                         net338 (net)
                      0.112521    0.002862    3.620937 ^ fanout335/A (sky130_fd_sc_hd__clkdlybuf4s50_1)
     5    0.027110    0.201385    0.454340    4.075277 ^ fanout335/X (sky130_fd_sc_hd__clkdlybuf4s50_1)
                                                         net335 (net)
                      0.201385    0.000759    4.076036 ^ load_slew336/A (sky130_fd_sc_hd__buf_4)
     6    0.032555    0.074633    0.131132    4.207168 ^ load_slew336/X (sky130_fd_sc_hd__buf_4)
                                                         net336 (net)
                      0.074649    0.001092    4.208260 ^ _09556_/A (sky130_fd_sc_hd__xnor2_1)
     2    0.007792    0.150724    0.102768    4.311028 ^ _09556_/Y (sky130_fd_sc_hd__xnor2_1)
                                                         _04492_ (net)
                      0.150724    0.000147    4.311175 ^ _17686_/A (sky130_fd_sc_hd__xor2_1)
     2    0.008425    0.151970    0.148690    4.459864 ^ _17686_/X (sky130_fd_sc_hd__xor2_1)
                                                         _08347_ (net)
                      0.151970    0.000270    4.460135 ^ _17702_/A (sky130_fd_sc_hd__xnor2_1)
     2    0.008757    0.164265    0.113801    4.573936 ^ _17702_/Y (sky130_fd_sc_hd__xnor2_1)
                                                         _08365_ (net)
                      0.164266    0.000278    4.574214 ^ _17706_/B (sky130_fd_sc_hd__xor2_1)
     2    0.009269    0.163064    0.154749    4.728962 ^ _17706_/X (sky130_fd_sc_hd__xor2_1)
                                                         _08369_ (net)
                      0.163064    0.000241    4.729203 ^ _17724_/A (sky130_fd_sc_hd__xnor2_1)
     1    0.005169    0.114833    0.093245    4.822447 ^ _17724_/Y (sky130_fd_sc_hd__xnor2_1)
                                                         _08389_ (net)
                      0.114833    0.000159    4.822607 ^ _17728_/B (sky130_fd_sc_hd__xor2_1)
     2    0.008452    0.152486    0.147772    4.970379 ^ _17728_/X (sky130_fd_sc_hd__xor2_1)
                                                         _08393_ (net)
                      0.152486    0.000161    4.970540 ^ _17742_/A (sky130_fd_sc_hd__xor2_1)
     2    0.010956    0.185234    0.173608    5.144148 ^ _17742_/X (sky130_fd_sc_hd__xor2_1)
                                                         _08409_ (net)
                      0.185235    0.000279    5.144427 ^ _17743_/A2 (sky130_fd_sc_hd__a21oi_1)
     2    0.006399    0.085762    0.069986    5.214413 v _17743_/Y (sky130_fd_sc_hd__a21oi_1)
                                                         _08410_ (net)
                      0.085762    0.000143    5.214557 v _17744_/B (sky130_fd_sc_hd__nor2_1)
     2    0.007962    0.114299    0.119781    5.334337 ^ _17744_/Y (sky130_fd_sc_hd__nor2_1)
                                                         _08411_ (net)
                      0.114299    0.000217    5.334554 ^ _17746_/A_N (sky130_fd_sc_hd__nand2b_1)
     2    0.009913    0.085600    0.113105    5.447659 ^ _17746_/Y (sky130_fd_sc_hd__nand2b_1)
                                                         _08413_ (net)
                      0.085600    0.000328    5.447987 ^ _17759_/A (sky130_fd_sc_hd__nor2_1)
     1    0.002650    0.035939    0.030616    5.478602 v _17759_/Y (sky130_fd_sc_hd__nor2_1)
                                                         _08427_ (net)
                      0.035939    0.000076    5.478679 v _17760_/A (sky130_fd_sc_hd__inv_1)
     2    0.006934    0.049262    0.053527    5.532206 ^ _17760_/Y (sky130_fd_sc_hd__inv_1)
                                                         _08428_ (net)
                      0.049263    0.000102    5.532308 ^ _17778_/A (sky130_fd_sc_hd__nor2_1)
     1    0.006275    0.042395    0.037368    5.569676 v _17778_/Y (sky130_fd_sc_hd__nor2_1)
                                                         _08448_ (net)
                      0.042397    0.000234    5.569910 v _17779_/B1 (sky130_fd_sc_hd__a211oi_2)
     2    0.008624    0.164219    0.125987    5.695897 ^ _17779_/Y (sky130_fd_sc_hd__a211oi_2)
                                                         _08449_ (net)
                      0.164219    0.000266    5.696163 ^ _17795_/A1 (sky130_fd_sc_hd__a21oi_2)
     2    0.011662    0.058779    0.055159    5.751323 v _17795_/Y (sky130_fd_sc_hd__a21oi_2)
                                                         _08467_ (net)
                      0.058780    0.000525    5.751848 v _17797_/A2 (sky130_fd_sc_hd__o21ai_2)
     2    0.008550    0.100916    0.107963    5.859810 ^ _17797_/Y (sky130_fd_sc_hd__o21ai_2)
                                                         _08469_ (net)
                      0.100916    0.000211    5.860022 ^ _17799_/B1 (sky130_fd_sc_hd__o21ai_2)
     1    0.008542    0.051893    0.036691    5.896713 v _17799_/Y (sky130_fd_sc_hd__o21ai_2)
                                                         _08471_ (net)
                      0.051893    0.000263    5.896976 v _17821_/B (sky130_fd_sc_hd__xnor2_2)
     2    0.014689    0.172158    0.155143    6.052119 ^ _17821_/Y (sky130_fd_sc_hd__xnor2_2)
                                                         net277 (net)
                      0.172158    0.000295    6.052414 ^ rebuffer1478/A (sky130_fd_sc_hd__buf_6)
     4    0.056705    0.090275    0.124329    6.176743 ^ rebuffer1478/X (sky130_fd_sc_hd__buf_6)
                                                         net1478 (net)
                      0.090572    0.004182    6.180925 ^ _17822_/A (sky130_fd_sc_hd__inv_4)
     4    0.060411    0.066785    0.063132    6.244057 v _17822_/Y (sky130_fd_sc_hd__inv_4)
                                                         _08496_ (net)
                      0.066934    0.002665    6.246722 v fanout254/A (sky130_fd_sc_hd__buf_4)
     4    0.035188    0.044210    0.125564    6.372286 v fanout254/X (sky130_fd_sc_hd__buf_4)
                                                         net254 (net)
                      0.044720    0.003757    6.376043 v load_slew255/A (sky130_fd_sc_hd__buf_6)
     7    0.063277    0.050879    0.104761    6.480804 v load_slew255/X (sky130_fd_sc_hd__buf_6)
                                                         net255 (net)
                      0.055490    0.011751    6.492555 v fanout252/A (sky130_fd_sc_hd__clkdlybuf4s50_1)
     2    0.007547    0.055962    0.307684    6.800239 v fanout252/X (sky130_fd_sc_hd__clkdlybuf4s50_1)
                                                         net252 (net)
                      0.055962    0.000089    6.800328 v load_slew253/A (sky130_fd_sc_hd__buf_6)
     8    0.067715    0.053209    0.113019    6.913347 v load_slew253/X (sky130_fd_sc_hd__buf_6)
                                                         net253 (net)
                      0.056306    0.009979    6.923326 v fanout251/A (sky130_fd_sc_hd__buf_12)
    10    0.070464    0.037616    0.109738    7.033064 v fanout251/X (sky130_fd_sc_hd__buf_12)
                                                         net251 (net)
                      0.038668    0.004690    7.037754 v _18119_/A1 (sky130_fd_sc_hd__o21a_4)
     2    0.017232    0.038059    0.149011    7.186765 v _18119_/X (sky130_fd_sc_hd__o21a_4)
                                                         _08822_ (net)
                      0.038071    0.000642    7.187407 v _18120_/B2 (sky130_fd_sc_hd__o221a_4)
     3    0.013065    0.040253    0.144035    7.331442 v _18120_/X (sky130_fd_sc_hd__o221a_4)
                                                         _08823_ (net)
                      0.040283    0.000406    7.331848 v _18123_/A2 (sky130_fd_sc_hd__o2111ai_2)
     2    0.008312    0.147248    0.140865    7.472713 ^ _18123_/Y (sky130_fd_sc_hd__o2111ai_2)
                                                         _08827_ (net)
                      0.147248    0.000321    7.473033 ^ _18131_/A1 (sky130_fd_sc_hd__a221o_1)
     2    0.023496    0.173621    0.198811    7.671844 ^ _18131_/X (sky130_fd_sc_hd__a221o_1)
                                                         _08835_ (net)
                      0.173651    0.001879    7.673723 ^ _18132_/A (sky130_fd_sc_hd__nor2_4)
     3    0.028680    0.060314    0.052580    7.726304 v _18132_/Y (sky130_fd_sc_hd__nor2_4)
                                                         _08837_ (net)
                      0.060489    0.002543    7.728846 v _18180_/A1 (sky130_fd_sc_hd__o31ai_4)
     1    0.009999    0.162416    0.198568    7.927414 ^ _18180_/Y (sky130_fd_sc_hd__o31ai_4)
                                                         _08889_ (net)
                      0.162416    0.000462    7.927876 ^ wire224/A (sky130_fd_sc_hd__buf_6)
     2    0.024964    0.045979    0.093351    8.021228 ^ wire224/X (sky130_fd_sc_hd__buf_6)
                                                         net224 (net)
                      0.045998    0.000876    8.022103 ^ max_cap223/A (sky130_fd_sc_hd__clkbuf_1)
     2    0.008527    0.080182    0.088392    8.110496 ^ max_cap223/X (sky130_fd_sc_hd__clkbuf_1)
                                                         net223 (net)
                      0.080183    0.000258    8.110754 ^ _18359_/A1 (sky130_fd_sc_hd__a31oi_2)
     3    0.013839    0.114855    0.079549    8.190303 v _18359_/Y (sky130_fd_sc_hd__a31oi_2)
                                                         _09086_ (net)
                      0.114890    0.000496    8.190799 v _18370_/B2 (sky130_fd_sc_hd__o221ai_2)
     2    0.010810    0.148432    0.155479    8.346277 ^ _18370_/Y (sky130_fd_sc_hd__o221ai_2)
                                                         _09098_ (net)
                      0.148432    0.000344    8.346622 ^ rebuffer1532/A (sky130_fd_sc_hd__buf_4)
     2    0.008611    0.030081    0.092036    8.438657 ^ rebuffer1532/X (sky130_fd_sc_hd__buf_4)
                                                         net1532 (net)
                      0.030081    0.000173    8.438830 ^ _18377_/A1 (sky130_fd_sc_hd__a21o_1)
     1    0.004761    0.040011    0.069934    8.508764 ^ _18377_/X (sky130_fd_sc_hd__a21o_1)
                                                         _09106_ (net)
                      0.040011    0.000095    8.508860 ^ _18378_/B (sky130_fd_sc_hd__xor2_1)
     2    0.010410    0.178227    0.163626    8.672486 ^ _18378_/X (sky130_fd_sc_hd__xor2_1)
                                                         _09107_ (net)
                      0.178228    0.000335    8.672821 ^ _18395_/A1 (sky130_fd_sc_hd__a41oi_2)
     1    0.012195    0.101542    0.103327    8.776148 v _18395_/Y (sky130_fd_sc_hd__a41oi_2)
                                                         _09126_ (net)
                      0.101543    0.000761    8.776909 v fanout198/A (sky130_fd_sc_hd__buf_6)
     5    0.060187    0.048572    0.129942    8.906852 v fanout198/X (sky130_fd_sc_hd__buf_6)
                                                         net198 (net)
                      0.051604    0.009434    8.916286 v fanout190/A (sky130_fd_sc_hd__clkdlybuf4s50_1)
    10    0.057784    0.294812    0.497578    9.413864 v fanout190/X (sky130_fd_sc_hd__clkdlybuf4s50_1)
                                                         net190 (net)
                      0.294851    0.003334    9.417198 v _18423_/A2 (sky130_fd_sc_hd__o21ai_2)
     1    0.032191    0.278100    0.326318    9.743516 ^ _18423_/Y (sky130_fd_sc_hd__o21ai_2)
                                                         fixed_pkg::s_narrow48$func$/headless/otolith/hdl/rtl/fixed_pkg.sv:130$9.$unnamed_block$1.v[22] (net)
                      0.278110    0.001350    9.744865 ^ wire175/A (sky130_fd_sc_hd__clkbuf_2)
     1    0.031985    0.137124    0.174882    9.919748 ^ wire175/X (sky130_fd_sc_hd__clkbuf_2)
                                                         net175 (net)
                      0.137288    0.003863    9.923611 ^ _18594_/D (sky130_fd_sc_hd__dfrtp_1)
                                              9.923611   data arrival time

                                 10.000000   10.000000   clock clk (rise edge)
                                  0.000000   10.000000   clock source latency
     1    0.075319    0.201015    0.147434   10.147434 ^ clk (in)
                                                         clk (net)
                      0.204901    0.000000   10.147434 ^ clkbuf_0_clk/A (sky130_fd_sc_hd__clkbuf_16)
     8    0.161818    0.135663    0.191056   10.338490 ^ clkbuf_0_clk/X (sky130_fd_sc_hd__clkbuf_16)
                                                         clknet_0_clk (net)
                      0.136659    0.009368   10.347858 ^ clkbuf_3_0_0_clk/A (sky130_fd_sc_hd__clkbuf_16)
     4    0.063619    0.063296    0.132782   10.480639 ^ clkbuf_3_0_0_clk/X (sky130_fd_sc_hd__clkbuf_16)
                                                         clknet_3_0_0_clk (net)
                      0.065891    0.009860   10.490499 ^ clkbuf_5_3__f_clk/A (sky130_fd_sc_hd__clkbuf_16)
     6    0.034705    0.041508    0.103263   10.593762 ^ clkbuf_5_3__f_clk/X (sky130_fd_sc_hd__clkbuf_16)
                                                         clknet_5_3__leaf_clk (net)
                      0.041721    0.002166   10.595929 ^ _18594_/CLK (sky130_fd_sc_hd__dfrtp_1)
                                 -0.250000   10.345929   clock uncertainty
                                  0.000000   10.345929   clock reconvergence pessimism
                                 -0.043473   10.302456   library setup time
                                             10.302456   data required time
---------------------------------------------------------------------------------------------
                                             10.302456   data required time
                                             -9.923611   data arrival time
---------------------------------------------------------------------------------------------
                                              0.378845   slack (MET)




===========================================================================
report_checks --slack_max -0.01
============================================================================
======================= nom_ff_n40C_1v95 Corner ===================================

No paths found.


===========================================================================
 report_check_types -max_slew -max_cap -max_fanout -violators
============================================================================
======================= nom_ff_n40C_1v95 Corner ===================================



===========================================================================
report_parasitic_annotation -report_unannotated
============================================================================
Found 10 unannotated drivers.
 clkload0/X
 clkload1/X
 clkload2/X
 clkload3/X
 clkload4/X
 clkload5/X
 clkload6/X
 clkload7/X
 clkload8/X
 clkload9/X
Found 0 partially unannotated drivers.

===========================================================================
max slew violation count 0
max fanout violation count 0
max cap violation count 0
============================================================================

===========================================================================
check_setup -verbose -unconstrained_endpoints -multiple_clock -no_clock -no_input_delay -loops -generated_clocks
===========================================================================
