Clock: clk
Sources: clk 
Generated: no
Virtual: yes
Propagated: no
Period: 10.000000

===========================================================================
report_clock_properties
============================================================================
Clock                   Period          Waveform
----------------------------------------------------
clk                  10.000000    0.000000  5.000000

===========================================================================
report_clock_latency
============================================================================
Clock clk
rise -> rise
    min     max
0.000000 0.000000 source latency
0.591250         network latency _18551_/CLK
        0.651537 network latency _18539_/CLK
---------------
0.591250 0.651537 latency
        0.060287 skew

fall -> fall
    min     max
0.000000 0.000000 source latency
0.631539         network latency _18551_/CLK
        0.675536 network latency _18539_/CLK
---------------
0.631539 0.675536 latency
        0.043997 skew



===========================================================================
report_clock_min_period
============================================================================
clk period_min = 9.62 fmax = 103.94
