
===========================================================================
 report_power
============================================================================
======================= nom_ff_n40C_1v95 Corner ===================================

Group                    Internal    Switching      Leakage        Total
                            Power        Power        Power        Power (Watts)
------------------------------------------------------------------------
Sequential           2.714015e-03 2.409000e-04 2.490233e-09 2.954917e-03   0.7%
Combinational        1.593669e-01 2.480026e-01 1.059481e-07 4.073697e-01  98.9%
Clock                8.361257e-04 6.887073e-04 1.508799e-07 1.524984e-03   0.4%
Macro                0.000000e+00 0.000000e+00 0.000000e+00 0.000000e+00   0.0%
Pad                  0.000000e+00 0.000000e+00 0.000000e+00 0.000000e+00   0.0%
------------------------------------------------------------------------
Total                1.629171e-01 2.489322e-01 2.593277e-07 4.118495e-01 100.0%
                            39.6%        60.4%         0.0%

