┏━━━━━━━━━━━━━━━━━━━━━━┳━━━━━━━━━━┳━━━━━━━━━━┳━━━━━━━━━━┳━━━━━━━━━━┳━━━━━━━━━━┳━━━━━━━━━━━┳━━━━━━━━━━┳━━━━━━━━━━━┳━━━━━━━━━━┳━━━━━━━━━━━┳━━━━━━━━━━┳━━━━━━━━━━━┓
┃                      ┃ Hold     ┃ Reg to   ┃          ┃          ┃ of which ┃ Setup     ┃ Reg to   ┃           ┃ Setup    ┃ of which  ┃          ┃           ┃
┃                      ┃ Worst    ┃ Reg      ┃          ┃ Hold Vio ┃ reg to   ┃ Worst     ┃ Reg      ┃           ┃ Vio      ┃ reg to    ┃ Max Cap  ┃ Max Slew  ┃
┃ Corner/Group         ┃ Slack    ┃ Paths    ┃ Hold TNS ┃ Count    ┃ reg      ┃ Slack     ┃ Paths    ┃ Setup TNS ┃ Count    ┃ reg       ┃ Violati… ┃ Violatio… ┃
┡━━━━━━━━━━━━━━━━━━━━━━╇━━━━━━━━━━╇━━━━━━━━━━╇━━━━━━━━━━╇━━━━━━━━━━╇━━━━━━━━━━╇━━━━━━━━━━━╇━━━━━━━━━━╇━━━━━━━━━━━╇━━━━━━━━━━╇━━━━━━━━━━━╇━━━━━━━━━━╇━━━━━━━━━━━┩
│ Overall              │ -0.0121  │ -0.0121  │ -0.0121  │ 1        │ 1        │ -32.1574  │ -32.1574 │ -2063.38… │ 194      │ 194       │ 44       │ 6089      │
│ nom_tt_025C_1v80     │ 0.1143   │ 0.1143   │ 0.0000   │ 0        │ 0        │ -12.9616  │ -12.9616 │ -826.2337 │ 65       │ 65        │ 13       │ 4044      │
│ nom_ss_100C_1v60     │ 0.4730   │ 0.4730   │ 0.0000   │ 0        │ 0        │ -32.1574  │ -32.1574 │ -2063.38… │ 65       │ 65        │ 44       │ 6089      │
│ nom_ff_n40C_1v95     │ -0.0121  │ -0.0121  │ -0.0121  │ 1        │ 1        │ -3.8683   │ -3.8683  │ -242.2995 │ 64       │ 64        │ 9        │ 2996      │
└──────────────────────┴──────────┴──────────┴──────────┴──────────┴──────────┴───────────┴──────────┴───────────┴──────────┴───────────┴──────────┴───────────┘
