Clock: clk
Sources: clk 
Generated: no
Virtual: no
Propagated: no
Period: 10.000000

===========================================================================
report_clock_properties
============================================================================
Clock                   Period          Waveform
----------------------------------------------------
clk                  10.000000    0.000000  5.000000

===========================================================================
report_clock_latency
============================================================================
Clock clk
rise -> rise
    min     max
0.000000 0.000000 source latency
1.079567         network latency _18473_/CLK
        1.079567 network latency _18473_/CLK
---------------
1.079567 1.079567 latency
        0.000000 skew

fall -> fall
    min     max
0.000000 0.000000 source latency
1.328587         network latency _18473_/CLK
        1.328587 network latency _18473_/CLK
---------------
1.328587 1.328587 latency
        0.000000 skew



===========================================================================
report_clock_min_period
============================================================================
clk period_min = 42.16 fmax = 23.72
