
===========================================================================
 report_power
============================================================================
======================= nom_ss_100C_1v60 Corner ===================================

Group                    Internal    Switching      Leakage        Total
                            Power        Power        Power        Power (Watts)
------------------------------------------------------------------------
Sequential           8.811732e-04 3.969468e-04 3.059569e-06 1.281180e-03   1.3%
Combinational        5.075153e-02 4.512032e-02 4.866209e-05 9.592051e-02  98.7%
Clock                0.000000e+00 0.000000e+00 0.000000e+00 0.000000e+00   0.0%
Macro                0.000000e+00 0.000000e+00 0.000000e+00 0.000000e+00   0.0%
Pad                  0.000000e+00 0.000000e+00 0.000000e+00 0.000000e+00   0.0%
------------------------------------------------------------------------
Total                5.163271e-02 4.551715e-02 5.172152e-05 9.720159e-02 100.0%
                            53.1%        46.8%         0.1%

