Clock: clk
Sources: clk 
Generated: no
Virtual: yes
Propagated: no
Period: 10.000000

===========================================================================
report_clock_properties
============================================================================
Clock                   Period          Waveform
----------------------------------------------------
clk                  10.000000    0.000000  5.000000

===========================================================================
report_clock_latency
============================================================================
Clock clk
rise -> rise
    min     max
0.000000 0.000000 source latency
1.192131         network latency _18508_/CLK
        1.466068 network latency _18551_/CLK
---------------
1.192131 1.466068 latency
        0.273937 skew

fall -> fall
    min     max
0.000000 0.000000 source latency
1.305384         network latency _18508_/CLK
        1.566225 network latency _18551_/CLK
---------------
1.305384 1.566225 latency
        0.260841 skew



===========================================================================
report_clock_min_period
============================================================================
clk period_min = 32.34 fmax = 30.93
