
===========================================================================
 report_power
============================================================================
======================= nom_tt_025C_1v80 Corner ===================================

Group                    Internal    Switching      Leakage        Total
                            Power        Power        Power        Power (Watts)
------------------------------------------------------------------------
Sequential           1.205251e-03 7.620014e-04 1.855478e-09 1.967255e-03   1.2%
Combinational        6.901167e-02 8.839812e-02 3.682571e-08 1.574098e-01  98.8%
Clock                0.000000e+00 0.000000e+00 1.853310e-09 1.853310e-09   0.0%
Macro                0.000000e+00 0.000000e+00 0.000000e+00 0.000000e+00   0.0%
Pad                  0.000000e+00 0.000000e+00 0.000000e+00 0.000000e+00   0.0%
------------------------------------------------------------------------
Total                7.021692e-02 8.916011e-02 4.053461e-08 1.593771e-01 100.0%
                            44.1%        55.9%         0.0%
Writing metric power__internal__total: 0.07021692395210266
Writing metric power__switching__total: 0.08916011452674866
Writing metric power__leakage__total: 4.05346050058597e-8
Writing metric power__total: 0.1593770831823349

