
===========================================================================
Violator List
============================================================================
[setup reg-reg] _18475_/Q -> _18589_/D : -22.335964
[setup reg-reg] _18475_/Q -> _18598_/D : -22.309423
[setup reg-reg] _18475_/Q -> _18603_/D : -22.307196
[setup reg-reg] _18475_/Q -> _18613_/D : -22.306608
[setup reg-reg] _18475_/Q -> _18591_/D : -22.285824
[setup reg-reg] _18475_/Q -> _18605_/D : -22.282808
[setup reg-reg] _18475_/Q -> _18595_/D : -22.281143
[setup reg-reg] _18475_/Q -> _18592_/D : -22.276997
[setup reg-reg] _18475_/Q -> _18588_/D : -22.267662
[setup reg-reg] _18475_/Q -> _18600_/D : -22.262108
[setup reg-reg] _18475_/Q -> _18594_/D : -22.260042
[setup reg-reg] _18475_/Q -> _18596_/D : -22.257568
[setup reg-reg] _18475_/Q -> _18597_/D : -22.250118
[setup reg-reg] _18475_/Q -> _18593_/D : -22.241863
[setup reg-reg] _18475_/Q -> _18599_/D : -21.919683
[setup reg-reg] _18475_/Q -> _18604_/D : -21.917086
[setup reg-reg] _18475_/Q -> _18473_/D : -21.217985
[setup reg-reg] _18475_/Q -> _18608_/D : -21.170937
[setup reg-reg] _18475_/Q -> _18611_/D : -21.166100
[setup reg-reg] _18475_/Q -> _18576_/D : -21.165323
[setup reg-reg] _18475_/Q -> _18585_/D : -21.117008
[setup reg-reg] _18475_/Q -> _18583_/D : -21.087446
[setup reg-reg] _18475_/Q -> _18573_/D : -21.072630
[setup reg-reg] _18475_/Q -> _18572_/D : -21.060642
[setup reg-reg] _18475_/Q -> _18631_/D : -21.059738
[setup reg-reg] _18475_/Q -> _18578_/D : -21.058296
[setup reg-reg] _18475_/Q -> _18633_/D : -21.056204
[setup reg-reg] _18475_/Q -> _18575_/D : -21.054213
[setup reg-reg] _18475_/Q -> _18634_/D : -21.052824
[setup reg-reg] _18475_/Q -> _18616_/D : -21.052761
[setup reg-reg] _18475_/Q -> _18628_/D : -21.052034
[setup reg-reg] _18475_/Q -> _18584_/D : -21.051527
[setup reg-reg] _18475_/Q -> _18580_/D : -21.049152
[setup reg-reg] _18475_/Q -> _18630_/D : -21.048193
[setup reg-reg] _18475_/Q -> _18622_/D : -21.044653
[setup reg-reg] _18475_/Q -> _18618_/D : -21.044550
[setup reg-reg] _18475_/Q -> _18623_/D : -21.036758
[setup reg-reg] _18475_/Q -> _18586_/D : -21.035223
[setup reg-reg] _18475_/Q -> _18574_/D : -21.023699
[setup reg-reg] _18475_/Q -> _18577_/D : -21.021837
[setup reg-reg] _18475_/Q -> _18632_/D : -21.015558
[setup reg-reg] _18475_/Q -> _18581_/D : -21.014217
[setup reg-reg] _18475_/Q -> _18617_/D : -21.013287
[setup reg-reg] _18475_/Q -> _18602_/D : -21.004511
[setup reg-reg] _18475_/Q -> _18627_/D : -21.002556
[setup reg-reg] _18475_/Q -> _18625_/D : -20.995701
[setup reg-reg] _18475_/Q -> _18582_/D : -20.995113
[setup reg-reg] _18475_/Q -> _18620_/D : -20.994268
[setup reg-reg] _18475_/Q -> _18626_/D : -20.994123
[setup reg-reg] _18475_/Q -> _18579_/D : -20.992012
[setup reg-reg] _18475_/Q -> _18587_/D : -20.980753
[setup reg-reg] _18475_/Q -> _18590_/D : -20.979958
[setup reg-reg] _18475_/Q -> _18612_/D : -20.979269
[setup reg-reg] _18475_/Q -> _18629_/D : -20.979280
[setup reg-reg] _18475_/Q -> _18606_/D : -20.979183
[setup reg-reg] _18475_/Q -> _18624_/D : -20.959284
[setup reg-reg] _18475_/Q -> _18619_/D : -20.957779
[setup reg-reg] _18475_/Q -> _18601_/D : -20.939522
[setup reg-reg] _18475_/Q -> _18614_/D : -20.926357
[setup reg-reg] _18475_/Q -> _18621_/D : -20.925991
[setup reg-reg] _18475_/Q -> _18609_/D : -20.925510
[setup reg-reg] _18475_/Q -> _18607_/D : -20.924417
[setup reg-reg] _18475_/Q -> _18610_/D : -20.915583
[setup reg-reg] _18475_/Q -> _18615_/D : -20.894455
[setup reg-reg] _18475_/Q -> _18635_/D : -10.059837
Writing metric timing__hold_vio__count__corner:nom_tt_025C_1v80: 0
Writing metric timing__hold_r2r__ws__corner:nom_tt_025C_1v80: 0.193548
Writing metric timing__hold_r2r_vio__count__corner:nom_tt_025C_1v80: 0
Writing metric timing__setup_vio__count__corner:nom_tt_025C_1v80: 65
Writing metric timing__setup_r2r__ws__corner:nom_tt_025C_1v80: -22.335964
Writing metric timing__setup_r2r_vio__count__corner:nom_tt_025C_1v80: 65
