130. Printing statistics.

=== mul48_kernel ===

        +----------Local Count, excluding submodules.
        |        +-Local Area, excluding submodules.
        |        | 
     9374        - wires
     9531        - wire bits
      170        - public wires
      327        - public wire bits
        8        - ports
      165        - port bits
     9432 8.59E+04 cells
        1    8.758   sky130_fd_sc_hd__a2111oi_0
        3   26.275   sky130_fd_sc_hd__a211o_1
        6   45.043   sky130_fd_sc_hd__a211oi_1
        6   60.058   sky130_fd_sc_hd__a21bo_1
       22  165.158   sky130_fd_sc_hd__a21boi_0
       35  262.752   sky130_fd_sc_hd__a21o_1
      212 1.06E+03   sky130_fd_sc_hd__a21oi_1
        1    10.01   sky130_fd_sc_hd__a221o_1
        3   26.275   sky130_fd_sc_hd__a221oi_1
        1    10.01   sky130_fd_sc_hd__a222oi_1
       83  726.947   sky130_fd_sc_hd__a22o_1
       69  517.997   sky130_fd_sc_hd__a22oi_1
       25   218.96   sky130_fd_sc_hd__a2bb2oi_1
        1    10.01   sky130_fd_sc_hd__a311o_1
        2   17.517   sky130_fd_sc_hd__a311oi_1
        3   26.275   sky130_fd_sc_hd__a31o_1
       16  100.096   sky130_fd_sc_hd__a31oi_1
        2   20.019   sky130_fd_sc_hd__a32o_1
        2   17.517   sky130_fd_sc_hd__a32oi_1
        1    10.01   sky130_fd_sc_hd__a41o_1
        1    8.758   sky130_fd_sc_hd__a41oi_1
      333 2.08E+03   sky130_fd_sc_hd__and2_0
       20   125.12   sky130_fd_sc_hd__and3_1
        4   35.034   sky130_fd_sc_hd__and3b_1
        3   26.275   sky130_fd_sc_hd__and4_1
      163 4.08E+03   sky130_fd_sc_hd__dfrtp_1
      279 1.05E+03   sky130_fd_sc_hd__inv_1
     1583 1.58E+04   sky130_fd_sc_hd__maj3_1
        1   11.261   sky130_fd_sc_hd__mux2_1
        2   20.019   sky130_fd_sc_hd__mux2i_1
     1953 7.33E+03   sky130_fd_sc_hd__nand2_1
      193 1.21E+03   sky130_fd_sc_hd__nand2b_1
       28  140.134   sky130_fd_sc_hd__nand3_1
        4   30.029   sky130_fd_sc_hd__nand3b_1
       72  450.432   sky130_fd_sc_hd__nand4_1
        1    8.758   sky130_fd_sc_hd__nand4b_1
      313 1.17E+03   sky130_fd_sc_hd__nor2_1
      134  838.304   sky130_fd_sc_hd__nor2b_1
       35  175.168   sky130_fd_sc_hd__nor3_1
        2   15.014   sky130_fd_sc_hd__nor3b_1
       10    62.56   sky130_fd_sc_hd__nor4_1
        1    8.758   sky130_fd_sc_hd__nor4b_1
        1    10.01   sky130_fd_sc_hd__nor4bb_1
        2   22.522   sky130_fd_sc_hd__o2111a_1
        2   17.517   sky130_fd_sc_hd__o2111ai_1
        1    10.01   sky130_fd_sc_hd__o211a_1
        2   15.014   sky130_fd_sc_hd__o211ai_1
       76  570.547   sky130_fd_sc_hd__o21a_1
      219  1.1E+03   sky130_fd_sc_hd__o21ai_0
        5   50.048   sky130_fd_sc_hd__o21ba_1
       13   97.594   sky130_fd_sc_hd__o21bai_1
        1   11.261   sky130_fd_sc_hd__o221a_1
        5   43.792   sky130_fd_sc_hd__o221ai_1
       13  113.859   sky130_fd_sc_hd__o22a_1
       13   81.328   sky130_fd_sc_hd__o22ai_1
        2   17.517   sky130_fd_sc_hd__o2bb2ai_1
        1    10.01   sky130_fd_sc_hd__o311a_1
        1    8.758   sky130_fd_sc_hd__o311ai_0
        5   43.792   sky130_fd_sc_hd__o31a_1
       13   97.594   sky130_fd_sc_hd__o31ai_1
        2   17.517   sky130_fd_sc_hd__o32ai_1
        1    8.758   sky130_fd_sc_hd__o41ai_1
       28  175.168   sky130_fd_sc_hd__or2_0
        7   43.792   sky130_fd_sc_hd__or3_1
        1    8.758   sky130_fd_sc_hd__or3b_1
        5   37.536   sky130_fd_sc_hd__or4_1
     1650 1.45E+04   sky130_fd_sc_hd__xnor2_1
      551 1.24E+04   sky130_fd_sc_hd__xnor3_1
      653 5.72E+03   sky130_fd_sc_hd__xor2_1
      530 1.26E+04   sky130_fd_sc_hd__xor3_1

   Chip area for module '\mul48_kernel': 85852.339200
     of which used for sequential elements: 4078.912000 (4.75%)

