Clock: clk
Sources: clk 
Generated: no
Virtual: no
Propagated: no
Period: 10.000000

===========================================================================
report_clock_properties
============================================================================
Clock                   Period          Waveform
----------------------------------------------------
clk                  10.000000    0.000000  5.000000

===========================================================================
report_clock_latency
============================================================================
Clock clk
rise -> rise
    min     max
0.000000 0.000000 source latency
0.731193         network latency _18473_/CLK
        0.731193 network latency _18473_/CLK
---------------
0.731193 0.731193 latency
        0.000000 skew

fall -> fall
    min     max
0.000000 0.000000 source latency
0.765796         network latency _18473_/CLK
        0.765796 network latency _18473_/CLK
---------------
0.765796 0.765796 latency
        0.000000 skew



===========================================================================
report_clock_min_period
============================================================================
clk period_min = 22.96 fmax = 43.55
