┏━━━━━━━┳━━━━━━━━━┳━━━━━━━━━━┳━━━━━━━━━━━━━━━━━━━━━━━━━━━━━━━━━━━━━━━━━━━━━━━━━━━━━━━━━━━━━━━━━━━━━━━━━━━━━━━━━━━━━━━━━━━━━━━━━━━━━━┳━━━━━━━━━━━━━━┳━━━━━━━┓
┃ P / R ┃ Partial ┃ Required ┃ Net                                                                                                  ┃ Pin          ┃ Layer ┃
┡━━━━━━━╇━━━━━━━━━╇━━━━━━━━━━╇━━━━━━━━━━━━━━━━━━━━━━━━━━━━━━━━━━━━━━━━━━━━━━━━━━━━━━━━━━━━━━━━━━━━━━━━━━━━━━━━━━━━━━━━━━━━━━━━━━━━━━╇━━━━━━━━━━━━━━╇━━━━━━━┩
│ 3.80  │ 1520.97 │ 400.00   │ net168                                                                                               │ _18603_/D    │ met1  │
│ 2.65  │ 1061.42 │ 400.00   │ net177                                                                                               │ _18592_/D    │ met1  │
│ 2.58  │ 1034.00 │ 400.00   │ net173                                                                                               │ _18596_/D    │ met1  │
│ 2.57  │ 1029.35 │ 400.00   │ net1143                                                                                              │ fanout1131/A │ met1  │
│ 2.56  │ 1024.44 │ 400.00   │ net172                                                                                               │ _18597_/D    │ met1  │
│ 2.43  │ 973.08  │ 400.00   │ net1250                                                                                              │ _13482_/A    │ met1  │
│ 2.35  │ 941.28  │ 400.00   │ net702                                                                                               │ fanout696/A  │ met3  │
│ 2.34  │ 937.86  │ 400.00   │ net640                                                                                               │ _16120_/A_N  │ met1  │
│ 2.16  │ 865.93  │ 400.00   │ net1238                                                                                              │ _09220_/C    │ met1  │
│ 2.06  │ 824.78  │ 400.00   │ net925                                                                                               │ fanout918/A  │ met1  │
│ 1.92  │ 769.16  │ 400.00   │ net1125                                                                                              │ fanout1122/A │ met1  │
│ 1.82  │ 729.99  │ 400.00   │ net953                                                                                               │ fanout937/A  │ met2  │
│ 1.82  │ 727.58  │ 400.00   │ net445                                                                                               │ _09479_/A_N  │ met1  │
│ 1.77  │ 707.46  │ 400.00   │ net693                                                                                               │ fanout689/A  │ met2  │
│ 1.77  │ 706.29  │ 400.00   │ net711                                                                                               │ fanout705/A  │ met2  │
│ 1.62  │ 649.03  │ 400.00   │ net931                                                                                               │ fanout928/A  │ met1  │
│ 1.61  │ 645.36  │ 400.00   │ net631                                                                                               │ _16023_/A_N  │ met1  │
│ 1.55  │ 4302.10 │ 2778.20  │ net179                                                                                               │ _18589_/D    │ met3  │
│ 1.52  │ 4214.48 │ 2778.20  │ net171                                                                                               │ _18598_/D    │ met3  │
│ 1.44  │ 577.18  │ 400.00   │ net540                                                                                               │ _15568_/B    │ met1  │
│ 1.42  │ 567.75  │ 400.00   │ net1671                                                                                              │ wire777/A    │ met1  │
│ 1.42  │ 566.69  │ 400.00   │ clknet_5_16__leaf_clk                                                                                │ _18511_/CLK  │ met1  │
│ 1.39  │ 557.74  │ 400.00   │ net617                                                                                               │ _13205_/B    │ met1  │
│ 1.39  │ 556.97  │ 400.00   │ net915                                                                                               │ fanout904/A  │ met1  │
│ 1.35  │ 539.83  │ 400.00   │ net515                                                                                               │ _16059_/B    │ met3  │
│ 1.34  │ 3864.00 │ 2886.20  │ fixed_pkg::s_narrow48$func$\/headless\/otolith\/hdl\/rtl\/fixed_pkg.sv:130$9.$unnamed_block$1.v[39\] │ _18611_/D    │ met4  │
│ 1.33  │ 532.29  │ 400.00   │ net693                                                                                               │ fanout687/A  │ met3  │
│ 1.33  │ 532.29  │ 400.00   │ net693                                                                                               │ fanout689/A  │ met3  │
│ 1.33  │ 3951.62 │ 2969.60  │ fixed_pkg::s_narrow48$func$\/headless\/otolith\/hdl\/rtl\/fixed_pkg.sv:130$9.$unnamed_block$1.v[36\] │ _18608_/D    │ met4  │
│ 1.31  │ 522.58  │ 400.00   │ net665                                                                                               │ _13477_/B    │ met1  │
│ 1.28  │ 511.31  │ 400.00   │ net968                                                                                               │ _16512_/A    │ met1  │
│ 1.27  │ 506.30  │ 400.00   │ fixed_pkg::s_narrow48$func$\/headless\/otolith\/hdl\/rtl\/fixed_pkg.sv:130$9.$unnamed_block$1.v[19\] │ wire178/A    │ met1  │
│ 1.25  │ 498.31  │ 400.00   │ net1132                                                                                              │ _11748_/A    │ met1  │
│ 1.23  │ 491.63  │ 400.00   │ net702                                                                                               │ fanout696/A  │ met2  │
│ 1.20  │ 481.00  │ 400.00   │ fixed_pkg::s_narrow48$func$\/headless\/otolith\/hdl\/rtl\/fixed_pkg.sv:130$9.$unnamed_block$1.v[20\] │ wire177/A    │ met1  │
│ 1.20  │ 480.18  │ 400.00   │ net655                                                                                               │ _11192_/B    │ met1  │
│ 1.19  │ 476.44  │ 400.00   │ net850                                                                                               │ _14655_/B    │ met1  │
│ 1.18  │ 473.79  │ 400.00   │ net1574                                                                                              │ wire534/A    │ met1  │
│ 1.18  │ 472.68  │ 400.00   │ net1252                                                                                              │ _12366_/A    │ met1  │
│ 1.15  │ 458.32  │ 400.00   │ fixed_pkg::s_narrow48$func$\/headless\/otolith\/hdl\/rtl\/fixed_pkg.sv:130$9.$unnamed_block$1.v[24\] │ wire173/A    │ met1  │
│ 1.13  │ 452.43  │ 400.00   │ net1005                                                                                              │ _16733_/A    │ met1  │
│ 1.13  │ 450.77  │ 400.00   │ net768                                                                                               │ fanout764/A  │ met1  │
│ 1.12  │ 448.87  │ 400.00   │ fixed_pkg::s_narrow48$func$\/headless\/otolith\/hdl\/rtl\/fixed_pkg.sv:130$9.$unnamed_block$1.v[25\] │ wire172/A    │ met1  │
│ 1.11  │ 442.02  │ 400.00   │ net1126                                                                                              │ fanout1110/A │ met2  │
│ 1.11  │ 442.02  │ 400.00   │ net1126                                                                                              │ fanout1112/A │ met2  │
│ 1.11  │ 442.02  │ 400.00   │ net1126                                                                                              │ fanout1124/A │ met2  │
│ 1.10  │ 3062.04 │ 2778.20  │ net216                                                                                               │ _18452_/A1   │ met4  │
│ 1.10  │ 439.40  │ 400.00   │ net988                                                                                               │ fanout986/A  │ met1  │
│ 1.10  │ 439.23  │ 400.00   │ fixed_pkg::s_narrow48$func$\/headless\/otolith\/hdl\/rtl\/fixed_pkg.sv:130$9.$unnamed_block$1.v[21\] │ wire176/A    │ met1  │
│ 1.10  │ 439.07  │ 400.00   │ net708                                                                                               │ _13358_/B    │ met1  │
│ 1.08  │ 430.61  │ 400.00   │ net1306                                                                                              │ _09235_/A1   │ met1  │
│ 1.07  │ 429.61  │ 400.00   │ net1141                                                                                              │ _09269_/A2   │ met1  │
│ 1.07  │ 429.61  │ 400.00   │ net1141                                                                                              │ fanout1138/A │ met1  │
│ 1.05  │ 420.29  │ 400.00   │ net699                                                                                               │ _13356_/B    │ met1  │
│ 1.05  │ 419.66  │ 400.00   │ net1050                                                                                              │ fanout1046/A │ met1  │
│ 1.05  │ 418.01  │ 400.00   │ net1270                                                                                              │ fanout1260/A │ met1  │
│ 1.04  │ 2900.19 │ 2778.20  │ net165                                                                                               │ _18613_/D    │ met3  │
│ 1.03  │ 412.45  │ 400.00   │ net1094                                                                                              │ fanout1089/A │ met2  │
│ 1.03  │ 412.45  │ 400.00   │ net1094                                                                                              │ fanout1090/A │ met2  │
│ 1.02  │ 406.28  │ 400.00   │ net582                                                                                               │ _09963_/B    │ met1  │
└───────┴─────────┴──────────┴──────────────────────────────────────────────────────────────────────────────────────────────────────┴──────────────┴───────┘
