
===========================================================================
report_checks -unconstrained
===========================================================================
======================= max_tt_025C_1v80 Corner ===================================

Startpoint: rst_n (input port clocked by clk)
Endpoint: _18555_ (recovery check against rising-edge clock clk)
Path Group: asynchronous
Path Type: max

Fanout         Cap        Slew       Delay        Time   Description
---------------------------------------------------------------------------------------------
                                  0.000000    0.000000   clock clk (rise edge)
                                  0.000000    0.000000   clock network delay (propagated)
                                  2.000000    2.000000 ^ input external delay
     1    0.003165    0.021309    0.011644    2.011644 ^ rst_n (in)
                                                         rst_n (net)
                      0.021317    0.000000    2.011644 ^ input97/A (sky130_fd_sc_hd__buf_2)
     1    0.004376    0.033508    0.088334    2.099978 ^ input97/X (sky130_fd_sc_hd__buf_2)
                                                         net97 (net)
                      0.033509    0.000306    2.100284 ^ fanout1475/A (sky130_fd_sc_hd__clkdlybuf4s50_1)
     3    0.023541    0.234916    0.605883    2.706167 ^ fanout1475/X (sky130_fd_sc_hd__clkdlybuf4s50_1)
                                                         net1475 (net)
                      0.234936    0.002302    2.708469 ^ fanout1448/A (sky130_fd_sc_hd__clkdlybuf4s50_1)
     2    0.022145    0.223201    0.657574    3.366043 ^ fanout1448/X (sky130_fd_sc_hd__clkdlybuf4s50_1)
                                                         net1448 (net)
                      0.223226    0.002414    3.368457 ^ wire1450/A (sky130_fd_sc_hd__buf_4)
     4    0.074203    0.208360    0.277453    3.645910 ^ wire1450/X (sky130_fd_sc_hd__buf_4)
                                                         net1450 (net)
                      0.210225    0.015921    3.661830 ^ load_slew1449/A (sky130_fd_sc_hd__buf_4)
     1    0.060300    0.171356    0.249469    3.911299 ^ load_slew1449/X (sky130_fd_sc_hd__buf_4)
                                                         net1449 (net)
                      0.173545    0.015517    3.926816 ^ fanout1446/A (sky130_fd_sc_hd__clkdlybuf4s50_1)
     5    0.023108    0.231087    0.647507    4.574323 ^ fanout1446/X (sky130_fd_sc_hd__clkdlybuf4s50_1)
                                                         net1446 (net)
                      0.231089    0.001114    4.575438 ^ load_slew1447/A (sky130_fd_sc_hd__buf_4)
     4    0.047401    0.137981    0.235453    4.810890 ^ load_slew1447/X (sky130_fd_sc_hd__buf_4)
                                                         net1447 (net)
                      0.138705    0.008076    4.818966 ^ fanout1445/A (sky130_fd_sc_hd__clkdlybuf4s50_1)
     6    0.061662    0.592972    0.887779    5.706746 ^ fanout1445/X (sky130_fd_sc_hd__clkdlybuf4s50_1)
                                                         net1445 (net)
                      0.593543    0.012506    5.719251 ^ fanout1443/A (sky130_fd_sc_hd__clkdlybuf4s50_1)
     2    0.007931    0.091825    0.630293    6.349544 ^ fanout1443/X (sky130_fd_sc_hd__clkdlybuf4s50_1)
                                                         net1443 (net)
                      0.091825    0.000387    6.349931 ^ wire1444/A (sky130_fd_sc_hd__buf_4)
     9    0.053516    0.152888    0.205201    6.555132 ^ wire1444/X (sky130_fd_sc_hd__buf_4)
                                                         net1444 (net)
                      0.152952    0.002632    6.557764 ^ fanout1442/A (sky130_fd_sc_hd__clkdlybuf4s50_1)
     8    0.037792    0.368704    0.737761    7.295525 ^ fanout1442/X (sky130_fd_sc_hd__clkdlybuf4s50_1)
                                                         net1442 (net)
                      0.368716    0.002524    7.298048 ^ _18555_/RESET_B (sky130_fd_sc_hd__dfrtp_2)
                                              7.298048   data arrival time

                                 10.000000   10.000000   clock clk (rise edge)
                                  0.000000   10.000000   clock source latency
     1    0.082900    0.289730    0.213838   10.213838 ^ clk (in)
                                                         clk (net)
                      0.295847    0.000000   10.213838 ^ clkbuf_0_clk/A (sky130_fd_sc_hd__clkbuf_16)
     8    0.173005    0.186985    0.303216   10.517055 ^ clkbuf_0_clk/X (sky130_fd_sc_hd__clkbuf_16)
                                                         clknet_0_clk (net)
                      0.191213    0.022178   10.539232 ^ clkbuf_3_3_0_clk/A (sky130_fd_sc_hd__clkbuf_16)
     4    0.073032    0.092556    0.210299   10.749532 ^ clkbuf_3_3_0_clk/X (sky130_fd_sc_hd__clkbuf_16)
                                                         clknet_3_3_0_clk (net)
                      0.095268    0.012422   10.761953 ^ clkbuf_5_13__f_clk/A (sky130_fd_sc_hd__clkbuf_16)
     5    0.019367    0.041401    0.142814   10.904767 ^ clkbuf_5_13__f_clk/X (sky130_fd_sc_hd__clkbuf_16)
                                                         clknet_5_13__leaf_clk (net)
                      0.041419    0.001229   10.905996 ^ _18555_/CLK (sky130_fd_sc_hd__dfrtp_2)
                                 -0.250000   10.655996   clock uncertainty
                                  0.000000   10.655996   clock reconvergence pessimism
                                  0.121430   10.777427   library recovery time
                                             10.777427   data required time
---------------------------------------------------------------------------------------------
                                             10.777427   data required time
                                             -7.298048   data arrival time
---------------------------------------------------------------------------------------------
                                              3.479378   slack (MET)


Startpoint: _18569_ (rising edge-triggered flip-flop clocked by clk)
Endpoint: _18594_ (rising edge-triggered flip-flop clocked by clk)
Path Group: clk
Path Type: max

Fanout         Cap        Slew       Delay        Time   Description
---------------------------------------------------------------------------------------------
                                  0.000000    0.000000   clock clk (rise edge)
                                  0.000000    0.000000   clock source latency
     1    0.082900    0.289730    0.213838    0.213838 ^ clk (in)
                                                         clk (net)
                      0.295847    0.000000    0.213838 ^ clkbuf_0_clk/A (sky130_fd_sc_hd__clkbuf_16)
     8    0.173005    0.186985    0.303216    0.517054 ^ clkbuf_0_clk/X (sky130_fd_sc_hd__clkbuf_16)
                                                         clknet_0_clk (net)
                      0.195689    0.031642    0.548696 ^ clkbuf_3_4_0_clk/A (sky130_fd_sc_hd__clkbuf_16)
     4    0.090853    0.109740    0.224033    0.772729 ^ clkbuf_3_4_0_clk/X (sky130_fd_sc_hd__clkbuf_16)
                                                         clknet_3_4_0_clk (net)
                      0.112679    0.014182    0.786912 ^ clkbuf_5_19__f_clk/A (sky130_fd_sc_hd__clkbuf_16)
     6    0.036059    0.056236    0.163206    0.950117 ^ clkbuf_5_19__f_clk/X (sky130_fd_sc_hd__clkbuf_16)
                                                         clknet_5_19__leaf_clk (net)
                      0.056443    0.002434    0.952551 ^ _18569_/CLK (sky130_fd_sc_hd__dfrtp_1)
     3    0.074884    0.645364    0.742113    1.694664 ^ _18569_/Q (sky130_fd_sc_hd__dfrtp_1)
                                                         b_r[63] (net)
                      0.646241    0.019734    1.714398 ^ fanout393/A (sky130_fd_sc_hd__clkdlybuf4s50_1)
    10    0.047098    0.456263    0.898809    2.613207 ^ fanout393/X (sky130_fd_sc_hd__clkdlybuf4s50_1)
                                                         net393 (net)
                      0.456337    0.005777    2.618984 ^ _09229_/A (sky130_fd_sc_hd__nand2_1)
     7    0.041346    0.327896    0.375328    2.994313 v _09229_/Y (sky130_fd_sc_hd__nand2_1)
                                                         _00895_ (net)
                      0.327990    0.000880    2.995192 v _09230_/B (sky130_fd_sc_hd__xnor2_2)
     6    0.034900    0.462584    0.485634    3.480827 ^ _09230_/Y (sky130_fd_sc_hd__xnor2_2)
                                                         _00906_ (net)
                      0.462667    0.005060    3.485886 ^ _09264_/B (sky130_fd_sc_hd__xnor2_1)
     1    0.005693    0.174364    0.194208    3.680094 ^ _09264_/Y (sky130_fd_sc_hd__xnor2_1)
                                                         _01280_ (net)
                      0.174364    0.000454    3.680548 ^ wire378/A (sky130_fd_sc_hd__clkbuf_2)
     3    0.022405    0.127467    0.204941    3.885489 ^ wire378/X (sky130_fd_sc_hd__clkbuf_2)
                                                         net378 (net)
                      0.127474    0.001103    3.886592 ^ fanout376/A (sky130_fd_sc_hd__clkdlybuf4s15_2)
     5    0.022529    0.128108    0.282574    4.169167 ^ fanout376/X (sky130_fd_sc_hd__clkdlybuf4s15_2)
                                                         net376 (net)
                      0.128109    0.000657    4.169824 ^ load_slew377/A (sky130_fd_sc_hd__clkbuf_4)
     6    0.037865    0.122420    0.221457    4.391280 ^ load_slew377/X (sky130_fd_sc_hd__clkbuf_4)
                                                         net377 (net)
                      0.122653    0.003833    4.395113 ^ _09265_/A (sky130_fd_sc_hd__inv_2)
     6    0.035353    0.088680    0.109100    4.504214 v _09265_/Y (sky130_fd_sc_hd__inv_2)
                                                         _01291_ (net)
                      0.088712    0.001568    4.505781 v _09322_/A1 (sky130_fd_sc_hd__a21oi_1)
     1    0.005574    0.154540    0.174278    4.680059 ^ _09322_/Y (sky130_fd_sc_hd__a21oi_1)
                                                         _01918_ (net)
                      0.154540    0.000432    4.680491 ^ wire339/A (sky130_fd_sc_hd__clkbuf_2)
     3    0.021361    0.121892    0.196136    4.876628 ^ wire339/X (sky130_fd_sc_hd__clkbuf_2)
                                                         net339 (net)
                      0.121893    0.000651    4.877279 ^ fanout337/A (sky130_fd_sc_hd__clkdlybuf4s50_1)
     2    0.006654    0.080384    0.520999    5.398278 ^ fanout337/X (sky130_fd_sc_hd__clkdlybuf4s50_1)
                                                         net337 (net)
                      0.080384    0.000302    5.398581 ^ load_slew338/A (sky130_fd_sc_hd__clkbuf_4)
     9    0.048935    0.154093    0.225535    5.624115 ^ load_slew338/X (sky130_fd_sc_hd__clkbuf_4)
                                                         net338 (net)
                      0.154437    0.005948    5.630063 ^ fanout335/A (sky130_fd_sc_hd__clkdlybuf4s50_1)
     5    0.027539    0.272616    0.670928    6.300991 ^ fanout335/X (sky130_fd_sc_hd__clkdlybuf4s50_1)
                                                         net335 (net)
                      0.272619    0.001512    6.302503 ^ load_slew336/A (sky130_fd_sc_hd__buf_4)
     6    0.032921    0.101040    0.221023    6.523526 ^ load_slew336/X (sky130_fd_sc_hd__buf_4)
                                                         net336 (net)
                      0.101104    0.002376    6.525902 ^ _09556_/A (sky130_fd_sc_hd__xnor2_1)
     2    0.007861    0.213581    0.159929    6.685832 ^ _09556_/Y (sky130_fd_sc_hd__xnor2_1)
                                                         _04492_ (net)
                      0.213582    0.000323    6.686155 ^ _17686_/A (sky130_fd_sc_hd__xor2_1)
     2    0.008610    0.213767    0.241190    6.927345 ^ _17686_/X (sky130_fd_sc_hd__xor2_1)
                                                         _08347_ (net)
                      0.213767    0.000613    6.927958 ^ _17702_/A (sky130_fd_sc_hd__xnor2_1)
     2    0.008938    0.234949    0.189901    7.117859 ^ _17702_/Y (sky130_fd_sc_hd__xnor2_1)
                                                         _08365_ (net)
                      0.234951    0.000642    7.118502 ^ _17706_/B (sky130_fd_sc_hd__xor2_1)
     2    0.009479    0.229527    0.256197    7.374698 ^ _17706_/X (sky130_fd_sc_hd__xor2_1)
                                                         _08369_ (net)
                      0.229603    0.000604    7.375302 ^ _17724_/A (sky130_fd_sc_hd__xnor2_1)
     1    0.005293    0.163154    0.164771    7.540074 ^ _17724_/Y (sky130_fd_sc_hd__xnor2_1)
                                                         _08389_ (net)
                      0.163154    0.000391    7.540464 ^ _17728_/B (sky130_fd_sc_hd__xor2_1)
     2    0.008583    0.213302    0.235329    7.775794 ^ _17728_/X (sky130_fd_sc_hd__xor2_1)
                                                         _08393_ (net)
                      0.213302    0.000347    7.776141 ^ _17742_/A (sky130_fd_sc_hd__xor2_1)
     2    0.011336    0.263428    0.278223    8.054363 ^ _17742_/X (sky130_fd_sc_hd__xor2_1)
                                                         _08409_ (net)
                      0.263431    0.000630    8.054994 ^ _17743_/A2 (sky130_fd_sc_hd__a21oi_1)
     2    0.006560    0.124524    0.137199    8.192192 v _17743_/Y (sky130_fd_sc_hd__a21oi_1)
                                                         _08410_ (net)
                      0.124524    0.000270    8.192462 v _17744_/B (sky130_fd_sc_hd__nor2_1)
     2    0.008006    0.161654    0.175326    8.367788 ^ _17744_/Y (sky130_fd_sc_hd__nor2_1)
                                                         _08411_ (net)
                      0.161657    0.000499    8.368288 ^ _17746_/A_N (sky130_fd_sc_hd__nand2b_1)
     2    0.010274    0.117102    0.177225    8.545513 ^ _17746_/Y (sky130_fd_sc_hd__nand2b_1)
                                                         _08413_ (net)
                      0.117106    0.000806    8.546319 ^ _17759_/A (sky130_fd_sc_hd__nor2_1)
     1    0.002712    0.049346    0.060377    8.606696 v _17759_/Y (sky130_fd_sc_hd__nor2_1)
                                                         _08427_ (net)
                      0.049346    0.000191    8.606887 v _17760_/A (sky130_fd_sc_hd__inv_1)
     2    0.007163    0.067052    0.075257    8.682144 ^ _17760_/Y (sky130_fd_sc_hd__inv_1)
                                                         _08428_ (net)
                      0.067053    0.000237    8.682382 ^ _17778_/A (sky130_fd_sc_hd__nor2_1)
     1    0.006422    0.056346    0.060193    8.742574 v _17778_/Y (sky130_fd_sc_hd__nor2_1)
                                                         _08448_ (net)
                      0.056350    0.000514    8.743089 v _17779_/B1 (sky130_fd_sc_hd__a211oi_2)
     2    0.008749    0.229272    0.254190    8.997279 ^ _17779_/Y (sky130_fd_sc_hd__a211oi_2)
                                                         _08449_ (net)
                      0.229273    0.000629    8.997908 ^ _17795_/A1 (sky130_fd_sc_hd__a21oi_2)
     2    0.012240    0.085292    0.115046    9.112953 v _17795_/Y (sky130_fd_sc_hd__a21oi_2)
                                                         _08467_ (net)
                      0.085308    0.001073    9.114026 v _17797_/A2 (sky130_fd_sc_hd__o21ai_2)
     2    0.008670    0.140238    0.159108    9.273134 ^ _17797_/Y (sky130_fd_sc_hd__o21ai_2)
                                                         _08469_ (net)
                      0.140239    0.000546    9.273681 ^ _17799_/B1 (sky130_fd_sc_hd__o21ai_2)
     1    0.008692    0.071493    0.088992    9.362673 v _17799_/Y (sky130_fd_sc_hd__o21ai_2)
                                                         _08471_ (net)
                      0.071495    0.000667    9.363339 v _17821_/B (sky130_fd_sc_hd__xnor2_2)
     2    0.014256    0.100813    0.168367    9.531707 v _17821_/Y (sky130_fd_sc_hd__xnor2_2)
                                                         net277 (net)
                      0.100817    0.000746    9.532453 v rebuffer1478/A (sky130_fd_sc_hd__buf_6)
     4    0.058514    0.064605    0.176900    9.709352 v rebuffer1478/X (sky130_fd_sc_hd__buf_6)
                                                         net1478 (net)
                      0.065563    0.006193    9.715546 v _17822_/A (sky130_fd_sc_hd__inv_4)
     4    0.066357    0.181837    0.161433    9.876979 ^ _17822_/Y (sky130_fd_sc_hd__inv_4)
                                                         _08496_ (net)
                      0.182064    0.005331    9.882310 ^ fanout254/A (sky130_fd_sc_hd__buf_4)
     4    0.039270    0.116500    0.207077   10.089387 ^ fanout254/X (sky130_fd_sc_hd__buf_4)
                                                         net254 (net)
                      0.117119    0.006840   10.096227 ^ load_slew255/A (sky130_fd_sc_hd__buf_6)
     7    0.070018    0.144749    0.185302   10.281528 ^ load_slew255/X (sky130_fd_sc_hd__buf_6)
                                                         net255 (net)
                      0.150461    0.022578   10.304107 ^ fanout252/A (sky130_fd_sc_hd__clkdlybuf4s50_1)
     2    0.008293    0.094938    0.540993   10.845099 ^ fanout252/X (sky130_fd_sc_hd__clkdlybuf4s50_1)
                                                         net252 (net)
                      0.094938    0.000235   10.845335 ^ load_slew253/A (sky130_fd_sc_hd__buf_6)
     8    0.074523    0.153063    0.186190   11.031525 ^ load_slew253/X (sky130_fd_sc_hd__buf_6)
                                                         net253 (net)
                      0.157327    0.020203   11.051727 ^ fanout251/A (sky130_fd_sc_hd__buf_12)
    10    0.077272    0.098643    0.170873   11.222600 ^ fanout251/X (sky130_fd_sc_hd__buf_12)
                                                         net251 (net)
                      0.100789    0.011447   11.234047 ^ _17916_/A1 (sky130_fd_sc_hd__o221ai_4)
     2    0.008813    0.112398    0.127604   11.361650 v _17916_/Y (sky130_fd_sc_hd__o221ai_4)
                                                         _08599_ (net)
                      0.112401    0.000607   11.362257 v _17919_/A1 (sky130_fd_sc_hd__a221oi_2)
     2    0.009942    0.278308    0.339922   11.702179 ^ _17919_/Y (sky130_fd_sc_hd__a221oi_2)
                                                         _08602_ (net)
                      0.278309    0.000528   11.702707 ^ _17920_/B1_N (sky130_fd_sc_hd__a21boi_2)
     2    0.010076    0.150931    0.258012   11.960720 ^ _17920_/Y (sky130_fd_sc_hd__a21boi_2)
                                                         _08603_ (net)
                      0.150932    0.000680   11.961400 ^ max_cap240/A (sky130_fd_sc_hd__buf_6)
     3    0.019135    0.050321    0.135769   12.097169 ^ max_cap240/X (sky130_fd_sc_hd__buf_6)
                                                         net240 (net)
                      0.050436    0.002085   12.099254 ^ _18118_/A (sky130_fd_sc_hd__nor3_4)
     1    0.009285    0.056075    0.042970   12.142223 v _18118_/Y (sky130_fd_sc_hd__nor3_4)
                                                         _08821_ (net)
                      0.056077    0.000822   12.143046 v wire233/A (sky130_fd_sc_hd__buf_6)
     3    0.020348    0.033577    0.130562   12.273608 v wire233/X (sky130_fd_sc_hd__buf_6)
                                                         net233 (net)
                      0.033698    0.001901   12.275509 v _18132_/B (sky130_fd_sc_hd__nor2_4)
     3    0.031800    0.214157    0.183777   12.459286 ^ _18132_/Y (sky130_fd_sc_hd__nor2_4)
                                                         _08837_ (net)
                      0.214293    0.004356   12.463641 ^ _18180_/A1 (sky130_fd_sc_hd__o31ai_4)
     1    0.010068    0.076902    0.111730   12.575372 v _18180_/Y (sky130_fd_sc_hd__o31ai_4)
                                                         _08889_ (net)
                      0.076905    0.000903   12.576275 v wire224/A (sky130_fd_sc_hd__buf_6)
     2    0.023725    0.036063    0.142520   12.718795 v wire224/X (sky130_fd_sc_hd__buf_6)
                                                         net224 (net)
                      0.036289    0.002309   12.721104 v _18185_/A (sky130_fd_sc_hd__xor2_4)
     2    0.012629    0.136159    0.182149   12.903253 v _18185_/X (sky130_fd_sc_hd__xor2_4)
                                                         _08895_ (net)
                      0.136160    0.000981   12.904234 v wire219/A (sky130_fd_sc_hd__buf_6)
     1    0.041733    0.051414    0.180156   13.084390 v wire219/X (sky130_fd_sc_hd__buf_6)
                                                         net219 (net)
                      0.053349    0.007808   13.092198 v _18343_/B (sky130_fd_sc_hd__nor4_4)
     1    0.004535    0.193852    0.247640   13.339838 ^ _18343_/Y (sky130_fd_sc_hd__nor4_4)
                                                         _09069_ (net)
                      0.193852    0.000202   13.340039 ^ _18344_/C (sky130_fd_sc_hd__nand4_1)
     1    0.023802    0.308871    0.298181   13.638221 v _18344_/Y (sky130_fd_sc_hd__nand4_1)
                                                         _09070_ (net)
                      0.308921    0.003262   13.641483 v _18347_/A (sky130_fd_sc_hd__or4_4)
     1    0.023941    0.118201    0.676289   14.317772 v _18347_/X (sky130_fd_sc_hd__or4_4)
                                                         _09073_ (net)
                      0.118258    0.003376   14.321148 v _18348_/A4 (sky130_fd_sc_hd__o41ai_4)
     1    0.011704    0.315916    0.290785   14.611934 ^ _18348_/Y (sky130_fd_sc_hd__o41ai_4)
                                                         _09074_ (net)
                      0.315917    0.001076   14.613009 ^ _18390_/A3 (sky130_fd_sc_hd__a41o_1)
     2    0.016151    0.161955    0.306615   14.919625 ^ _18390_/X (sky130_fd_sc_hd__a41o_1)
                                                         _09120_ (net)
                      0.161965    0.001437   14.921062 ^ load_slew189/A (sky130_fd_sc_hd__buf_6)
     4    0.077905    0.159953    0.204738   15.125800 ^ load_slew189/X (sky130_fd_sc_hd__buf_6)
                                                         net189 (net)
                      0.165242    0.022938   15.148738 ^ fanout181/A (sky130_fd_sc_hd__buf_6)
    10    0.062618    0.130618    0.194865   15.343602 ^ fanout181/X (sky130_fd_sc_hd__buf_6)
                                                         net181 (net)
                      0.131374    0.008054   15.351656 ^ _18423_/B1 (sky130_fd_sc_hd__o21ai_2)
     1    0.032886    0.196685    0.152044   15.503700 v _18423_/Y (sky130_fd_sc_hd__o21ai_2)
                                                         fixed_pkg::s_narrow48$func$/headless/otolith/hdl/rtl/fixed_pkg.sv:130$9.$unnamed_block$1.v[22] (net)
                      0.196750    0.002952   15.506653 v wire175/A (sky130_fd_sc_hd__clkbuf_2)
     1    0.033220    0.130261    0.246510   15.753162 v wire175/X (sky130_fd_sc_hd__clkbuf_2)
                                                         net175 (net)
                      0.130600    0.005768   15.758930 v _18594_/D (sky130_fd_sc_hd__dfrtp_1)
                                             15.758930   data arrival time

                                 10.000000   10.000000   clock clk (rise edge)
                                  0.000000   10.000000   clock source latency
     1    0.082900    0.289730    0.213838   10.213838 ^ clk (in)
                                                         clk (net)
                      0.295847    0.000000   10.213838 ^ clkbuf_0_clk/A (sky130_fd_sc_hd__clkbuf_16)
     8    0.173005    0.186985    0.303216   10.517055 ^ clkbuf_0_clk/X (sky130_fd_sc_hd__clkbuf_16)
                                                         clknet_0_clk (net)
                      0.188550    0.013878   10.530932 ^ clkbuf_3_0_0_clk/A (sky130_fd_sc_hd__clkbuf_16)
     4    0.065335    0.085099    0.203277   10.734208 ^ clkbuf_3_0_0_clk/X (sky130_fd_sc_hd__clkbuf_16)
                                                         clknet_3_0_0_clk (net)
                      0.088812    0.013745   10.747953 ^ clkbuf_5_3__f_clk/A (sky130_fd_sc_hd__clkbuf_16)
     6    0.035967    0.055942    0.153824   10.901776 ^ clkbuf_5_3__f_clk/X (sky130_fd_sc_hd__clkbuf_16)
                                                         clknet_5_3__leaf_clk (net)
                      0.056509    0.003555   10.905332 ^ _18594_/CLK (sky130_fd_sc_hd__dfrtp_1)
                                 -0.250000   10.655332   clock uncertainty
                                  0.000000   10.655332   clock reconvergence pessimism
                                 -0.148963   10.506370   library setup time
                                             10.506370   data required time
---------------------------------------------------------------------------------------------
                                             10.506370   data required time
                                            -15.758930   data arrival time
---------------------------------------------------------------------------------------------
                                             -5.252561   slack (VIOLATED)




===========================================================================
report_checks --slack_max -0.01
============================================================================
======================= max_tt_025C_1v80 Corner ===================================

Startpoint: _18569_ (rising edge-triggered flip-flop clocked by clk)
Endpoint: _18594_ (rising edge-triggered flip-flop clocked by clk)
Path Group: clk
Path Type: max

Fanout         Cap        Slew       Delay        Time   Description
---------------------------------------------------------------------------------------------
                                  0.000000    0.000000   clock clk (rise edge)
                                  0.000000    0.000000   clock source latency
     1    0.082900    0.289730    0.213838    0.213838 ^ clk (in)
                                                         clk (net)
                      0.295847    0.000000    0.213838 ^ clkbuf_0_clk/A (sky130_fd_sc_hd__clkbuf_16)
     8    0.173005    0.186985    0.303216    0.517054 ^ clkbuf_0_clk/X (sky130_fd_sc_hd__clkbuf_16)
                                                         clknet_0_clk (net)
                      0.195689    0.031642    0.548696 ^ clkbuf_3_4_0_clk/A (sky130_fd_sc_hd__clkbuf_16)
     4    0.090853    0.109740    0.224033    0.772729 ^ clkbuf_3_4_0_clk/X (sky130_fd_sc_hd__clkbuf_16)
                                                         clknet_3_4_0_clk (net)
                      0.112679    0.014182    0.786912 ^ clkbuf_5_19__f_clk/A (sky130_fd_sc_hd__clkbuf_16)
     6    0.036059    0.056236    0.163206    0.950117 ^ clkbuf_5_19__f_clk/X (sky130_fd_sc_hd__clkbuf_16)
                                                         clknet_5_19__leaf_clk (net)
                      0.056443    0.002434    0.952551 ^ _18569_/CLK (sky130_fd_sc_hd__dfrtp_1)
     3    0.074884    0.645364    0.742113    1.694664 ^ _18569_/Q (sky130_fd_sc_hd__dfrtp_1)
                                                         b_r[63] (net)
                      0.646241    0.019734    1.714398 ^ fanout393/A (sky130_fd_sc_hd__clkdlybuf4s50_1)
    10    0.047098    0.456263    0.898809    2.613207 ^ fanout393/X (sky130_fd_sc_hd__clkdlybuf4s50_1)
                                                         net393 (net)
                      0.456337    0.005777    2.618984 ^ _09229_/A (sky130_fd_sc_hd__nand2_1)
     7    0.041346    0.327896    0.375328    2.994313 v _09229_/Y (sky130_fd_sc_hd__nand2_1)
                                                         _00895_ (net)
                      0.327990    0.000880    2.995192 v _09230_/B (sky130_fd_sc_hd__xnor2_2)
     6    0.034900    0.462584    0.485634    3.480827 ^ _09230_/Y (sky130_fd_sc_hd__xnor2_2)
                                                         _00906_ (net)
                      0.462667    0.005060    3.485886 ^ _09264_/B (sky130_fd_sc_hd__xnor2_1)
     1    0.005693    0.174364    0.194208    3.680094 ^ _09264_/Y (sky130_fd_sc_hd__xnor2_1)
                                                         _01280_ (net)
                      0.174364    0.000454    3.680548 ^ wire378/A (sky130_fd_sc_hd__clkbuf_2)
     3    0.022405    0.127467    0.204941    3.885489 ^ wire378/X (sky130_fd_sc_hd__clkbuf_2)
                                                         net378 (net)
                      0.127474    0.001103    3.886592 ^ fanout376/A (sky130_fd_sc_hd__clkdlybuf4s15_2)
     5    0.022529    0.128108    0.282574    4.169167 ^ fanout376/X (sky130_fd_sc_hd__clkdlybuf4s15_2)
                                                         net376 (net)
                      0.128109    0.000657    4.169824 ^ load_slew377/A (sky130_fd_sc_hd__clkbuf_4)
     6    0.037865    0.122420    0.221457    4.391280 ^ load_slew377/X (sky130_fd_sc_hd__clkbuf_4)
                                                         net377 (net)
                      0.122653    0.003833    4.395113 ^ _09265_/A (sky130_fd_sc_hd__inv_2)
     6    0.035353    0.088680    0.109100    4.504214 v _09265_/Y (sky130_fd_sc_hd__inv_2)
                                                         _01291_ (net)
                      0.088712    0.001568    4.505781 v _09322_/A1 (sky130_fd_sc_hd__a21oi_1)
     1    0.005574    0.154540    0.174278    4.680059 ^ _09322_/Y (sky130_fd_sc_hd__a21oi_1)
                                                         _01918_ (net)
                      0.154540    0.000432    4.680491 ^ wire339/A (sky130_fd_sc_hd__clkbuf_2)
     3    0.021361    0.121892    0.196136    4.876628 ^ wire339/X (sky130_fd_sc_hd__clkbuf_2)
                                                         net339 (net)
                      0.121893    0.000651    4.877279 ^ fanout337/A (sky130_fd_sc_hd__clkdlybuf4s50_1)
     2    0.006654    0.080384    0.520999    5.398278 ^ fanout337/X (sky130_fd_sc_hd__clkdlybuf4s50_1)
                                                         net337 (net)
                      0.080384    0.000302    5.398581 ^ load_slew338/A (sky130_fd_sc_hd__clkbuf_4)
     9    0.048935    0.154093    0.225535    5.624115 ^ load_slew338/X (sky130_fd_sc_hd__clkbuf_4)
                                                         net338 (net)
                      0.154437    0.005948    5.630063 ^ fanout335/A (sky130_fd_sc_hd__clkdlybuf4s50_1)
     5    0.027539    0.272616    0.670928    6.300991 ^ fanout335/X (sky130_fd_sc_hd__clkdlybuf4s50_1)
                                                         net335 (net)
                      0.272619    0.001512    6.302503 ^ load_slew336/A (sky130_fd_sc_hd__buf_4)
     6    0.032921    0.101040    0.221023    6.523526 ^ load_slew336/X (sky130_fd_sc_hd__buf_4)
                                                         net336 (net)
                      0.101104    0.002376    6.525902 ^ _09556_/A (sky130_fd_sc_hd__xnor2_1)
     2    0.007861    0.213581    0.159929    6.685832 ^ _09556_/Y (sky130_fd_sc_hd__xnor2_1)
                                                         _04492_ (net)
                      0.213582    0.000323    6.686155 ^ _17686_/A (sky130_fd_sc_hd__xor2_1)
     2    0.008610    0.213767    0.241190    6.927345 ^ _17686_/X (sky130_fd_sc_hd__xor2_1)
                                                         _08347_ (net)
                      0.213767    0.000613    6.927958 ^ _17702_/A (sky130_fd_sc_hd__xnor2_1)
     2    0.008938    0.234949    0.189901    7.117859 ^ _17702_/Y (sky130_fd_sc_hd__xnor2_1)
                                                         _08365_ (net)
                      0.234951    0.000642    7.118502 ^ _17706_/B (sky130_fd_sc_hd__xor2_1)
     2    0.009479    0.229527    0.256197    7.374698 ^ _17706_/X (sky130_fd_sc_hd__xor2_1)
                                                         _08369_ (net)
                      0.229603    0.000604    7.375302 ^ _17724_/A (sky130_fd_sc_hd__xnor2_1)
     1    0.005293    0.163154    0.164771    7.540074 ^ _17724_/Y (sky130_fd_sc_hd__xnor2_1)
                                                         _08389_ (net)
                      0.163154    0.000391    7.540464 ^ _17728_/B (sky130_fd_sc_hd__xor2_1)
     2    0.008583    0.213302    0.235329    7.775794 ^ _17728_/X (sky130_fd_sc_hd__xor2_1)
                                                         _08393_ (net)
                      0.213302    0.000347    7.776141 ^ _17742_/A (sky130_fd_sc_hd__xor2_1)
     2    0.011336    0.263428    0.278223    8.054363 ^ _17742_/X (sky130_fd_sc_hd__xor2_1)
                                                         _08409_ (net)
                      0.263431    0.000630    8.054994 ^ _17743_/A2 (sky130_fd_sc_hd__a21oi_1)
     2    0.006560    0.124524    0.137199    8.192192 v _17743_/Y (sky130_fd_sc_hd__a21oi_1)
                                                         _08410_ (net)
                      0.124524    0.000270    8.192462 v _17744_/B (sky130_fd_sc_hd__nor2_1)
     2    0.008006    0.161654    0.175326    8.367788 ^ _17744_/Y (sky130_fd_sc_hd__nor2_1)
                                                         _08411_ (net)
                      0.161657    0.000499    8.368288 ^ _17746_/A_N (sky130_fd_sc_hd__nand2b_1)
     2    0.010274    0.117102    0.177225    8.545513 ^ _17746_/Y (sky130_fd_sc_hd__nand2b_1)
                                                         _08413_ (net)
                      0.117106    0.000806    8.546319 ^ _17759_/A (sky130_fd_sc_hd__nor2_1)
     1    0.002712    0.049346    0.060377    8.606696 v _17759_/Y (sky130_fd_sc_hd__nor2_1)
                                                         _08427_ (net)
                      0.049346    0.000191    8.606887 v _17760_/A (sky130_fd_sc_hd__inv_1)
     2    0.007163    0.067052    0.075257    8.682144 ^ _17760_/Y (sky130_fd_sc_hd__inv_1)
                                                         _08428_ (net)
                      0.067053    0.000237    8.682382 ^ _17778_/A (sky130_fd_sc_hd__nor2_1)
     1    0.006422    0.056346    0.060193    8.742574 v _17778_/Y (sky130_fd_sc_hd__nor2_1)
                                                         _08448_ (net)
                      0.056350    0.000514    8.743089 v _17779_/B1 (sky130_fd_sc_hd__a211oi_2)
     2    0.008749    0.229272    0.254190    8.997279 ^ _17779_/Y (sky130_fd_sc_hd__a211oi_2)
                                                         _08449_ (net)
                      0.229273    0.000629    8.997908 ^ _17795_/A1 (sky130_fd_sc_hd__a21oi_2)
     2    0.012240    0.085292    0.115046    9.112953 v _17795_/Y (sky130_fd_sc_hd__a21oi_2)
                                                         _08467_ (net)
                      0.085308    0.001073    9.114026 v _17797_/A2 (sky130_fd_sc_hd__o21ai_2)
     2    0.008670    0.140238    0.159108    9.273134 ^ _17797_/Y (sky130_fd_sc_hd__o21ai_2)
                                                         _08469_ (net)
                      0.140239    0.000546    9.273681 ^ _17799_/B1 (sky130_fd_sc_hd__o21ai_2)
     1    0.008692    0.071493    0.088992    9.362673 v _17799_/Y (sky130_fd_sc_hd__o21ai_2)
                                                         _08471_ (net)
                      0.071495    0.000667    9.363339 v _17821_/B (sky130_fd_sc_hd__xnor2_2)
     2    0.014256    0.100813    0.168367    9.531707 v _17821_/Y (sky130_fd_sc_hd__xnor2_2)
                                                         net277 (net)
                      0.100817    0.000746    9.532453 v rebuffer1478/A (sky130_fd_sc_hd__buf_6)
     4    0.058514    0.064605    0.176900    9.709352 v rebuffer1478/X (sky130_fd_sc_hd__buf_6)
                                                         net1478 (net)
                      0.065563    0.006193    9.715546 v _17822_/A (sky130_fd_sc_hd__inv_4)
     4    0.066357    0.181837    0.161433    9.876979 ^ _17822_/Y (sky130_fd_sc_hd__inv_4)
                                                         _08496_ (net)
                      0.182064    0.005331    9.882310 ^ fanout254/A (sky130_fd_sc_hd__buf_4)
     4    0.039270    0.116500    0.207077   10.089387 ^ fanout254/X (sky130_fd_sc_hd__buf_4)
                                                         net254 (net)
                      0.117119    0.006840   10.096227 ^ load_slew255/A (sky130_fd_sc_hd__buf_6)
     7    0.070018    0.144749    0.185302   10.281528 ^ load_slew255/X (sky130_fd_sc_hd__buf_6)
                                                         net255 (net)
                      0.150461    0.022578   10.304107 ^ fanout252/A (sky130_fd_sc_hd__clkdlybuf4s50_1)
     2    0.008293    0.094938    0.540993   10.845099 ^ fanout252/X (sky130_fd_sc_hd__clkdlybuf4s50_1)
                                                         net252 (net)
                      0.094938    0.000235   10.845335 ^ load_slew253/A (sky130_fd_sc_hd__buf_6)
     8    0.074523    0.153063    0.186190   11.031525 ^ load_slew253/X (sky130_fd_sc_hd__buf_6)
                                                         net253 (net)
                      0.157327    0.020203   11.051727 ^ fanout251/A (sky130_fd_sc_hd__buf_12)
    10    0.077272    0.098643    0.170873   11.222600 ^ fanout251/X (sky130_fd_sc_hd__buf_12)
                                                         net251 (net)
                      0.100789    0.011447   11.234047 ^ _17916_/A1 (sky130_fd_sc_hd__o221ai_4)
     2    0.008813    0.112398    0.127604   11.361650 v _17916_/Y (sky130_fd_sc_hd__o221ai_4)
                                                         _08599_ (net)
                      0.112401    0.000607   11.362257 v _17919_/A1 (sky130_fd_sc_hd__a221oi_2)
     2    0.009942    0.278308    0.339922   11.702179 ^ _17919_/Y (sky130_fd_sc_hd__a221oi_2)
                                                         _08602_ (net)
                      0.278309    0.000528   11.702707 ^ _17920_/B1_N (sky130_fd_sc_hd__a21boi_2)
     2    0.010076    0.150931    0.258012   11.960720 ^ _17920_/Y (sky130_fd_sc_hd__a21boi_2)
                                                         _08603_ (net)
                      0.150932    0.000680   11.961400 ^ max_cap240/A (sky130_fd_sc_hd__buf_6)
     3    0.019135    0.050321    0.135769   12.097169 ^ max_cap240/X (sky130_fd_sc_hd__buf_6)
                                                         net240 (net)
                      0.050436    0.002085   12.099254 ^ _18118_/A (sky130_fd_sc_hd__nor3_4)
     1    0.009285    0.056075    0.042970   12.142223 v _18118_/Y (sky130_fd_sc_hd__nor3_4)
                                                         _08821_ (net)
                      0.056077    0.000822   12.143046 v wire233/A (sky130_fd_sc_hd__buf_6)
     3    0.020348    0.033577    0.130562   12.273608 v wire233/X (sky130_fd_sc_hd__buf_6)
                                                         net233 (net)
                      0.033698    0.001901   12.275509 v _18132_/B (sky130_fd_sc_hd__nor2_4)
     3    0.031800    0.214157    0.183777   12.459286 ^ _18132_/Y (sky130_fd_sc_hd__nor2_4)
                                                         _08837_ (net)
                      0.214293    0.004356   12.463641 ^ _18180_/A1 (sky130_fd_sc_hd__o31ai_4)
     1    0.010068    0.076902    0.111730   12.575372 v _18180_/Y (sky130_fd_sc_hd__o31ai_4)
                                                         _08889_ (net)
                      0.076905    0.000903   12.576275 v wire224/A (sky130_fd_sc_hd__buf_6)
     2    0.023725    0.036063    0.142520   12.718795 v wire224/X (sky130_fd_sc_hd__buf_6)
                                                         net224 (net)
                      0.036289    0.002309   12.721104 v _18185_/A (sky130_fd_sc_hd__xor2_4)
     2    0.012629    0.136159    0.182149   12.903253 v _18185_/X (sky130_fd_sc_hd__xor2_4)
                                                         _08895_ (net)
                      0.136160    0.000981   12.904234 v wire219/A (sky130_fd_sc_hd__buf_6)
     1    0.041733    0.051414    0.180156   13.084390 v wire219/X (sky130_fd_sc_hd__buf_6)
                                                         net219 (net)
                      0.053349    0.007808   13.092198 v _18343_/B (sky130_fd_sc_hd__nor4_4)
     1    0.004535    0.193852    0.247640   13.339838 ^ _18343_/Y (sky130_fd_sc_hd__nor4_4)
                                                         _09069_ (net)
                      0.193852    0.000202   13.340039 ^ _18344_/C (sky130_fd_sc_hd__nand4_1)
     1    0.023802    0.308871    0.298181   13.638221 v _18344_/Y (sky130_fd_sc_hd__nand4_1)
                                                         _09070_ (net)
                      0.308921    0.003262   13.641483 v _18347_/A (sky130_fd_sc_hd__or4_4)
     1    0.023941    0.118201    0.676289   14.317772 v _18347_/X (sky130_fd_sc_hd__or4_4)
                                                         _09073_ (net)
                      0.118258    0.003376   14.321148 v _18348_/A4 (sky130_fd_sc_hd__o41ai_4)
     1    0.011704    0.315916    0.290785   14.611934 ^ _18348_/Y (sky130_fd_sc_hd__o41ai_4)
                                                         _09074_ (net)
                      0.315917    0.001076   14.613009 ^ _18390_/A3 (sky130_fd_sc_hd__a41o_1)
     2    0.016151    0.161955    0.306615   14.919625 ^ _18390_/X (sky130_fd_sc_hd__a41o_1)
                                                         _09120_ (net)
                      0.161965    0.001437   14.921062 ^ load_slew189/A (sky130_fd_sc_hd__buf_6)
     4    0.077905    0.159953    0.204738   15.125800 ^ load_slew189/X (sky130_fd_sc_hd__buf_6)
                                                         net189 (net)
                      0.165242    0.022938   15.148738 ^ fanout181/A (sky130_fd_sc_hd__buf_6)
    10    0.062618    0.130618    0.194865   15.343602 ^ fanout181/X (sky130_fd_sc_hd__buf_6)
                                                         net181 (net)
                      0.131374    0.008054   15.351656 ^ _18423_/B1 (sky130_fd_sc_hd__o21ai_2)
     1    0.032886    0.196685    0.152044   15.503700 v _18423_/Y (sky130_fd_sc_hd__o21ai_2)
                                                         fixed_pkg::s_narrow48$func$/headless/otolith/hdl/rtl/fixed_pkg.sv:130$9.$unnamed_block$1.v[22] (net)
                      0.196750    0.002952   15.506653 v wire175/A (sky130_fd_sc_hd__clkbuf_2)
     1    0.033220    0.130261    0.246510   15.753162 v wire175/X (sky130_fd_sc_hd__clkbuf_2)
                                                         net175 (net)
                      0.130600    0.005768   15.758930 v _18594_/D (sky130_fd_sc_hd__dfrtp_1)
                                             15.758930   data arrival time

                                 10.000000   10.000000   clock clk (rise edge)
                                  0.000000   10.000000   clock source latency
     1    0.082900    0.289730    0.213838   10.213838 ^ clk (in)
                                                         clk (net)
                      0.295847    0.000000   10.213838 ^ clkbuf_0_clk/A (sky130_fd_sc_hd__clkbuf_16)
     8    0.173005    0.186985    0.303216   10.517055 ^ clkbuf_0_clk/X (sky130_fd_sc_hd__clkbuf_16)
                                                         clknet_0_clk (net)
                      0.188550    0.013878   10.530932 ^ clkbuf_3_0_0_clk/A (sky130_fd_sc_hd__clkbuf_16)
     4    0.065335    0.085099    0.203277   10.734208 ^ clkbuf_3_0_0_clk/X (sky130_fd_sc_hd__clkbuf_16)
                                                         clknet_3_0_0_clk (net)
                      0.088812    0.013745   10.747953 ^ clkbuf_5_3__f_clk/A (sky130_fd_sc_hd__clkbuf_16)
     6    0.035967    0.055942    0.153824   10.901776 ^ clkbuf_5_3__f_clk/X (sky130_fd_sc_hd__clkbuf_16)
                                                         clknet_5_3__leaf_clk (net)
                      0.056509    0.003555   10.905332 ^ _18594_/CLK (sky130_fd_sc_hd__dfrtp_1)
                                 -0.250000   10.655332   clock uncertainty
                                  0.000000   10.655332   clock reconvergence pessimism
                                 -0.148963   10.506370   library setup time
                                             10.506370   data required time
---------------------------------------------------------------------------------------------
                                             10.506370   data required time
                                            -15.758930   data arrival time
---------------------------------------------------------------------------------------------
                                             -5.252561   slack (VIOLATED)




===========================================================================
 report_check_types -max_slew -max_cap -max_fanout -violators
============================================================================
======================= max_tt_025C_1v80 Corner ===================================

max slew

Pin                                        Limit        Slew       Slack
------------------------------------------------------------------------
_17723_/A                               0.750000    1.018164   -0.268164 (VIOLATED)
fanout324/A                             0.750000    1.018157   -0.268157 (VIOLATED)
_17591_/A                               0.750000    1.018147   -0.268147 (VIOLATED)
_17587_/A                               0.750000    1.018142   -0.268142 (VIOLATED)
_17599_/A                               0.750000    1.018136   -0.268136 (VIOLATED)
fanout320/A                             0.750000    1.018103   -0.268103 (VIOLATED)
_09263_/Y                               0.750000    1.018098   -0.268098 (VIOLATED)
_18415_/A1                              0.750000    0.793250   -0.043250 (VIOLATED)
_18268_/D                               0.750000    0.793229   -0.043229 (VIOLATED)
_18249_/Y                               0.750000    0.792616   -0.042616 (VIOLATED)
_18272_/A                               0.750000    0.773211   -0.023211 (VIOLATED)
_18409_/A1                              0.750000    0.773208   -0.023208 (VIOLATED)
_18248_/X                               0.750000    0.773133   -0.023133 (VIOLATED)



===========================================================================
report_parasitic_annotation -report_unannotated
============================================================================
Found 10 unannotated drivers.
 clkload0/X
 clkload1/X
 clkload2/X
 clkload3/X
 clkload4/X
 clkload5/X
 clkload6/X
 clkload7/X
 clkload8/X
 clkload9/X
Found 0 partially unannotated drivers.

===========================================================================
max slew violation count 13
max fanout violation count 0
max cap violation count 0
============================================================================

===========================================================================
check_setup -verbose -unconstrained_endpoints -multiple_clock -no_clock -no_input_delay -loops -generated_clocks
===========================================================================
