Clock: clk
Sources: clk 
Generated: no
Virtual: yes
Propagated: no
Period: 10.000000

===========================================================================
report_clock_properties
============================================================================
Clock                   Period          Waveform
----------------------------------------------------
clk                  10.000000    0.000000  5.000000

===========================================================================
report_clock_latency
============================================================================
Clock clk
rise -> rise
    min     max
0.000000 0.000000 source latency
0.901239         network latency _18551_/CLK
        0.989095 network latency _18539_/CLK
---------------
0.901239 0.989095 latency
        0.087856 skew

fall -> fall
    min     max
0.000000 0.000000 source latency
0.969085         network latency _18551_/CLK
        1.034731 network latency _18539_/CLK
---------------
0.969085 1.034731 latency
        0.065646 skew



===========================================================================
report_clock_min_period
============================================================================
clk period_min = 15.25 fmax = 65.56
