
===========================================================================
 report_power
============================================================================
======================= max_tt_025C_1v80 Corner ===================================

Group                    Internal    Switching      Leakage        Total
                            Power        Power        Power        Power (Watts)
------------------------------------------------------------------------
Sequential           1.877813e-03 2.189293e-04 1.793862e-09 2.096745e-03   0.7%
Combinational        1.216592e-01 1.782696e-01 4.704967e-08 2.999290e-01  98.9%
Clock                7.334012e-04 6.173485e-04 1.268316e-07 1.350876e-03   0.4%
Macro                0.000000e+00 0.000000e+00 0.000000e+00 0.000000e+00   0.0%
Pad                  0.000000e+00 0.000000e+00 0.000000e+00 0.000000e+00   0.0%
------------------------------------------------------------------------
Total                1.242704e-01 1.791059e-01 1.756753e-07 3.033765e-01 100.0%
                            41.0%        59.0%         0.0%

