
===========================================================================
report_checks -unconstrained
===========================================================================
======================= max_ff_n40C_1v95 Corner ===================================

Startpoint: rst_n (input port clocked by clk)
Endpoint: _18555_ (recovery check against rising-edge clock clk)
Path Group: asynchronous
Path Type: max

Fanout         Cap        Slew       Delay        Time   Description
---------------------------------------------------------------------------------------------
                                  0.000000    0.000000   clock clk (rise edge)
                                  0.000000    0.000000   clock network delay (propagated)
                                  2.000000    2.000000 ^ input external delay
     1    0.003236    0.015481    0.008430    2.008430 ^ rst_n (in)
                                                         rst_n (net)
                      0.015483    0.000000    2.008430 ^ input97/A (sky130_fd_sc_hd__buf_2)
     1    0.004412    0.024057    0.058464    2.066895 ^ input97/X (sky130_fd_sc_hd__buf_2)
                                                         net97 (net)
                      0.024062    0.000309    2.067203 ^ fanout1475/A (sky130_fd_sc_hd__clkdlybuf4s50_1)
     3    0.023652    0.177373    0.415058    2.482261 ^ fanout1475/X (sky130_fd_sc_hd__clkdlybuf4s50_1)
                                                         net1475 (net)
                      0.177404    0.002312    2.484573 ^ fanout1448/A (sky130_fd_sc_hd__clkdlybuf4s50_1)
     2    0.022219    0.167153    0.438700    2.923274 ^ fanout1448/X (sky130_fd_sc_hd__clkdlybuf4s50_1)
                                                         net1448 (net)
                      0.167190    0.002420    2.925694 ^ wire1450/A (sky130_fd_sc_hd__buf_4)
     4    0.074208    0.156855    0.177771    3.103464 ^ wire1450/X (sky130_fd_sc_hd__buf_4)
                                                         net1450 (net)
                      0.159359    0.015847    3.119311 ^ load_slew1449/A (sky130_fd_sc_hd__buf_4)
     1    0.060336    0.129800    0.159018    3.278329 ^ load_slew1449/X (sky130_fd_sc_hd__buf_4)
                                                         net1449 (net)
                      0.132708    0.015440    3.293769 ^ fanout1446/A (sky130_fd_sc_hd__clkdlybuf4s50_1)
     5    0.023166    0.173733    0.438182    3.731951 ^ fanout1446/X (sky130_fd_sc_hd__clkdlybuf4s50_1)
                                                         net1446 (net)
                      0.173738    0.001118    3.733069 ^ load_slew1447/A (sky130_fd_sc_hd__buf_4)
     4    0.047452    0.103571    0.146890    3.879959 ^ load_slew1447/X (sky130_fd_sc_hd__buf_4)
                                                         net1447 (net)
                      0.104550    0.008066    3.888025 ^ fanout1445/A (sky130_fd_sc_hd__clkdlybuf4s50_1)
     6    0.061723    0.444478    0.617922    4.505947 ^ fanout1445/X (sky130_fd_sc_hd__clkdlybuf4s50_1)
                                                         net1445 (net)
                      0.445152    0.012514    4.518461 ^ fanout1443/A (sky130_fd_sc_hd__clkdlybuf4s50_1)
     2    0.008005    0.067895    0.389459    4.907920 ^ fanout1443/X (sky130_fd_sc_hd__clkdlybuf4s50_1)
                                                         net1443 (net)
                      0.067896    0.000391    4.908311 ^ wire1444/A (sky130_fd_sc_hd__buf_4)
     9    0.053560    0.115577    0.137970    5.046281 ^ wire1444/X (sky130_fd_sc_hd__buf_4)
                                                         net1444 (net)
                      0.115662    0.002633    5.048914 ^ fanout1442/A (sky130_fd_sc_hd__clkdlybuf4s50_1)
     8    0.037768    0.276545    0.506316    5.555230 ^ fanout1442/X (sky130_fd_sc_hd__clkdlybuf4s50_1)
                                                         net1442 (net)
                      0.276564    0.002522    5.557752 ^ _18555_/RESET_B (sky130_fd_sc_hd__dfrtp_2)
                                              5.557752   data arrival time

                                 10.000000   10.000000   clock clk (rise edge)
                                  0.000000   10.000000   clock source latency
     1    0.082969    0.221463    0.166124   10.166124 ^ clk (in)
                                                         clk (net)
                      0.229542    0.000000   10.166124 ^ clkbuf_0_clk/A (sky130_fd_sc_hd__clkbuf_16)
     8    0.173557    0.144409    0.195382   10.361506 ^ clkbuf_0_clk/X (sky130_fd_sc_hd__clkbuf_16)
                                                         clknet_0_clk (net)
                      0.150009    0.022083   10.383590 ^ clkbuf_3_3_0_clk/A (sky130_fd_sc_hd__clkbuf_16)
     4    0.073308    0.070964    0.138736   10.522326 ^ clkbuf_3_3_0_clk/X (sky130_fd_sc_hd__clkbuf_16)
                                                         clknet_3_3_0_clk (net)
                      0.074540    0.012370   10.534696 ^ clkbuf_5_13__f_clk/A (sky130_fd_sc_hd__clkbuf_16)
     5    0.019770    0.031491    0.095969   10.630664 ^ clkbuf_5_13__f_clk/X (sky130_fd_sc_hd__clkbuf_16)
                                                         clknet_5_13__leaf_clk (net)
                      0.031511    0.001257   10.631921 ^ _18555_/CLK (sky130_fd_sc_hd__dfrtp_2)
                                 -0.250000   10.381921   clock uncertainty
                                  0.000000   10.381921   clock reconvergence pessimism
                                  0.070746   10.452665   library recovery time
                                             10.452665   data required time
---------------------------------------------------------------------------------------------
                                             10.452665   data required time
                                             -5.557752   data arrival time
---------------------------------------------------------------------------------------------
                                              4.894914   slack (MET)


Startpoint: _18569_ (rising edge-triggered flip-flop clocked by clk)
Endpoint: _18594_ (rising edge-triggered flip-flop clocked by clk)
Path Group: clk
Path Type: max

Fanout         Cap        Slew       Delay        Time   Description
---------------------------------------------------------------------------------------------
                                  0.000000    0.000000   clock clk (rise edge)
                                  0.000000    0.000000   clock source latency
     1    0.082969    0.221463    0.166124    0.166124 ^ clk (in)
                                                         clk (net)
                      0.229542    0.000000    0.166124 ^ clkbuf_0_clk/A (sky130_fd_sc_hd__clkbuf_16)
     8    0.173557    0.144409    0.195382    0.361507 ^ clkbuf_0_clk/X (sky130_fd_sc_hd__clkbuf_16)
                                                         clknet_0_clk (net)
                      0.155662    0.031334    0.392841 ^ clkbuf_3_4_0_clk/A (sky130_fd_sc_hd__clkbuf_16)
     4    0.091129    0.084413    0.148491    0.541332 ^ clkbuf_3_4_0_clk/X (sky130_fd_sc_hd__clkbuf_16)
                                                         clknet_3_4_0_clk (net)
                      0.088274    0.014123    0.555455 ^ clkbuf_5_19__f_clk/A (sky130_fd_sc_hd__clkbuf_16)
     6    0.036525    0.043041    0.110279    0.665734 ^ clkbuf_5_19__f_clk/X (sky130_fd_sc_hd__clkbuf_16)
                                                         clknet_5_19__leaf_clk (net)
                      0.043315    0.002467    0.668201 ^ _18569_/CLK (sky130_fd_sc_hd__dfrtp_1)
     3    0.075001    0.491861    0.516196    1.184397 ^ _18569_/Q (sky130_fd_sc_hd__dfrtp_1)
                                                         b_r[63] (net)
                      0.493026    0.019736    1.204133 ^ fanout393/A (sky130_fd_sc_hd__clkdlybuf4s50_1)
    10    0.047716    0.347027    0.586628    1.790762 ^ fanout393/X (sky130_fd_sc_hd__clkdlybuf4s50_1)
                                                         net393 (net)
                      0.347136    0.005846    1.796608 ^ _09229_/A (sky130_fd_sc_hd__nand2_1)
     7    0.041476    0.215663    0.215063    2.011671 v _09229_/Y (sky130_fd_sc_hd__nand2_1)
                                                         _00895_ (net)
                      0.215668    0.000872    2.012543 v _09230_/B (sky130_fd_sc_hd__xnor2_2)
     6    0.034932    0.344127    0.338490    2.351034 ^ _09230_/Y (sky130_fd_sc_hd__xnor2_2)
                                                         _00906_ (net)
                      0.344241    0.005060    2.356093 ^ _09264_/B (sky130_fd_sc_hd__xnor2_1)
     1    0.005730    0.123692    0.093045    2.449139 ^ _09264_/Y (sky130_fd_sc_hd__xnor2_1)
                                                         _01280_ (net)
                      0.123693    0.000458    2.449597 ^ wire378/A (sky130_fd_sc_hd__clkbuf_2)
     3    0.022663    0.098833    0.135152    2.584749 ^ wire378/X (sky130_fd_sc_hd__clkbuf_2)
                                                         net378 (net)
                      0.098852    0.001116    2.585865 ^ fanout376/A (sky130_fd_sc_hd__clkdlybuf4s15_2)
     5    0.022844    0.097651    0.186399    2.772264 ^ fanout376/X (sky130_fd_sc_hd__clkdlybuf4s15_2)
                                                         net376 (net)
                      0.097654    0.000666    2.772930 ^ load_slew377/A (sky130_fd_sc_hd__clkbuf_4)
     6    0.038075    0.092801    0.148908    2.921838 ^ load_slew377/X (sky130_fd_sc_hd__clkbuf_4)
                                                         net377 (net)
                      0.093045    0.003839    2.925676 ^ _09265_/A (sky130_fd_sc_hd__inv_2)
     6    0.035346    0.066532    0.067539    2.993216 v _09265_/Y (sky130_fd_sc_hd__inv_2)
                                                         _01291_ (net)
                      0.066583    0.001567    2.994782 v _09322_/A1 (sky130_fd_sc_hd__a21oi_1)
     1    0.005611    0.113960    0.120960    3.115743 ^ _09322_/Y (sky130_fd_sc_hd__a21oi_1)
                                                         _01918_ (net)
                      0.113960    0.000435    3.116178 ^ wire339/A (sky130_fd_sc_hd__clkbuf_2)
     3    0.021337    0.093109    0.129762    3.245940 ^ wire339/X (sky130_fd_sc_hd__clkbuf_2)
                                                         net339 (net)
                      0.093116    0.000652    3.246592 ^ fanout337/A (sky130_fd_sc_hd__clkdlybuf4s50_1)
     2    0.006881    0.060184    0.348339    3.594931 ^ fanout337/X (sky130_fd_sc_hd__clkdlybuf4s50_1)
                                                         net337 (net)
                      0.060247    0.000309    3.595240 ^ load_slew338/A (sky130_fd_sc_hd__clkbuf_4)
     9    0.049583    0.117756    0.154706    3.749947 ^ load_slew338/X (sky130_fd_sc_hd__clkbuf_4)
                                                         net338 (net)
                      0.118226    0.006024    3.755970 ^ fanout335/A (sky130_fd_sc_hd__clkdlybuf4s50_1)
     5    0.027909    0.206709    0.458963    4.214933 ^ fanout335/X (sky130_fd_sc_hd__clkdlybuf4s50_1)
                                                         net335 (net)
                      0.206717    0.001529    4.216462 ^ load_slew336/A (sky130_fd_sc_hd__buf_4)
     6    0.033422    0.076708    0.131819    4.348280 ^ load_slew336/X (sky130_fd_sc_hd__buf_4)
                                                         net336 (net)
                      0.076823    0.002409    4.350689 ^ _09556_/A (sky130_fd_sc_hd__xnor2_1)
     2    0.007852    0.151578    0.103261    4.453949 ^ _09556_/Y (sky130_fd_sc_hd__xnor2_1)
                                                         _04492_ (net)
                      0.151579    0.000322    4.454272 ^ _17686_/A (sky130_fd_sc_hd__xor2_1)
     2    0.008675    0.155280    0.150971    4.605243 ^ _17686_/X (sky130_fd_sc_hd__xor2_1)
                                                         _08347_ (net)
                      0.155284    0.000616    4.605858 ^ _17702_/A (sky130_fd_sc_hd__xnor2_1)
     2    0.008906    0.166370    0.114497    4.720356 ^ _17702_/Y (sky130_fd_sc_hd__xnor2_1)
                                                         _08365_ (net)
                      0.166374    0.000639    4.720995 ^ _17706_/B (sky130_fd_sc_hd__xor2_1)
     2    0.009451    0.165517    0.156273    4.877268 ^ _17706_/X (sky130_fd_sc_hd__xor2_1)
                                                         _08369_ (net)
                      0.165520    0.000601    4.877869 ^ _17724_/A (sky130_fd_sc_hd__xnor2_1)
     1    0.005264    0.116110    0.093727    4.971596 ^ _17724_/Y (sky130_fd_sc_hd__xnor2_1)
                                                         _08389_ (net)
                      0.116110    0.000388    4.971984 ^ _17728_/B (sky130_fd_sc_hd__xor2_1)
     2    0.008561    0.153912    0.148760    5.120744 ^ _17728_/X (sky130_fd_sc_hd__xor2_1)
                                                         _08393_ (net)
                      0.153912    0.000346    5.121090 ^ _17742_/A (sky130_fd_sc_hd__xor2_1)
     2    0.011326    0.190136    0.177022    5.298111 ^ _17742_/X (sky130_fd_sc_hd__xor2_1)
                                                         _08409_ (net)
                      0.190139    0.000629    5.298740 ^ _17743_/A2 (sky130_fd_sc_hd__a21oi_1)
     2    0.006564    0.088108    0.071174    5.369914 v _17743_/Y (sky130_fd_sc_hd__a21oi_1)
                                                         _08410_ (net)
                      0.088131    0.000270    5.370184 v _17744_/B (sky130_fd_sc_hd__nor2_1)
     2    0.008148    0.116616    0.122124    5.492308 ^ _17744_/Y (sky130_fd_sc_hd__nor2_1)
                                                         _08411_ (net)
                      0.116620    0.000510    5.492818 ^ _17746_/A_N (sky130_fd_sc_hd__nand2b_1)
     2    0.010252    0.088178    0.114977    5.607796 ^ _17746_/Y (sky130_fd_sc_hd__nand2b_1)
                                                         _08413_ (net)
                      0.088220    0.000804    5.608600 ^ _17759_/A (sky130_fd_sc_hd__nor2_1)
     1    0.002712    0.036723    0.031031    5.639631 v _17759_/Y (sky130_fd_sc_hd__nor2_1)
                                                         _08427_ (net)
                      0.036723    0.000191    5.639822 v _17760_/A (sky130_fd_sc_hd__inv_1)
     2    0.007167    0.050689    0.054754    5.694576 ^ _17760_/Y (sky130_fd_sc_hd__inv_1)
                                                         _08428_ (net)
                      0.050690    0.000237    5.694813 ^ _17778_/A (sky130_fd_sc_hd__nor2_1)
     1    0.006515    0.043949    0.038238    5.733051 v _17778_/Y (sky130_fd_sc_hd__nor2_1)
                                                         _08448_ (net)
                      0.043958    0.000523    5.733574 v _17779_/B1 (sky130_fd_sc_hd__a211oi_2)
     2    0.008765    0.165661    0.127350    5.860923 ^ _17779_/Y (sky130_fd_sc_hd__a211oi_2)
                                                         _08449_ (net)
                      0.165662    0.000630    5.861554 ^ _17795_/A1 (sky130_fd_sc_hd__a21oi_2)
     2    0.012250    0.060000    0.056320    5.917874 v _17795_/Y (sky130_fd_sc_hd__a21oi_2)
                                                         _08467_ (net)
                      0.060035    0.001073    5.918947 v _17797_/A2 (sky130_fd_sc_hd__o21ai_2)
     2    0.008744    0.102258    0.109372    6.028319 ^ _17797_/Y (sky130_fd_sc_hd__o21ai_2)
                                                         _08469_ (net)
                      0.102259    0.000552    6.028871 ^ _17799_/B1 (sky130_fd_sc_hd__o21ai_2)
     1    0.008617    0.052378    0.036766    6.065637 v _17799_/Y (sky130_fd_sc_hd__o21ai_2)
                                                         _08471_ (net)
                      0.052392    0.000661    6.066298 v _17821_/B (sky130_fd_sc_hd__xnor2_2)
     2    0.015322    0.177482    0.158931    6.225229 ^ _17821_/Y (sky130_fd_sc_hd__xnor2_2)
                                                         net277 (net)
                      0.177488    0.000809    6.226038 ^ rebuffer1478/A (sky130_fd_sc_hd__buf_6)
     4    0.060624    0.096157    0.127170    6.353208 ^ rebuffer1478/X (sky130_fd_sc_hd__buf_6)
                                                         net1478 (net)
                      0.096841    0.006517    6.359725 ^ _17822_/A (sky130_fd_sc_hd__inv_4)
     4    0.065033    0.067147    0.066422    6.426147 v _17822_/Y (sky130_fd_sc_hd__inv_4)
                                                         _08496_ (net)
                      0.067790    0.005195    6.431342 v fanout254/A (sky130_fd_sc_hd__buf_4)
     4    0.038230    0.047253    0.126870    6.558211 v fanout254/X (sky130_fd_sc_hd__buf_4)
                                                         net254 (net)
                      0.048712    0.006523    6.564734 v load_slew255/A (sky130_fd_sc_hd__buf_6)
     7    0.068902    0.054728    0.103621    6.668355 v load_slew255/X (sky130_fd_sc_hd__buf_6)
                                                         net255 (net)
                      0.068438    0.021009    6.689364 v fanout252/A (sky130_fd_sc_hd__clkdlybuf4s50_1)
     2    0.007652    0.056531    0.313365    7.002729 v fanout252/X (sky130_fd_sc_hd__clkdlybuf4s50_1)
                                                         net252 (net)
                      0.056531    0.000215    7.002944 v load_slew253/A (sky130_fd_sc_hd__buf_6)
     8    0.072268    0.056682    0.110322    7.113266 v load_slew253/X (sky130_fd_sc_hd__buf_6)
                                                         net253 (net)
                      0.067053    0.018473    7.131738 v fanout251/A (sky130_fd_sc_hd__buf_12)
    10    0.074181    0.038751    0.113367    7.245105 v fanout251/X (sky130_fd_sc_hd__buf_12)
                                                         net251 (net)
                      0.042341    0.008768    7.253872 v _18119_/A1 (sky130_fd_sc_hd__o21a_4)
     2    0.017822    0.037928    0.150830    7.404703 v _18119_/X (sky130_fd_sc_hd__o21a_4)
                                                         _08822_ (net)
                      0.037990    0.001323    7.406026 v _18120_/B2 (sky130_fd_sc_hd__o221a_4)
     3    0.013472    0.040855    0.144404    7.550431 v _18120_/X (sky130_fd_sc_hd__o221a_4)
                                                         _08823_ (net)
                      0.040902    0.000858    7.551289 v _18123_/A2 (sky130_fd_sc_hd__o2111ai_2)
     2    0.008795    0.150859    0.143780    7.695069 ^ _18123_/Y (sky130_fd_sc_hd__o2111ai_2)
                                                         _08827_ (net)
                      0.150859    0.000729    7.695798 ^ _18131_/A1 (sky130_fd_sc_hd__a221o_1)
     2    0.024995    0.184053    0.205715    7.901513 ^ _18131_/X (sky130_fd_sc_hd__a221o_1)
                                                         _08835_ (net)
                      0.184138    0.003264    7.904777 ^ _18132_/A (sky130_fd_sc_hd__nor2_4)
     3    0.030440    0.064238    0.054238    7.959014 v _18132_/Y (sky130_fd_sc_hd__nor2_4)
                                                         _08837_ (net)
                      0.064659    0.004098    7.963112 v _18180_/A1 (sky130_fd_sc_hd__o31ai_4)
     1    0.010601    0.166369    0.202864    8.165977 ^ _18180_/Y (sky130_fd_sc_hd__o31ai_4)
                                                         _08889_ (net)
                      0.166370    0.000960    8.166937 ^ wire224/A (sky130_fd_sc_hd__buf_6)
     2    0.025458    0.046691    0.093376    8.260313 ^ wire224/X (sky130_fd_sc_hd__buf_6)
                                                         net224 (net)
                      0.046813    0.001867    8.262179 ^ max_cap223/A (sky130_fd_sc_hd__clkbuf_1)
     2    0.008669    0.081388    0.089181    8.351360 ^ max_cap223/X (sky130_fd_sc_hd__clkbuf_1)
                                                         net223 (net)
                      0.081395    0.000624    8.351984 ^ _18359_/A1 (sky130_fd_sc_hd__a31oi_2)
     3    0.014254    0.116844    0.080746    8.432731 v _18359_/Y (sky130_fd_sc_hd__a31oi_2)
                                                         _09086_ (net)
                      0.116858    0.000982    8.433713 v _18370_/B2 (sky130_fd_sc_hd__o221ai_2)
     2    0.011328    0.152042    0.158979    8.592691 ^ _18370_/Y (sky130_fd_sc_hd__o221ai_2)
                                                         _09098_ (net)
                      0.152043    0.000794    8.593485 ^ rebuffer1532/A (sky130_fd_sc_hd__buf_4)
     2    0.008840    0.030534    0.092549    8.686034 ^ rebuffer1532/X (sky130_fd_sc_hd__buf_4)
                                                         net1532 (net)
                      0.030536    0.000461    8.686496 ^ _18377_/A1 (sky130_fd_sc_hd__a21o_1)
     1    0.004808    0.040307    0.070187    8.756682 ^ _18377_/X (sky130_fd_sc_hd__a21o_1)
                                                         _09106_ (net)
                      0.040308    0.000225    8.756907 ^ _18378_/B (sky130_fd_sc_hd__xor2_1)
     2    0.010824    0.183685    0.167447    8.924355 ^ _18378_/X (sky130_fd_sc_hd__xor2_1)
                                                         _09107_ (net)
                      0.183689    0.000727    8.925082 ^ _18395_/A1 (sky130_fd_sc_hd__a41oi_2)
     1    0.013085    0.105691    0.107178    9.032261 v _18395_/Y (sky130_fd_sc_hd__a41oi_2)
                                                         _09126_ (net)
                      0.105696    0.001280    9.033541 v fanout198/A (sky130_fd_sc_hd__buf_6)
     5    0.066185    0.053046    0.131362    9.164903 v fanout198/X (sky130_fd_sc_hd__buf_6)
                                                         net198 (net)
                      0.060483    0.015162    9.180065 v fanout190/A (sky130_fd_sc_hd__clkdlybuf4s50_1)
    10    0.060180    0.306970    0.507714    9.687778 v fanout190/X (sky130_fd_sc_hd__clkdlybuf4s50_1)
                                                         net190 (net)
                      0.307141    0.006582    9.694361 v _18423_/A2 (sky130_fd_sc_hd__o21ai_2)
     1    0.033153    0.286635    0.335254   10.029614 ^ _18423_/Y (sky130_fd_sc_hd__o21ai_2)
                                                         fixed_pkg::s_narrow48$func$/headless/otolith/hdl/rtl/fixed_pkg.sv:130$9.$unnamed_block$1.v[22] (net)
                      0.286682    0.002987   10.032601 ^ wire175/A (sky130_fd_sc_hd__clkbuf_2)
     1    0.033357    0.142750    0.178022   10.210624 ^ wire175/X (sky130_fd_sc_hd__clkbuf_2)
                                                         net175 (net)
                      0.143111    0.005817   10.216440 ^ _18594_/D (sky130_fd_sc_hd__dfrtp_1)
                                             10.216440   data arrival time

                                 10.000000   10.000000   clock clk (rise edge)
                                  0.000000   10.000000   clock source latency
     1    0.082969    0.221463    0.166124   10.166124 ^ clk (in)
                                                         clk (net)
                      0.229542    0.000000   10.166124 ^ clkbuf_0_clk/A (sky130_fd_sc_hd__clkbuf_16)
     8    0.173557    0.144409    0.195382   10.361506 ^ clkbuf_0_clk/X (sky130_fd_sc_hd__clkbuf_16)
                                                         clknet_0_clk (net)
                      0.146511    0.013873   10.375380 ^ clkbuf_3_0_0_clk/A (sky130_fd_sc_hd__clkbuf_16)
     4    0.065611    0.064862    0.133554   10.508934 ^ clkbuf_3_0_0_clk/X (sky130_fd_sc_hd__clkbuf_16)
                                                         clknet_3_0_0_clk (net)
                      0.069774    0.013658   10.522592 ^ clkbuf_5_3__f_clk/A (sky130_fd_sc_hd__clkbuf_16)
     6    0.036432    0.042609    0.104734   10.627326 ^ clkbuf_5_3__f_clk/X (sky130_fd_sc_hd__clkbuf_16)
                                                         clknet_5_3__leaf_clk (net)
                      0.043144    0.003600   10.630926 ^ _18594_/CLK (sky130_fd_sc_hd__dfrtp_1)
                                 -0.250000   10.380926   clock uncertainty
                                  0.000000   10.380926   clock reconvergence pessimism
                                 -0.043966   10.336959   library setup time
                                             10.336959   data required time
---------------------------------------------------------------------------------------------
                                             10.336959   data required time
                                            -10.216440   data arrival time
---------------------------------------------------------------------------------------------
                                              0.120519   slack (MET)




===========================================================================
report_checks --slack_max -0.01
============================================================================
======================= max_ff_n40C_1v95 Corner ===================================

No paths found.


===========================================================================
 report_check_types -max_slew -max_cap -max_fanout -violators
============================================================================
======================= max_ff_n40C_1v95 Corner ===================================



===========================================================================
report_parasitic_annotation -report_unannotated
============================================================================
Found 10 unannotated drivers.
 clkload0/X
 clkload1/X
 clkload2/X
 clkload3/X
 clkload4/X
 clkload5/X
 clkload6/X
 clkload7/X
 clkload8/X
 clkload9/X
Found 0 partially unannotated drivers.

===========================================================================
max slew violation count 0
max fanout violation count 0
max cap violation count 0
============================================================================

===========================================================================
check_setup -verbose -unconstrained_endpoints -multiple_clock -no_clock -no_input_delay -loops -generated_clocks
===========================================================================
