Clock: clk
Sources: clk 
Generated: no
Virtual: yes
Propagated: no
Period: 10.000000

===========================================================================
report_clock_properties
============================================================================
Clock                   Period          Waveform
----------------------------------------------------
clk                  10.000000    0.000000  5.000000

===========================================================================
report_clock_latency
============================================================================
Clock clk
rise -> rise
    min     max
0.000000 0.000000 source latency
0.627980         network latency _18551_/CLK
        0.692492 network latency _18539_/CLK
---------------
0.627980 0.692492 latency
        0.064511 skew

fall -> fall
    min     max
0.000000 0.000000 source latency
0.674034         network latency _18551_/CLK
        0.720483 network latency _18539_/CLK
---------------
0.674034 0.720483 latency
        0.046450 skew



===========================================================================
report_clock_min_period
============================================================================
clk period_min = 9.88 fmax = 101.22
