
===========================================================================
report_checks -unconstrained
===========================================================================
======================= nom_tt_025C_1v80 Corner ===================================

Startpoint: rst_n (input port clocked by clk)
Endpoint: _18504_ (recovery check against rising-edge clock clk)
Path Group: asynchronous
Path Type: max

Fanout         Cap        Slew       Delay        Time   Description
---------------------------------------------------------------------------------------------
                                  0.000000    0.000000   clock clk (rise edge)
                                  0.000000    0.000000   clock network delay (propagated)
                                  2.000000    2.000000 ^ input external delay
     1    0.002794    0.019707    0.010284    2.010284 ^ rst_n (in)
                                                         rst_n (net)
                      0.019707    0.000000    2.010284 ^ input97/A (sky130_fd_sc_hd__buf_2)
     1    0.003484    0.029653    0.084074    2.094358 ^ input97/X (sky130_fd_sc_hd__buf_2)
                                                         net97 (net)
                      0.029653    0.000040    2.094398 ^ fanout1475/A (sky130_fd_sc_hd__clkdlybuf4s50_1)
     3    0.016792    0.172955    0.559738    2.654136 ^ fanout1475/X (sky130_fd_sc_hd__clkdlybuf4s50_1)
                                                         net1475 (net)
                      0.172955    0.000721    2.654857 ^ fanout1448/A (sky130_fd_sc_hd__clkdlybuf4s50_1)
     2    0.013114    0.138925    0.580203    3.235060 ^ fanout1448/X (sky130_fd_sc_hd__clkdlybuf4s50_1)
                                                         net1448 (net)
                      0.138925    0.000626    3.235686 ^ wire1450/A (sky130_fd_sc_hd__buf_4)
     4    0.039586    0.116861    0.195635    3.431321 ^ wire1450/X (sky130_fd_sc_hd__buf_4)
                                                         net1450 (net)
                      0.117343    0.006084    3.437406 ^ load_slew1449/A (sky130_fd_sc_hd__buf_4)
     1    0.030169    0.092040    0.173138    3.610544 ^ load_slew1449/X (sky130_fd_sc_hd__buf_4)
                                                         net1449 (net)
                      0.092497    0.005155    3.615699 ^ fanout1446/A (sky130_fd_sc_hd__clkdlybuf4s50_1)
     5    0.020328    0.205900    0.604933    4.220632 ^ fanout1446/X (sky130_fd_sc_hd__clkdlybuf4s50_1)
                                                         net1446 (net)
                      0.205900    0.000151    4.220782 ^ load_slew1447/A (sky130_fd_sc_hd__buf_4)
     4    0.030576    0.093816    0.199638    4.420420 ^ load_slew1447/X (sky130_fd_sc_hd__buf_4)
                                                         net1447 (net)
                      0.093954    0.002194    4.422614 ^ fanout1445/A (sky130_fd_sc_hd__clkdlybuf4s50_1)
     6    0.039399    0.383286    0.731656    5.154270 ^ fanout1445/X (sky130_fd_sc_hd__clkdlybuf4s50_1)
                                                         net1445 (net)
                      0.383293    0.002301    5.156571 ^ fanout1443/A (sky130_fd_sc_hd__clkdlybuf4s50_1)
     2    0.006540    0.079324    0.583219    5.739790 ^ fanout1443/X (sky130_fd_sc_hd__clkdlybuf4s50_1)
                                                         net1443 (net)
                      0.079324    0.000075    5.739865 ^ wire1444/A (sky130_fd_sc_hd__buf_4)
     9    0.041240    0.120456    0.180920    5.920785 ^ wire1444/X (sky130_fd_sc_hd__buf_4)
                                                         net1444 (net)
                      0.120456    0.000290    5.921075 ^ fanout1442/A (sky130_fd_sc_hd__clkdlybuf4s50_1)
     8    0.034906    0.341183    0.711157    6.632232 ^ fanout1442/X (sky130_fd_sc_hd__clkdlybuf4s50_1)
                                                         net1442 (net)
                      0.341183    0.000185    6.632417 ^ _18504_/RESET_B (sky130_fd_sc_hd__dfrtp_2)
                                              6.632417   data arrival time

                                 10.000000   10.000000   clock clk (rise edge)
                                  0.000000   10.000000   clock source latency
     1    0.049389    0.174423    0.122774   10.122774 ^ clk (in)
                                                         clk (net)
                      0.174778    0.000000   10.122774 ^ clkbuf_0_clk/A (sky130_fd_sc_hd__clkbuf_16)
     8    0.122543    0.136396    0.244284   10.367058 ^ clkbuf_0_clk/X (sky130_fd_sc_hd__clkbuf_16)
                                                         clknet_0_clk (net)
                      0.136767    0.005701   10.372759 ^ clkbuf_3_3_0_clk/A (sky130_fd_sc_hd__clkbuf_16)
     4    0.051649    0.070726    0.182469   10.555228 ^ clkbuf_3_3_0_clk/X (sky130_fd_sc_hd__clkbuf_16)
                                                         clknet_3_3_0_clk (net)
                      0.070806    0.002141   10.557368 ^ clkbuf_5_14__f_clk/A (sky130_fd_sc_hd__clkbuf_16)
     6    0.026097    0.047309    0.140439   10.697807 ^ clkbuf_5_14__f_clk/X (sky130_fd_sc_hd__clkbuf_16)
                                                         clknet_5_14__leaf_clk (net)
                      0.047353    0.001281   10.699088 ^ _18504_/CLK (sky130_fd_sc_hd__dfrtp_2)
                                 -0.250000   10.449088   clock uncertainty
                                  0.000000   10.449088   clock reconvergence pessimism
                                  0.131561   10.580649   library recovery time
                                             10.580649   data required time
---------------------------------------------------------------------------------------------
                                             10.580649   data required time
                                             -6.632417   data arrival time
---------------------------------------------------------------------------------------------
                                              3.948233   slack (MET)


Startpoint: _18502_ (rising edge-triggered flip-flop clocked by clk)
Endpoint: _18576_ (rising edge-triggered flip-flop clocked by clk)
Path Group: clk
Path Type: max

Fanout         Cap        Slew       Delay        Time   Description
---------------------------------------------------------------------------------------------
                                  0.000000    0.000000   clock clk (rise edge)
                                  0.000000    0.000000   clock source latency
     1    0.049389    0.174423    0.122774    0.122774 ^ clk (in)
                                                         clk (net)
                      0.174778    0.000000    0.122774 ^ clkbuf_0_clk/A (sky130_fd_sc_hd__clkbuf_16)
     8    0.122543    0.136396    0.244284    0.367058 ^ clkbuf_0_clk/X (sky130_fd_sc_hd__clkbuf_16)
                                                         clknet_0_clk (net)
                      0.136768    0.005704    0.372762 ^ clkbuf_3_2_0_clk/A (sky130_fd_sc_hd__clkbuf_16)
     4    0.051340    0.070501    0.181465    0.554227 ^ clkbuf_3_2_0_clk/X (sky130_fd_sc_hd__clkbuf_16)
                                                         clknet_3_2_0_clk (net)
                      0.070803    0.003550    0.557776 ^ clkbuf_5_8__f_clk/A (sky130_fd_sc_hd__clkbuf_16)
     6    0.016732    0.039078    0.131757    0.689533 ^ clkbuf_5_8__f_clk/X (sky130_fd_sc_hd__clkbuf_16)
                                                         clknet_5_8__leaf_clk (net)
                      0.039086    0.000281    0.689815 ^ _18502_/CLK (sky130_fd_sc_hd__dfrtp_1)
     1    0.003244    0.048564    0.315407    1.005221 ^ _18502_/Q (sky130_fd_sc_hd__dfrtp_1)
                                                         a_r[28] (net)
                      0.048564    0.000030    1.005252 ^ fanout971/A (sky130_fd_sc_hd__clkdlybuf4s50_1)
     3    0.024323    0.242144    0.616912    1.622164 ^ fanout971/X (sky130_fd_sc_hd__clkdlybuf4s50_1)
                                                         net971 (net)
                      0.242145    0.001227    1.623391 ^ wire972/A (sky130_fd_sc_hd__buf_4)
     3    0.039038    0.116358    0.222859    1.846250 ^ wire972/X (sky130_fd_sc_hd__buf_4)
                                                         net972 (net)
                      0.117253    0.008142    1.854392 ^ fanout969/A (sky130_fd_sc_hd__clkdlybuf4s50_1)
     2    0.038335    0.373726    0.730433    2.584825 ^ fanout969/X (sky130_fd_sc_hd__clkdlybuf4s50_1)
                                                         net969 (net)
                      0.373726    0.000006    2.584832 ^ fanout964/A (sky130_fd_sc_hd__clkdlybuf4s50_1)
     6    0.035081    0.343536    0.771905    3.356737 ^ fanout964/X (sky130_fd_sc_hd__clkdlybuf4s50_1)
                                                         net964 (net)
                      0.343536    0.000089    3.356826 ^ fanout963/A (sky130_fd_sc_hd__clkdlybuf4s50_1)
     5    0.022782    0.228474    0.686477    4.043303 ^ fanout963/X (sky130_fd_sc_hd__clkdlybuf4s50_1)
                                                         net963 (net)
                      0.228474    0.000062    4.043365 ^ fanout962/A (sky130_fd_sc_hd__clkdlybuf4s50_1)
    10    0.036296    0.354480    0.750208    4.793573 ^ fanout962/X (sky130_fd_sc_hd__clkdlybuf4s50_1)
                                                         net962 (net)
                      0.354489    0.002251    4.795825 ^ _12267_/A (sky130_fd_sc_hd__and2_0)
     2    0.006106    0.103219    0.210866    5.006691 ^ _12267_/X (sky130_fd_sc_hd__and2_0)
                                                         _02386_ (net)
                      0.103219    0.000018    5.006708 ^ _12387_/A (sky130_fd_sc_hd__xnor3_1)
     2    0.007363    0.090302    0.427045    5.433753 v _12387_/X (sky130_fd_sc_hd__xnor3_1)
                                                         _02518_ (net)
                      0.090302    0.000064    5.433817 v _12554_/C (sky130_fd_sc_hd__maj3_1)
     2    0.008387    0.094140    0.399139    5.832956 v _12554_/X (sky130_fd_sc_hd__maj3_1)
                                                         _02702_ (net)
                      0.094140    0.000147    5.833103 v _12567_/A (sky130_fd_sc_hd__xnor2_1)
     2    0.007395    0.211654    0.233712    6.066815 ^ _12567_/Y (sky130_fd_sc_hd__xnor2_1)
                                                         _02716_ (net)
                      0.211654    0.000029    6.066844 ^ _12576_/A (sky130_fd_sc_hd__xor2_1)
     2    0.010164    0.241995    0.262305    6.329149 ^ _12576_/X (sky130_fd_sc_hd__xor2_1)
                                                         _02726_ (net)
                      0.241995    0.000176    6.329325 ^ _12594_/B (sky130_fd_sc_hd__xor3_1)
     2    0.015672    0.131725    0.436031    6.765357 v _12594_/X (sky130_fd_sc_hd__xor3_1)
                                                         _02746_ (net)
                      0.131730    0.001044    6.766400 v _12622_/B (sky130_fd_sc_hd__xor3_1)
     2    0.008753    0.099077    0.419850    7.186251 v _12622_/X (sky130_fd_sc_hd__xor3_1)
                                                         _02777_ (net)
                      0.099122    0.000102    7.186353 v _12642_/B (sky130_fd_sc_hd__xnor3_1)
     2    0.007509    0.090955    0.379469    7.565822 v _12642_/X (sky130_fd_sc_hd__xnor3_1)
                                                         _02799_ (net)
                      0.090955    0.000087    7.565909 v _12645_/B (sky130_fd_sc_hd__xor2_1)
     3    0.013695    0.315731    0.289802    7.855711 ^ _12645_/X (sky130_fd_sc_hd__xor2_1)
                                                         _02802_ (net)
                      0.315731    0.000063    7.855774 ^ _12867_/B (sky130_fd_sc_hd__xnor3_1)
     2    0.007172    0.089286    0.402586    8.258360 v _12867_/X (sky130_fd_sc_hd__xnor3_1)
                                                         _03046_ (net)
                      0.089286    0.000044    8.258403 v _12871_/B (sky130_fd_sc_hd__xor2_1)
     2    0.007139    0.072623    0.172629    8.431032 v _12871_/X (sky130_fd_sc_hd__xor2_1)
                                                         _03050_ (net)
                      0.072623    0.000038    8.431070 v _12976_/A (sky130_fd_sc_hd__xnor2_1)
     3    0.010303    0.270637    0.268658    8.699728 ^ _12976_/Y (sky130_fd_sc_hd__xnor2_1)
                                                         _03166_ (net)
                      0.270637    0.000046    8.699775 ^ _12977_/B (sky130_fd_sc_hd__nor2_1)
     2    0.005637    0.073487    0.093237    8.793011 v _12977_/Y (sky130_fd_sc_hd__nor2_1)
                                                         _03167_ (net)
                      0.073487    0.000011    8.793021 v _13193_/A1 (sky130_fd_sc_hd__a21oi_1)
     1    0.002158    0.094425    0.119330    8.912352 ^ _13193_/Y (sky130_fd_sc_hd__a21oi_1)
                                                         _03405_ (net)
                      0.094425    0.000011    8.912363 ^ _13194_/B1 (sky130_fd_sc_hd__o21ai_0)
     2    0.007843    0.119062    0.136266    9.048629 v _13194_/Y (sky130_fd_sc_hd__o21ai_0)
                                                         _03406_ (net)
                      0.119101    0.000193    9.048821 v _14054_/A1 (sky130_fd_sc_hd__a311oi_1)
     1    0.007784    0.343245    0.344273    9.393095 ^ _14054_/Y (sky130_fd_sc_hd__a311oi_1)
                                                         _04352_ (net)
                      0.343245    0.000320    9.393414 ^ wire293/A (sky130_fd_sc_hd__buf_1)
     2    0.008046    0.103644    0.171067    9.564481 ^ wire293/X (sky130_fd_sc_hd__buf_1)
                                                         net293 (net)
                      0.103644    0.000203    9.564684 ^ _14055_/B (sky130_fd_sc_hd__nor2_1)
     1    0.004732    0.040743    0.059225    9.623908 v _14055_/Y (sky130_fd_sc_hd__nor2_1)
                                                         _04353_ (net)
                      0.040743    0.000102    9.624010 v _14056_/C (sky130_fd_sc_hd__nor3_1)
     1    0.003441    0.161330    0.137815    9.761826 ^ _14056_/Y (sky130_fd_sc_hd__nor3_1)
                                                         _04354_ (net)
                      0.161330    0.000040    9.761866 ^ wire289/A (sky130_fd_sc_hd__buf_1)
     3    0.010176    0.127057    0.166309    9.928174 ^ wire289/X (sky130_fd_sc_hd__buf_1)
                                                         net289 (net)
                      0.127057    0.000312    9.928486 ^ _15556_/C1 (sky130_fd_sc_hd__o211ai_1)
     3    0.013236    0.159018    0.174310   10.102797 v _15556_/Y (sky130_fd_sc_hd__o211ai_1)
                                                         _06004_ (net)
                      0.159023    0.000695   10.103492 v _17146_/A (sky130_fd_sc_hd__nand4_1)
     1    0.007039    0.109290    0.143695   10.247187 ^ _17146_/Y (sky130_fd_sc_hd__nand4_1)
                                                         _07753_ (net)
                      0.109291    0.000254   10.247440 ^ wire281/A (sky130_fd_sc_hd__clkbuf_2)
     3    0.017540    0.102007    0.169341   10.416781 ^ wire281/X (sky130_fd_sc_hd__clkbuf_2)
                                                         net281 (net)
                      0.102024    0.001354   10.418135 ^ _17667_/A1 (sky130_fd_sc_hd__a211oi_1)
     2    0.008060    0.087607    0.106614   10.524750 v _17667_/Y (sky130_fd_sc_hd__a211oi_1)
                                                         _08326_ (net)
                      0.087607    0.000272   10.525022 v _17776_/A1 (sky130_fd_sc_hd__o21ai_0)
     2    0.007976    0.272316    0.275534   10.800555 ^ _17776_/Y (sky130_fd_sc_hd__o21ai_0)
                                                         _08446_ (net)
                      0.272316    0.000230   10.800785 ^ _17795_/A1 (sky130_fd_sc_hd__a21oi_1)
     2    0.006240    0.099123    0.135381   10.936166 v _17795_/Y (sky130_fd_sc_hd__a21oi_1)
                                                         _08467_ (net)
                      0.099123    0.000127   10.936293 v _17797_/A1 (sky130_fd_sc_hd__o21ai_0)
     2    0.004834    0.192984    0.215203   11.151496 ^ _17797_/Y (sky130_fd_sc_hd__o21ai_0)
                                                         _08469_ (net)
                      0.192984    0.000011   11.151506 ^ _17799_/B1 (sky130_fd_sc_hd__o21ai_0)
     1    0.004891    0.102552    0.140392   11.291899 v _17799_/Y (sky130_fd_sc_hd__o21ai_0)
                                                         _08471_ (net)
                      0.102552    0.000029   11.291927 v _17821_/A (sky130_fd_sc_hd__xnor2_1)
     1    0.004072    0.139828    0.186775   11.478703 ^ _17821_/Y (sky130_fd_sc_hd__xnor2_1)
                                                         fixed_pkg::s_narrow48$func$/headless/otolith/hdl/rtl/fixed_pkg.sv:130$9.$unnamed_block$1.v[63] (net)
                      0.139828    0.000065   11.478767 ^ fanout277/A (sky130_fd_sc_hd__clkdlybuf4s50_1)
     5    0.032438    0.318297    0.699726   12.178493 ^ fanout277/X (sky130_fd_sc_hd__clkdlybuf4s50_1)
                                                         net277 (net)
                      0.318297    0.000025   12.178518 ^ load_slew278/A (sky130_fd_sc_hd__buf_4)
     4    0.033588    0.103388    0.230197   12.408715 ^ load_slew278/X (sky130_fd_sc_hd__buf_4)
                                                         net278 (net)
                      0.103746    0.004319   12.413034 ^ fanout266/A (sky130_fd_sc_hd__clkdlybuf4s50_1)
     8    0.037927    0.369402    0.725656   13.138691 ^ fanout266/X (sky130_fd_sc_hd__clkdlybuf4s50_1)
                                                         net266 (net)
                      0.369402    0.000774   13.139465 ^ fanout265/A (sky130_fd_sc_hd__clkdlybuf4s50_1)
     7    0.029185    0.287845    0.734306   13.873771 ^ fanout265/X (sky130_fd_sc_hd__clkdlybuf4s50_1)
                                                         net265 (net)
                      0.287845    0.000273   13.874043 ^ fanout261/A (sky130_fd_sc_hd__clkdlybuf4s50_1)
     2    0.007647    0.091745    0.574482   14.448525 ^ fanout261/X (sky130_fd_sc_hd__clkdlybuf4s50_1)
                                                         net261 (net)
                      0.091745    0.000007   14.448532 ^ load_slew262/A (sky130_fd_sc_hd__buf_4)
     9    0.039100    0.115139    0.182051   14.630584 ^ load_slew262/X (sky130_fd_sc_hd__buf_4)
                                                         net262 (net)
                      0.115143    0.000847   14.631431 ^ _17870_/A (sky130_fd_sc_hd__xor2_1)
     2    0.011881    0.282068    0.270282   14.901712 ^ _17870_/X (sky130_fd_sc_hd__xor2_1)
                                                         _08548_ (net)
                      0.282068    0.000018   14.901730 ^ _17875_/A (sky130_fd_sc_hd__nor2b_1)
     2    0.004838    0.074192    0.097803   14.999533 v _17875_/Y (sky130_fd_sc_hd__nor2b_1)
                                                         _08554_ (net)
                      0.074192    0.000043   14.999576 v _17887_/A (sky130_fd_sc_hd__and2_0)
     2    0.005100    0.055320    0.157197   15.156773 v _17887_/X (sky130_fd_sc_hd__and2_0)
                                                         _08567_ (net)
                      0.055320    0.000014   15.156787 v _17919_/A1 (sky130_fd_sc_hd__a221oi_1)
     2    0.005787    0.313051    0.324148   15.480934 ^ _17919_/Y (sky130_fd_sc_hd__a221oi_1)
                                                         _08602_ (net)
                      0.313051    0.000052   15.480986 ^ _17920_/B1_N (sky130_fd_sc_hd__a21boi_0)
     2    0.005109    0.209747    0.261599   15.742584 ^ _17920_/Y (sky130_fd_sc_hd__a21boi_0)
                                                         _08603_ (net)
                      0.209747    0.000053   15.742638 ^ max_cap240/A (sky130_fd_sc_hd__buf_1)
     3    0.009211    0.116229    0.165713   15.908351 ^ max_cap240/X (sky130_fd_sc_hd__buf_1)
                                                         net240 (net)
                      0.116229    0.000179   15.908530 ^ _18191_/A1 (sky130_fd_sc_hd__o31ai_1)
     2    0.005633    0.082311    0.105784   16.014315 v _18191_/Y (sky130_fd_sc_hd__o31ai_1)
                                                         _08901_ (net)
                      0.082311    0.000062   16.014376 v max_cap232/A (sky130_fd_sc_hd__clkdlybuf4s25_1)
     2    0.006007    0.060641    0.277776   16.292152 v max_cap232/X (sky130_fd_sc_hd__clkdlybuf4s25_1)
                                                         net232 (net)
                      0.060641    0.000094   16.292246 v wire231/A (sky130_fd_sc_hd__clkdlybuf4s25_1)
     2    0.008397    0.076000    0.282940   16.575186 v wire231/X (sky130_fd_sc_hd__clkdlybuf4s25_1)
                                                         net231 (net)
                      0.076000    0.000085   16.575272 v _18302_/C (sky130_fd_sc_hd__maj3_1)
     1    0.008372    0.097056    0.394872   16.970142 v _18302_/X (sky130_fd_sc_hd__maj3_1)
                                                         _09024_ (net)
                      0.097056    0.000028   16.970171 v _18303_/B (sky130_fd_sc_hd__xnor2_2)
     1    0.010143    0.093115    0.166475   17.136646 v _18303_/Y (sky130_fd_sc_hd__xnor2_2)
                                                         _09025_ (net)
                      0.093116    0.000574   17.137220 v wire221/A (sky130_fd_sc_hd__buf_2)
     2    0.026914    0.073828    0.187256   17.324476 v wire221/X (sky130_fd_sc_hd__buf_2)
                                                         net221 (net)
                      0.073832    0.000448   17.324924 v _18307_/B (sky130_fd_sc_hd__nor4_1)
     1    0.005039    0.292468    0.320568   17.645493 ^ _18307_/Y (sky130_fd_sc_hd__nor4_1)
                                                         _09029_ (net)
                      0.292468    0.000115   17.645609 ^ wire202/A (sky130_fd_sc_hd__clkdlybuf4s25_1)
     1    0.006069    0.073972    0.332699   17.978308 ^ wire202/X (sky130_fd_sc_hd__clkdlybuf4s25_1)
                                                         net202 (net)
                      0.073972    0.000178   17.978485 ^ _18308_/D (sky130_fd_sc_hd__nand4_1)
     1    0.004538    0.119779    0.109868   18.088352 v _18308_/Y (sky130_fd_sc_hd__nand4_1)
                                                         _09030_ (net)
                      0.119779    0.000089   18.088442 v _18348_/A3 (sky130_fd_sc_hd__o41ai_1)
     1    0.003787    0.301362    0.350445   18.438887 ^ _18348_/Y (sky130_fd_sc_hd__o41ai_1)
                                                         _09074_ (net)
                      0.301362    0.000052   18.438938 ^ wire199/A (sky130_fd_sc_hd__clkdlybuf4s25_1)
     1    0.004865    0.062757    0.325485   18.764423 ^ wire199/X (sky130_fd_sc_hd__clkdlybuf4s25_1)
                                                         net199 (net)
                      0.062757    0.000103   18.764526 ^ _18390_/A1 (sky130_fd_sc_hd__a41o_1)
     1    0.005493    0.071599    0.164551   18.929077 ^ _18390_/X (sky130_fd_sc_hd__a41o_1)
                                                         _09120_ (net)
                      0.071599    0.000142   18.929220 ^ fanout188/A (sky130_fd_sc_hd__clkdlybuf4s50_1)
     3    0.008819    0.099298    0.519963   19.449183 ^ fanout188/X (sky130_fd_sc_hd__clkdlybuf4s50_1)
                                                         net188 (net)
                      0.099298    0.000041   19.449223 ^ fanout187/A (sky130_fd_sc_hd__clkdlybuf4s50_1)
    10    0.031499    0.309414    0.681133   20.130356 ^ fanout187/X (sky130_fd_sc_hd__clkdlybuf4s50_1)
                                                         net187 (net)
                      0.309415    0.001176   20.131533 ^ fanout186/A (sky130_fd_sc_hd__clkdlybuf4s50_1)
     7    0.025889    0.257087    0.701734   20.833267 ^ fanout186/X (sky130_fd_sc_hd__clkdlybuf4s50_1)
                                                         net186 (net)
                      0.257087    0.000416   20.833681 ^ fanout184/A (sky130_fd_sc_hd__clkdlybuf4s50_1)
    10    0.028096    0.277709    0.704382   21.538065 ^ fanout184/X (sky130_fd_sc_hd__clkdlybuf4s50_1)
                                                         net184 (net)
                      0.277709    0.000759   21.538822 ^ _18404_/B1 (sky130_fd_sc_hd__o21ai_0)
     1    0.004079    0.106211    0.155051   21.693874 v _18404_/Y (sky130_fd_sc_hd__o21ai_0)
                                                         fixed_pkg::s_narrow48$func$/headless/otolith/hdl/rtl/fixed_pkg.sv:130$9.$unnamed_block$1.v[4] (net)
                      0.106211    0.000073   21.693947 v _18576_/D (sky130_fd_sc_hd__dfrtp_1)
                                             21.693947   data arrival time

                                 10.000000   10.000000   clock clk (rise edge)
                                  0.000000   10.000000   clock source latency
     1    0.049389    0.174423    0.122774   10.122774 ^ clk (in)
                                                         clk (net)
                      0.174778    0.000000   10.122774 ^ clkbuf_0_clk/A (sky130_fd_sc_hd__clkbuf_16)
     8    0.122543    0.136396    0.244284   10.367058 ^ clkbuf_0_clk/X (sky130_fd_sc_hd__clkbuf_16)
                                                         clknet_0_clk (net)
                      0.136914    0.006705   10.373762 ^ clkbuf_3_6_0_clk/A (sky130_fd_sc_hd__clkbuf_16)
     4    0.052715    0.071730    0.182821   10.556583 ^ clkbuf_3_6_0_clk/X (sky130_fd_sc_hd__clkbuf_16)
                                                         clknet_3_6_0_clk (net)
                      0.072068    0.003455   10.560039 ^ clkbuf_5_25__f_clk/A (sky130_fd_sc_hd__clkbuf_16)
     5    0.013419    0.036263    0.129089   10.689127 ^ clkbuf_5_25__f_clk/X (sky130_fd_sc_hd__clkbuf_16)
                                                         clknet_5_25__leaf_clk (net)
                      0.036263    0.000068   10.689195 ^ _18576_/CLK (sky130_fd_sc_hd__dfrtp_1)
                                 -0.250000   10.439195   clock uncertainty
                                  0.000000   10.439195   clock reconvergence pessimism
                                 -0.142993   10.296202   library setup time
                                             10.296202   data required time
---------------------------------------------------------------------------------------------
                                             10.296202   data required time
                                            -21.693947   data arrival time
---------------------------------------------------------------------------------------------
                                            -11.397745   slack (VIOLATED)




===========================================================================
report_checks --slack_max -0.01
============================================================================
======================= nom_tt_025C_1v80 Corner ===================================

Startpoint: _18502_ (rising edge-triggered flip-flop clocked by clk)
Endpoint: _18576_ (rising edge-triggered flip-flop clocked by clk)
Path Group: clk
Path Type: max

Fanout         Cap        Slew       Delay        Time   Description
---------------------------------------------------------------------------------------------
                                  0.000000    0.000000   clock clk (rise edge)
                                  0.000000    0.000000   clock source latency
     1    0.049389    0.174423    0.122774    0.122774 ^ clk (in)
                                                         clk (net)
                      0.174778    0.000000    0.122774 ^ clkbuf_0_clk/A (sky130_fd_sc_hd__clkbuf_16)
     8    0.122543    0.136396    0.244284    0.367058 ^ clkbuf_0_clk/X (sky130_fd_sc_hd__clkbuf_16)
                                                         clknet_0_clk (net)
                      0.136768    0.005704    0.372762 ^ clkbuf_3_2_0_clk/A (sky130_fd_sc_hd__clkbuf_16)
     4    0.051340    0.070501    0.181465    0.554227 ^ clkbuf_3_2_0_clk/X (sky130_fd_sc_hd__clkbuf_16)
                                                         clknet_3_2_0_clk (net)
                      0.070803    0.003550    0.557776 ^ clkbuf_5_8__f_clk/A (sky130_fd_sc_hd__clkbuf_16)
     6    0.016732    0.039078    0.131757    0.689533 ^ clkbuf_5_8__f_clk/X (sky130_fd_sc_hd__clkbuf_16)
                                                         clknet_5_8__leaf_clk (net)
                      0.039086    0.000281    0.689815 ^ _18502_/CLK (sky130_fd_sc_hd__dfrtp_1)
     1    0.003244    0.048564    0.315407    1.005221 ^ _18502_/Q (sky130_fd_sc_hd__dfrtp_1)
                                                         a_r[28] (net)
                      0.048564    0.000030    1.005252 ^ fanout971/A (sky130_fd_sc_hd__clkdlybuf4s50_1)
     3    0.024323    0.242144    0.616912    1.622164 ^ fanout971/X (sky130_fd_sc_hd__clkdlybuf4s50_1)
                                                         net971 (net)
                      0.242145    0.001227    1.623391 ^ wire972/A (sky130_fd_sc_hd__buf_4)
     3    0.039038    0.116358    0.222859    1.846250 ^ wire972/X (sky130_fd_sc_hd__buf_4)
                                                         net972 (net)
                      0.117253    0.008142    1.854392 ^ fanout969/A (sky130_fd_sc_hd__clkdlybuf4s50_1)
     2    0.038335    0.373726    0.730433    2.584825 ^ fanout969/X (sky130_fd_sc_hd__clkdlybuf4s50_1)
                                                         net969 (net)
                      0.373726    0.000006    2.584832 ^ fanout964/A (sky130_fd_sc_hd__clkdlybuf4s50_1)
     6    0.035081    0.343536    0.771905    3.356737 ^ fanout964/X (sky130_fd_sc_hd__clkdlybuf4s50_1)
                                                         net964 (net)
                      0.343536    0.000089    3.356826 ^ fanout963/A (sky130_fd_sc_hd__clkdlybuf4s50_1)
     5    0.022782    0.228474    0.686477    4.043303 ^ fanout963/X (sky130_fd_sc_hd__clkdlybuf4s50_1)
                                                         net963 (net)
                      0.228474    0.000062    4.043365 ^ fanout962/A (sky130_fd_sc_hd__clkdlybuf4s50_1)
    10    0.036296    0.354480    0.750208    4.793573 ^ fanout962/X (sky130_fd_sc_hd__clkdlybuf4s50_1)
                                                         net962 (net)
                      0.354489    0.002251    4.795825 ^ _12267_/A (sky130_fd_sc_hd__and2_0)
     2    0.006106    0.103219    0.210866    5.006691 ^ _12267_/X (sky130_fd_sc_hd__and2_0)
                                                         _02386_ (net)
                      0.103219    0.000018    5.006708 ^ _12387_/A (sky130_fd_sc_hd__xnor3_1)
     2    0.007363    0.090302    0.427045    5.433753 v _12387_/X (sky130_fd_sc_hd__xnor3_1)
                                                         _02518_ (net)
                      0.090302    0.000064    5.433817 v _12554_/C (sky130_fd_sc_hd__maj3_1)
     2    0.008387    0.094140    0.399139    5.832956 v _12554_/X (sky130_fd_sc_hd__maj3_1)
                                                         _02702_ (net)
                      0.094140    0.000147    5.833103 v _12567_/A (sky130_fd_sc_hd__xnor2_1)
     2    0.007395    0.211654    0.233712    6.066815 ^ _12567_/Y (sky130_fd_sc_hd__xnor2_1)
                                                         _02716_ (net)
                      0.211654    0.000029    6.066844 ^ _12576_/A (sky130_fd_sc_hd__xor2_1)
     2    0.010164    0.241995    0.262305    6.329149 ^ _12576_/X (sky130_fd_sc_hd__xor2_1)
                                                         _02726_ (net)
                      0.241995    0.000176    6.329325 ^ _12594_/B (sky130_fd_sc_hd__xor3_1)
     2    0.015672    0.131725    0.436031    6.765357 v _12594_/X (sky130_fd_sc_hd__xor3_1)
                                                         _02746_ (net)
                      0.131730    0.001044    6.766400 v _12622_/B (sky130_fd_sc_hd__xor3_1)
     2    0.008753    0.099077    0.419850    7.186251 v _12622_/X (sky130_fd_sc_hd__xor3_1)
                                                         _02777_ (net)
                      0.099122    0.000102    7.186353 v _12642_/B (sky130_fd_sc_hd__xnor3_1)
     2    0.007509    0.090955    0.379469    7.565822 v _12642_/X (sky130_fd_sc_hd__xnor3_1)
                                                         _02799_ (net)
                      0.090955    0.000087    7.565909 v _12645_/B (sky130_fd_sc_hd__xor2_1)
     3    0.013695    0.315731    0.289802    7.855711 ^ _12645_/X (sky130_fd_sc_hd__xor2_1)
                                                         _02802_ (net)
                      0.315731    0.000063    7.855774 ^ _12867_/B (sky130_fd_sc_hd__xnor3_1)
     2    0.007172    0.089286    0.402586    8.258360 v _12867_/X (sky130_fd_sc_hd__xnor3_1)
                                                         _03046_ (net)
                      0.089286    0.000044    8.258403 v _12871_/B (sky130_fd_sc_hd__xor2_1)
     2    0.007139    0.072623    0.172629    8.431032 v _12871_/X (sky130_fd_sc_hd__xor2_1)
                                                         _03050_ (net)
                      0.072623    0.000038    8.431070 v _12976_/A (sky130_fd_sc_hd__xnor2_1)
     3    0.010303    0.270637    0.268658    8.699728 ^ _12976_/Y (sky130_fd_sc_hd__xnor2_1)
                                                         _03166_ (net)
                      0.270637    0.000046    8.699775 ^ _12977_/B (sky130_fd_sc_hd__nor2_1)
     2    0.005637    0.073487    0.093237    8.793011 v _12977_/Y (sky130_fd_sc_hd__nor2_1)
                                                         _03167_ (net)
                      0.073487    0.000011    8.793021 v _13193_/A1 (sky130_fd_sc_hd__a21oi_1)
     1    0.002158    0.094425    0.119330    8.912352 ^ _13193_/Y (sky130_fd_sc_hd__a21oi_1)
                                                         _03405_ (net)
                      0.094425    0.000011    8.912363 ^ _13194_/B1 (sky130_fd_sc_hd__o21ai_0)
     2    0.007843    0.119062    0.136266    9.048629 v _13194_/Y (sky130_fd_sc_hd__o21ai_0)
                                                         _03406_ (net)
                      0.119101    0.000193    9.048821 v _14054_/A1 (sky130_fd_sc_hd__a311oi_1)
     1    0.007784    0.343245    0.344273    9.393095 ^ _14054_/Y (sky130_fd_sc_hd__a311oi_1)
                                                         _04352_ (net)
                      0.343245    0.000320    9.393414 ^ wire293/A (sky130_fd_sc_hd__buf_1)
     2    0.008046    0.103644    0.171067    9.564481 ^ wire293/X (sky130_fd_sc_hd__buf_1)
                                                         net293 (net)
                      0.103644    0.000203    9.564684 ^ _14055_/B (sky130_fd_sc_hd__nor2_1)
     1    0.004732    0.040743    0.059225    9.623908 v _14055_/Y (sky130_fd_sc_hd__nor2_1)
                                                         _04353_ (net)
                      0.040743    0.000102    9.624010 v _14056_/C (sky130_fd_sc_hd__nor3_1)
     1    0.003441    0.161330    0.137815    9.761826 ^ _14056_/Y (sky130_fd_sc_hd__nor3_1)
                                                         _04354_ (net)
                      0.161330    0.000040    9.761866 ^ wire289/A (sky130_fd_sc_hd__buf_1)
     3    0.010176    0.127057    0.166309    9.928174 ^ wire289/X (sky130_fd_sc_hd__buf_1)
                                                         net289 (net)
                      0.127057    0.000312    9.928486 ^ _15556_/C1 (sky130_fd_sc_hd__o211ai_1)
     3    0.013236    0.159018    0.174310   10.102797 v _15556_/Y (sky130_fd_sc_hd__o211ai_1)
                                                         _06004_ (net)
                      0.159023    0.000695   10.103492 v _17146_/A (sky130_fd_sc_hd__nand4_1)
     1    0.007039    0.109290    0.143695   10.247187 ^ _17146_/Y (sky130_fd_sc_hd__nand4_1)
                                                         _07753_ (net)
                      0.109291    0.000254   10.247440 ^ wire281/A (sky130_fd_sc_hd__clkbuf_2)
     3    0.017540    0.102007    0.169341   10.416781 ^ wire281/X (sky130_fd_sc_hd__clkbuf_2)
                                                         net281 (net)
                      0.102024    0.001354   10.418135 ^ _17667_/A1 (sky130_fd_sc_hd__a211oi_1)
     2    0.008060    0.087607    0.106614   10.524750 v _17667_/Y (sky130_fd_sc_hd__a211oi_1)
                                                         _08326_ (net)
                      0.087607    0.000272   10.525022 v _17776_/A1 (sky130_fd_sc_hd__o21ai_0)
     2    0.007976    0.272316    0.275534   10.800555 ^ _17776_/Y (sky130_fd_sc_hd__o21ai_0)
                                                         _08446_ (net)
                      0.272316    0.000230   10.800785 ^ _17795_/A1 (sky130_fd_sc_hd__a21oi_1)
     2    0.006240    0.099123    0.135381   10.936166 v _17795_/Y (sky130_fd_sc_hd__a21oi_1)
                                                         _08467_ (net)
                      0.099123    0.000127   10.936293 v _17797_/A1 (sky130_fd_sc_hd__o21ai_0)
     2    0.004834    0.192984    0.215203   11.151496 ^ _17797_/Y (sky130_fd_sc_hd__o21ai_0)
                                                         _08469_ (net)
                      0.192984    0.000011   11.151506 ^ _17799_/B1 (sky130_fd_sc_hd__o21ai_0)
     1    0.004891    0.102552    0.140392   11.291899 v _17799_/Y (sky130_fd_sc_hd__o21ai_0)
                                                         _08471_ (net)
                      0.102552    0.000029   11.291927 v _17821_/A (sky130_fd_sc_hd__xnor2_1)
     1    0.004072    0.139828    0.186775   11.478703 ^ _17821_/Y (sky130_fd_sc_hd__xnor2_1)
                                                         fixed_pkg::s_narrow48$func$/headless/otolith/hdl/rtl/fixed_pkg.sv:130$9.$unnamed_block$1.v[63] (net)
                      0.139828    0.000065   11.478767 ^ fanout277/A (sky130_fd_sc_hd__clkdlybuf4s50_1)
     5    0.032438    0.318297    0.699726   12.178493 ^ fanout277/X (sky130_fd_sc_hd__clkdlybuf4s50_1)
                                                         net277 (net)
                      0.318297    0.000025   12.178518 ^ load_slew278/A (sky130_fd_sc_hd__buf_4)
     4    0.033588    0.103388    0.230197   12.408715 ^ load_slew278/X (sky130_fd_sc_hd__buf_4)
                                                         net278 (net)
                      0.103746    0.004319   12.413034 ^ fanout266/A (sky130_fd_sc_hd__clkdlybuf4s50_1)
     8    0.037927    0.369402    0.725656   13.138691 ^ fanout266/X (sky130_fd_sc_hd__clkdlybuf4s50_1)
                                                         net266 (net)
                      0.369402    0.000774   13.139465 ^ fanout265/A (sky130_fd_sc_hd__clkdlybuf4s50_1)
     7    0.029185    0.287845    0.734306   13.873771 ^ fanout265/X (sky130_fd_sc_hd__clkdlybuf4s50_1)
                                                         net265 (net)
                      0.287845    0.000273   13.874043 ^ fanout261/A (sky130_fd_sc_hd__clkdlybuf4s50_1)
     2    0.007647    0.091745    0.574482   14.448525 ^ fanout261/X (sky130_fd_sc_hd__clkdlybuf4s50_1)
                                                         net261 (net)
                      0.091745    0.000007   14.448532 ^ load_slew262/A (sky130_fd_sc_hd__buf_4)
     9    0.039100    0.115139    0.182051   14.630584 ^ load_slew262/X (sky130_fd_sc_hd__buf_4)
                                                         net262 (net)
                      0.115143    0.000847   14.631431 ^ _17870_/A (sky130_fd_sc_hd__xor2_1)
     2    0.011881    0.282068    0.270282   14.901712 ^ _17870_/X (sky130_fd_sc_hd__xor2_1)
                                                         _08548_ (net)
                      0.282068    0.000018   14.901730 ^ _17875_/A (sky130_fd_sc_hd__nor2b_1)
     2    0.004838    0.074192    0.097803   14.999533 v _17875_/Y (sky130_fd_sc_hd__nor2b_1)
                                                         _08554_ (net)
                      0.074192    0.000043   14.999576 v _17887_/A (sky130_fd_sc_hd__and2_0)
     2    0.005100    0.055320    0.157197   15.156773 v _17887_/X (sky130_fd_sc_hd__and2_0)
                                                         _08567_ (net)
                      0.055320    0.000014   15.156787 v _17919_/A1 (sky130_fd_sc_hd__a221oi_1)
     2    0.005787    0.313051    0.324148   15.480934 ^ _17919_/Y (sky130_fd_sc_hd__a221oi_1)
                                                         _08602_ (net)
                      0.313051    0.000052   15.480986 ^ _17920_/B1_N (sky130_fd_sc_hd__a21boi_0)
     2    0.005109    0.209747    0.261599   15.742584 ^ _17920_/Y (sky130_fd_sc_hd__a21boi_0)
                                                         _08603_ (net)
                      0.209747    0.000053   15.742638 ^ max_cap240/A (sky130_fd_sc_hd__buf_1)
     3    0.009211    0.116229    0.165713   15.908351 ^ max_cap240/X (sky130_fd_sc_hd__buf_1)
                                                         net240 (net)
                      0.116229    0.000179   15.908530 ^ _18191_/A1 (sky130_fd_sc_hd__o31ai_1)
     2    0.005633    0.082311    0.105784   16.014315 v _18191_/Y (sky130_fd_sc_hd__o31ai_1)
                                                         _08901_ (net)
                      0.082311    0.000062   16.014376 v max_cap232/A (sky130_fd_sc_hd__clkdlybuf4s25_1)
     2    0.006007    0.060641    0.277776   16.292152 v max_cap232/X (sky130_fd_sc_hd__clkdlybuf4s25_1)
                                                         net232 (net)
                      0.060641    0.000094   16.292246 v wire231/A (sky130_fd_sc_hd__clkdlybuf4s25_1)
     2    0.008397    0.076000    0.282940   16.575186 v wire231/X (sky130_fd_sc_hd__clkdlybuf4s25_1)
                                                         net231 (net)
                      0.076000    0.000085   16.575272 v _18302_/C (sky130_fd_sc_hd__maj3_1)
     1    0.008372    0.097056    0.394872   16.970142 v _18302_/X (sky130_fd_sc_hd__maj3_1)
                                                         _09024_ (net)
                      0.097056    0.000028   16.970171 v _18303_/B (sky130_fd_sc_hd__xnor2_2)
     1    0.010143    0.093115    0.166475   17.136646 v _18303_/Y (sky130_fd_sc_hd__xnor2_2)
                                                         _09025_ (net)
                      0.093116    0.000574   17.137220 v wire221/A (sky130_fd_sc_hd__buf_2)
     2    0.026914    0.073828    0.187256   17.324476 v wire221/X (sky130_fd_sc_hd__buf_2)
                                                         net221 (net)
                      0.073832    0.000448   17.324924 v _18307_/B (sky130_fd_sc_hd__nor4_1)
     1    0.005039    0.292468    0.320568   17.645493 ^ _18307_/Y (sky130_fd_sc_hd__nor4_1)
                                                         _09029_ (net)
                      0.292468    0.000115   17.645609 ^ wire202/A (sky130_fd_sc_hd__clkdlybuf4s25_1)
     1    0.006069    0.073972    0.332699   17.978308 ^ wire202/X (sky130_fd_sc_hd__clkdlybuf4s25_1)
                                                         net202 (net)
                      0.073972    0.000178   17.978485 ^ _18308_/D (sky130_fd_sc_hd__nand4_1)
     1    0.004538    0.119779    0.109868   18.088352 v _18308_/Y (sky130_fd_sc_hd__nand4_1)
                                                         _09030_ (net)
                      0.119779    0.000089   18.088442 v _18348_/A3 (sky130_fd_sc_hd__o41ai_1)
     1    0.003787    0.301362    0.350445   18.438887 ^ _18348_/Y (sky130_fd_sc_hd__o41ai_1)
                                                         _09074_ (net)
                      0.301362    0.000052   18.438938 ^ wire199/A (sky130_fd_sc_hd__clkdlybuf4s25_1)
     1    0.004865    0.062757    0.325485   18.764423 ^ wire199/X (sky130_fd_sc_hd__clkdlybuf4s25_1)
                                                         net199 (net)
                      0.062757    0.000103   18.764526 ^ _18390_/A1 (sky130_fd_sc_hd__a41o_1)
     1    0.005493    0.071599    0.164551   18.929077 ^ _18390_/X (sky130_fd_sc_hd__a41o_1)
                                                         _09120_ (net)
                      0.071599    0.000142   18.929220 ^ fanout188/A (sky130_fd_sc_hd__clkdlybuf4s50_1)
     3    0.008819    0.099298    0.519963   19.449183 ^ fanout188/X (sky130_fd_sc_hd__clkdlybuf4s50_1)
                                                         net188 (net)
                      0.099298    0.000041   19.449223 ^ fanout187/A (sky130_fd_sc_hd__clkdlybuf4s50_1)
    10    0.031499    0.309414    0.681133   20.130356 ^ fanout187/X (sky130_fd_sc_hd__clkdlybuf4s50_1)
                                                         net187 (net)
                      0.309415    0.001176   20.131533 ^ fanout186/A (sky130_fd_sc_hd__clkdlybuf4s50_1)
     7    0.025889    0.257087    0.701734   20.833267 ^ fanout186/X (sky130_fd_sc_hd__clkdlybuf4s50_1)
                                                         net186 (net)
                      0.257087    0.000416   20.833681 ^ fanout184/A (sky130_fd_sc_hd__clkdlybuf4s50_1)
    10    0.028096    0.277709    0.704382   21.538065 ^ fanout184/X (sky130_fd_sc_hd__clkdlybuf4s50_1)
                                                         net184 (net)
                      0.277709    0.000759   21.538822 ^ _18404_/B1 (sky130_fd_sc_hd__o21ai_0)
     1    0.004079    0.106211    0.155051   21.693874 v _18404_/Y (sky130_fd_sc_hd__o21ai_0)
                                                         fixed_pkg::s_narrow48$func$/headless/otolith/hdl/rtl/fixed_pkg.sv:130$9.$unnamed_block$1.v[4] (net)
                      0.106211    0.000073   21.693947 v _18576_/D (sky130_fd_sc_hd__dfrtp_1)
                                             21.693947   data arrival time

                                 10.000000   10.000000   clock clk (rise edge)
                                  0.000000   10.000000   clock source latency
     1    0.049389    0.174423    0.122774   10.122774 ^ clk (in)
                                                         clk (net)
                      0.174778    0.000000   10.122774 ^ clkbuf_0_clk/A (sky130_fd_sc_hd__clkbuf_16)
     8    0.122543    0.136396    0.244284   10.367058 ^ clkbuf_0_clk/X (sky130_fd_sc_hd__clkbuf_16)
                                                         clknet_0_clk (net)
                      0.136914    0.006705   10.373762 ^ clkbuf_3_6_0_clk/A (sky130_fd_sc_hd__clkbuf_16)
     4    0.052715    0.071730    0.182821   10.556583 ^ clkbuf_3_6_0_clk/X (sky130_fd_sc_hd__clkbuf_16)
                                                         clknet_3_6_0_clk (net)
                      0.072068    0.003455   10.560039 ^ clkbuf_5_25__f_clk/A (sky130_fd_sc_hd__clkbuf_16)
     5    0.013419    0.036263    0.129089   10.689127 ^ clkbuf_5_25__f_clk/X (sky130_fd_sc_hd__clkbuf_16)
                                                         clknet_5_25__leaf_clk (net)
                      0.036263    0.000068   10.689195 ^ _18576_/CLK (sky130_fd_sc_hd__dfrtp_1)
                                 -0.250000   10.439195   clock uncertainty
                                  0.000000   10.439195   clock reconvergence pessimism
                                 -0.142993   10.296202   library setup time
                                             10.296202   data required time
---------------------------------------------------------------------------------------------
                                             10.296202   data required time
                                            -21.693947   data arrival time
---------------------------------------------------------------------------------------------
                                            -11.397745   slack (VIOLATED)




===========================================================================
 report_check_types -max_slew -max_cap -max_fanout -violators
============================================================================
======================= nom_tt_025C_1v80 Corner ===================================



===========================================================================
report_parasitic_annotation -report_unannotated
============================================================================
Found 10 unannotated drivers.
 clkload0/X
 clkload1/X
 clkload2/X
 clkload3/X
 clkload4/X
 clkload5/X
 clkload6/X
 clkload7/X
 clkload8/X
 clkload9/X
Found 0 partially unannotated drivers.

===========================================================================
max slew violation count 0
Writing metric design__max_slew_violation__count__corner:nom_tt_025C_1v80: 0
max fanout violation count 0
Writing metric design__max_fanout_violation__count__corner:nom_tt_025C_1v80: 0
max cap violation count 0
Writing metric design__max_cap_violation__count__corner:nom_tt_025C_1v80: 0
============================================================================

===========================================================================
check_setup -verbose -unconstrained_endpoints -multiple_clock -no_clock -no_input_delay -loops -generated_clocks
===========================================================================
