Clock: clk
Sources: clk 
Generated: no
Virtual: yes
Propagated: no
Period: 10.000000

===========================================================================
report_clock_properties
============================================================================
Clock                   Period          Waveform
----------------------------------------------------
clk                  10.000000    0.000000  5.000000

===========================================================================
report_clock_latency
============================================================================
Clock clk
rise -> rise
    min     max
0.000000 0.000000 source latency
0.686761         network latency _18631_/CLK
        0.728528 network latency _18539_/CLK
---------------
0.686761 0.728528 latency
        0.041767 skew

fall -> fall
    min     max
0.000000 0.000000 source latency
0.738124         network latency _18631_/CLK
        0.770795 network latency _18539_/CLK
---------------
0.738124 0.770795 latency
        0.032672 skew



===========================================================================
report_clock_min_period
============================================================================
clk period_min = 21.40 fmax = 46.73
