
===========================================================================
 report_power
============================================================================
======================= nom_tt_025C_1v80 Corner ===================================

Group                    Internal    Switching      Leakage        Total
                            Power        Power        Power        Power (Watts)
------------------------------------------------------------------------
Sequential           1.758813e-03 1.113240e-04 1.853490e-09 1.870138e-03   0.9%
Combinational        9.419794e-02 1.163811e-01 4.303052e-08 2.105791e-01  98.6%
Clock                7.256677e-04 4.048391e-04 2.370365e-09 1.130509e-03   0.5%
Macro                0.000000e+00 0.000000e+00 0.000000e+00 0.000000e+00   0.0%
Pad                  0.000000e+00 0.000000e+00 0.000000e+00 0.000000e+00   0.0%
------------------------------------------------------------------------
Total                9.668247e-02 1.168972e-01 4.725452e-08 2.135798e-01 100.0%
                            45.3%        54.7%         0.0%
Writing metric power__internal__total: 0.09668247401714325
Writing metric power__switching__total: 0.11689724028110504
Writing metric power__leakage__total: 4.7254520296746705e-8
Writing metric power__total: 0.21357975900173187

