
===========================================================================
report_checks -unconstrained
===========================================================================
======================= min_ff_n40C_1v95 Corner ===================================

Startpoint: rst_n (input port clocked by clk)
Endpoint: _18555_ (recovery check against rising-edge clock clk)
Path Group: asynchronous
Path Type: max

Fanout         Cap        Slew       Delay        Time   Description
---------------------------------------------------------------------------------------------
                                  0.000000    0.000000   clock clk (rise edge)
                                  0.000000    0.000000   clock network delay (propagated)
                                  2.000000    2.000000 ^ input external delay
     1    0.003073    0.014890    0.007939    2.007939 ^ rst_n (in)
                                                         rst_n (net)
                      0.014890    0.000000    2.007939 ^ input97/A (sky130_fd_sc_hd__buf_2)
     1    0.004080    0.023021    0.057412    2.065351 ^ input97/X (sky130_fd_sc_hd__buf_2)
                                                         net97 (net)
                      0.023021    0.000060    2.065412 ^ fanout1475/A (sky130_fd_sc_hd__clkdlybuf4s50_1)
     3    0.020978    0.158357    0.402163    2.467575 ^ fanout1475/X (sky130_fd_sc_hd__clkdlybuf4s50_1)
                                                         net1475 (net)
                      0.158359    0.000941    2.468515 ^ fanout1448/A (sky130_fd_sc_hd__clkdlybuf4s50_1)
     2    0.019777    0.149746    0.425129    2.893644 ^ fanout1448/X (sky130_fd_sc_hd__clkdlybuf4s50_1)
                                                         net1448 (net)
                      0.149746    0.000527    2.894171 ^ wire1450/A (sky130_fd_sc_hd__buf_4)
     4    0.064873    0.137779    0.167720    3.061890 ^ wire1450/X (sky130_fd_sc_hd__buf_4)
                                                         net1450 (net)
                      0.138617    0.008703    3.070593 ^ load_slew1449/A (sky130_fd_sc_hd__buf_4)
     1    0.048287    0.104809    0.144829    3.215422 ^ load_slew1449/X (sky130_fd_sc_hd__buf_4)
                                                         net1449 (net)
                      0.105747    0.007957    3.223380 ^ fanout1446/A (sky130_fd_sc_hd__clkdlybuf4s50_1)
     5    0.022107    0.166147    0.428297    3.651676 ^ fanout1446/X (sky130_fd_sc_hd__clkdlybuf4s50_1)
                                                         net1446 (net)
                      0.166147    0.000143    3.651820 ^ load_slew1447/A (sky130_fd_sc_hd__buf_4)
     4    0.040984    0.090477    0.139654    3.791473 ^ load_slew1447/X (sky130_fd_sc_hd__buf_4)
                                                         net1447 (net)
                      0.090648    0.003175    3.794648 ^ fanout1445/A (sky130_fd_sc_hd__clkdlybuf4s50_1)
     6    0.054020    0.391411    0.580962    4.375611 ^ fanout1445/X (sky130_fd_sc_hd__clkdlybuf4s50_1)
                                                         net1445 (net)
                      0.391453    0.004235    4.379846 ^ fanout1443/A (sky130_fd_sc_hd__clkdlybuf4s50_1)
     2    0.007489    0.064317    0.384475    4.764321 ^ fanout1443/X (sky130_fd_sc_hd__clkdlybuf4s50_1)
                                                         net1443 (net)
                      0.064317    0.000091    4.764411 ^ wire1444/A (sky130_fd_sc_hd__buf_4)
     9    0.049708    0.107428    0.134972    4.899384 ^ wire1444/X (sky130_fd_sc_hd__buf_4)
                                                         net1444 (net)
                      0.107432    0.000545    4.899929 ^ fanout1442/A (sky130_fd_sc_hd__clkdlybuf4s50_1)
     8    0.036341    0.266134    0.498865    5.398794 ^ fanout1442/X (sky130_fd_sc_hd__clkdlybuf4s50_1)
                                                         net1442 (net)
                      0.266134    0.000624    5.399417 ^ _18555_/RESET_B (sky130_fd_sc_hd__dfrtp_2)
                                              5.399417   data arrival time

                                 10.000000   10.000000   clock clk (rise edge)
                                  0.000000   10.000000   clock source latency
     1    0.069373    0.184050    0.134210   10.134211 ^ clk (in)
                                                         clk (net)
                      0.186328    0.000000   10.134211 ^ clkbuf_0_clk/A (sky130_fd_sc_hd__clkbuf_16)
     8    0.153307    0.128982    0.186578   10.320788 ^ clkbuf_0_clk/X (sky130_fd_sc_hd__clkbuf_16)
                                                         clknet_0_clk (net)
                      0.130634    0.011571   10.332359 ^ clkbuf_3_3_0_clk/A (sky130_fd_sc_hd__clkbuf_16)
     4    0.065053    0.063943    0.134381   10.466741 ^ clkbuf_3_3_0_clk/X (sky130_fd_sc_hd__clkbuf_16)
                                                         clknet_3_3_0_clk (net)
                      0.065032    0.006528   10.473269 ^ clkbuf_5_13__f_clk/A (sky130_fd_sc_hd__clkbuf_16)
     5    0.018055    0.030166    0.092678   10.565947 ^ clkbuf_5_13__f_clk/X (sky130_fd_sc_hd__clkbuf_16)
                                                         clknet_5_13__leaf_clk (net)
                      0.030171    0.000248   10.566195 ^ _18555_/CLK (sky130_fd_sc_hd__dfrtp_2)
                                 -0.250000   10.316195   clock uncertainty
                                  0.000000   10.316195   clock reconvergence pessimism
                                  0.073204   10.389398   library recovery time
                                             10.389398   data required time
---------------------------------------------------------------------------------------------
                                             10.389398   data required time
                                             -5.399417   data arrival time
---------------------------------------------------------------------------------------------
                                              4.989981   slack (MET)


Startpoint: _18569_ (rising edge-triggered flip-flop clocked by clk)
Endpoint: _18594_ (rising edge-triggered flip-flop clocked by clk)
Path Group: clk
Path Type: max

Fanout         Cap        Slew       Delay        Time   Description
---------------------------------------------------------------------------------------------
                                  0.000000    0.000000   clock clk (rise edge)
                                  0.000000    0.000000   clock source latency
     1    0.069373    0.184050    0.134210    0.134210 ^ clk (in)
                                                         clk (net)
                      0.186328    0.000000    0.134210 ^ clkbuf_0_clk/A (sky130_fd_sc_hd__clkbuf_16)
     8    0.153307    0.128982    0.186578    0.320788 ^ clkbuf_0_clk/X (sky130_fd_sc_hd__clkbuf_16)
                                                         clknet_0_clk (net)
                      0.131513    0.014291    0.335079 ^ clkbuf_3_4_0_clk/A (sky130_fd_sc_hd__clkbuf_16)
     4    0.082027    0.076438    0.144725    0.479805 ^ clkbuf_3_4_0_clk/X (sky130_fd_sc_hd__clkbuf_16)
                                                         clknet_3_4_0_clk (net)
                      0.077025    0.005293    0.485097 ^ clkbuf_5_19__f_clk/A (sky130_fd_sc_hd__clkbuf_16)
     6    0.032083    0.040023    0.105375    0.590473 ^ clkbuf_5_19__f_clk/X (sky130_fd_sc_hd__clkbuf_16)
                                                         clknet_5_19__leaf_clk (net)
                      0.040027    0.000741    0.591214 ^ _18569_/CLK (sky130_fd_sc_hd__dfrtp_1)
     3    0.065625    0.430508    0.478751    1.069965 ^ _18569_/Q (sky130_fd_sc_hd__dfrtp_1)
                                                         b_r[63] (net)
                      0.430913    0.010961    1.080926 ^ fanout393/A (sky130_fd_sc_hd__clkdlybuf4s50_1)
    10    0.042762    0.311583    0.561335    1.642261 ^ fanout393/X (sky130_fd_sc_hd__clkdlybuf4s50_1)
                                                         net393 (net)
                      0.311596    0.002312    1.644573 ^ _09229_/A (sky130_fd_sc_hd__nand2_1)
     7    0.038922    0.198589    0.202808    1.847381 v _09229_/Y (sky130_fd_sc_hd__nand2_1)
                                                         _00895_ (net)
                      0.198589    0.000121    1.847502 v _09230_/B (sky130_fd_sc_hd__xnor2_2)
     6    0.032215    0.321566    0.316905    2.164407 ^ _09230_/Y (sky130_fd_sc_hd__xnor2_2)
                                                         _00906_ (net)
                      0.321583    0.001892    2.166299 ^ _09264_/B (sky130_fd_sc_hd__xnor2_1)
     1    0.005102    0.114961    0.090490    2.256788 ^ _09264_/Y (sky130_fd_sc_hd__xnor2_1)
                                                         _01280_ (net)
                      0.114961    0.000108    2.256896 ^ wire378/A (sky130_fd_sc_hd__clkbuf_2)
     3    0.019930    0.087731    0.126615    2.383512 ^ wire378/X (sky130_fd_sc_hd__clkbuf_2)
                                                         net378 (net)
                      0.087731    0.000193    2.383704 ^ fanout376/A (sky130_fd_sc_hd__clkdlybuf4s15_2)
     5    0.021568    0.092447    0.181639    2.565343 ^ fanout376/X (sky130_fd_sc_hd__clkdlybuf4s15_2)
                                                         net376 (net)
                      0.092447    0.000058    2.565402 ^ load_slew377/A (sky130_fd_sc_hd__clkbuf_4)
     6    0.035547    0.086994    0.144832    2.710233 ^ load_slew377/X (sky130_fd_sc_hd__clkbuf_4)
                                                         net377 (net)
                      0.087072    0.001545    2.711778 ^ _09265_/A (sky130_fd_sc_hd__inv_2)
     6    0.032829    0.061135    0.063973    2.775751 v _09265_/Y (sky130_fd_sc_hd__inv_2)
                                                         _01291_ (net)
                      0.061136    0.000286    2.776037 v _09322_/A1 (sky130_fd_sc_hd__a21oi_1)
     1    0.004922    0.104853    0.112166    2.888203 ^ _09322_/Y (sky130_fd_sc_hd__a21oi_1)
                                                         _01918_ (net)
                      0.104853    0.000095    2.888298 ^ wire339/A (sky130_fd_sc_hd__clkbuf_2)
     3    0.019474    0.085805    0.123272    3.011570 ^ wire339/X (sky130_fd_sc_hd__clkbuf_2)
                                                         net339 (net)
                      0.085805    0.000106    3.011676 ^ fanout337/A (sky130_fd_sc_hd__clkdlybuf4s50_1)
     2    0.006521    0.057694    0.344866    3.356542 ^ fanout337/X (sky130_fd_sc_hd__clkdlybuf4s50_1)
                                                         net337 (net)
                      0.057694    0.000038    3.356580 ^ load_slew338/A (sky130_fd_sc_hd__clkbuf_4)
     9    0.045669    0.108887    0.150401    3.506981 ^ load_slew338/X (sky130_fd_sc_hd__clkbuf_4)
                                                         net338 (net)
                      0.108968    0.001683    3.508664 ^ fanout335/A (sky130_fd_sc_hd__clkdlybuf4s50_1)
     5    0.026109    0.194364    0.448824    3.957488 ^ fanout335/X (sky130_fd_sc_hd__clkdlybuf4s50_1)
                                                         net335 (net)
                      0.194364    0.000395    3.957883 ^ load_slew336/A (sky130_fd_sc_hd__buf_4)
     6    0.031608    0.072740    0.129585    4.087468 ^ load_slew336/X (sky130_fd_sc_hd__buf_4)
                                                         net336 (net)
                      0.072743    0.000567    4.088036 ^ _09556_/A (sky130_fd_sc_hd__xnor2_1)
     2    0.007708    0.154971    0.102133    4.190168 ^ _09556_/Y (sky130_fd_sc_hd__xnor2_1)
                                                         _04492_ (net)
                      0.154971    0.000046    4.190215 ^ _17686_/A (sky130_fd_sc_hd__xor2_1)
     2    0.008227    0.149403    0.146753    4.336968 ^ _17686_/X (sky130_fd_sc_hd__xor2_1)
                                                         _08347_ (net)
                      0.149403    0.000125    4.337092 ^ _17702_/A (sky130_fd_sc_hd__xnor2_1)
     2    0.008568    0.161597    0.112773    4.449866 ^ _17702_/Y (sky130_fd_sc_hd__xnor2_1)
                                                         _08365_ (net)
                      0.161597    0.000121    4.449987 ^ _17706_/B (sky130_fd_sc_hd__xor2_1)
     2    0.009031    0.159934    0.152595    4.602582 ^ _17706_/X (sky130_fd_sc_hd__xor2_1)
                                                         _08369_ (net)
                      0.159934    0.000087    4.602669 ^ _17724_/A (sky130_fd_sc_hd__xnor2_1)
     1    0.005101    0.113889    0.092862    4.695531 ^ _17724_/Y (sky130_fd_sc_hd__xnor2_1)
                                                         _08389_ (net)
                      0.113889    0.000054    4.695585 ^ _17728_/B (sky130_fd_sc_hd__xor2_1)
     2    0.008310    0.150625    0.146426    4.842011 ^ _17728_/X (sky130_fd_sc_hd__xor2_1)
                                                         _08393_ (net)
                      0.150625    0.000055    4.842066 ^ _17742_/A (sky130_fd_sc_hd__xor2_1)
     2    0.010565    0.180069    0.169878    5.011944 ^ _17742_/X (sky130_fd_sc_hd__xor2_1)
                                                         _08409_ (net)
                      0.180069    0.000125    5.012069 ^ _17743_/A2 (sky130_fd_sc_hd__a21oi_1)
     2    0.006209    0.083004    0.068649    5.080718 v _17743_/Y (sky130_fd_sc_hd__a21oi_1)
                                                         _08410_ (net)
                      0.083004    0.000068    5.080787 v _17744_/B (sky130_fd_sc_hd__nor2_1)
     2    0.007822    0.112541    0.117591    5.198378 ^ _17744_/Y (sky130_fd_sc_hd__nor2_1)
                                                         _08411_ (net)
                      0.112541    0.000096    5.198474 ^ _17746_/A_N (sky130_fd_sc_hd__nand2b_1)
     2    0.009646    0.083637    0.111532    5.310006 ^ _17746_/Y (sky130_fd_sc_hd__nand2b_1)
                                                         _08413_ (net)
                      0.083637    0.000142    5.310148 ^ _17759_/A (sky130_fd_sc_hd__nor2_1)
     1    0.002605    0.035346    0.030309    5.340457 v _17759_/Y (sky130_fd_sc_hd__nor2_1)
                                                         _08427_ (net)
                      0.035346    0.000023    5.340481 v _17760_/A (sky130_fd_sc_hd__inv_1)
     2    0.006747    0.048122    0.052534    5.393015 ^ _17760_/Y (sky130_fd_sc_hd__inv_1)
                                                         _08428_ (net)
                      0.048122    0.000028    5.393043 ^ _17778_/A (sky130_fd_sc_hd__nor2_1)
     1    0.006065    0.041205    0.036584    5.429626 v _17778_/Y (sky130_fd_sc_hd__nor2_1)
                                                         _08448_ (net)
                      0.041206    0.000105    5.429731 v _17779_/B1 (sky130_fd_sc_hd__a211oi_2)
     2    0.008470    0.162627    0.124578    5.554310 ^ _17779_/Y (sky130_fd_sc_hd__a211oi_2)
                                                         _08449_ (net)
                      0.162627    0.000109    5.554419 ^ _17795_/A1 (sky130_fd_sc_hd__a21oi_2)
     2    0.011163    0.057724    0.054060    5.608479 v _17795_/Y (sky130_fd_sc_hd__a21oi_2)
                                                         _08467_ (net)
                      0.057724    0.000305    5.608784 v _17797_/A2 (sky130_fd_sc_hd__o21ai_2)
     2    0.008404    0.099881    0.106811    5.715595 ^ _17797_/Y (sky130_fd_sc_hd__o21ai_2)
                                                         _08469_ (net)
                      0.099881    0.000068    5.715663 ^ _17799_/B1 (sky130_fd_sc_hd__o21ai_2)
     1    0.008490    0.051608    0.036577    5.752239 v _17799_/Y (sky130_fd_sc_hd__o21ai_2)
                                                         _08471_ (net)
                      0.051608    0.000088    5.752327 v _17821_/B (sky130_fd_sc_hd__xnor2_2)
     2    0.014280    0.168756    0.152660    5.904987 ^ _17821_/Y (sky130_fd_sc_hd__xnor2_2)
                                                         net277 (net)
                      0.168756    0.000086    5.905073 ^ rebuffer1478/A (sky130_fd_sc_hd__buf_6)
     4    0.053404    0.085595    0.121573    6.026646 ^ rebuffer1478/X (sky130_fd_sc_hd__buf_6)
                                                         net1478 (net)
                      0.085744    0.002893    6.029539 ^ _17822_/A (sky130_fd_sc_hd__inv_4)
     4    0.055554    0.060920    0.059326    6.088865 v _17822_/Y (sky130_fd_sc_hd__inv_4)
                                                         _08496_ (net)
                      0.060972    0.001520    6.090384 v fanout254/A (sky130_fd_sc_hd__buf_4)
     4    0.032969    0.042220    0.121948    6.212332 v fanout254/X (sky130_fd_sc_hd__buf_4)
                                                         net254 (net)
                      0.042499    0.002475    6.214808 v load_slew255/A (sky130_fd_sc_hd__buf_6)
     7    0.058692    0.047406    0.104138    6.318945 v load_slew255/X (sky130_fd_sc_hd__buf_6)
                                                         net255 (net)
                      0.049467    0.007745    6.326691 v fanout252/A (sky130_fd_sc_hd__clkdlybuf4s50_1)
     2    0.007462    0.055516    0.304853    6.631543 v fanout252/X (sky130_fd_sc_hd__clkdlybuf4s50_1)
                                                         net252 (net)
                      0.055516    0.000018    6.631561 v load_slew253/A (sky130_fd_sc_hd__buf_6)
     8    0.063432    0.049861    0.112780    6.744342 v load_slew253/X (sky130_fd_sc_hd__buf_6)
                                                         net253 (net)
                      0.051194    0.006475    6.750816 v fanout251/A (sky130_fd_sc_hd__buf_12)
    10    0.066775    0.036339    0.107324    6.858141 v fanout251/X (sky130_fd_sc_hd__buf_12)
                                                         net251 (net)
                      0.036780    0.002968    6.861109 v _18119_/A1 (sky130_fd_sc_hd__o21a_4)
     2    0.016726    0.037331    0.147793    7.008902 v _18119_/X (sky130_fd_sc_hd__o21a_4)
                                                         _08822_ (net)
                      0.037334    0.000343    7.009245 v _18120_/B2 (sky130_fd_sc_hd__o221a_4)
     3    0.012643    0.039772    0.143237    7.152482 v _18120_/X (sky130_fd_sc_hd__o221a_4)
                                                         _08823_ (net)
                      0.039782    0.000194    7.152676 v _18123_/A2 (sky130_fd_sc_hd__o2111ai_2)
     2    0.007975    0.144776    0.138779    7.291455 ^ _18123_/Y (sky130_fd_sc_hd__o2111ai_2)
                                                         _08827_ (net)
                      0.144776    0.000149    7.291604 ^ _18131_/A1 (sky130_fd_sc_hd__a221o_1)
     2    0.022359    0.165692    0.193396    7.485001 ^ _18131_/X (sky130_fd_sc_hd__a221o_1)
                                                         _08835_ (net)
                      0.165757    0.001223    7.486223 ^ _18132_/A (sky130_fd_sc_hd__nor2_4)
     3    0.027352    0.057542    0.051241    7.537464 v _18132_/Y (sky130_fd_sc_hd__nor2_4)
                                                         _08837_ (net)
                      0.057626    0.001715    7.539179 v _18180_/A1 (sky130_fd_sc_hd__o31ai_4)
     1    0.009559    0.159485    0.195391    7.734571 ^ _18180_/Y (sky130_fd_sc_hd__o31ai_4)
                                                         _08889_ (net)
                      0.159485    0.000263    7.734833 ^ wire224/A (sky130_fd_sc_hd__buf_6)
     2    0.024543    0.045281    0.093080    7.827914 ^ wire224/X (sky130_fd_sc_hd__buf_6)
                                                         net224 (net)
                      0.045286    0.000477    7.828391 ^ max_cap223/A (sky130_fd_sc_hd__clkbuf_1)
     2    0.008376    0.078891    0.087452    7.915843 ^ max_cap223/X (sky130_fd_sc_hd__clkbuf_1)
                                                         net223 (net)
                      0.078891    0.000103    7.915946 ^ _18359_/A1 (sky130_fd_sc_hd__a31oi_2)
     3    0.013509    0.113160    0.078455    7.994400 v _18359_/Y (sky130_fd_sc_hd__a31oi_2)
                                                         _09086_ (net)
                      0.113160    0.000258    7.994658 v _18370_/B2 (sky130_fd_sc_hd__o221ai_2)
     2    0.010451    0.145915    0.152846    8.147503 ^ _18370_/Y (sky130_fd_sc_hd__o221ai_2)
                                                         _09098_ (net)
                      0.145915    0.000168    8.147671 ^ rebuffer1532/A (sky130_fd_sc_hd__buf_4)
     2    0.008454    0.029761    0.091646    8.239317 ^ rebuffer1532/X (sky130_fd_sc_hd__buf_4)
                                                         net1532 (net)
                      0.029761    0.000053    8.239370 ^ _18377_/A1 (sky130_fd_sc_hd__a21o_1)
     1    0.004732    0.039788    0.069764    8.309134 ^ _18377_/X (sky130_fd_sc_hd__a21o_1)
                                                         _09106_ (net)
                      0.039788    0.000021    8.309155 ^ _18378_/B (sky130_fd_sc_hd__xor2_1)
     2    0.010069    0.173753    0.160410    8.469565 ^ _18378_/X (sky130_fd_sc_hd__xor2_1)
                                                         _09107_ (net)
                      0.173753    0.000163    8.469728 ^ _18395_/A1 (sky130_fd_sc_hd__a41oi_2)
     1    0.011483    0.098200    0.100232    8.569960 v _18395_/Y (sky130_fd_sc_hd__a41oi_2)
                                                         _09126_ (net)
                      0.098200    0.000484    8.570444 v fanout198/A (sky130_fd_sc_hd__buf_6)
     5    0.055392    0.045189    0.127616    8.698060 v fanout198/X (sky130_fd_sc_hd__buf_6)
                                                         net198 (net)
                      0.046763    0.006636    8.704696 v fanout190/A (sky130_fd_sc_hd__clkdlybuf4s50_1)
    10    0.055646    0.284073    0.488599    9.193295 v fanout190/X (sky130_fd_sc_hd__clkdlybuf4s50_1)
                                                         net190 (net)
                      0.284085    0.002029    9.195324 v _18423_/A2 (sky130_fd_sc_hd__o21ai_2)
     1    0.028809    0.252399    0.304899    9.500223 ^ _18423_/Y (sky130_fd_sc_hd__o21ai_2)
                                                         fixed_pkg::s_narrow48$func$/headless/otolith/hdl/rtl/fixed_pkg.sv:130$9.$unnamed_block$1.v[22] (net)
                      0.252399    0.000668    9.500891 ^ wire175/A (sky130_fd_sc_hd__clkbuf_2)
     1    0.028946    0.124457    0.164754    9.665646 ^ wire175/X (sky130_fd_sc_hd__clkbuf_2)
                                                         net175 (net)
                      0.124540    0.002629    9.668275 ^ _18594_/D (sky130_fd_sc_hd__dfrtp_1)
                                              9.668275   data arrival time

                                 10.000000   10.000000   clock clk (rise edge)
                                  0.000000   10.000000   clock source latency
     1    0.069373    0.184050    0.134210   10.134211 ^ clk (in)
                                                         clk (net)
                      0.186328    0.000000   10.134211 ^ clkbuf_0_clk/A (sky130_fd_sc_hd__clkbuf_16)
     8    0.153307    0.128982    0.186578   10.320788 ^ clkbuf_0_clk/X (sky130_fd_sc_hd__clkbuf_16)
                                                         clknet_0_clk (net)
                      0.129526    0.006789   10.327578 ^ clkbuf_3_0_0_clk/A (sky130_fd_sc_hd__clkbuf_16)
     4    0.060588    0.060862    0.131251   10.458829 ^ clkbuf_3_0_0_clk/X (sky130_fd_sc_hd__clkbuf_16)
                                                         clknet_3_0_0_clk (net)
                      0.062394    0.007447   10.466276 ^ clkbuf_5_3__f_clk/A (sky130_fd_sc_hd__clkbuf_16)
     6    0.032608    0.040141    0.101458   10.567735 ^ clkbuf_5_3__f_clk/X (sky130_fd_sc_hd__clkbuf_16)
                                                         clknet_5_3__leaf_clk (net)
                      0.040161    0.001414   10.569148 ^ _18594_/CLK (sky130_fd_sc_hd__dfrtp_1)
                                 -0.250000   10.319148   clock uncertainty
                                  0.000000   10.319148   clock reconvergence pessimism
                                 -0.042330   10.276819   library setup time
                                             10.276819   data required time
---------------------------------------------------------------------------------------------
                                             10.276819   data required time
                                             -9.668275   data arrival time
---------------------------------------------------------------------------------------------
                                              0.608544   slack (MET)




===========================================================================
report_checks --slack_max -0.01
============================================================================
======================= min_ff_n40C_1v95 Corner ===================================

No paths found.


===========================================================================
 report_check_types -max_slew -max_cap -max_fanout -violators
============================================================================
======================= min_ff_n40C_1v95 Corner ===================================



===========================================================================
report_parasitic_annotation -report_unannotated
============================================================================
Found 10 unannotated drivers.
 clkload0/X
 clkload1/X
 clkload2/X
 clkload3/X
 clkload4/X
 clkload5/X
 clkload6/X
 clkload7/X
 clkload8/X
 clkload9/X
Found 0 partially unannotated drivers.

===========================================================================
max slew violation count 0
max fanout violation count 0
max cap violation count 0
============================================================================

===========================================================================
check_setup -verbose -unconstrained_endpoints -multiple_clock -no_clock -no_input_delay -loops -generated_clocks
===========================================================================
