Clock: clk
Sources: clk 
Generated: no
Virtual: yes
Propagated: no
Period: 10.000000

===========================================================================
report_clock_properties
============================================================================
Clock                   Period          Waveform
----------------------------------------------------
clk                  10.000000    0.000000  5.000000

===========================================================================
report_clock_latency
============================================================================
Clock clk
rise -> rise
    min     max
0.000000 0.000000 source latency
0.564545         network latency _18551_/CLK
        0.618678 network latency _18539_/CLK
---------------
0.564545 0.618678 latency
        0.054133 skew

fall -> fall
    min     max
0.000000 0.000000 source latency
0.600732         network latency _18551_/CLK
        0.640543 network latency _18539_/CLK
---------------
0.600732 0.640543 latency
        0.039811 skew



===========================================================================
report_clock_min_period
============================================================================
clk period_min = 9.39 fmax = 106.48
