                                                                     Buffers by Cell Master                                                                     
┏━━━━━━━━━━━━━━━━━━━━━━━━━━━━━━━━━━━━━━━━━━━━━━━━━━━━━━━━━━━━━━━━━━━━━━━━━━━━━━━━━━━━━━━━━━━━━━━━━━━━━━━━━━━━━━━━━━━━━━━━━━━━━━━━━━━┳━━━━━━━━━━━━━━━━━━━━━━━━━━┓
┃ Buffer                                                                                                                            ┃ Count                    ┃
┡━━━━━━━━━━━━━━━━━━━━━━━━━━━━━━━━━━━━━━━━━━━━━━━━━━━━━━━━━━━━━━━━━━━━━━━━━━━━━━━━━━━━━━━━━━━━━━━━━━━━━━━━━━━━━━━━━━━━━━━━━━━━━━━━━━━╇━━━━━━━━━━━━━━━━━━━━━━━━━━┩
│ sky130_fd_sc_hd__buf_1                                                                                                            │ 19                       │
│ sky130_fd_sc_hd__buf_12                                                                                                           │ 8                        │
│ sky130_fd_sc_hd__buf_2                                                                                                            │ 192                      │
│ sky130_fd_sc_hd__buf_4                                                                                                            │ 536                      │
│ sky130_fd_sc_hd__buf_6                                                                                                            │ 205                      │
│ sky130_fd_sc_hd__buf_8                                                                                                            │ 31                       │
│ sky130_fd_sc_hd__clkbuf_1                                                                                                         │ 13                       │
│ sky130_fd_sc_hd__clkbuf_16                                                                                                        │ 41                       │
│ sky130_fd_sc_hd__clkbuf_2                                                                                                         │ 87                       │
│ sky130_fd_sc_hd__clkbuf_4                                                                                                         │ 126                      │
│ sky130_fd_sc_hd__clkdlybuf4s15_1                                                                                                  │ 1                        │
│ sky130_fd_sc_hd__clkdlybuf4s15_2                                                                                                  │ 178                      │
│ sky130_fd_sc_hd__clkdlybuf4s25_1                                                                                                  │ 12                       │
│ sky130_fd_sc_hd__clkdlybuf4s50_1                                                                                                  │ 252                      │
│ sky130_fd_sc_hd__dlygate4sd3_1                                                                                                    │ 1                        │
│ sky130_fd_sc_hd__dlymetal6s2s_1                                                                                                   │ 1                        │
└───────────────────────────────────────────────────────────────────────────────────────────────────────────────────────────────────┴──────────────────────────┘
