                                                                        Cells by Master                                                                         
┏━━━━━━━━━━━━━━━━━━━━━━━━━━━━━━━━━━━━━━━━━━━━━━━━━━━━━━━━━━━━━━━━━━━━━━━━━━━━━━━━━━━━━━━━━━━━━━━━━━━━━━━━━━━━━━━━━━━━━━━━━━━━━━━━━━━┳━━━━━━━━━━━━━━━━━━━━━━━━━━┓
┃ Cell                                                                                                                              ┃ Count                    ┃
┡━━━━━━━━━━━━━━━━━━━━━━━━━━━━━━━━━━━━━━━━━━━━━━━━━━━━━━━━━━━━━━━━━━━━━━━━━━━━━━━━━━━━━━━━━━━━━━━━━━━━━━━━━━━━━━━━━━━━━━━━━━━━━━━━━━━╇━━━━━━━━━━━━━━━━━━━━━━━━━━┩
│ sky130_fd_sc_hd__a2111oi_4                                                                                                        │ 1                        │
│ sky130_fd_sc_hd__a211o_1                                                                                                          │ 3                        │
│ sky130_fd_sc_hd__a211oi_1                                                                                                         │ 2                        │
│ sky130_fd_sc_hd__a211oi_2                                                                                                         │ 2                        │
│ sky130_fd_sc_hd__a211oi_4                                                                                                         │ 2                        │
│ sky130_fd_sc_hd__a21bo_1                                                                                                          │ 5                        │
│ sky130_fd_sc_hd__a21bo_4                                                                                                          │ 1                        │
│ sky130_fd_sc_hd__a21boi_0                                                                                                         │ 12                       │
│ sky130_fd_sc_hd__a21boi_1                                                                                                         │ 4                        │
│ sky130_fd_sc_hd__a21boi_2                                                                                                         │ 3                        │
│ sky130_fd_sc_hd__a21boi_4                                                                                                         │ 3                        │
│ sky130_fd_sc_hd__a21o_1                                                                                                           │ 35                       │
│ sky130_fd_sc_hd__a21oi_1                                                                                                          │ 188                      │
│ sky130_fd_sc_hd__a21oi_2                                                                                                          │ 20                       │
│ sky130_fd_sc_hd__a21oi_4                                                                                                          │ 4                        │
│ sky130_fd_sc_hd__a221o_1                                                                                                          │ 1                        │
│ sky130_fd_sc_hd__a221oi_2                                                                                                         │ 1                        │
│ sky130_fd_sc_hd__a221oi_4                                                                                                         │ 2                        │
│ sky130_fd_sc_hd__a222oi_1                                                                                                         │ 1                        │
│ sky130_fd_sc_hd__a22o_1                                                                                                           │ 83                       │
│ sky130_fd_sc_hd__a22oi_1                                                                                                          │ 64                       │
│ sky130_fd_sc_hd__a22oi_2                                                                                                          │ 5                        │
│ sky130_fd_sc_hd__a2bb2oi_1                                                                                                        │ 24                       │
│ sky130_fd_sc_hd__a2bb2oi_2                                                                                                        │ 1                        │
│ sky130_fd_sc_hd__a311o_1                                                                                                          │ 1                        │
│ sky130_fd_sc_hd__a311oi_2                                                                                                         │ 2                        │
│ sky130_fd_sc_hd__a31o_1                                                                                                           │ 3                        │
│ sky130_fd_sc_hd__a31oi_1                                                                                                          │ 11                       │
│ sky130_fd_sc_hd__a31oi_2                                                                                                          │ 4                        │
│ sky130_fd_sc_hd__a31oi_4                                                                                                          │ 1                        │
│ sky130_fd_sc_hd__a32o_2                                                                                                           │ 2                        │
│ sky130_fd_sc_hd__a32oi_1                                                                                                          │ 1                        │
│ sky130_fd_sc_hd__a32oi_2                                                                                                          │ 1                        │
│ sky130_fd_sc_hd__a41o_1                                                                                                           │ 1                        │
│ sky130_fd_sc_hd__a41oi_2                                                                                                          │ 1                        │
│ sky130_fd_sc_hd__and2_0                                                                                                           │ 300                      │
│ sky130_fd_sc_hd__and2_1                                                                                                           │ 26                       │
│ sky130_fd_sc_hd__and2_4                                                                                                           │ 7                        │
│ sky130_fd_sc_hd__and3_1                                                                                                           │ 20                       │
│ sky130_fd_sc_hd__and3b_1                                                                                                          │ 4                        │
│ sky130_fd_sc_hd__and4_1                                                                                                           │ 3                        │
│ sky130_fd_sc_hd__buf_1                                                                                                            │ 19                       │
│ sky130_fd_sc_hd__buf_12                                                                                                           │ 8                        │
│ sky130_fd_sc_hd__buf_2                                                                                                            │ 192                      │
│ sky130_fd_sc_hd__buf_4                                                                                                            │ 536                      │
│ sky130_fd_sc_hd__buf_6                                                                                                            │ 205                      │
│ sky130_fd_sc_hd__buf_8                                                                                                            │ 31                       │
│ sky130_fd_sc_hd__clkbuf_1                                                                                                         │ 13                       │
│ sky130_fd_sc_hd__clkbuf_16                                                                                                        │ 41                       │
│ sky130_fd_sc_hd__clkbuf_2                                                                                                         │ 87                       │
│ sky130_fd_sc_hd__clkbuf_4                                                                                                         │ 126                      │
│ sky130_fd_sc_hd__clkdlybuf4s15_1                                                                                                  │ 1                        │
│ sky130_fd_sc_hd__clkdlybuf4s15_2                                                                                                  │ 178                      │
│ sky130_fd_sc_hd__clkdlybuf4s25_1                                                                                                  │ 12                       │
│ sky130_fd_sc_hd__clkdlybuf4s50_1                                                                                                  │ 252                      │
│ sky130_fd_sc_hd__decap_12                                                                                                         │ 25266                    │
│ sky130_fd_sc_hd__decap_3                                                                                                          │ 2760                     │
│ sky130_fd_sc_hd__decap_4                                                                                                          │ 2185                     │
│ sky130_fd_sc_hd__decap_6                                                                                                          │ 5583                     │
│ sky130_fd_sc_hd__decap_8                                                                                                          │ 3191                     │
│ sky130_fd_sc_hd__dfrtp_1                                                                                                          │ 101                      │
│ sky130_fd_sc_hd__dfrtp_2                                                                                                          │ 62                       │
│ sky130_fd_sc_hd__diode_2                                                                                                          │ 44                       │
│ sky130_fd_sc_hd__dlygate4sd3_1                                                                                                    │ 1                        │
│ sky130_fd_sc_hd__dlymetal6s2s_1                                                                                                   │ 1                        │
│ sky130_fd_sc_hd__fill_1                                                                                                           │ 7962                     │
│ sky130_fd_sc_hd__fill_2                                                                                                           │ 1991                     │
│ sky130_fd_sc_hd__inv_1                                                                                                            │ 275                      │
│ sky130_fd_sc_hd__inv_2                                                                                                            │ 3                        │
│ sky130_fd_sc_hd__inv_4                                                                                                            │ 1                        │
│ sky130_fd_sc_hd__maj3_1                                                                                                           │ 1275                     │
│ sky130_fd_sc_hd__maj3_2                                                                                                           │ 229                      │
│ sky130_fd_sc_hd__maj3_4                                                                                                           │ 79                       │
│ sky130_fd_sc_hd__mux2_1                                                                                                           │ 1                        │
│ sky130_fd_sc_hd__mux2i_1                                                                                                          │ 2                        │
│ sky130_fd_sc_hd__nand2_1                                                                                                          │ 1922                     │
│ sky130_fd_sc_hd__nand2_2                                                                                                          │ 25                       │
│ sky130_fd_sc_hd__nand2_4                                                                                                          │ 6                        │
│ sky130_fd_sc_hd__nand2b_1                                                                                                         │ 189                      │
│ sky130_fd_sc_hd__nand2b_2                                                                                                         │ 1                        │
│ sky130_fd_sc_hd__nand2b_4                                                                                                         │ 3                        │
│ sky130_fd_sc_hd__nand3_1                                                                                                          │ 27                       │
│ sky130_fd_sc_hd__nand3_2                                                                                                          │ 1                        │
│ sky130_fd_sc_hd__nand3b_1                                                                                                         │ 4                        │
│ sky130_fd_sc_hd__nand4_1                                                                                                          │ 72                       │
│ sky130_fd_sc_hd__nand4b_1                                                                                                         │ 1                        │
│ sky130_fd_sc_hd__nor2_1                                                                                                           │ 299                      │
│ sky130_fd_sc_hd__nor2_2                                                                                                           │ 12                       │
│ sky130_fd_sc_hd__nor2_4                                                                                                           │ 2                        │
│ sky130_fd_sc_hd__nor2b_1                                                                                                          │ 127                      │
│ sky130_fd_sc_hd__nor2b_2                                                                                                          │ 6                        │
│ sky130_fd_sc_hd__nor2b_4                                                                                                          │ 1                        │
│ sky130_fd_sc_hd__nor3_1                                                                                                           │ 23                       │
│ sky130_fd_sc_hd__nor3_2                                                                                                           │ 10                       │
│ sky130_fd_sc_hd__nor3_4                                                                                                           │ 2                        │
│ sky130_fd_sc_hd__nor3b_2                                                                                                          │ 2                        │
│ sky130_fd_sc_hd__nor4_1                                                                                                           │ 4                        │
│ sky130_fd_sc_hd__nor4_2                                                                                                           │ 2                        │
│ sky130_fd_sc_hd__nor4_4                                                                                                           │ 4                        │
│ sky130_fd_sc_hd__nor4b_1                                                                                                          │ 1                        │
│ sky130_fd_sc_hd__nor4bb_4                                                                                                         │ 1                        │
│ sky130_fd_sc_hd__o2111a_1                                                                                                         │ 2                        │
│ sky130_fd_sc_hd__o2111ai_2                                                                                                        │ 2                        │
│ sky130_fd_sc_hd__o211a_4                                                                                                          │ 1                        │
│ sky130_fd_sc_hd__o211ai_1                                                                                                         │ 2                        │
│ sky130_fd_sc_hd__o21a_1                                                                                                           │ 75                       │
│ sky130_fd_sc_hd__o21a_4                                                                                                           │ 1                        │
│ sky130_fd_sc_hd__o21ai_0                                                                                                          │ 157                      │
│ sky130_fd_sc_hd__o21ai_1                                                                                                          │ 28                       │
│ sky130_fd_sc_hd__o21ai_2                                                                                                          │ 34                       │
│ sky130_fd_sc_hd__o21ba_1                                                                                                          │ 4                        │
│ sky130_fd_sc_hd__o21ba_4                                                                                                          │ 1                        │
│ sky130_fd_sc_hd__o21bai_1                                                                                                         │ 12                       │
│ sky130_fd_sc_hd__o21bai_4                                                                                                         │ 1                        │
│ sky130_fd_sc_hd__o221a_4                                                                                                          │ 1                        │
│ sky130_fd_sc_hd__o221ai_1                                                                                                         │ 1                        │
│ sky130_fd_sc_hd__o221ai_2                                                                                                         │ 3                        │
│ sky130_fd_sc_hd__o221ai_4                                                                                                         │ 1                        │
│ sky130_fd_sc_hd__o22a_1                                                                                                           │ 12                       │
│ sky130_fd_sc_hd__o22a_2                                                                                                           │ 1                        │
│ sky130_fd_sc_hd__o22ai_1                                                                                                          │ 11                       │
│ sky130_fd_sc_hd__o22ai_2                                                                                                          │ 1                        │
│ sky130_fd_sc_hd__o22ai_4                                                                                                          │ 1                        │
│ sky130_fd_sc_hd__o2bb2ai_1                                                                                                        │ 2                        │
│ sky130_fd_sc_hd__o311a_1                                                                                                          │ 1                        │
│ sky130_fd_sc_hd__o311ai_2                                                                                                         │ 1                        │
│ sky130_fd_sc_hd__o31a_1                                                                                                           │ 5                        │
│ sky130_fd_sc_hd__o31ai_1                                                                                                          │ 6                        │
│ sky130_fd_sc_hd__o31ai_4                                                                                                          │ 7                        │
│ sky130_fd_sc_hd__o32ai_1                                                                                                          │ 1                        │
│ sky130_fd_sc_hd__o32ai_4                                                                                                          │ 1                        │
│ sky130_fd_sc_hd__o41ai_4                                                                                                          │ 1                        │
│ sky130_fd_sc_hd__or2_0                                                                                                            │ 24                       │
│ sky130_fd_sc_hd__or2_1                                                                                                            │ 2                        │
│ sky130_fd_sc_hd__or2_4                                                                                                            │ 2                        │
│ sky130_fd_sc_hd__or3_1                                                                                                            │ 5                        │
│ sky130_fd_sc_hd__or3_4                                                                                                            │ 2                        │
│ sky130_fd_sc_hd__or3b_1                                                                                                           │ 1                        │
│ sky130_fd_sc_hd__or4_4                                                                                                            │ 5                        │
│ sky130_fd_sc_hd__tapvpwrvgnd_1                                                                                                    │ 8640                     │
│ sky130_fd_sc_hd__xnor2_1                                                                                                          │ 1362                     │
│ sky130_fd_sc_hd__xnor2_2                                                                                                          │ 267                      │
│ sky130_fd_sc_hd__xnor2_4                                                                                                          │ 21                       │
│ sky130_fd_sc_hd__xnor3_1                                                                                                          │ 549                      │
│ sky130_fd_sc_hd__xnor3_2                                                                                                          │ 2                        │
│ sky130_fd_sc_hd__xor2_1                                                                                                           │ 533                      │
│ sky130_fd_sc_hd__xor2_2                                                                                                           │ 115                      │
│ sky130_fd_sc_hd__xor2_4                                                                                                           │ 5                        │
│ sky130_fd_sc_hd__xor3_1                                                                                                           │ 528                      │
│ sky130_fd_sc_hd__xor3_2                                                                                                           │ 2                        │
└───────────────────────────────────────────────────────────────────────────────────────────────────────────────────────────────────┴──────────────────────────┘
