                                                                       Cells by Function                                                                        
┏━━━━━━━━━━━━━━━━━━━━━━━━━━━━━━━━━━━━━━━━━━━━━━━━━━━━━━━━━━━━━━━━━━━━━━━━━━━━━━━━━━━━━━━━━━━━━━━━━━━━━━━━━━━━━━━━━━━━━━━━━━━━━━━━━┳━━━━━━━━━━━━━━━━━━━━━━━━━━━━┓
┃ Cell Function                                                                                                                   ┃ Count                      ┃
┡━━━━━━━━━━━━━━━━━━━━━━━━━━━━━━━━━━━━━━━━━━━━━━━━━━━━━━━━━━━━━━━━━━━━━━━━━━━━━━━━━━━━━━━━━━━━━━━━━━━━━━━━━━━━━━━━━━━━━━━━━━━━━━━━━╇━━━━━━━━━━━━━━━━━━━━━━━━━━━━┩
│ sky130_fd_sc_hd__a2111oi                                                                                                        │ 1                          │
│ sky130_fd_sc_hd__a211o                                                                                                          │ 3                          │
│ sky130_fd_sc_hd__a211oi                                                                                                         │ 6                          │
│ sky130_fd_sc_hd__a21bo                                                                                                          │ 6                          │
│ sky130_fd_sc_hd__a21boi                                                                                                         │ 22                         │
│ sky130_fd_sc_hd__a21o                                                                                                           │ 35                         │
│ sky130_fd_sc_hd__a21oi                                                                                                          │ 212                        │
│ sky130_fd_sc_hd__a221o                                                                                                          │ 1                          │
│ sky130_fd_sc_hd__a221oi                                                                                                         │ 3                          │
│ sky130_fd_sc_hd__a222oi                                                                                                         │ 1                          │
│ sky130_fd_sc_hd__a22o                                                                                                           │ 83                         │
│ sky130_fd_sc_hd__a22oi                                                                                                          │ 69                         │
│ sky130_fd_sc_hd__a2bb2oi                                                                                                        │ 25                         │
│ sky130_fd_sc_hd__a311o                                                                                                          │ 1                          │
│ sky130_fd_sc_hd__a311oi                                                                                                         │ 2                          │
│ sky130_fd_sc_hd__a31o                                                                                                           │ 3                          │
│ sky130_fd_sc_hd__a31oi                                                                                                          │ 16                         │
│ sky130_fd_sc_hd__a32o                                                                                                           │ 2                          │
│ sky130_fd_sc_hd__a32oi                                                                                                          │ 2                          │
│ sky130_fd_sc_hd__a41o                                                                                                           │ 1                          │
│ sky130_fd_sc_hd__a41oi                                                                                                          │ 1                          │
│ sky130_fd_sc_hd__and2                                                                                                           │ 333                        │
│ sky130_fd_sc_hd__and3                                                                                                           │ 20                         │
│ sky130_fd_sc_hd__and3b                                                                                                          │ 4                          │
│ sky130_fd_sc_hd__and4                                                                                                           │ 3                          │
│ sky130_fd_sc_hd__buf                                                                                                            │ 991                        │
│ sky130_fd_sc_hd__clkbuf                                                                                                         │ 267                        │
│ sky130_fd_sc_hd__clkdlybuf4s15                                                                                                  │ 179                        │
│ sky130_fd_sc_hd__clkdlybuf4s25                                                                                                  │ 12                         │
│ sky130_fd_sc_hd__clkdlybuf4s50                                                                                                  │ 252                        │
│ sky130_fd_sc_hd__decap                                                                                                          │ 38985                      │
│ sky130_fd_sc_hd__dfrtp                                                                                                          │ 163                        │
│ sky130_fd_sc_hd__diode                                                                                                          │ 44                         │
│ sky130_fd_sc_hd__dlygate4sd3                                                                                                    │ 1                          │
│ sky130_fd_sc_hd__dlymetal6s2s                                                                                                   │ 1                          │
│ sky130_fd_sc_hd__fill                                                                                                           │ 9953                       │
│ sky130_fd_sc_hd__inv                                                                                                            │ 279                        │
│ sky130_fd_sc_hd__maj3                                                                                                           │ 1583                       │
│ sky130_fd_sc_hd__mux2                                                                                                           │ 1                          │
│ sky130_fd_sc_hd__mux2i                                                                                                          │ 2                          │
│ sky130_fd_sc_hd__nand2                                                                                                          │ 1953                       │
│ sky130_fd_sc_hd__nand2b                                                                                                         │ 193                        │
│ sky130_fd_sc_hd__nand3                                                                                                          │ 28                         │
│ sky130_fd_sc_hd__nand3b                                                                                                         │ 4                          │
│ sky130_fd_sc_hd__nand4                                                                                                          │ 72                         │
│ sky130_fd_sc_hd__nand4b                                                                                                         │ 1                          │
│ sky130_fd_sc_hd__nor2                                                                                                           │ 313                        │
│ sky130_fd_sc_hd__nor2b                                                                                                          │ 134                        │
│ sky130_fd_sc_hd__nor3                                                                                                           │ 35                         │
│ sky130_fd_sc_hd__nor3b                                                                                                          │ 2                          │
│ sky130_fd_sc_hd__nor4                                                                                                           │ 10                         │
│ sky130_fd_sc_hd__nor4b                                                                                                          │ 1                          │
│ sky130_fd_sc_hd__nor4bb                                                                                                         │ 1                          │
│ sky130_fd_sc_hd__o2111a                                                                                                         │ 2                          │
│ sky130_fd_sc_hd__o2111ai                                                                                                        │ 2                          │
│ sky130_fd_sc_hd__o211a                                                                                                          │ 1                          │
│ sky130_fd_sc_hd__o211ai                                                                                                         │ 2                          │
│ sky130_fd_sc_hd__o21a                                                                                                           │ 76                         │
│ sky130_fd_sc_hd__o21ai                                                                                                          │ 219                        │
│ sky130_fd_sc_hd__o21ba                                                                                                          │ 5                          │
│ sky130_fd_sc_hd__o21bai                                                                                                         │ 13                         │
│ sky130_fd_sc_hd__o221a                                                                                                          │ 1                          │
│ sky130_fd_sc_hd__o221ai                                                                                                         │ 5                          │
│ sky130_fd_sc_hd__o22a                                                                                                           │ 13                         │
│ sky130_fd_sc_hd__o22ai                                                                                                          │ 13                         │
│ sky130_fd_sc_hd__o2bb2ai                                                                                                        │ 2                          │
│ sky130_fd_sc_hd__o311a                                                                                                          │ 1                          │
│ sky130_fd_sc_hd__o311ai                                                                                                         │ 1                          │
│ sky130_fd_sc_hd__o31a                                                                                                           │ 5                          │
│ sky130_fd_sc_hd__o31ai                                                                                                          │ 13                         │
│ sky130_fd_sc_hd__o32ai                                                                                                          │ 2                          │
│ sky130_fd_sc_hd__o41ai                                                                                                          │ 1                          │
│ sky130_fd_sc_hd__or2                                                                                                            │ 28                         │
│ sky130_fd_sc_hd__or3                                                                                                            │ 7                          │
│ sky130_fd_sc_hd__or3b                                                                                                           │ 1                          │
│ sky130_fd_sc_hd__or4                                                                                                            │ 5                          │
│ sky130_fd_sc_hd__tapvpwrvgnd                                                                                                    │ 8640                       │
│ sky130_fd_sc_hd__xnor2                                                                                                          │ 1650                       │
│ sky130_fd_sc_hd__xnor3                                                                                                          │ 551                        │
│ sky130_fd_sc_hd__xor2                                                                                                           │ 653                        │
│ sky130_fd_sc_hd__xor3                                                                                                           │ 530                        │
└─────────────────────────────────────────────────────────────────────────────────────────────────────────────────────────────────┴────────────────────────────┘
